2026-07-02 12:06:52,074 :: PROGRESS ::  Starting surface modeling pipeline for resolution 1/1
2026-07-02 12:06:52,076 :: INFO ::  The AbstractCluster multiprocessing will be used
2026-07-02 12:06:52,285 :: PROFILING_LOG ::  CarsProfiling# %Multiprocessing orchestrator initialization%: %0.0058% s Max ram : %644.677632% MiB Start Ram: %644.673536% MiB, End Ram: %644.673536% MiB,  Max CPU usage: %0%
2026-07-02 12:06:52,487 :: PROFILING_LOG ::  CarsProfiling# %Compute futures%: %0.0004% s Max ram : %644.673536% MiB Start Ram: %644.673536% MiB, End Ram: %644.7104% MiB,  Max CPU usage: %10.0%
2026-07-02 12:06:52,487 :: INFO ::  Close cluster ...
2026-07-02 12:06:52,805 :: INFO ::  The default altitude will be used as reference altitude.
2026-07-02 12:06:52,814 :: INFO ::  No orchestrator configuration given:  multiprocessing mode is used
2026-07-02 12:06:52,814 :: INFO ::  The AbstractCluster multiprocessing will be used
2026-07-02 12:06:52,814 :: INFO ::  auto mode : nb_workers will be set automatically
2026-07-02 12:06:52,862 :: INFO ::  Available CPUs  in SLURM : 1
2026-07-02 12:06:52,862 :: INFO ::  Available RAM  in SLURM : 7168
2026-07-02 12:06:52,862 :: WARNING ::  Only one CPU detected.
2026-07-02 12:06:52,862 :: INFO ::  Number of workers : 1
2026-07-02 12:06:52,862 :: INFO ::  Max memory per worker : 2000 MB
2026-07-02 12:06:53,017 :: PROFILING_LOG ::  CarsProfiling# %Multiprocessing orchestrator initialization%: %0.0518% s Max ram : %644.7104% MiB Start Ram: %644.7104% MiB, End Ram: %644.7104% MiB,  Max CPU usage: %10.0%
2026-07-02 12:06:53,218 :: PROFILING_LOG ::  CarsProfiling# %Compute futures%: %0.0004% s Max ram : %644.7104% MiB Start Ram: %644.7104% MiB, End Ram: %644.75136% MiB,  Max CPU usage: %10.0%
2026-07-02 12:06:53,218 :: INFO ::  Close cluster ...
2026-07-02 12:06:53,236 :: INFO ::  The default altitude will be used as reference altitude.
2026-07-02 12:06:53,237 :: INFO ::  The AbstractGeometry SharelocGeometry plugin will be used
2026-07-02 12:06:53,317 :: INFO ::  The AbstractGeometry SharelocGeometry plugin will be used
2026-07-02 12:06:53,337 :: INFO ::  The AbstractGeometry SharelocGeometry plugin will be used
2026-07-02 12:06:53,338 :: INFO ::  Grid generation method not specified, default  epipolar is used
2026-07-02 12:06:53,338 :: INFO ::  The GridGeneration(epipolar) application will be used
2026-07-02 12:06:53,338 :: INFO ::  Resampling method not specified, default bicubic is used
2026-07-02 12:06:53,338 :: INFO ::  The Resampling(bicubic) application will be used
2026-07-02 12:06:53,338 :: INFO ::  Sparse Matching application not specified, default  basic is used
2026-07-02 12:06:53,338 :: INFO ::  The SparseMatching(basic) application will be used
2026-07-02 12:06:53,338 :: INFO ::  The AbstractSparseMatchingMethod(sift) method will be used
2026-07-02 12:06:53,339 :: INFO ::  The AbstractGeometry SharelocGeometry plugin will be used
2026-07-02 12:06:53,419 :: INFO ::  The AbstractGeometry SharelocGeometry plugin will be used
2026-07-02 12:06:53,439 :: INFO ::  The AbstractGeometry SharelocGeometry plugin will be used
2026-07-02 12:06:53,440 :: INFO ::  Grid generation method not specified, default  epipolar is used
2026-07-02 12:06:53,440 :: INFO ::  The GridGeneration(epipolar) application will be used
2026-07-02 12:06:53,440 :: INFO ::  Grid correction method not specified, default  default is used
2026-07-02 12:06:53,440 :: INFO ::  The GridCorrection(default) application will be used
2026-07-02 12:06:53,440 :: INFO ::  Resampling method not specified, default bicubic is used
2026-07-02 12:06:53,440 :: INFO ::  The Resampling(bicubic) application will be used
2026-07-02 12:06:53,441 :: INFO ::  dense_match_filling method not specified, default zero_padding is used
2026-07-02 12:06:53,441 :: INFO ::  The DenseMatchFilling(zero_padding) application will be used
2026-07-02 12:06:53,441 :: INFO ::  Dense Matching application not specified, default basic is used
2026-07-02 12:06:53,442 :: INFO ::  The AbstractDenseMatching(basic) application will be used
2026-07-02 12:06:53,442 :: INFO ::  The AbstractDenseMatchingMethod(pandora_auto) method will be used
2026-07-02 12:06:53,584 :: INFO ::  The Triangulation(line_of_sight_intersection) application will be used
2026-07-02 12:06:53,584 :: INFO ::  MntGeneration method not specified, default bulldozer_on_raster is used
2026-07-02 12:06:53,584 :: INFO ::  The DemGeneration bulldozer_on_raster application will be used
2026-07-02 12:06:53,584 :: INFO ::  The PointCloudOutlierRemoval(small_components) application will be used
2026-07-02 12:06:53,584 :: INFO ::  The PointCloudOutlierRemoval(statistical) application will be used
2026-07-02 12:06:53,585 :: INFO ::  2 point cloud outlier removal apps registered:
 - point_cloud_outlier_removal.1=small_components
 - point_cloud_outlier_removal.2=statistical
2026-07-02 12:06:53,591 :: INFO ::  Rasterisation method not specified, default simple_gaussian is used
2026-07-02 12:06:53,591 :: INFO ::  The PointCloudRasterization(simple_gaussian) application will be used
2026-07-02 12:06:53,749 :: INFO ::  The AbstractCluster multiprocessing will be used
2026-07-02 12:06:53,953 :: PROFILING_LOG ::  CarsProfiling# %Multiprocessing orchestrator initialization%: %0.0538% s Max ram : %645.595136% MiB Start Ram: %645.0176% MiB, End Ram: %645.595136% MiB,  Max CPU usage: %50.0%
2026-07-02 12:06:53,954 :: INFO ::  Registered task generate_disparity_grids under pipeline surface_modeling_res1 with weight 2.0 and expected runs 2
2026-07-02 12:06:53,954 :: INFO ::  Registered task tie_points under pipeline Tie Points with weight 20.0 and expected runs 1
2026-07-02 12:06:53,954 :: INFO ::  Registered task disparity_to_depth_maps under pipeline surface_modeling_res1 with weight 20.0 and expected runs 1
2026-07-02 12:06:53,954 :: INFO ::  Registered task rasterize_point_cloud under pipeline surface_modeling_res1 with weight 58.0 and expected runs 2
2026-07-02 12:06:54,156 :: PROFILING_LOG ::  CarsProfiling# %Compute roi poly%: %0.0005% s Max ram : %645.603328% MiB Start Ram: %645.595136% MiB, End Ram: %645.697536% MiB,  Max CPU usage: %10.0%
2026-07-02 12:06:54,357 :: PROFILING_LOG ::  CarsProfiling# %Load geomodels%: %0.0005% s Max ram : %645.697536% MiB Start Ram: %645.697536% MiB, End Ram: %645.697536% MiB,  Max CPU usage: %10.0%
2026-07-02 12:06:54,558 :: PROFILING_LOG ::  CarsProfiling# %Generate pairs%: %0.0004% s Max ram : %645.697536% MiB Start Ram: %645.697536% MiB, End Ram: %645.697536% MiB,  Max CPU usage: %10.0%
2026-07-02 12:06:54,558 :: INFO ::  Received 1 stereo pairs configurations
2026-07-02 12:06:56,147 :: INFO ::  Generation of DEM min
2026-07-02 12:06:56,872 :: INFO ::  Generation of DEM max
2026-07-02 12:06:57,577 :: INFO ::  Generation of DEM median
2026-07-02 12:07:01,456 :: INFO ::  Launch Bulldozer on DEM min
2026-07-02 12:07:03,008 :: INFO ::  Launch Bulldozer on DEM max
2026-07-02 12:07:04,819 :: INFO ::  Statistics of difference between subsampled DSM and DEM min (in meters)
2026-07-02 12:07:04,823 :: INFO ::  | Min    | Median | p90    | p95    | p99    | Max    |
2026-07-02 12:07:04,823 :: INFO ::  |  38.37 |  44.39 | 146.75 | 151.57 | 154.38 | 159.28 |
2026-07-02 12:07:04,824 :: INFO ::  Statistics of difference between DEM max and subsampled DSM (in meters)
2026-07-02 12:07:04,829 :: INFO ::  | Min    | Median | p90    | p95    | p99    | Max    |
2026-07-02 12:07:04,829 :: INFO ::  | -159.24 |  42.01 |  48.12 |  49.85 |  52.41 |  57.10 |
2026-07-02 12:07:04,830 :: INFO ::  Statistics of difference between DEM max and DEM min (in meters)
2026-07-02 12:07:04,834 :: INFO ::  | Min    | Median | p90    | p95    | p99    | Max    |
2026-07-02 12:07:04,834 :: INFO ::  |   0.00 |  86.48 |  93.85 |  98.45 | 125.33 | 144.97 |
2026-07-02 12:07:05,055 :: PROFILING_LOG ::  CarsProfiling# %DEM Generation%: %10.3408% s Max ram : %827.547648% MiB Start Ram: %645.697536% MiB, End Ram: %650.801152% MiB,  Max CPU usage: %102.9%
2026-07-02 12:07:05,056 :: INFO ::  The AbstractGeometry SharelocGeometry plugin will be used
2026-07-02 12:07:05,147 :: INFO ::  The AbstractGeometry SharelocGeometry plugin will be used
2026-07-02 12:07:05,167 :: INFO ::  The AbstractGeometry SharelocGeometry plugin will be used
2026-07-02 12:07:05,338 :: INFO ::  Median value of DEM (143.59071350097656) will be used as default_alt
2026-07-02 12:07:05,341 :: INFO ::  DEM bounds : 1.3705277442280697, 43.60057820347808, 1.4828967111201403, 43.49103476186569
2026-07-02 12:07:05,341 :: INFO ::  ROI bounds : 1.3705277442280699, 43.491131137124604, 1.4829705713771648, 43.60057820347808
2026-07-02 12:07:05,511 :: INFO ::  Left satellite acquisition angles: Azimuth angle: 150.9 degrees, Elevation angle: 72.1 degrees
2026-07-02 12:07:05,512 :: INFO ::  Right satellite acquisition angles: Azimuth angle: 111.2 degrees, Elevation angle: 77.7 degrees
2026-07-02 12:07:05,512 :: INFO ::  Stereo satellite convergence angle from ground: 11.4 degrees
2026-07-02 12:07:05,512 :: INFO ::  Generating epipolar rectification grid ...
2026-07-02 12:07:05,630 :: INFO ::  Size of epipolar images: 1794x1794 pixels
2026-07-02 12:07:05,630 :: INFO ::  Disparity to altitude factor for pixel at 1/1 sampling : 2.55 m/pixel
2026-07-02 12:07:05,731 :: PROFILING_LOG ::  CarsProfiling# %Epi Grid Generation%: %0.1579% s Max ram : %666.304512% MiB Start Ram: %666.165248% MiB, End Ram: %666.304512% MiB,  Max CPU usage: %99.6%
2026-07-02 12:07:05,732 :: INFO ::  The AbstractCluster multiprocessing will be used
2026-07-02 12:07:05,933 :: PROFILING_LOG ::  CarsProfiling# %Multiprocessing orchestrator initialization%: %0.0048% s Max ram : %666.35776% MiB Start Ram: %666.35776% MiB, End Ram: %666.361856% MiB,  Max CPU usage: %10.0%
2026-07-02 12:07:06,141 :: PROFILING_LOG ::  CarsProfiling# %Compute futures%: %0.0004% s Max ram : %666.361856% MiB Start Ram: %666.361856% MiB, End Ram: %666.456064% MiB,  Max CPU usage: %9.7%
2026-07-02 12:07:06,141 :: INFO ::  Close cluster ...
2026-07-02 12:07:06,158 :: INFO ::  The AbstractGeometry SharelocGeometry plugin will be used
2026-07-02 12:07:06,231 :: INFO ::  The AbstractGeometry SharelocGeometry plugin will be used
2026-07-02 12:07:06,258 :: INFO ::  The AbstractGeometry SharelocGeometry plugin will be used
2026-07-02 12:07:06,422 :: INFO ::  Median value of DEM (143.59071350097656) will be used as default_alt
2026-07-02 12:07:06,426 :: INFO ::  DEM bounds : 1.3705277442280697, 43.60057820347808, 1.4828967111201403, 43.49103476186569
2026-07-02 12:07:06,426 :: INFO ::  ROI bounds : 1.3705277442280699, 43.491131137124604, 1.4829705713771648, 43.60057820347808
2026-07-02 12:07:06,568 :: INFO ::  The GridGeneration(epipolar) application will be used
2026-07-02 12:07:06,568 :: INFO ::  The Resampling(bicubic) application will be used
2026-07-02 12:07:06,568 :: INFO ::  The SparseMatching(basic) application will be used
2026-07-02 12:07:06,568 :: INFO ::  The AbstractSparseMatchingMethod(sift) method will be used
2026-07-02 12:07:06,772 :: PROFILING_LOG ::  CarsProfiling# %Add to save lists%: %0.0004% s Max ram : %671.318016% MiB Start Ram: %671.318016% MiB, End Ram: %671.408128% MiB,  Max CPU usage: %20.0%
2026-07-02 12:07:06,974 :: PROFILING_LOG ::  CarsProfiling# %Add to save lists%: %0.0008% s Max ram : %671.408128% MiB Start Ram: %671.408128% MiB, End Ram: %671.408128% MiB,  Max CPU usage: %10.0%
2026-07-02 12:07:06,979 :: INFO ::  Compute delayed ...
2026-07-02 12:07:07,187 :: INFO ::  Wait for futures results ...
2026-07-02 12:07:07,187 :: PROGRESS ::  Data list to process: [ disp_min_grid , global infos , disp_max_grid ] ...
2026-07-02 12:07:07,188 :: PROGRESS ::  Started task generate_disparity_grids in pipeline surface_modeling_res1, total: 2
2026-07-02 12:07:07,188 :: INFO ::  Processing 2 tiles: [ disp_min_grid , global infos , disp_max_grid ] ...
2026-07-02 12:07:08,132 :: PROGRESS ::  Data list to process: 50% complete (1/2 tiles) [run 1/2]
2026-07-02 12:07:08,137 :: PROGRESS ::  Data list to process: 100% complete (2/2 tiles) [run 1/2]
2026-07-02 12:07:08,138 :: INFO ::  Close files ...
2026-07-02 12:07:08,322 :: PROFILING_LOG ::  CarsProfiling# %Compute futures%: %1.1646% s Max ram : %690.110464% MiB Start Ram: %671.408128% MiB, End Ram: %690.110464% MiB,  Max CPU usage: %104.2%
2026-07-02 12:07:08,531 :: PROFILING_LOG ::  CarsProfiling# %Disp Grid Generation%: %1.7533% s Max ram : %690.110464% MiB Start Ram: %671.318016% MiB, End Ram: %690.110464% MiB,  Max CPU usage: %104.7%
2026-07-02 12:07:08,740 :: PROFILING_LOG ::  CarsProfiling# %Compute epipolar roi%: %0.0017% s Max ram : %690.110464% MiB Start Ram: %690.110464% MiB, End Ram: %690.110464% MiB,  Max CPU usage: %9.7%
2026-07-02 12:07:08,953 :: PROFILING_LOG ::  CarsProfiling# %Load geomodels%: %0.0004% s Max ram : %690.110464% MiB Start Ram: %690.110464% MiB, End Ram: %690.110464% MiB,  Max CPU usage: %9.2%
2026-07-02 12:07:09,158 :: PROFILING_LOG ::  CarsProfiling# %Generate pairs%: %0.0004% s Max ram : %690.110464% MiB Start Ram: %690.110464% MiB, End Ram: %690.110464% MiB,  Max CPU usage: %9.7%
2026-07-02 12:07:09,169 :: INFO ::  Global Disparity range for current pair:  [-21.437 pix., 21.223 pix.] (or [-54.716 m., 54.170 m.])
2026-07-02 12:07:09,169 :: INFO ::  Global disparity range for sparse matching : [-22.0 pix, 22.0 pix]
2026-07-02 12:07:09,169 :: INFO ::  Size of epipolar image: [0, 0, 1794, 1794]
2026-07-02 12:07:09,169 :: INFO ::  Tile size for epipolar regions: 5000x60 pixels
2026-07-02 12:07:09,169 :: INFO ::  Epipolar image will be processed in 30 splits
2026-07-02 12:07:09,370 :: PROFILING_LOG ::  CarsProfiling# %Grid margins 2 overlaps%: %0.0293% s Max ram : %690.11456% MiB Start Ram: %690.110464% MiB, End Ram: %690.11456% MiB,  Max CPU usage: %30.0%
2026-07-02 12:07:09,371 :: INFO ::  Number of tiles in epipolar resampling: row: 30 col: 1
2026-07-02 12:07:09,574 :: PROFILING_LOG ::  CarsProfiling# %Get paths and bands%: %0.0004% s Max ram : %690.11456% MiB Start Ram: %690.11456% MiB, End Ram: %690.11456% MiB,  Max CPU usage: %9.8%
2026-07-02 12:07:09,783 :: PROFILING_LOG ::  CarsProfiling# %Get paths and bands%: %0.0004% s Max ram : %690.11456% MiB Start Ram: %690.11456% MiB, End Ram: %690.11456% MiB,  Max CPU usage: %19.2%
2026-07-02 12:07:09,799 :: INFO ::  Number of left epipolar image tiles outside left sensor image and removed: 0
2026-07-02 12:07:09,799 :: INFO ::  Number of right epipolar image tiles outside right sensor image and removed: 0
2026-07-02 12:07:09,804 :: INFO ::  Generate disparity: Number tiles: 30
2026-07-02 12:07:09,808 :: INFO ::  Compute delayed ...
2026-07-02 12:07:09,811 :: INFO ::  Wait for futures results ...
2026-07-02 12:07:09,811 :: PROGRESS ::  Data list to process: [ epi_matches_left ] ...
2026-07-02 12:07:09,812 :: PROGRESS ::  Started task tie_points in pipeline Tie Points, total: 10
2026-07-02 12:07:09,812 :: INFO ::  Processing 10 tiles: [ epi_matches_left ] ...
2026-07-02 12:07:12,499 :: PROGRESS ::  Data list to process: 10% complete (1/10 tiles) [run 1/1]
2026-07-02 12:07:17,255 :: PROGRESS ::  Data list to process: 20% complete (2/10 tiles) [run 1/1]
2026-07-02 12:07:22,372 :: PROGRESS ::  Data list to process: 30% complete (3/10 tiles) [run 1/1]
2026-07-02 12:07:27,572 :: PROGRESS ::  Data list to process: 40% complete (4/10 tiles) [run 1/1]
2026-07-02 12:07:31,958 :: PROGRESS ::  Data list to process: 50% complete (5/10 tiles) [run 1/1]
2026-07-02 12:07:36,554 :: PROGRESS ::  Data list to process: 60% complete (6/10 tiles) [run 1/1]
2026-07-02 12:07:41,312 :: PROGRESS ::  Data list to process: 70% complete (7/10 tiles) [run 1/1]
2026-07-02 12:07:46,339 :: PROGRESS ::  Data list to process: 80% complete (8/10 tiles) [run 1/1]
2026-07-02 12:07:50,039 :: PROGRESS ::  Data list to process: 90% complete (9/10 tiles) [run 1/1]
2026-07-02 12:07:51,422 :: PROGRESS ::  Data list to process: 100% complete (10/10 tiles) [run 1/1]
2026-07-02 12:07:51,424 :: INFO ::  Close files ...
2026-07-02 12:07:51,526 :: PROFILING_LOG ::  CarsProfiling# %Compute futures%: %41.6186% s Max ram : %690.147328% MiB Start Ram: %690.11456% MiB, End Ram: %690.143232% MiB,  Max CPU usage: %100.0%
2026-07-02 12:07:51,542 :: INFO ::  Raw number of matches found: 7012 matches
2026-07-02 12:07:51,548 :: INFO ::  Writing raw matches file
2026-07-02 12:07:51,559 :: INFO ::  104 matches discarded because their epipolar error is greater than --epipolar_error_upper_bound = 3.255107553499412 pix considering a shift of 0.1038970947265625 pix
2026-07-02 12:07:51,559 :: INFO ::  Writing filtered matches file
2026-07-02 12:07:51,564 :: INFO ::  Number of matches kept for epipolar error correction: 6908 matches
2026-07-02 12:07:51,648 :: INFO ::  Epipolar error after correction: mean = 0.000 pix., standard deviation = 0.568 pix., max = 3.249 pix.
2026-07-02 12:07:51,849 :: PROFILING_LOG ::  CarsProfiling# %Correct grid%: %0.0095% s Max ram : %690.143232% MiB Start Ram: %690.143232% MiB, End Ram: %690.143232% MiB,  Max CPU usage: %20.0%
2026-07-02 12:07:51,976 :: PROFILING_LOG ::  CarsProfiling# %Epi Grid Generation%: %0.2821% s Max ram : %690.143232% MiB Start Ram: %690.143232% MiB, End Ram: %690.143232% MiB,  Max CPU usage: %99.9%
2026-07-02 12:07:51,976 :: INFO ::  Global disparity interval without margin : [-4.33 pix, 3.36 pix]
2026-07-02 12:07:51,976 :: INFO ::  Global disparity interval with margin : [-396.12 pix, 199.26 pix]
2026-07-02 12:07:52,206 :: PROFILING_LOG ::  CarsProfiling# %Add to save lists%: %0.0004% s Max ram : %690.143232% MiB Start Ram: %690.143232% MiB, End Ram: %690.143232% MiB,  Max CPU usage: %10.0%
2026-07-02 12:07:52,407 :: PROFILING_LOG ::  CarsProfiling# %Add to save lists%: %0.0008% s Max ram : %690.143232% MiB Start Ram: %690.143232% MiB, End Ram: %690.143232% MiB,  Max CPU usage: %10.0%
2026-07-02 12:07:52,410 :: INFO ::  Compute delayed ...
2026-07-02 12:07:52,621 :: INFO ::  Wait for futures results ...
2026-07-02 12:07:52,621 :: PROGRESS ::  Data list to process: [ disp_min_grid , global infos , disp_max_grid ] ...
2026-07-02 12:07:52,622 :: PROGRESS ::  Started task generate_disparity_grids in pipeline surface_modeling_res1, total: 2
2026-07-02 12:07:52,622 :: INFO ::  Processing 2 tiles: [ disp_min_grid , global infos , disp_max_grid ] ...
2026-07-02 12:07:53,597 :: PROGRESS ::  Data list to process: 50% complete (1/2 tiles) [run 2/2]
2026-07-02 12:07:53,599 :: PROGRESS ::  Data list to process: 100% complete (2/2 tiles) [run 2/2]
2026-07-02 12:07:53,600 :: INFO ::  Close files ...
2026-07-02 12:07:53,804 :: PROFILING_LOG ::  CarsProfiling# %Compute futures%: %1.1937% s Max ram : %694.366208% MiB Start Ram: %690.143232% MiB, End Ram: %694.366208% MiB,  Max CPU usage: %99.4%
2026-07-02 12:07:53,909 :: PROFILING_LOG ::  CarsProfiling# %Disp Grid Generation%: %1.8014% s Max ram : %694.366208% MiB Start Ram: %690.143232% MiB, End Ram: %694.366208% MiB,  Max CPU usage: %99.8%
2026-07-02 12:07:54,125 :: PROFILING_LOG ::  CarsProfiling# %Compute epipolar roi%: %0.0005% s Max ram : %694.366208% MiB Start Ram: %694.366208% MiB, End Ram: %694.366208% MiB,  Max CPU usage: %10.0%
2026-07-02 12:07:54,326 :: PROFILING_LOG ::  CarsProfiling# %Optimal size estimation%: %0.0053% s Max ram : %694.366208% MiB Start Ram: %694.366208% MiB, End Ram: %694.366208% MiB,  Max CPU usage: %10.0%
2026-07-02 12:07:54,330 :: INFO ::  Global Disparity range for current pair:  [-21.437 pix., 21.225 pix.] (or [-54.716 m., 54.175 m.])
2026-07-02 12:07:54,535 :: PROFILING_LOG ::  CarsProfiling# %Get margin fun%: %0.0036% s Max ram : %694.366208% MiB Start Ram: %694.366208% MiB, End Ram: %694.366208% MiB,  Max CPU usage: %9.7%
2026-07-02 12:07:54,535 :: INFO ::  Size of epipolar image: [0, 0, 1794, 1794]
2026-07-02 12:07:54,535 :: INFO ::  Tile size for epipolar regions: 700x700 pixels
2026-07-02 12:07:54,535 :: INFO ::  Epipolar image will be processed in 9 splits
2026-07-02 12:07:54,743 :: PROFILING_LOG ::  CarsProfiling# %Grid margins 2 overlaps%: %0.0094% s Max ram : %694.366208% MiB Start Ram: %694.366208% MiB, End Ram: %694.366208% MiB,  Max CPU usage: %9.7%
2026-07-02 12:07:55,010 :: PROFILING_LOG ::  CarsProfiling# %Add to save lists%: %0.0004% s Max ram : %694.366208% MiB Start Ram: %694.366208% MiB, End Ram: %694.366208% MiB,  Max CPU usage: %10.0%
2026-07-02 12:07:55,211 :: PROFILING_LOG ::  CarsProfiling# %Add to save lists%: %0.0005% s Max ram : %694.366208% MiB Start Ram: %694.366208% MiB, End Ram: %694.366208% MiB,  Max CPU usage: %10.0%
2026-07-02 12:07:55,413 :: PROFILING_LOG ::  CarsProfiling# %Add to save lists%: %0.0005% s Max ram : %694.366208% MiB Start Ram: %694.366208% MiB, End Ram: %694.366208% MiB,  Max CPU usage: %10.0%
2026-07-02 12:07:55,614 :: PROFILING_LOG ::  CarsProfiling# %Add to save lists%: %0.0007% s Max ram : %694.366208% MiB Start Ram: %694.366208% MiB, End Ram: %694.366208% MiB,  Max CPU usage: %10.0%
2026-07-02 12:07:55,815 :: PROFILING_LOG ::  CarsProfiling# %Add to save lists%: %0.0004% s Max ram : %694.366208% MiB Start Ram: %694.366208% MiB, End Ram: %694.366208% MiB,  Max CPU usage: %10.0%
2026-07-02 12:07:56,017 :: PROFILING_LOG ::  CarsProfiling# %Add to save lists%: %0.0004% s Max ram : %694.366208% MiB Start Ram: %694.366208% MiB, End Ram: %694.366208% MiB,  Max CPU usage: %10.0%
2026-07-02 12:07:56,218 :: PROFILING_LOG ::  CarsProfiling# %Add to save lists%: %0.0005% s Max ram : %694.366208% MiB Start Ram: %694.366208% MiB, End Ram: %694.366208% MiB,  Max CPU usage: %10.0%
2026-07-02 12:07:56,419 :: PROFILING_LOG ::  CarsProfiling# %Add to save lists%: %0.0006% s Max ram : %694.366208% MiB Start Ram: %694.366208% MiB, End Ram: %694.366208% MiB,  Max CPU usage: %10.0%
2026-07-02 12:07:56,626 :: PROFILING_LOG ::  CarsProfiling# %Add to save lists%: %0.0004% s Max ram : %694.366208% MiB Start Ram: %694.366208% MiB, End Ram: %694.366208% MiB,  Max CPU usage: %9.5%
2026-07-02 12:07:56,835 :: PROFILING_LOG ::  CarsProfiling# %Add to save lists%: %0.0004% s Max ram : %694.366208% MiB Start Ram: %694.366208% MiB, End Ram: %694.366208% MiB,  Max CPU usage: %9.6%
2026-07-02 12:07:57,044 :: PROFILING_LOG ::  CarsProfiling# %Add to save lists%: %0.0004% s Max ram : %694.366208% MiB Start Ram: %694.366208% MiB, End Ram: %694.366208% MiB,  Max CPU usage: %9.6%
2026-07-02 12:07:57,253 :: PROFILING_LOG ::  CarsProfiling# %Add to save lists%: %0.0004% s Max ram : %694.366208% MiB Start Ram: %694.366208% MiB, End Ram: %694.366208% MiB,  Max CPU usage: %9.6%
2026-07-02 12:07:57,461 :: PROFILING_LOG ::  CarsProfiling# %Add to save lists%: %0.0004% s Max ram : %694.366208% MiB Start Ram: %694.366208% MiB, End Ram: %694.366208% MiB,  Max CPU usage: %9.6%
2026-07-02 12:07:57,669 :: PROFILING_LOG ::  CarsProfiling# %Add to save lists%: %0.0004% s Max ram : %694.366208% MiB Start Ram: %694.366208% MiB, End Ram: %694.366208% MiB,  Max CPU usage: %0%
2026-07-02 12:07:57,669 :: INFO ::  Number of tiles in epipolar resampling: row: 3 col: 3
2026-07-02 12:07:57,877 :: PROFILING_LOG ::  CarsProfiling# %Get paths and bands%: %0.0004% s Max ram : %694.366208% MiB Start Ram: %694.366208% MiB, End Ram: %694.366208% MiB,  Max CPU usage: %9.6%
2026-07-02 12:07:58,085 :: PROFILING_LOG ::  CarsProfiling# %Get paths and bands%: %0.0004% s Max ram : %694.366208% MiB Start Ram: %694.366208% MiB, End Ram: %694.366208% MiB,  Max CPU usage: %0%
2026-07-02 12:07:58,149 :: INFO ::  Number of left epipolar image tiles outside left sensor image and removed: 0
2026-07-02 12:07:58,149 :: INFO ::  Number of right epipolar image tiles outside right sensor image and removed: 0
2026-07-02 12:07:58,177 :: INFO ::  Computing images envelopes and their intersection
2026-07-02 12:07:58,378 :: PROFILING_LOG ::  CarsProfiling# %Ground intersection envelopes%: %0.0890% s Max ram : %694.390784% MiB Start Ram: %694.366208% MiB, End Ram: %694.390784% MiB,  Max CPU usage: %79.9%
2026-07-02 12:07:58,580 :: PROFILING_LOG ::  CarsProfiling# %Compute epipolar grid min max%: %0.0772% s Max ram : %694.39488% MiB Start Ram: %694.390784% MiB, End Ram: %694.39488% MiB,  Max CPU usage: %69.9%
2026-07-02 12:07:58,581 :: INFO ::  Terrain area covered: 1441429.4828424442 square meters (or square degrees)
2026-07-02 12:07:58,589 :: INFO ::  Terrain bounding box : [571662.0, 572474.0] x [6273799.0, 6274649.0]
2026-07-02 12:07:58,777 :: PROFILING_LOG ::  CarsProfiling# %Compute terrain bbox%: %0.4135% s Max ram : %694.39488% MiB Start Ram: %694.366208% MiB, End Ram: %694.39488% MiB,  Max CPU usage: %89.9%
2026-07-02 12:07:58,778 :: INFO ::  Total terrain bounding box : [571662.0, 572474.0] x [6273799.0, 6274649.0]
2026-07-02 12:07:58,778 :: INFO ::  Optimal terrain tile size: 401x401 pixels
2026-07-02 12:07:58,979 :: PROFILING_LOG ::  CarsProfiling# %Compute terrain bounds%: %0.0007% s Max ram : %694.39488% MiB Start Ram: %694.39488% MiB, End Ram: %694.39488% MiB,  Max CPU usage: %10.0%
2026-07-02 12:07:58,989 :: INFO ::  The conf that has been chosen regarding the world classification map is census_sgm_urban
2026-07-02 12:07:59,179 :: PROFILING_LOG ::  CarsProfiling# %Find auto conf%: %0.0118% s Max ram : %694.39488% MiB Start Ram: %694.39488% MiB, End Ram: %694.39488% MiB,  Max CPU usage: %20.0%
2026-07-02 12:07:59,180 :: INFO ::  The AbstractDenseMatching(basic) application will be used
2026-07-02 12:07:59,180 :: INFO ::  The AbstractDenseMatchingMethod(pandora_custom) method will be used
2026-07-02 12:07:59,342 :: INFO ::  Compute disparity: number tiles: 9
2026-07-02 12:07:59,348 :: INFO ::  Disparity holes filling was not activated
2026-07-02 12:07:59,573 :: PROFILING_LOG ::  CarsProfiling# %Transform disp range grid to two layers%: %0.0011% s Max ram : %694.39488% MiB Start Ram: %694.39488% MiB, End Ram: %694.39488% MiB,  Max CPU usage: %9.6%
2026-07-02 12:07:59,781 :: PROFILING_LOG ::  CarsProfiling# %Transform four layers to two layers grid%: %0.0004% s Max ram : %694.39488% MiB Start Ram: %694.39488% MiB, End Ram: %694.39488% MiB,  Max CPU usage: %9.6%
2026-07-02 12:07:59,989 :: PROFILING_LOG ::  CarsProfiling# %Compute epipolar grid min max%: %0.0698% s Max ram : %694.39488% MiB Start Ram: %694.39488% MiB, End Ram: %694.39488% MiB,  Max CPU usage: %68.3%
2026-07-02 12:08:00,198 :: PROFILING_LOG ::  CarsProfiling# %Save triangulation output%: %0.0643% s Max ram : %694.39488% MiB Start Ram: %694.39488% MiB, End Ram: %694.39488% MiB,  Max CPU usage: %0%
2026-07-02 12:08:00,408 :: PROFILING_LOG ::  CarsProfiling# %Fill index%: %0.0004% s Max ram : %694.39488% MiB Start Ram: %694.39488% MiB, End Ram: %694.39488% MiB,  Max CPU usage: %9.5%
2026-07-02 12:08:00,414 :: INFO ::  Compute delayed ...
2026-07-02 12:08:00,417 :: INFO ::  Wait for futures results ...
2026-07-02 12:08:00,417 :: PROGRESS ::  Data list to process: [ epi_img_right_edges_depth_map , epi_img_left_edges_mask , epi_img_left_classif , epi_img_right_edges_normals , epi_img_right_edges_tile_id , epi_img_left_edges_tile_id , epi_img_right_classif , epi_img_left_edges_normals , epi_img_right_edges_mask , epi_img_left , epi_img_left_edges_depth_map , epi_img_right_mask , epi_img_left_mask , epi_img_right ] ...
2026-07-02 12:08:00,418 :: PROGRESS ::  Started task disparity_to_depth_maps in pipeline surface_modeling_res1, total: 18
2026-07-02 12:08:00,418 :: INFO ::  Processing 18 tiles: [ epi_img_right_edges_depth_map , epi_img_left_edges_mask , epi_img_left_classif , epi_img_right_edges_normals , epi_img_right_edges_tile_id , epi_img_left_edges_tile_id , epi_img_right_classif , epi_img_left_edges_normals , epi_img_right_edges_mask , epi_img_left , epi_img_left_edges_depth_map , epi_img_right_mask , epi_img_left_mask , epi_img_right ] ...
2026-07-02 12:08:01,293 :: PROGRESS ::  Data list to process: 10% complete (2/18 tiles) [run 1/1]
2026-07-02 12:08:01,832 :: PROGRESS ::  Data list to process: 20% complete (4/18 tiles) [run 1/1]
2026-07-02 12:08:02,370 :: PROGRESS ::  Data list to process: 30% complete (6/18 tiles) [run 1/1]
2026-07-02 12:08:03,240 :: PROGRESS ::  Data list to process: 40% complete (8/18 tiles) [run 1/1]
2026-07-02 12:08:04,352 :: PROGRESS ::  Data list to process: 50% complete (9/18 tiles) [run 1/1]
2026-07-02 12:08:05,207 :: PROGRESS ::  Data list to process: 60% complete (11/18 tiles) [run 1/1]
2026-07-02 12:08:05,888 :: PROGRESS ::  Data list to process: 70% complete (13/18 tiles) [run 1/1]
2026-07-02 12:08:06,892 :: PROGRESS ::  Data list to process: 80% complete (15/18 tiles) [run 1/1]
2026-07-02 12:08:07,856 :: PROGRESS ::  Data list to process: 90% complete (17/18 tiles) [run 1/1]
2026-07-02 12:08:07,861 :: PROGRESS ::  Data list to process: 100% complete (18/18 tiles) [run 1/1]
2026-07-02 12:08:07,863 :: INFO ::  Close files ...
2026-07-02 12:08:08,710 :: PROFILING_LOG ::  CarsProfiling# %Compute futures%: %8.2006% s Max ram : %768.487424% MiB Start Ram: %694.39488% MiB, End Ram: %768.487424% MiB,  Max CPU usage: %96.8%
2026-07-02 12:08:08,911 :: PROFILING_LOG ::  CarsProfiling# %Preprocess depth maps%: %0.0004% s Max ram : %768.487424% MiB Start Ram: %768.487424% MiB, End Ram: %768.487424% MiB,  Max CPU usage: %10.0%
2026-07-02 12:08:08,912 :: INFO ::  DSM output image size: 812x850 pixels
2026-07-02 12:08:09,116 :: PROFILING_LOG ::  CarsProfiling# %Add to save lists%: %0.0005% s Max ram : %768.487424% MiB Start Ram: %768.487424% MiB, End Ram: %768.487424% MiB,  Max CPU usage: %9.7%
2026-07-02 12:08:09,325 :: PROFILING_LOG ::  CarsProfiling# %Add to save lists%: %0.0004% s Max ram : %768.487424% MiB Start Ram: %768.487424% MiB, End Ram: %768.487424% MiB,  Max CPU usage: %9.6%
2026-07-02 12:08:09,534 :: PROFILING_LOG ::  CarsProfiling# %Add to save lists%: %0.0004% s Max ram : %768.487424% MiB Start Ram: %768.487424% MiB, End Ram: %768.487424% MiB,  Max CPU usage: %9.6%
2026-07-02 12:08:09,742 :: PROFILING_LOG ::  CarsProfiling# %Add to save lists%: %0.0004% s Max ram : %768.487424% MiB Start Ram: %768.487424% MiB, End Ram: %768.487424% MiB,  Max CPU usage: %9.6%
2026-07-02 12:08:09,956 :: PROFILING_LOG ::  CarsProfiling# %Add to save lists%: %0.0004% s Max ram : %768.487424% MiB Start Ram: %768.487424% MiB, End Ram: %768.487424% MiB,  Max CPU usage: %9.1%
2026-07-02 12:08:10,159 :: PROFILING_LOG ::  CarsProfiling# %Add to save lists%: %0.0004% s Max ram : %768.487424% MiB Start Ram: %768.487424% MiB, End Ram: %768.487424% MiB,  Max CPU usage: %9.7%
2026-07-02 12:08:10,368 :: PROFILING_LOG ::  CarsProfiling# %Add to save lists%: %0.0004% s Max ram : %768.487424% MiB Start Ram: %768.487424% MiB, End Ram: %768.487424% MiB,  Max CPU usage: %9.6%
2026-07-02 12:08:10,577 :: PROFILING_LOG ::  CarsProfiling# %Add to save lists%: %0.0004% s Max ram : %768.487424% MiB Start Ram: %768.487424% MiB, End Ram: %768.487424% MiB,  Max CPU usage: %9.6%
2026-07-02 12:08:10,577 :: INFO ::  Number of tiles in cloud rasterization: row: 1 col: 9
2026-07-02 12:08:10,588 :: INFO ::  Compute delayed ...
2026-07-02 12:08:10,595 :: INFO ::  Wait for futures results ...
2026-07-02 12:08:10,595 :: PROGRESS ::  Data list to process: [ performance_map , filling , dsm_weights , ambiguity , texture , invalidity_mask , dsm , cropped_disp_range ] ...
2026-07-02 12:08:10,595 :: PROGRESS ::  Started task rasterize_point_cloud in pipeline surface_modeling_res1, total: 9
2026-07-02 12:08:10,596 :: INFO ::  Processing 9 tiles: [ performance_map , filling , dsm_weights , ambiguity , texture , invalidity_mask , dsm , cropped_disp_range ] ...
2026-07-02 12:08:22,349 :: PROGRESS ::  Data list to process: 10% complete (1/9 tiles) [run 1/2]
2026-07-02 12:08:40,476 :: PROGRESS ::  Data list to process: 20% complete (2/9 tiles) [run 1/2]
2026-07-02 12:08:58,587 :: PROGRESS ::  Data list to process: 30% complete (3/9 tiles) [run 1/2]
2026-07-02 12:09:19,325 :: PROGRESS ::  Data list to process: 40% complete (4/9 tiles) [run 1/2]
2026-07-02 12:09:57,605 :: PROGRESS ::  Data list to process: 50% complete (5/9 tiles) [run 1/2]
2026-07-02 12:10:30,993 :: PROGRESS ::  Data list to process: 60% complete (6/9 tiles) [run 1/2]
2026-07-02 12:10:47,813 :: PROGRESS ::  Data list to process: 70% complete (7/9 tiles) [run 1/2]
2026-07-02 12:11:22,429 :: PROGRESS ::  Data list to process: 80% complete (8/9 tiles) [run 1/2]
2026-07-02 12:11:52,719 :: PROGRESS ::  Data list to process: 100% complete (9/9 tiles) [run 1/2]
2026-07-02 12:11:52,721 :: INFO ::  Close files ...
2026-07-02 12:11:53,089 :: PROFILING_LOG ::  CarsProfiling# %Compute futures%: %222.3048% s Max ram : %768.487424% MiB Start Ram: %768.487424% MiB, End Ram: %740.10624% MiB,  Max CPU usage: %104.3%
2026-07-02 12:11:53,341 :: PROFILING_LOG ::  CarsProfiling# %Add to save lists%: %0.0006% s Max ram : %740.10624% MiB Start Ram: %740.10624% MiB, End Ram: %740.10624% MiB,  Max CPU usage: %9.9%
2026-07-02 12:11:53,442 :: PROFILING_LOG ::  CarsProfiling# %merge filling bands%: %0.2119% s Max ram : %740.10624% MiB Start Ram: %740.10624% MiB, End Ram: %740.10624% MiB,  Max CPU usage: %10.0%
2026-07-02 12:11:53,449 :: INFO ::  Compute delayed ...
2026-07-02 12:11:53,455 :: INFO ::  Wait for futures results ...
2026-07-02 12:11:53,455 :: PROGRESS ::  Data list to process: [ MonoBand Filling ] ...
2026-07-02 12:11:53,456 :: PROGRESS ::  Started task rasterize_point_cloud in pipeline surface_modeling_res1, total: 1
2026-07-02 12:11:53,456 :: INFO ::  Processing 1 tiles: [ MonoBand Filling ] ...
2026-07-02 12:11:54,083 :: PROGRESS ::  Data list to process: 100% complete (1/1 tiles) [run 2/2]
2026-07-02 12:11:54,084 :: INFO ::  Close files ...
2026-07-02 12:11:54,185 :: PROFILING_LOG ::  CarsProfiling# %Compute futures%: %0.6421% s Max ram : %740.155392% MiB Start Ram: %740.10624% MiB, End Ram: %740.155392% MiB,  Max CPU usage: %88.7%
2026-07-02 12:11:54,388 :: PROFILING_LOG ::  CarsProfiling# %merge invalidity mask bands%: %0.0410% s Max ram : %740.159488% MiB Start Ram: %740.155392% MiB, End Ram: %740.159488% MiB,  Max CPU usage: %30.0%
2026-07-02 12:11:54,589 :: PROFILING_LOG ::  CarsProfiling# %Final cleanup%: %0.0005% s Max ram : %740.159488% MiB Start Ram: %740.159488% MiB, End Ram: %740.159488% MiB,  Max CPU usage: %10.0%
2026-07-02 12:11:54,595 :: INFO ::  Compute delayed ...
2026-07-02 12:11:54,595 :: INFO ::  No Object to compute
2026-07-02 12:11:54,790 :: PROFILING_LOG ::  CarsProfiling# %Compute futures%: %0.0060% s Max ram : %740.159488% MiB Start Ram: %740.159488% MiB, End Ram: %740.163584% MiB,  Max CPU usage: %10.0%
2026-07-02 12:11:54,790 :: INFO ::  Close cluster ...
2026-07-02 12:11:54,791 :: INFO ::  Save profiling plots ...
2026-07-02 12:11:55,989 :: INFO ::  Clean removing thread pool ...
2026-07-02 12:11:55,989 :: INFO ::  Clean tmp directory ...
2026-07-02 12:11:55,992 :: INFO ::  Clean shared directory ...
2026-07-02 12:11:56,120 :: PROFILING_LOG ::  CarsProfiling# %run_surface_modeling_pipeline%: %302.2899% s Max ram : %831.193088% MiB Start Ram: %645.0176% MiB, End Ram: %740.12672% MiB,  Max CPU usage: %108.6%
2026-07-02 12:11:56,121 :: PROFILING_LOG ::  
 
 
 ---------------------------------------- SUMMARY PROFILLING  ---------------------------------------- 
 
 

2026-07-02 12:11:56,123 :: PROFILING_LOG ::  Task generate_disp_range_from_dem_wrapper ran 2 times, with mean time 0.44205 sec, total time: 0.8841 sec, Max cpu: 49.4 % max ram in process during task: 410.636288 MiB, max ram - start ram: 16.584703999999988,   end - start ram : 14.848000000000013
2026-07-02 12:11:56,124 :: PROFILING_LOG ::  Task generate_epipolar_images_wrapper ran 28 times, with mean time 0.43737857142857145 sec, total time: 12.2466 sec, Max cpu: 89.7 % max ram in process during task: 522.4241737142858 MiB, max ram - start ram: 33.591296,   end - start ram : 31.85868800000003
2026-07-02 12:11:56,124 :: PROFILING_LOG ::  Task compute_matches_wrapper ran 10 times, with mean time 3.5846899999999997 sec, total time: 35.8469 sec, Max cpu: 61.5 % max ram in process during task: 438.89008640000003 MiB, max ram - start ram: 43.38892800000002,   end - start ram : 1.978367999999989
2026-07-02 12:11:56,125 :: PROFILING_LOG ::  Task basic_dense_matching_wrapper ran 9 times, with mean time 13.730933333333333 sec, total time: 123.57839999999999 sec, Max cpu: 63.4 % max ram in process during task: 1012.6945848888892 MiB, max ram - start ram: 451.37510399999996,   end - start ram : 223.39993600000003
2026-07-02 12:11:56,126 :: PROFILING_LOG ::  Task triangulation_wrapper ran 9 times, with mean time 7.037677777777778 sec, total time: 63.3391 sec, Max cpu: 59.9 % max ram in process during task: 1208.9972053333336 MiB, max ram - start ram: 573.935616,   end - start ram : 36.827135999999996
2026-07-02 12:11:56,127 :: PROFILING_LOG ::  Task epipolar_small_component_removal_wrapper ran 9 times, with mean time 0.7493444444444444 sec, total time: 6.7440999999999995 sec, Max cpu: 50.4 % max ram in process during task: 825.7649777777777 MiB, max ram - start ram: 41.1811839999998,   end - start ram : 41.1811839999998
2026-07-02 12:11:56,127 :: PROFILING_LOG ::  Task epipolar_statistical_removal_wrapper ran 9 times, with mean time 1.0587222222222223 sec, total time: 9.528500000000001 sec, Max cpu: 56.8 % max ram in process during task: 826.6856675555556 MiB, max ram - start ram: 7.708672000000206,   end - start ram : 7.708672000000206
2026-07-02 12:11:56,128 :: PROFILING_LOG ::  Task rasterization_wrapper ran 9 times, with mean time 0.6458666666666668 sec, total time: 5.812800000000001 sec, Max cpu: 59.9 % max ram in process during task: 864.1645226666668 MiB, max ram - start ram: 109.29766400000005,   end - start ram : 72.187904
2026-07-02 12:11:56,129 :: PROFILING_LOG ::  Task merge_filling_bands_wrapper ran 1 times, with mean time 0.08 sec, total time: 0.08 sec, Max cpu: 38.6 % max ram in process during task: 394.584064 MiB, max ram - start ram: 13.04576000000003,   end - start ram : 13.074432000000002
2026-07-02 12:11:56,129 :: PROFILING_LOG ::  Task Multiprocessing orchestrator initialization ran 4 times, with mean time 0.02905 sec, total time: 0.1162 sec, Max cpu: 50.0 % max ram in process during task: 650.335232 MiB, max ram - start ram: 0.5775360000000092,   end - start ram : 0.5775360000000092
2026-07-02 12:11:56,130 :: PROFILING_LOG ::  Task Compute futures ran 10 times, with mean time 27.51316 sec, total time: 275.1316 sec, Max cpu: 104.3 % max ram in process during task: 704.765952 MiB, max ram - start ram: 74.09254400000009,   end - start ram : 74.09254400000009
2026-07-02 12:11:56,131 :: PROFILING_LOG ::  Task Compute roi poly ran 1 times, with mean time 0.0005 sec, total time: 0.0005 sec, Max cpu: 10.0 % max ram in process during task: 645.603328 MiB, max ram - start ram: 0.008192000000008193,   end - start ram : 0.10239999999998872
2026-07-02 12:11:56,132 :: PROFILING_LOG ::  Task Load geomodels ran 2 times, with mean time 0.00045 sec, total time: 0.0009 sec, Max cpu: 10.0 % max ram in process during task: 667.904 MiB, max ram - start ram: 0.0,   end - start ram : 0.0
2026-07-02 12:11:56,132 :: PROFILING_LOG ::  Task Generate pairs ran 2 times, with mean time 0.0004 sec, total time: 0.0008 sec, Max cpu: 10.0 % max ram in process during task: 667.904 MiB, max ram - start ram: 0.0,   end - start ram : 0.0
2026-07-02 12:11:56,133 :: PROFILING_LOG ::  Task DEM Generation ran 1 times, with mean time 10.3408 sec, total time: 10.3408 sec, Max cpu: 102.9 % max ram in process during task: 827.547648 MiB, max ram - start ram: 181.85011199999997,   end - start ram : 5.103615999999988
2026-07-02 12:11:56,134 :: PROFILING_LOG ::  Task Epi Grid Generation ran 2 times, with mean time 0.22000000000000003 sec, total time: 0.44000000000000006 sec, Max cpu: 99.9 % max ram in process during task: 678.223872 MiB, max ram - start ram: 0.1392640000000256,   end - start ram : 0.1392640000000256
2026-07-02 12:11:56,134 :: PROFILING_LOG ::  Task Add to save lists ran 27 times, with mean time 0.00047037037037037034 sec, total time: 0.0127 sec, Max cpu: 20.0 % max ram in process during task: 716.005376 MiB, max ram - start ram: 0.0,   end - start ram : 0.09011200000009012
2026-07-02 12:11:56,135 :: PROFILING_LOG ::  Task Disp Grid Generation ran 2 times, with mean time 1.77735 sec, total time: 3.5547 sec, Max cpu: 104.7 % max ram in process during task: 692.238336 MiB, max ram - start ram: 18.792448000000036,   end - start ram : 18.792448000000036
2026-07-02 12:11:56,136 :: PROFILING_LOG ::  Task Compute epipolar roi ran 2 times, with mean time 0.0010999999999999998 sec, total time: 0.0021999999999999997 sec, Max cpu: 10.0 % max ram in process during task: 692.238336 MiB, max ram - start ram: 0.0,   end - start ram : 0.0
2026-07-02 12:11:56,137 :: PROFILING_LOG ::  Task Grid margins 2 overlaps ran 2 times, with mean time 0.01935 sec, total time: 0.0387 sec, Max cpu: 30.0 % max ram in process during task: 692.240384 MiB, max ram - start ram: 0.004096000000004096,   end - start ram : 0.004096000000004096
2026-07-02 12:11:56,137 :: PROFILING_LOG ::  Task Get paths and bands ran 4 times, with mean time 0.0004 sec, total time: 0.0016 sec, Max cpu: 19.2 % max ram in process during task: 692.240384 MiB, max ram - start ram: 0.0,   end - start ram : 0.0
2026-07-02 12:11:56,138 :: PROFILING_LOG ::  Task Correct grid ran 1 times, with mean time 0.0095 sec, total time: 0.0095 sec, Max cpu: 20.0 % max ram in process during task: 690.143232 MiB, max ram - start ram: 0.0,   end - start ram : 0.0
2026-07-02 12:11:56,139 :: PROFILING_LOG ::  Task Optimal size estimation ran 1 times, with mean time 0.0053 sec, total time: 0.0053 sec, Max cpu: 10.0 % max ram in process during task: 694.366208 MiB, max ram - start ram: 0.0,   end - start ram : 0.0
2026-07-02 12:11:56,139 :: PROFILING_LOG ::  Task Get margin fun ran 1 times, with mean time 0.0036 sec, total time: 0.0036 sec, Max cpu: 9.7 % max ram in process during task: 694.366208 MiB, max ram - start ram: 0.0,   end - start ram : 0.0
2026-07-02 12:11:56,140 :: PROFILING_LOG ::  Task Ground intersection envelopes ran 1 times, with mean time 0.089 sec, total time: 0.089 sec, Max cpu: 79.9 % max ram in process during task: 694.390784 MiB, max ram - start ram: 0.024576000000024578,   end - start ram : 0.024576000000024578
2026-07-02 12:11:56,141 :: PROFILING_LOG ::  Task Compute epipolar grid min max ran 2 times, with mean time 0.07350000000000001 sec, total time: 0.14700000000000002 sec, Max cpu: 69.9 % max ram in process during task: 694.39488 MiB, max ram - start ram: 0.0040959999998904095,   end - start ram : 0.0040959999998904095
2026-07-02 12:11:56,141 :: PROFILING_LOG ::  Task Compute terrain bbox ran 1 times, with mean time 0.4135 sec, total time: 0.4135 sec, Max cpu: 89.9 % max ram in process during task: 694.39488 MiB, max ram - start ram: 0.028671999999914988,   end - start ram : 0.028671999999914988
2026-07-02 12:11:56,142 :: PROFILING_LOG ::  Task Compute terrain bounds ran 1 times, with mean time 0.0007 sec, total time: 0.0007 sec, Max cpu: 10.0 % max ram in process during task: 694.39488 MiB, max ram - start ram: 0.0,   end - start ram : 0.0
2026-07-02 12:11:56,143 :: PROFILING_LOG ::  Task Find auto conf ran 1 times, with mean time 0.0118 sec, total time: 0.0118 sec, Max cpu: 20.0 % max ram in process during task: 694.39488 MiB, max ram - start ram: 0.0,   end - start ram : 0.0
2026-07-02 12:11:56,144 :: PROFILING_LOG ::  Task Transform disp range grid to two layers ran 1 times, with mean time 0.0011 sec, total time: 0.0011 sec, Max cpu: 9.6 % max ram in process during task: 694.39488 MiB, max ram - start ram: 0.0,   end - start ram : 0.0
2026-07-02 12:11:56,144 :: PROFILING_LOG ::  Task Transform four layers to two layers grid ran 1 times, with mean time 0.0004 sec, total time: 0.0004 sec, Max cpu: 9.6 % max ram in process during task: 694.39488 MiB, max ram - start ram: 0.0,   end - start ram : 0.0
2026-07-02 12:11:56,145 :: PROFILING_LOG ::  Task Save triangulation output ran 1 times, with mean time 0.0643 sec, total time: 0.0643 sec, Max cpu: 0.0 % max ram in process during task: 694.39488 MiB, max ram - start ram: 0.0,   end - start ram : 0.0
2026-07-02 12:11:56,146 :: PROFILING_LOG ::  Task Fill index ran 1 times, with mean time 0.0004 sec, total time: 0.0004 sec, Max cpu: 9.5 % max ram in process during task: 694.39488 MiB, max ram - start ram: 0.0,   end - start ram : 0.0
2026-07-02 12:11:56,146 :: PROFILING_LOG ::  Task Preprocess depth maps ran 1 times, with mean time 0.0004 sec, total time: 0.0004 sec, Max cpu: 10.0 % max ram in process during task: 768.487424 MiB, max ram - start ram: 0.0,   end - start ram : 0.0
2026-07-02 12:11:56,147 :: PROFILING_LOG ::  Task merge filling bands ran 1 times, with mean time 0.2119 sec, total time: 0.2119 sec, Max cpu: 10.0 % max ram in process during task: 740.10624 MiB, max ram - start ram: 0.0,   end - start ram : 0.0
2026-07-02 12:11:56,148 :: PROFILING_LOG ::  Task merge invalidity mask bands ran 1 times, with mean time 0.041 sec, total time: 0.041 sec, Max cpu: 30.0 % max ram in process during task: 740.159488 MiB, max ram - start ram: 0.004096000000004096,   end - start ram : 0.004096000000004096
2026-07-02 12:11:56,148 :: PROFILING_LOG ::  Task Final cleanup ran 1 times, with mean time 0.0005 sec, total time: 0.0005 sec, Max cpu: 10.0 % max ram in process during task: 740.159488 MiB, max ram - start ram: 0.0,   end - start ram : 0.0
2026-07-02 12:11:56,149 :: PROFILING_LOG ::  Task run_surface_modeling_pipeline ran 1 times, with mean time 302.2899 sec, total time: 302.2899 sec, Max cpu: 108.6 % max ram in process during task: 831.193088 MiB, max ram - start ram: 186.17548799999997,   end - start ram : 95.10911999999996
2026-07-02 12:12:01,067 :: PROGRESS ::  Started task Formatting in pipeline Formatting, total: 1
