2026-01-27 16:03:09,730 :: PROGRESS ::  Starting surface modeling pipeline for resolution 1/16
2026-01-27 16:03:09,732 :: INFO ::  The AbstractCluster multiprocessing will be used
2026-01-27 16:03:10,135 :: INFO ::  Close cluster ...
2026-01-27 16:03:10,205 :: INFO ::  The default altitude will be used as reference altitude.
2026-01-27 16:03:10,205 :: INFO ::  No orchestrator configuration given:  multiprocessing mode is used
2026-01-27 16:03:10,206 :: INFO ::  The AbstractCluster multiprocessing will be used
2026-01-27 16:03:10,206 :: INFO ::  auto mode : nb_workers will be set automatically
2026-01-27 16:03:10,218 :: INFO ::  Available CPUs  in SLURM : 1
2026-01-27 16:03:10,218 :: INFO ::  Available RAM  in SLURM : 7168
2026-01-27 16:03:10,218 :: WARNING ::  Only one CPU detected.
2026-01-27 16:03:10,220 :: INFO ::  Number of workers : 1
2026-01-27 16:03:10,220 :: INFO ::  Max memory per worker : 2000 MB
2026-01-27 16:03:10,608 :: INFO ::  Close cluster ...
2026-01-27 16:03:10,615 :: INFO ::  The default altitude will be used as reference altitude.
2026-01-27 16:03:10,615 :: INFO ::  The AbstractGeometry SharelocGeometry plugin will be used
2026-01-27 16:03:10,687 :: INFO ::  The AbstractGeometry SharelocGeometry plugin will be used
2026-01-27 16:03:10,707 :: INFO ::  The AbstractGeometry SharelocGeometry plugin will be used
2026-01-27 16:03:10,707 :: INFO ::  Grid generation method not specified, default  epipolar is used
2026-01-27 16:03:10,707 :: INFO ::  The GridGeneration(epipolar) application will be used
2026-01-27 16:03:10,707 :: INFO ::  Resampling method not specified, default bicubic is used
2026-01-27 16:03:10,711 :: INFO ::  The Resampling(bicubic) application will be used
2026-01-27 16:03:10,712 :: INFO ::  Sparse Matching method not specified, default  sift is used
2026-01-27 16:03:10,712 :: INFO ::  The SparseMatching(sift) application will be used
2026-01-27 16:03:10,712 :: INFO ::  The AbstractGeometry SharelocGeometry plugin will be used
2026-01-27 16:03:10,783 :: INFO ::  The AbstractGeometry SharelocGeometry plugin will be used
2026-01-27 16:03:10,803 :: INFO ::  The AbstractGeometry SharelocGeometry plugin will be used
2026-01-27 16:03:10,803 :: INFO ::  The resolution of the output DSM will be 8.0 meters. 
2026-01-27 16:03:10,803 :: INFO ::  Grid generation method not specified, default  epipolar is used
2026-01-27 16:03:10,803 :: INFO ::  The GridGeneration(epipolar) application will be used
2026-01-27 16:03:10,804 :: INFO ::  Grid correction method not specified, default  default is used
2026-01-27 16:03:10,804 :: INFO ::  The GridCorrection(default) application will be used
2026-01-27 16:03:10,804 :: INFO ::  Resampling method not specified, default bicubic is used
2026-01-27 16:03:10,804 :: INFO ::  The Resampling(bicubic) application will be used
2026-01-27 16:03:10,804 :: INFO ::  dense_match_filling method not specified, default zero_padding is used
2026-01-27 16:03:10,804 :: INFO ::  The DenseMatchFilling(zero_padding) application will be used
2026-01-27 16:03:10,804 :: INFO ::  Dense Matching method not specified, default census_sgm_default is used
2026-01-27 16:03:10,804 :: INFO ::  The AbstractDenseMatching(census_sgm_default) application will be used
2026-01-27 16:03:10,860 :: INFO ::  The Triangulation(line_of_sight_intersection) application will be used
2026-01-27 16:03:10,860 :: INFO ::  MntGeneration method not specified, default bulldozer_on_raster is used
2026-01-27 16:03:10,860 :: INFO ::  The DemGeneration bulldozer_on_raster application will be used
2026-01-27 16:03:10,860 :: INFO ::  The PointCloudOutlierRemoval(small_components) application will be used
2026-01-27 16:03:10,861 :: INFO ::  The PointCloudOutlierRemoval(statistical) application will be used
2026-01-27 16:03:10,861 :: INFO ::  2 point cloud outlier removal apps registered:
 - point_cloud_outlier_removal.1=small_components
 - point_cloud_outlier_removal.2=statistical
2026-01-27 16:03:10,865 :: INFO ::  Rasterisation method not specified, default simple_gaussian is used
2026-01-27 16:03:10,865 :: INFO ::  The PointCloudRasterization(simple_gaussian) application will be used
2026-01-27 16:03:10,954 :: INFO ::  The AbstractCluster multiprocessing will be used
2026-01-27 16:03:11,760 :: INFO ::  Received 1 stereo pairs configurations
2026-01-27 16:03:11,801 :: INFO ::  Left satellite acquisition angles: Azimuth angle: 150.9 degrees, Elevation angle: 72.1 degrees
2026-01-27 16:03:11,801 :: INFO ::  Right satellite acquisition angles: Azimuth angle: 111.2 degrees, Elevation angle: 77.7 degrees
2026-01-27 16:03:11,801 :: INFO ::  Stereo satellite convergence angle from ground: 11.4 degrees
2026-01-27 16:03:11,801 :: INFO ::  Generating epipolar rectification grid ...
2026-01-27 16:03:11,836 :: INFO ::  Size of epipolar images: 111x111 pixels
2026-01-27 16:03:11,836 :: INFO ::  Disparity to altitude factor: 41.166935383718645 m/pixel
2026-01-27 16:03:11,962 :: INFO ::  The AbstractCluster multiprocessing will be used
2026-01-27 16:03:12,365 :: INFO ::  Close cluster ...
2026-01-27 16:03:12,372 :: INFO ::  The default altitude will be used as reference altitude.
2026-01-27 16:03:12,373 :: INFO ::  The AbstractGeometry SharelocGeometry plugin will be used
2026-01-27 16:03:12,448 :: INFO ::  The AbstractGeometry SharelocGeometry plugin will be used
2026-01-27 16:03:12,468 :: INFO ::  The AbstractGeometry SharelocGeometry plugin will be used
2026-01-27 16:03:12,468 :: INFO ::  The GridGeneration(epipolar) application will be used
2026-01-27 16:03:12,468 :: INFO ::  The Resampling(bicubic) application will be used
2026-01-27 16:03:12,468 :: INFO ::  The SparseMatching(sift) application will be used
2026-01-27 16:03:12,872 :: INFO ::  Margins added to left region for matching: [ 0 10  0 10]
2026-01-27 16:03:12,873 :: INFO ::  Margins added to right region for matching: [ 0 70  0 70]
2026-01-27 16:03:12,873 :: INFO ::  Size of epipolar image: [0, 0, 111, 111]
2026-01-27 16:03:12,873 :: INFO ::  Tile size for epipolar regions: 111x60 pixels
2026-01-27 16:03:12,873 :: INFO ::  Epipolar image will be processed in 2 splits
2026-01-27 16:03:13,075 :: INFO ::  Number of tiles in epipolar resampling: row: 2 col: 1
2026-01-27 16:03:13,489 :: INFO ::  Number of left epipolar image tiles outside left sensor image and removed: 0
2026-01-27 16:03:13,489 :: INFO ::  Number of right epipolar image tiles outside right sensor image and removed: 0
2026-01-27 16:03:13,491 :: INFO ::  Generate disparity: Number tiles: 2
2026-01-27 16:03:13,503 :: INFO ::  Compute delayed ...
2026-01-27 16:03:13,503 :: INFO ::  Wait for futures results ...
2026-01-27 16:03:13,504 :: PROGRESS ::  Data list to process: [ epi_matches_left ] ...
2026-01-27 16:03:14,833 :: INFO ::  Close files ...
2026-01-27 16:03:14,942 :: INFO ::  Raw number of matches found: 117 matches
2026-01-27 16:03:14,942 :: INFO ::  Writing raw matches file
2026-01-27 16:03:14,944 :: INFO ::  0 matches discarded because their epipolar error is greater than --epipolar_error_upper_bound = 10.0 pix considering a shift of 0.00148773193359375 pix
2026-01-27 16:03:14,944 :: INFO ::  Writing filtered matches file
2026-01-27 16:03:14,945 :: INFO ::  Number of matches kept for epipolar error correction: 117 matches
2026-01-27 16:03:14,952 :: INFO ::  Epipolar error after correction: mean = 0.000 pix., standard deviation = 0.406 pix., max = 3.510 pix.
2026-01-27 16:03:15,350 :: INFO ::  Global disparity interval without margin : [-8.07 pix, -3.81 pix]
2026-01-27 16:03:15,350 :: INFO ::  Global disparity interval with margin : [-32.36 pix, 8.34 pix]
2026-01-27 16:03:15,780 :: INFO ::  Compute delayed ...
2026-01-27 16:03:15,780 :: INFO ::  Wait for futures results ...
2026-01-27 16:03:15,780 :: PROGRESS ::  Data list to process: [ disp_max_grid , disp_min_grid , global infos ] ...
2026-01-27 16:03:16,300 :: INFO ::  Close files ...
2026-01-27 16:03:17,080 :: INFO ::  Global Disparity range for current pair:  [-32.363 pix., 8.339 pix.] (or [-1332.266 m., 343.287 m.])
2026-01-27 16:03:17,280 :: INFO ::  Size of epipolar image: [0, 0, 111, 111]
2026-01-27 16:03:17,280 :: INFO ::  Tile size for epipolar regions: 750x750 pixels
2026-01-27 16:03:17,280 :: INFO ::  Epipolar image will be processed in 1 splits
2026-01-27 16:03:18,694 :: INFO ::  Number of tiles in epipolar resampling: row: 1 col: 1
2026-01-27 16:03:19,105 :: INFO ::  Number of left epipolar image tiles outside left sensor image and removed: 0
2026-01-27 16:03:19,105 :: INFO ::  Number of right epipolar image tiles outside right sensor image and removed: 0
2026-01-27 16:03:19,124 :: INFO ::  Computing images envelopes and their intersection
2026-01-27 16:03:19,646 :: INFO ::  Terrain area covered: 2384171.065469282 square meters (or square degrees)
2026-01-27 16:03:19,656 :: INFO ::  Terrain bounding box : [571624.0, 572440.0] x [6273840.0, 6274680.0]
2026-01-27 16:03:19,809 :: INFO ::  Total terrain bounding box : [571624.0, 572440.0] x [6273840.0, 6274680.0]
2026-01-27 16:03:19,809 :: INFO ::  Optimal terrain tile size: 194x194 pixels
2026-01-27 16:03:20,047 :: INFO ::  The conf that has been chosen regarding the world classification map is census_sgm_urban
2026-01-27 16:03:20,212 :: INFO ::  The AbstractDenseMatching(custom) application will be used
2026-01-27 16:03:20,267 :: INFO ::  Compute disparity: number tiles: 1
2026-01-27 16:03:20,318 :: INFO ::  Disparity holes filling was not activated
2026-01-27 16:03:21,557 :: INFO ::  DSM output image size: 622x626 pixels
2026-01-27 16:03:22,162 :: INFO ::  Number of tiles in cloud rasterization: row: 1 col: 1
2026-01-27 16:03:22,168 :: INFO ::  Compute delayed ...
2026-01-27 16:03:22,169 :: INFO ::  Wait for futures results ...
2026-01-27 16:03:22,169 :: PROGRESS ::  Data list to process: [ texture , epi_img_left , epi_img_right_mask , dsm , dsm_weights , epi_img_left_classif , epi_img_right , epi_img_right_classif , epi_img_left_mask ] ...
2026-01-27 16:03:25,833 :: INFO ::  Close files ...
2026-01-27 16:03:26,248 :: INFO ::  Compute delayed ...
2026-01-27 16:03:26,248 :: INFO ::  No Object to compute
2026-01-27 16:03:26,443 :: INFO ::  Close cluster ...
2026-01-27 16:03:26,444 :: INFO ::  Save profiling plots ...
2026-01-27 16:03:29,096 :: INFO ::  Clean removing thread pool ...
2026-01-27 16:03:29,096 :: INFO ::  Clean tmp directory ...
2026-01-27 16:03:29,097 :: INFO ::  Clean shared directory ...
