2026-01-29 16:22:12,216 :: PROGRESS ::  Starting surface modeling pipeline for resolution 1/16
2026-01-29 16:22:12,217 :: INFO ::  The AbstractCluster multiprocessing will be used
2026-01-29 16:22:12,621 :: INFO ::  Close cluster ...
2026-01-29 16:22:12,628 :: INFO ::  The default altitude will be used as reference altitude.
2026-01-29 16:22:12,628 :: INFO ::  No orchestrator configuration given:  multiprocessing mode is used
2026-01-29 16:22:12,628 :: INFO ::  The AbstractCluster multiprocessing will be used
2026-01-29 16:22:12,629 :: INFO ::  auto mode : nb_workers will be set automatically
2026-01-29 16:22:14,506 :: INFO ::  Available CPUs  in SLURM : 4
2026-01-29 16:22:14,506 :: INFO ::  Available RAM  in SLURM : 28672
2026-01-29 16:22:14,507 :: INFO ::  Number of workers : 3
2026-01-29 16:22:14,507 :: INFO ::  Max memory per worker : 2000 MB
2026-01-29 16:22:14,834 :: INFO ::  Close cluster ...
2026-01-29 16:22:14,840 :: INFO ::  The default altitude will be used as reference altitude.
2026-01-29 16:22:14,841 :: INFO ::  The AbstractGeometry SharelocGeometry plugin will be used
2026-01-29 16:22:14,912 :: INFO ::  The AbstractGeometry SharelocGeometry plugin will be used
2026-01-29 16:22:14,930 :: INFO ::  The AbstractGeometry SharelocGeometry plugin will be used
2026-01-29 16:22:14,930 :: INFO ::  Grid generation method not specified, default  epipolar is used
2026-01-29 16:22:14,930 :: INFO ::  The GridGeneration(epipolar) application will be used
2026-01-29 16:22:14,931 :: INFO ::  Resampling method not specified, default bicubic is used
2026-01-29 16:22:14,931 :: INFO ::  The Resampling(bicubic) application will be used
2026-01-29 16:22:14,931 :: INFO ::  Sparse Matching method not specified, default  sift is used
2026-01-29 16:22:14,931 :: INFO ::  The SparseMatching(sift) application will be used
2026-01-29 16:22:14,931 :: INFO ::  The AbstractGeometry SharelocGeometry plugin will be used
2026-01-29 16:22:15,001 :: INFO ::  The AbstractGeometry SharelocGeometry plugin will be used
2026-01-29 16:22:15,019 :: INFO ::  The AbstractGeometry SharelocGeometry plugin will be used
2026-01-29 16:22:15,019 :: INFO ::  The resolution of the output DSM will be 8.0 meters. 
2026-01-29 16:22:15,020 :: INFO ::  Grid generation method not specified, default  epipolar is used
2026-01-29 16:22:15,020 :: INFO ::  The GridGeneration(epipolar) application will be used
2026-01-29 16:22:15,020 :: INFO ::  Grid correction method not specified, default  default is used
2026-01-29 16:22:15,020 :: INFO ::  The GridCorrection(default) application will be used
2026-01-29 16:22:15,020 :: INFO ::  Resampling method not specified, default bicubic is used
2026-01-29 16:22:15,020 :: INFO ::  The Resampling(bicubic) application will be used
2026-01-29 16:22:15,020 :: INFO ::  dense_match_filling method not specified, default zero_padding is used
2026-01-29 16:22:15,020 :: INFO ::  The DenseMatchFilling(zero_padding) application will be used
2026-01-29 16:22:15,020 :: INFO ::  Dense Matching method not specified, default census_sgm_default is used
2026-01-29 16:22:15,021 :: INFO ::  The AbstractDenseMatching(census_sgm_default) application will be used
2026-01-29 16:22:15,079 :: INFO ::  The Triangulation(line_of_sight_intersection) application will be used
2026-01-29 16:22:15,079 :: INFO ::  MntGeneration method not specified, default bulldozer_on_raster is used
2026-01-29 16:22:15,079 :: INFO ::  The DemGeneration bulldozer_on_raster application will be used
2026-01-29 16:22:15,080 :: INFO ::  The PointCloudOutlierRemoval(small_components) application will be used
2026-01-29 16:22:15,080 :: INFO ::  The PointCloudOutlierRemoval(statistical) application will be used
2026-01-29 16:22:15,080 :: INFO ::  2 point cloud outlier removal apps registered:
 - point_cloud_outlier_removal.1=small_components
 - point_cloud_outlier_removal.2=statistical
2026-01-29 16:22:15,082 :: INFO ::  Rasterisation method not specified, default simple_gaussian is used
2026-01-29 16:22:15,082 :: INFO ::  The PointCloudRasterization(simple_gaussian) application will be used
2026-01-29 16:22:15,151 :: INFO ::  The AbstractCluster multiprocessing will be used
2026-01-29 16:22:15,958 :: INFO ::  Received 1 stereo pairs configurations
2026-01-29 16:22:15,998 :: INFO ::  Left satellite acquisition angles: Azimuth angle: 150.9 degrees, Elevation angle: 72.1 degrees
2026-01-29 16:22:15,998 :: INFO ::  Right satellite acquisition angles: Azimuth angle: 111.2 degrees, Elevation angle: 77.7 degrees
2026-01-29 16:22:15,998 :: INFO ::  Stereo satellite convergence angle from ground: 11.4 degrees
2026-01-29 16:22:15,998 :: INFO ::  Generating epipolar rectification grid ...
2026-01-29 16:22:16,036 :: INFO ::  Size of epipolar images: 111x111 pixels
2026-01-29 16:22:16,036 :: INFO ::  Disparity to altitude factor: 41.166935383718645 m/pixel
2026-01-29 16:22:16,160 :: INFO ::  The AbstractCluster multiprocessing will be used
2026-01-29 16:22:16,563 :: INFO ::  Close cluster ...
2026-01-29 16:22:16,569 :: INFO ::  The default altitude will be used as reference altitude.
2026-01-29 16:22:16,570 :: INFO ::  The AbstractGeometry SharelocGeometry plugin will be used
2026-01-29 16:22:16,639 :: INFO ::  The AbstractGeometry SharelocGeometry plugin will be used
2026-01-29 16:22:16,658 :: INFO ::  The AbstractGeometry SharelocGeometry plugin will be used
2026-01-29 16:22:16,659 :: INFO ::  The GridGeneration(epipolar) application will be used
2026-01-29 16:22:16,659 :: INFO ::  The Resampling(bicubic) application will be used
2026-01-29 16:22:16,659 :: INFO ::  The SparseMatching(sift) application will be used
2026-01-29 16:22:17,062 :: INFO ::  Margins added to left region for matching: [ 0 10  0 10]
2026-01-29 16:22:17,063 :: INFO ::  Margins added to right region for matching: [ 0 70  0 70]
2026-01-29 16:22:17,063 :: INFO ::  Size of epipolar image: [0, 0, 111, 111]
2026-01-29 16:22:17,063 :: INFO ::  Tile size for epipolar regions: 111x60 pixels
2026-01-29 16:22:17,063 :: INFO ::  Epipolar image will be processed in 2 splits
2026-01-29 16:22:17,266 :: INFO ::  Number of tiles in epipolar resampling: row: 2 col: 1
2026-01-29 16:22:17,695 :: INFO ::  Number of left epipolar image tiles outside left sensor image and removed: 0
2026-01-29 16:22:17,695 :: INFO ::  Number of right epipolar image tiles outside right sensor image and removed: 0
2026-01-29 16:22:17,697 :: INFO ::  Generate disparity: Number tiles: 2
2026-01-29 16:22:17,700 :: INFO ::  Compute delayed ...
2026-01-29 16:22:17,701 :: INFO ::  Wait for futures results ...
2026-01-29 16:22:17,701 :: PROGRESS ::  Data list to process: [ epi_matches_left ] ...
2026-01-29 16:22:18,215 :: INFO ::  Close files ...
2026-01-29 16:22:18,418 :: INFO ::  Raw number of matches found: 117 matches
2026-01-29 16:22:18,419 :: INFO ::  Writing raw matches file
2026-01-29 16:22:18,421 :: INFO ::  0 matches discarded because their epipolar error is greater than --epipolar_error_upper_bound = 10.0 pix considering a shift of 0.00148773193359375 pix
2026-01-29 16:22:18,421 :: INFO ::  Writing filtered matches file
2026-01-29 16:22:18,422 :: INFO ::  Number of matches kept for epipolar error correction: 117 matches
2026-01-29 16:22:18,467 :: INFO ::  Epipolar error after correction: mean = 0.000 pix., standard deviation = 0.406 pix., max = 3.510 pix.
2026-01-29 16:22:18,824 :: INFO ::  Global disparity interval without margin : [-8.07 pix, -3.81 pix]
2026-01-29 16:22:18,825 :: INFO ::  Global disparity interval with margin : [-32.36 pix, 8.34 pix]
2026-01-29 16:22:19,243 :: INFO ::  Compute delayed ...
2026-01-29 16:22:19,244 :: INFO ::  Wait for futures results ...
2026-01-29 16:22:19,244 :: PROGRESS ::  Data list to process: [ disp_min_grid , disp_max_grid , global infos ] ...
2026-01-29 16:22:19,554 :: INFO ::  Close files ...
2026-01-29 16:22:20,320 :: INFO ::  Global Disparity range for current pair:  [-32.363 pix., 8.339 pix.] (or [-1332.266 m., 343.287 m.])
2026-01-29 16:22:20,519 :: INFO ::  Size of epipolar image: [0, 0, 111, 111]
2026-01-29 16:22:20,519 :: INFO ::  Tile size for epipolar regions: 750x750 pixels
2026-01-29 16:22:20,519 :: INFO ::  Epipolar image will be processed in 1 splits
2026-01-29 16:22:21,931 :: INFO ::  Number of tiles in epipolar resampling: row: 1 col: 1
2026-01-29 16:22:22,340 :: INFO ::  Number of left epipolar image tiles outside left sensor image and removed: 0
2026-01-29 16:22:22,340 :: INFO ::  Number of right epipolar image tiles outside right sensor image and removed: 0
2026-01-29 16:22:22,359 :: INFO ::  Computing images envelopes and their intersection
2026-01-29 16:22:22,762 :: INFO ::  Terrain area covered: 2384171.065469282 square meters (or square degrees)
2026-01-29 16:22:22,771 :: INFO ::  Terrain bounding box : [571624.0, 572440.0] x [6273840.0, 6274680.0]
2026-01-29 16:22:22,960 :: INFO ::  Total terrain bounding box : [571624.0, 572440.0] x [6273840.0, 6274680.0]
2026-01-29 16:22:22,960 :: INFO ::  Optimal terrain tile size: 194x194 pixels
2026-01-29 16:22:23,198 :: INFO ::  The conf that has been chosen regarding the world classification map is census_sgm_urban
2026-01-29 16:22:23,362 :: INFO ::  The AbstractDenseMatching(custom) application will be used
2026-01-29 16:22:23,417 :: INFO ::  Compute disparity: number tiles: 1
2026-01-29 16:22:23,419 :: INFO ::  Disparity holes filling was not activated
2026-01-29 16:22:24,633 :: INFO ::  DSM output image size: 622x626 pixels
2026-01-29 16:22:25,238 :: INFO ::  Number of tiles in cloud rasterization: row: 1 col: 1
2026-01-29 16:22:25,243 :: INFO ::  Compute delayed ...
2026-01-29 16:22:25,244 :: INFO ::  Wait for futures results ...
2026-01-29 16:22:25,244 :: PROGRESS ::  Data list to process: [ epi_img_left_mask , dsm , epi_img_right , epi_img_right_classif , epi_img_left_classif , epi_img_right_mask , dsm_weights , texture , epi_img_left ] ...
2026-01-29 16:22:27,655 :: INFO ::  Close files ...
2026-01-29 16:22:27,998 :: INFO ::  Compute delayed ...
2026-01-29 16:22:27,999 :: INFO ::  No Object to compute
2026-01-29 16:22:28,195 :: INFO ::  Close cluster ...
2026-01-29 16:22:28,195 :: INFO ::  Save profiling plots ...
2026-01-29 16:22:31,216 :: INFO ::  Clean removing thread pool ...
2026-01-29 16:22:31,216 :: INFO ::  Clean tmp directory ...
2026-01-29 16:22:31,217 :: INFO ::  Clean shared directory ...
