2026-07-02 13:51:35,489 :: PROGRESS ::  Starting surface modeling pipeline for resolution 1/16
2026-07-02 13:51:35,490 :: INFO ::  The AbstractCluster multiprocessing will be used
2026-07-02 13:51:35,894 :: INFO ::  Close cluster ...
2026-07-02 13:51:35,911 :: INFO ::  The default altitude will be used as reference altitude.
2026-07-02 13:51:35,912 :: INFO ::  No orchestrator configuration given:  multiprocessing mode is used
2026-07-02 13:51:35,912 :: INFO ::  The AbstractCluster multiprocessing will be used
2026-07-02 13:51:35,913 :: INFO ::  auto mode : nb_workers will be set automatically
2026-07-02 13:51:35,924 :: INFO ::  Available CPUs  in SLURM : 1
2026-07-02 13:51:35,924 :: INFO ::  Available RAM  in SLURM : 7168
2026-07-02 13:51:35,924 :: WARNING ::  Only one CPU detected.
2026-07-02 13:51:35,924 :: INFO ::  Number of workers : 1
2026-07-02 13:51:35,924 :: INFO ::  Max memory per worker : 2000 MB
2026-07-02 13:51:36,315 :: INFO ::  Close cluster ...
2026-07-02 13:51:36,332 :: INFO ::  The default altitude will be used as reference altitude.
2026-07-02 13:51:36,333 :: INFO ::  The AbstractGeometry SharelocGeometry plugin will be used
2026-07-02 13:51:36,404 :: INFO ::  The AbstractGeometry SharelocGeometry plugin will be used
2026-07-02 13:51:36,425 :: INFO ::  The AbstractGeometry SharelocGeometry plugin will be used
2026-07-02 13:51:36,425 :: INFO ::  Grid generation method not specified, default  epipolar is used
2026-07-02 13:51:36,425 :: INFO ::  The GridGeneration(epipolar) application will be used
2026-07-02 13:51:36,425 :: INFO ::  Resampling method not specified, default bicubic is used
2026-07-02 13:51:36,425 :: INFO ::  The Resampling(bicubic) application will be used
2026-07-02 13:51:36,425 :: INFO ::  Sparse Matching application not specified, default  basic is used
2026-07-02 13:51:36,426 :: INFO ::  The SparseMatching(basic) application will be used
2026-07-02 13:51:36,427 :: INFO ::  The AbstractSparseMatchingMethod(sift) method will be used
2026-07-02 13:51:36,427 :: INFO ::  The AbstractGeometry SharelocGeometry plugin will be used
2026-07-02 13:51:36,498 :: INFO ::  The AbstractGeometry SharelocGeometry plugin will be used
2026-07-02 13:51:36,519 :: INFO ::  The AbstractGeometry SharelocGeometry plugin will be used
2026-07-02 13:51:36,519 :: INFO ::  The resolution of the output DSM will be 8.0 meters. 
2026-07-02 13:51:36,519 :: INFO ::  Grid generation method not specified, default  epipolar is used
2026-07-02 13:51:36,520 :: INFO ::  The GridGeneration(epipolar) application will be used
2026-07-02 13:51:36,520 :: INFO ::  Grid correction method not specified, default  default is used
2026-07-02 13:51:36,520 :: INFO ::  The GridCorrection(default) application will be used
2026-07-02 13:51:36,520 :: INFO ::  Resampling method not specified, default bicubic is used
2026-07-02 13:51:36,520 :: INFO ::  The Resampling(bicubic) application will be used
2026-07-02 13:51:36,520 :: INFO ::  dense_match_filling method not specified, default zero_padding is used
2026-07-02 13:51:36,520 :: INFO ::  The DenseMatchFilling(zero_padding) application will be used
2026-07-02 13:51:36,521 :: INFO ::  Dense Matching application not specified, default basic is used
2026-07-02 13:51:36,521 :: INFO ::  The AbstractDenseMatching(basic) application will be used
2026-07-02 13:51:36,521 :: INFO ::  The AbstractDenseMatchingMethod(pandora_auto) method will be used
2026-07-02 13:51:36,653 :: INFO ::  The Triangulation(line_of_sight_intersection) application will be used
2026-07-02 13:51:36,653 :: INFO ::  MntGeneration method not specified, default bulldozer_on_raster is used
2026-07-02 13:51:36,653 :: INFO ::  The DemGeneration bulldozer_on_raster application will be used
2026-07-02 13:51:36,653 :: INFO ::  The PointCloudOutlierRemoval(small_components) application will be used
2026-07-02 13:51:36,653 :: INFO ::  The PointCloudOutlierRemoval(statistical) application will be used
2026-07-02 13:51:36,655 :: INFO ::  2 point cloud outlier removal apps registered:
 - point_cloud_outlier_removal.1=small_components
 - point_cloud_outlier_removal.2=statistical
2026-07-02 13:51:36,655 :: INFO ::  Rasterisation method not specified, default simple_gaussian is used
2026-07-02 13:51:36,655 :: INFO ::  The PointCloudRasterization(simple_gaussian) application will be used
2026-07-02 13:51:36,802 :: INFO ::  The AbstractCluster multiprocessing will be used
2026-07-02 13:51:37,006 :: INFO ::  Registered task generate_disparity_grids under pipeline surface_modeling_res16 with weight 2.0 and expected runs 1
2026-07-02 13:51:37,006 :: INFO ::  Registered task tie_points under pipeline Tie Points with weight 20.0 and expected runs 1
2026-07-02 13:51:37,006 :: INFO ::  Registered task disparity_to_depth_maps under pipeline surface_modeling_res16 with weight 20.0 and expected runs 1
2026-07-02 13:51:37,006 :: INFO ::  Registered task rasterize_point_cloud under pipeline surface_modeling_res16 with weight 58.0 and expected runs 1
2026-07-02 13:51:37,609 :: INFO ::  Received 1 stereo pairs configurations
2026-07-02 13:51:37,651 :: INFO ::  Left satellite acquisition angles: Azimuth angle: 151.1 degrees, Elevation angle: 72.1 degrees
2026-07-02 13:51:37,651 :: INFO ::  Right satellite acquisition angles: Azimuth angle: 111.4 degrees, Elevation angle: 77.7 degrees
2026-07-02 13:51:37,651 :: INFO ::  Stereo satellite convergence angle from ground: 11.4 degrees
2026-07-02 13:51:37,652 :: INFO ::  Generating epipolar rectification grid ...
2026-07-02 13:51:37,671 :: INFO ::  Optimal altitude found for epipolar grid generation : 162.75m. Residue of triangulation : 1e-05m
2026-07-02 13:51:37,689 :: INFO ::  Size of epipolar images: 111x111 pixels
2026-07-02 13:51:37,689 :: INFO ::  Disparity to altitude factor for pixel at 1/16 sampling : 41.14 m/pixel
2026-07-02 13:51:37,811 :: INFO ::  The AbstractCluster multiprocessing will be used
2026-07-02 13:51:38,214 :: INFO ::  Close cluster ...
2026-07-02 13:51:38,231 :: INFO ::  The default altitude will be used as reference altitude.
2026-07-02 13:51:38,232 :: INFO ::  The AbstractGeometry SharelocGeometry plugin will be used
2026-07-02 13:51:38,304 :: INFO ::  The AbstractGeometry SharelocGeometry plugin will be used
2026-07-02 13:51:38,323 :: INFO ::  The AbstractGeometry SharelocGeometry plugin will be used
2026-07-02 13:51:38,324 :: INFO ::  The GridGeneration(epipolar) application will be used
2026-07-02 13:51:38,324 :: INFO ::  The Resampling(bicubic) application will be used
2026-07-02 13:51:38,324 :: INFO ::  The SparseMatching(basic) application will be used
2026-07-02 13:51:38,324 :: INFO ::  The AbstractSparseMatchingMethod(sift) method will be used
2026-07-02 13:51:38,929 :: INFO ::  Margins added to left region for matching: [ 0 70  0 70]
2026-07-02 13:51:38,929 :: INFO ::  Margins added to right region for matching: [ 0 70  0 70]
2026-07-02 13:51:38,929 :: INFO ::  Size of epipolar image: [0, 0, 111, 111]
2026-07-02 13:51:38,929 :: INFO ::  Tile size for epipolar regions: 5000x60 pixels
2026-07-02 13:51:38,929 :: INFO ::  Epipolar image will be processed in 2 splits
2026-07-02 13:51:39,131 :: INFO ::  Number of tiles in epipolar resampling: row: 2 col: 1
2026-07-02 13:51:39,560 :: INFO ::  Number of left epipolar image tiles outside left sensor image and removed: 0
2026-07-02 13:51:39,560 :: INFO ::  Number of right epipolar image tiles outside right sensor image and removed: 0
2026-07-02 13:51:39,581 :: INFO ::  Generate disparity: Number tiles: 2
2026-07-02 13:51:39,585 :: INFO ::  Compute delayed ...
2026-07-02 13:51:39,586 :: INFO ::  Wait for futures results ...
2026-07-02 13:51:39,586 :: PROGRESS ::  Data list to process: [ epi_matches_left ] ...
2026-07-02 13:51:39,586 :: PROGRESS ::  Started task tie_points in pipeline Tie Points, total: 2
2026-07-02 13:51:39,586 :: INFO ::  Processing 2 tiles: [ epi_matches_left ] ...
2026-07-02 13:51:40,305 :: PROGRESS ::  Data list to process: 50% complete (1/2 tiles) [run 1/1]
2026-07-02 13:51:40,930 :: PROGRESS ::  Data list to process: 100% complete (2/2 tiles) [run 1/1]
2026-07-02 13:51:40,930 :: INFO ::  Close files ...
2026-07-02 13:51:41,037 :: INFO ::  Raw number of matches found: 178 matches
2026-07-02 13:51:41,050 :: INFO ::  Writing raw matches file
2026-07-02 13:51:41,051 :: INFO ::  0 matches discarded because their epipolar error is greater than --epipolar_error_upper_bound = 10 pix considering a shift of 0.0111846923828125 pix
2026-07-02 13:51:41,052 :: INFO ::  Writing filtered matches file
2026-07-02 13:51:41,053 :: INFO ::  Number of matches kept for epipolar error correction: 178 matches
2026-07-02 13:51:41,059 :: INFO ::  Epipolar error after correction: mean = 0.000 pix., standard deviation = 0.535 pix., max = 3.210 pix.
2026-07-02 13:51:41,455 :: INFO ::  Global disparity interval without margin : [-1.30 pix, 2.28 pix]
2026-07-02 13:51:41,455 :: INFO ::  Global disparity interval with margin : [-25.61 pix, 14.43 pix]
2026-07-02 13:51:41,879 :: INFO ::  Compute delayed ...
2026-07-02 13:51:41,879 :: INFO ::  Wait for futures results ...
2026-07-02 13:51:41,879 :: PROGRESS ::  Data list to process: [ disp_max_grid , disp_min_grid , global infos ] ...
2026-07-02 13:51:41,879 :: PROGRESS ::  Started task generate_disparity_grids in pipeline surface_modeling_res16, total: 2
2026-07-02 13:51:41,879 :: INFO ::  Processing 2 tiles: [ disp_max_grid , disp_min_grid , global infos ] ...
2026-07-02 13:51:42,517 :: PROGRESS ::  Data list to process: 50% complete (1/2 tiles) [run 1/1]
2026-07-02 13:51:42,527 :: PROGRESS ::  Data list to process: 100% complete (2/2 tiles) [run 1/1]
2026-07-02 13:51:42,527 :: INFO ::  Close files ...
2026-07-02 13:51:43,170 :: INFO ::  Global Disparity range for current pair:  [-25.609 pix., 14.432 pix.] (or [-1053.610 m., 593.752 m.])
2026-07-02 13:51:43,368 :: INFO ::  Size of epipolar image: [0, 0, 111, 111]
2026-07-02 13:51:43,368 :: INFO ::  Tile size for epipolar regions: 750x750 pixels
2026-07-02 13:51:43,368 :: INFO ::  Epipolar image will be processed in 1 splits
2026-07-02 13:51:43,570 :: INFO ::  Number of tiles in epipolar resampling: row: 1 col: 1
2026-07-02 13:51:43,979 :: INFO ::  Number of left epipolar image tiles outside left sensor image and removed: 0
2026-07-02 13:51:43,980 :: INFO ::  Number of right epipolar image tiles outside right sensor image and removed: 0
2026-07-02 13:51:43,997 :: INFO ::  Computing images envelopes and their intersection
2026-07-02 13:51:44,416 :: INFO ::  Terrain area covered: 2359896.4042365695 square meters (or square degrees)
2026-07-02 13:51:44,425 :: INFO ::  Terrain bounding box : [573016.0, 573832.0] x [6276872.0, 6277704.0]
2026-07-02 13:51:44,601 :: INFO ::  Total terrain bounding box : [573016.0, 573832.0] x [6276872.0, 6277704.0]
2026-07-02 13:51:44,601 :: INFO ::  Optimal terrain tile size: 193x193 pixels
2026-07-02 13:51:44,812 :: INFO ::  The conf that has been chosen regarding the world classification map is census_sgm_urban
2026-07-02 13:51:45,002 :: INFO ::  The AbstractDenseMatching(basic) application will be used
2026-07-02 13:51:45,003 :: INFO ::  The AbstractDenseMatchingMethod(pandora_custom) method will be used
2026-07-02 13:51:45,135 :: INFO ::  Compute disparity: number tiles: 1
2026-07-02 13:51:45,137 :: INFO ::  Disparity holes filling was not activated
2026-07-02 13:51:46,160 :: INFO ::  Compute delayed ...
2026-07-02 13:51:46,160 :: INFO ::  No Object to compute
2026-07-02 13:51:46,356 :: PROGRESS ::  Started task disparity_to_depth_maps in pipeline surface_modeling_res16, total: 1
2026-07-02 13:51:46,591 :: INFO ::  DSM output image size: 622x625 pixels
2026-07-02 13:51:47,596 :: INFO ::  Number of tiles in cloud rasterization: row: 1 col: 1
2026-07-02 13:51:47,602 :: INFO ::  Compute delayed ...
2026-07-02 13:51:47,603 :: INFO ::  Wait for futures results ...
2026-07-02 13:51:47,603 :: PROGRESS ::  Data list to process: [ texture , dsm_weights , dsm , invalidity_mask , cropped_disp_range ] ...
2026-07-02 13:51:47,603 :: PROGRESS ::  Started task rasterize_point_cloud in pipeline surface_modeling_res16, total: 1
2026-07-02 13:51:47,603 :: INFO ::  Processing 1 tiles: [ texture , dsm_weights , dsm , invalidity_mask , cropped_disp_range ] ...
2026-07-02 13:51:51,460 :: PROGRESS ::  Data list to process: 100% complete (1/1 tiles) [run 1/1]
2026-07-02 13:51:51,460 :: INFO ::  Close files ...
2026-07-02 13:51:52,015 :: INFO ::  Compute delayed ...
2026-07-02 13:51:52,015 :: INFO ::  No Object to compute
2026-07-02 13:51:52,211 :: INFO ::  Close cluster ...
2026-07-02 13:51:52,211 :: INFO ::  Save profiling plots ...
2026-07-02 13:51:54,922 :: INFO ::  Clean removing thread pool ...
2026-07-02 13:51:54,922 :: INFO ::  Clean tmp directory ...
2026-07-02 13:51:54,923 :: INFO ::  Clean shared directory ...
