2026-01-29 16:34:58,394 :: PROGRESS ::  Starting surface modeling pipeline for resolution 1/16
2026-01-29 16:34:58,395 :: INFO ::  The AbstractCluster multiprocessing will be used
2026-01-29 16:34:58,596 :: PROFILING_LOG ::  CarsProfiling# %Multiprocessing orchestrator initialization%: %0.0060% s Max ram : %396.98432% MiB Start Ram: %396.865536% MiB, End Ram: %396.98432% MiB,  Max CPU usage: %0%
2026-01-29 16:34:58,798 :: PROFILING_LOG ::  CarsProfiling# %Compute futures%: %0.0005% s Max ram : %396.98432% MiB Start Ram: %396.98432% MiB, End Ram: %397.033472% MiB,  Max CPU usage: %0%
2026-01-29 16:34:58,798 :: INFO ::  Close cluster ...
2026-01-29 16:34:58,808 :: INFO ::  The default altitude will be used as reference altitude.
2026-01-29 16:34:58,808 :: INFO ::  No orchestrator configuration given:  multiprocessing mode is used
2026-01-29 16:34:58,809 :: INFO ::  The AbstractCluster multiprocessing will be used
2026-01-29 16:34:58,809 :: INFO ::  auto mode : nb_workers will be set automatically
2026-01-29 16:34:58,822 :: INFO ::  Available CPUs  in SLURM : 4
2026-01-29 16:34:58,822 :: INFO ::  Available RAM  in SLURM : 28672
2026-01-29 16:34:58,822 :: INFO ::  Number of workers : 3
2026-01-29 16:34:58,822 :: INFO ::  Max memory per worker : 2000 MB
2026-01-29 16:34:59,010 :: PROFILING_LOG ::  CarsProfiling# %Multiprocessing orchestrator initialization%: %0.0176% s Max ram : %397.033472% MiB Start Ram: %397.033472% MiB, End Ram: %397.033472% MiB,  Max CPU usage: %0%
2026-01-29 16:34:59,211 :: PROFILING_LOG ::  CarsProfiling# %Compute futures%: %0.0005% s Max ram : %397.033472% MiB Start Ram: %397.033472% MiB, End Ram: %397.053952% MiB,  Max CPU usage: %0%
2026-01-29 16:34:59,211 :: INFO ::  Close cluster ...
2026-01-29 16:34:59,221 :: INFO ::  The default altitude will be used as reference altitude.
2026-01-29 16:34:59,222 :: INFO ::  The AbstractGeometry SharelocGeometry plugin will be used
2026-01-29 16:34:59,293 :: INFO ::  The AbstractGeometry SharelocGeometry plugin will be used
2026-01-29 16:34:59,311 :: INFO ::  The AbstractGeometry SharelocGeometry plugin will be used
2026-01-29 16:34:59,311 :: INFO ::  Grid generation method not specified, default  epipolar is used
2026-01-29 16:34:59,311 :: INFO ::  The GridGeneration(epipolar) application will be used
2026-01-29 16:34:59,311 :: INFO ::  Resampling method not specified, default bicubic is used
2026-01-29 16:34:59,311 :: INFO ::  The Resampling(bicubic) application will be used
2026-01-29 16:34:59,311 :: INFO ::  Sparse Matching method not specified, default  sift is used
2026-01-29 16:34:59,312 :: INFO ::  The SparseMatching(sift) application will be used
2026-01-29 16:34:59,312 :: INFO ::  The AbstractGeometry SharelocGeometry plugin will be used
2026-01-29 16:34:59,382 :: INFO ::  The AbstractGeometry SharelocGeometry plugin will be used
2026-01-29 16:34:59,400 :: INFO ::  The AbstractGeometry SharelocGeometry plugin will be used
2026-01-29 16:34:59,400 :: INFO ::  The resolution of the output DSM will be 8.0 meters. 
2026-01-29 16:34:59,401 :: INFO ::  Grid generation method not specified, default  epipolar is used
2026-01-29 16:34:59,401 :: INFO ::  The GridGeneration(epipolar) application will be used
2026-01-29 16:34:59,401 :: INFO ::  Grid correction method not specified, default  default is used
2026-01-29 16:34:59,401 :: INFO ::  The GridCorrection(default) application will be used
2026-01-29 16:34:59,401 :: INFO ::  Resampling method not specified, default bicubic is used
2026-01-29 16:34:59,401 :: INFO ::  The Resampling(bicubic) application will be used
2026-01-29 16:34:59,401 :: INFO ::  dense_match_filling method not specified, default zero_padding is used
2026-01-29 16:34:59,401 :: INFO ::  The DenseMatchFilling(zero_padding) application will be used
2026-01-29 16:34:59,401 :: INFO ::  Dense Matching method not specified, default census_sgm_default is used
2026-01-29 16:34:59,403 :: INFO ::  The AbstractDenseMatching(census_sgm_default) application will be used
2026-01-29 16:34:59,458 :: INFO ::  The Triangulation(line_of_sight_intersection) application will be used
2026-01-29 16:34:59,458 :: INFO ::  MntGeneration method not specified, default bulldozer_on_raster is used
2026-01-29 16:34:59,458 :: INFO ::  The DemGeneration bulldozer_on_raster application will be used
2026-01-29 16:34:59,458 :: INFO ::  The PointCloudOutlierRemoval(small_components) application will be used
2026-01-29 16:34:59,458 :: INFO ::  The PointCloudOutlierRemoval(statistical) application will be used
2026-01-29 16:34:59,458 :: INFO ::  2 point cloud outlier removal apps registered:
 - point_cloud_outlier_removal.1=small_components
 - point_cloud_outlier_removal.2=statistical
2026-01-29 16:34:59,460 :: INFO ::  Rasterisation method not specified, default simple_gaussian is used
2026-01-29 16:34:59,460 :: INFO ::  The PointCloudRasterization(simple_gaussian) application will be used
2026-01-29 16:34:59,530 :: INFO ::  The AbstractCluster multiprocessing will be used
2026-01-29 16:34:59,731 :: PROFILING_LOG ::  CarsProfiling# %Multiprocessing orchestrator initialization%: %0.0434% s Max ram : %399.699968% MiB Start Ram: %399.699968% MiB, End Ram: %399.74912% MiB,  Max CPU usage: %0%
2026-01-29 16:34:59,933 :: PROFILING_LOG ::  CarsProfiling# %Compute roi poly%: %0.0005% s Max ram : %399.765504% MiB Start Ram: %399.765504% MiB, End Ram: %399.818752% MiB,  Max CPU usage: %0%
2026-01-29 16:35:00,134 :: PROFILING_LOG ::  CarsProfiling# %Load geomodels%: %0.0003% s Max ram : %399.818752% MiB Start Ram: %399.818752% MiB, End Ram: %399.822848% MiB,  Max CPU usage: %0%
2026-01-29 16:35:00,336 :: PROFILING_LOG ::  CarsProfiling# %Generate pairs%: %0.0004% s Max ram : %399.822848% MiB Start Ram: %399.822848% MiB, End Ram: %399.822848% MiB,  Max CPU usage: %0%
2026-01-29 16:35:00,336 :: INFO ::  Received 1 stereo pairs configurations
2026-01-29 16:35:00,375 :: INFO ::  Left satellite acquisition angles: Azimuth angle: 151.1 degrees, Elevation angle: 72.1 degrees
2026-01-29 16:35:00,375 :: INFO ::  Right satellite acquisition angles: Azimuth angle: 111.4 degrees, Elevation angle: 77.7 degrees
2026-01-29 16:35:00,375 :: INFO ::  Stereo satellite convergence angle from ground: 11.4 degrees
2026-01-29 16:35:00,375 :: INFO ::  Generating epipolar rectification grid ...
2026-01-29 16:35:00,410 :: INFO ::  Size of epipolar images: 111x111 pixels
2026-01-29 16:35:00,410 :: INFO ::  Disparity to altitude factor: 41.141990397303644 m/pixel
2026-01-29 16:35:00,537 :: PROFILING_LOG ::  CarsProfiling# %Epi Grid Generation%: %0.0744% s Max ram : %400.384% MiB Start Ram: %399.822848% MiB, End Ram: %400.384% MiB,  Max CPU usage: %69.9%
2026-01-29 16:35:00,538 :: INFO ::  The AbstractCluster multiprocessing will be used
2026-01-29 16:35:00,739 :: PROFILING_LOG ::  CarsProfiling# %Multiprocessing orchestrator initialization%: %0.0058% s Max ram : %400.437248% MiB Start Ram: %400.384% MiB, End Ram: %400.437248% MiB,  Max CPU usage: %0%
2026-01-29 16:35:00,940 :: PROFILING_LOG ::  CarsProfiling# %Compute futures%: %0.0005% s Max ram : %400.437248% MiB Start Ram: %400.437248% MiB, End Ram: %400.490496% MiB,  Max CPU usage: %0%
2026-01-29 16:35:00,940 :: INFO ::  Close cluster ...
2026-01-29 16:35:00,950 :: INFO ::  The default altitude will be used as reference altitude.
2026-01-29 16:35:00,951 :: INFO ::  The AbstractGeometry SharelocGeometry plugin will be used
2026-01-29 16:35:01,019 :: INFO ::  The AbstractGeometry SharelocGeometry plugin will be used
2026-01-29 16:35:01,038 :: INFO ::  The AbstractGeometry SharelocGeometry plugin will be used
2026-01-29 16:35:01,038 :: INFO ::  The GridGeneration(epipolar) application will be used
2026-01-29 16:35:01,039 :: INFO ::  The Resampling(bicubic) application will be used
2026-01-29 16:35:01,039 :: INFO ::  The SparseMatching(sift) application will be used
2026-01-29 16:35:01,240 :: PROFILING_LOG ::  CarsProfiling# %Load geomodels%: %0.0003% s Max ram : %400.678912% MiB Start Ram: %400.678912% MiB, End Ram: %400.683008% MiB,  Max CPU usage: %0%
2026-01-29 16:35:01,441 :: PROFILING_LOG ::  CarsProfiling# %Generate pairs%: %0.0003% s Max ram : %400.683008% MiB Start Ram: %400.683008% MiB, End Ram: %400.683008% MiB,  Max CPU usage: %0%
2026-01-29 16:35:01,442 :: INFO ::  Margins added to left region for matching: [ 0 10  0 10]
2026-01-29 16:35:01,442 :: INFO ::  Margins added to right region for matching: [ 0 70  0 70]
2026-01-29 16:35:01,442 :: INFO ::  Size of epipolar image: [0, 0, 111, 111]
2026-01-29 16:35:01,442 :: INFO ::  Tile size for epipolar regions: 111x60 pixels
2026-01-29 16:35:01,442 :: INFO ::  Epipolar image will be processed in 2 splits
2026-01-29 16:35:01,645 :: PROFILING_LOG ::  CarsProfiling# %Grid margins 2 overlaps%: %0.0015% s Max ram : %400.871424% MiB Start Ram: %400.871424% MiB, End Ram: %400.871424% MiB,  Max CPU usage: %0%
2026-01-29 16:35:01,645 :: INFO ::  Number of tiles in epipolar resampling: row: 2 col: 1
2026-01-29 16:35:01,847 :: PROFILING_LOG ::  CarsProfiling# %Get paths and bands%: %0.0003% s Max ram : %400.871424% MiB Start Ram: %400.871424% MiB, End Ram: %400.871424% MiB,  Max CPU usage: %0%
2026-01-29 16:35:02,048 :: PROFILING_LOG ::  CarsProfiling# %Get paths and bands%: %0.0004% s Max ram : %400.871424% MiB Start Ram: %400.871424% MiB, End Ram: %400.871424% MiB,  Max CPU usage: %0%
2026-01-29 16:35:02,056 :: INFO ::  Number of left epipolar image tiles outside left sensor image and removed: 0
2026-01-29 16:35:02,056 :: INFO ::  Number of right epipolar image tiles outside right sensor image and removed: 0
2026-01-29 16:35:02,059 :: INFO ::  Generate disparity: Number tiles: 2
2026-01-29 16:35:02,062 :: INFO ::  Compute delayed ...
2026-01-29 16:35:02,062 :: INFO ::  Wait for futures results ...
2026-01-29 16:35:02,062 :: PROGRESS ::  Data list to process: [ epi_matches_left ] ...
2026-01-29 16:35:02,631 :: INFO ::  Close files ...
2026-01-29 16:35:02,775 :: PROFILING_LOG ::  CarsProfiling# %Compute futures%: %0.5719% s Max ram : %403.714048% MiB Start Ram: %403.668992% MiB, End Ram: %403.714048% MiB,  Max CPU usage: %114.1%
2026-01-29 16:35:02,781 :: INFO ::  Raw number of matches found: 92 matches
2026-01-29 16:35:02,781 :: INFO ::  Writing raw matches file
2026-01-29 16:35:02,783 :: INFO ::  3 matches discarded because their epipolar error is greater than --epipolar_error_upper_bound = 10.0 pix considering a shift of -0.0500335693359375 pix
2026-01-29 16:35:02,783 :: INFO ::  Writing filtered matches file
2026-01-29 16:35:02,784 :: WARNING ::  Insufficient amount of matches found (89 < 90), can not safely estimate epipolar error correction  and disparity range
2026-01-29 16:35:02,784 :: INFO ::  Number of matches kept for epipolar error correction: 89 matches
2026-01-29 16:35:02,785 :: WARNING ::  Grid correction is not applied because number of matches found (89) is less than minimum number of matches required for grid correction (90)
2026-01-29 16:35:02,785 :: INFO ::  Global disparity interval without margin : [-5.17 pix, -1.52 pix]
2026-01-29 16:35:02,785 :: INFO ::  Global disparity interval with margin : [-29.48 pix, 10.63 pix]
2026-01-29 16:35:03,002 :: PROFILING_LOG ::  CarsProfiling# %Add to save lists%: %0.0004% s Max ram : %403.750912% MiB Start Ram: %403.750912% MiB, End Ram: %403.80416% MiB,  Max CPU usage: %10.0%
2026-01-29 16:35:03,204 :: PROFILING_LOG ::  CarsProfiling# %Add to save lists%: %0.0004% s Max ram : %403.80416% MiB Start Ram: %403.80416% MiB, End Ram: %403.808256% MiB,  Max CPU usage: %10.0%
2026-01-29 16:35:03,206 :: INFO ::  Compute delayed ...
2026-01-29 16:35:03,207 :: INFO ::  Wait for futures results ...
2026-01-29 16:35:03,207 :: PROGRESS ::  Data list to process: [ global infos , disp_min_grid , disp_max_grid ] ...
2026-01-29 16:35:03,522 :: INFO ::  Close files ...
2026-01-29 16:35:03,673 :: PROFILING_LOG ::  CarsProfiling# %Compute futures%: %0.3190% s Max ram : %405.905408% MiB Start Ram: %403.808256% MiB, End Ram: %405.905408% MiB,  Max CPU usage: %113.1%
2026-01-29 16:35:03,774 :: PROFILING_LOG ::  CarsProfiling# %Disp Grid Generation%: %0.8736% s Max ram : %405.905408% MiB Start Ram: %403.750912% MiB, End Ram: %405.905408% MiB,  Max CPU usage: %109.7%
2026-01-29 16:35:03,988 :: PROFILING_LOG ::  CarsProfiling# %Compute epipolar roi%: %0.0004% s Max ram : %405.905408% MiB Start Ram: %405.905408% MiB, End Ram: %405.905408% MiB,  Max CPU usage: %0%
2026-01-29 16:35:04,189 :: PROFILING_LOG ::  CarsProfiling# %Optimal size estimation%: %0.0031% s Max ram : %405.905408% MiB Start Ram: %405.905408% MiB, End Ram: %405.905408% MiB,  Max CPU usage: %0%
2026-01-29 16:35:04,192 :: INFO ::  Global Disparity range for current pair:  [-29.477 pix., 10.629 pix.] (or [-1212.745 m., 437.308 m.])
2026-01-29 16:35:04,391 :: PROFILING_LOG ::  CarsProfiling# %Get margin fun%: %0.0026% s Max ram : %405.983232% MiB Start Ram: %405.905408% MiB, End Ram: %405.983232% MiB,  Max CPU usage: %10.0%
2026-01-29 16:35:04,391 :: INFO ::  Size of epipolar image: [0, 0, 111, 111]
2026-01-29 16:35:04,391 :: INFO ::  Tile size for epipolar regions: 750x750 pixels
2026-01-29 16:35:04,391 :: INFO ::  Epipolar image will be processed in 1 splits
2026-01-29 16:35:04,594 :: PROFILING_LOG ::  CarsProfiling# %Grid margins 2 overlaps%: %0.0017% s Max ram : %405.983232% MiB Start Ram: %405.983232% MiB, End Ram: %405.983232% MiB,  Max CPU usage: %0%
2026-01-29 16:35:04,594 :: INFO ::  Number of tiles in epipolar resampling: row: 1 col: 1
2026-01-29 16:35:04,796 :: PROFILING_LOG ::  CarsProfiling# %Get paths and bands%: %0.0003% s Max ram : %405.983232% MiB Start Ram: %405.983232% MiB, End Ram: %405.983232% MiB,  Max CPU usage: %0%
2026-01-29 16:35:04,997 :: PROFILING_LOG ::  CarsProfiling# %Get paths and bands%: %0.0006% s Max ram : %405.983232% MiB Start Ram: %405.983232% MiB, End Ram: %405.983232% MiB,  Max CPU usage: %0%
2026-01-29 16:35:05,004 :: INFO ::  Number of left epipolar image tiles outside left sensor image and removed: 0
2026-01-29 16:35:05,004 :: INFO ::  Number of right epipolar image tiles outside right sensor image and removed: 0
2026-01-29 16:35:05,020 :: INFO ::  Computing images envelopes and their intersection
2026-01-29 16:35:05,221 :: PROFILING_LOG ::  CarsProfiling# %Ground intersection envelopes%: %0.0886% s Max ram : %409.194496% MiB Start Ram: %406.188032% MiB, End Ram: %409.194496% MiB,  Max CPU usage: %89.9%
2026-01-29 16:35:05,423 :: PROFILING_LOG ::  CarsProfiling# %Compute epipolar grid min max%: %0.0629% s Max ram : %410.374144% MiB Start Ram: %409.194496% MiB, End Ram: %410.374144% MiB,  Max CPU usage: %59.9%
2026-01-29 16:35:05,424 :: INFO ::  Terrain area covered: 2357668.2740619355 square meters (or square degrees)
2026-01-29 16:35:05,432 :: INFO ::  Terrain bounding box : [573016.0, 573832.0] x [6276872.0, 6277704.0]
2026-01-29 16:35:05,621 :: PROFILING_LOG ::  CarsProfiling# %Compute terrain bbox%: %0.4129% s Max ram : %410.374144% MiB Start Ram: %406.188032% MiB, End Ram: %410.37824% MiB,  Max CPU usage: %89.9%
2026-01-29 16:35:05,622 :: INFO ::  Total terrain bounding box : [573016.0, 573832.0] x [6276872.0, 6277704.0]
2026-01-29 16:35:05,622 :: INFO ::  Optimal terrain tile size: 192x192 pixels
2026-01-29 16:35:05,822 :: PROFILING_LOG ::  CarsProfiling# %Compute terrain bounds%: %0.0008% s Max ram : %410.37824% MiB Start Ram: %410.37824% MiB, End Ram: %410.37824% MiB,  Max CPU usage: %0%
2026-01-29 16:35:05,854 :: INFO ::  The conf that has been chosen regarding the world classification map is census_sgm_urban
2026-01-29 16:35:06,023 :: PROFILING_LOG ::  CarsProfiling# %Find auto conf%: %0.0316% s Max ram : %411.795456% MiB Start Ram: %410.37824% MiB, End Ram: %411.795456% MiB,  Max CPU usage: %10.0%
2026-01-29 16:35:06,024 :: INFO ::  The AbstractDenseMatching(custom) application will be used
2026-01-29 16:35:06,077 :: INFO ::  Compute disparity: number tiles: 1
2026-01-29 16:35:06,078 :: INFO ::  Disparity holes filling was not activated
2026-01-29 16:35:06,286 :: PROFILING_LOG ::  CarsProfiling# %Transform disp range grid to two layers%: %0.0005% s Max ram : %411.795456% MiB Start Ram: %411.795456% MiB, End Ram: %411.795456% MiB,  Max CPU usage: %0%
2026-01-29 16:35:06,488 :: PROFILING_LOG ::  CarsProfiling# %Transform four layers to two layers grid%: %0.0005% s Max ram : %411.795456% MiB Start Ram: %411.795456% MiB, End Ram: %411.795456% MiB,  Max CPU usage: %0%
2026-01-29 16:35:06,689 :: PROFILING_LOG ::  CarsProfiling# %Compute epipolar grid min max%: %0.0579% s Max ram : %411.967488% MiB Start Ram: %411.795456% MiB, End Ram: %411.967488% MiB,  Max CPU usage: %59.9%
2026-01-29 16:35:06,890 :: PROFILING_LOG ::  CarsProfiling# %Save triangulation output%: %0.0010% s Max ram : %411.967488% MiB Start Ram: %411.967488% MiB, End Ram: %411.967488% MiB,  Max CPU usage: %10.0%
2026-01-29 16:35:07,091 :: PROFILING_LOG ::  CarsProfiling# %Fill index%: %0.0003% s Max ram : %411.967488% MiB Start Ram: %411.967488% MiB, End Ram: %411.967488% MiB,  Max CPU usage: %0%
2026-01-29 16:35:07,293 :: PROFILING_LOG ::  CarsProfiling# %Preprocess depth maps%: %0.0003% s Max ram : %411.967488% MiB Start Ram: %411.967488% MiB, End Ram: %411.967488% MiB,  Max CPU usage: %0%
2026-01-29 16:35:07,295 :: INFO ::  DSM output image size: 622x625 pixels
2026-01-29 16:35:07,496 :: PROFILING_LOG ::  CarsProfiling# %Add to save lists%: %0.0003% s Max ram : %411.967488% MiB Start Ram: %411.967488% MiB, End Ram: %411.967488% MiB,  Max CPU usage: %0%
2026-01-29 16:35:07,698 :: PROFILING_LOG ::  CarsProfiling# %Add to save lists%: %0.0004% s Max ram : %411.967488% MiB Start Ram: %411.967488% MiB, End Ram: %411.967488% MiB,  Max CPU usage: %0%
2026-01-29 16:35:07,899 :: PROFILING_LOG ::  CarsProfiling# %Add to save lists%: %0.0005% s Max ram : %411.967488% MiB Start Ram: %411.967488% MiB, End Ram: %411.967488% MiB,  Max CPU usage: %0%
2026-01-29 16:35:07,900 :: INFO ::  Number of tiles in cloud rasterization: row: 1 col: 1
2026-01-29 16:35:07,906 :: INFO ::  Compute delayed ...
2026-01-29 16:35:07,907 :: INFO ::  Wait for futures results ...
2026-01-29 16:35:07,907 :: PROGRESS ::  Data list to process: [ dsm_weights , dsm , texture ] ...
2026-01-29 16:35:10,161 :: INFO ::  Close files ...
2026-01-29 16:35:10,338 :: PROFILING_LOG ::  CarsProfiling# %Compute futures%: %2.2803% s Max ram : %417.66912% MiB Start Ram: %411.967488% MiB, End Ram: %417.665024% MiB,  Max CPU usage: %116.3%
2026-01-29 16:35:10,585 :: PROFILING_LOG ::  CarsProfiling# %Final cleanup%: %0.0005% s Max ram : %417.665024% MiB Start Ram: %417.665024% MiB, End Ram: %417.665024% MiB,  Max CPU usage: %0%
2026-01-29 16:35:10,591 :: INFO ::  Compute delayed ...
2026-01-29 16:35:10,591 :: INFO ::  No Object to compute
2026-01-29 16:35:10,787 :: PROFILING_LOG ::  CarsProfiling# %Compute futures%: %0.0055% s Max ram : %417.665024% MiB Start Ram: %417.665024% MiB, End Ram: %417.665024% MiB,  Max CPU usage: %10.0%
2026-01-29 16:35:10,787 :: INFO ::  Close cluster ...
2026-01-29 16:35:10,787 :: INFO ::  Save profiling plots ...
2026-01-29 16:35:13,629 :: INFO ::  Clean removing thread pool ...
2026-01-29 16:35:13,629 :: INFO ::  Clean tmp directory ...
2026-01-29 16:35:13,630 :: INFO ::  Clean shared directory ...
2026-01-29 16:35:13,742 :: PROFILING_LOG ::  CarsProfiling# %run_surface_modeling_pipeline%: %14.1263% s Max ram : %429.625344% MiB Start Ram: %399.699968% MiB, End Ram: %429.625344% MiB,  Max CPU usage: %102.8%
2026-01-29 16:35:13,743 :: PROFILING_LOG ::  
 
 
 ---------------------------------------- SUMMARY PROFILLING  ---------------------------------------- 
 
 

2026-01-29 16:35:13,744 :: PROFILING_LOG ::  Task generate_epipolar_images_wrapper ran 3 times, with mean time 0.03153333333333334 sec, total time: 0.0946 sec, Max cpu: 39.9 % max ram in process during task: 369.0386773333334 MiB, max ram - start ram: 6.742015999999978,   end - start ram : 4.771839999999997
2026-01-29 16:35:13,745 :: PROFILING_LOG ::  Task compute_matches_wrapper ran 2 times, with mean time 0.0879 sec, total time: 0.1758 sec, Max cpu: 44.7 % max ram in process during task: 370.069504 MiB, max ram - start ram: 3.5594239999999786,   end - start ram : 3.5594239999999786
2026-01-29 16:35:13,746 :: PROFILING_LOG ::  Task generate_disp_range_const_tile_wrapper ran 1 times, with mean time 0.0051 sec, total time: 0.0051 sec, Max cpu: 10.0 % max ram in process during task: 362.143744 MiB, max ram - start ram: 0.3768320000000358,   end - start ram : -1.404927999999984
2026-01-29 16:35:13,747 :: PROFILING_LOG ::  Task compute_disparity_wrapper ran 1 times, with mean time 0.4233 sec, total time: 0.4233 sec, Max cpu: 99.7 % max ram in process during task: 380.14976 MiB, max ram - start ram: 10.047487999999987,   end - start ram : 10.047487999999987
2026-01-29 16:35:13,747 :: PROFILING_LOG ::  Task triangulation_wrapper ran 1 times, with mean time 0.6064 sec, total time: 0.6064 sec, Max cpu: 106.7 % max ram in process during task: 396.193792 MiB, max ram - start ram: 16.04403199999996,   end - start ram : 16.04403199999996
2026-01-29 16:35:13,748 :: PROFILING_LOG ::  Task epipolar_small_component_removal_wrapper ran 1 times, with mean time 0.0234 sec, total time: 0.0234 sec, Max cpu: 10.0 % max ram in process during task: 397.02528 MiB, max ram - start ram: 0.8314880000000358,   end - start ram : 0.8314880000000358
2026-01-29 16:35:13,749 :: PROFILING_LOG ::  Task epipolar_statistical_removal_wrapper ran 1 times, with mean time 0.0082 sec, total time: 0.0082 sec, Max cpu: 10.0 % max ram in process during task: 397.02528 MiB, max ram - start ram: 0.0,   end - start ram : 0.0
2026-01-29 16:35:13,750 :: PROFILING_LOG ::  Task rasterization_wrapper ran 1 times, with mean time 0.0371 sec, total time: 0.0371 sec, Max cpu: 30.0 % max ram in process during task: 397.524992 MiB, max ram - start ram: 0.49971199999998817,   end - start ram : 0.49971199999998817
2026-01-29 16:35:13,750 :: PROFILING_LOG ::  Task Multiprocessing orchestrator initialization ran 4 times, with mean time 0.0182 sec, total time: 0.0728 sec, Max cpu: 0.0 % max ram in process during task: 398.538752 MiB, max ram - start ram: 0.11878400000000511,   end - start ram : 0.11878400000000511
2026-01-29 16:35:13,751 :: PROFILING_LOG ::  Task Compute futures ran 7 times, with mean time 0.4540285714285714 sec, total time: 3.1782 sec, Max cpu: 116.3 % max ram in process during task: 405.62980571428574 MiB, max ram - start ram: 5.701632000000018,   end - start ram : 5.697536000000014
2026-01-29 16:35:13,752 :: PROFILING_LOG ::  Task Compute roi poly ran 1 times, with mean time 0.0005 sec, total time: 0.0005 sec, Max cpu: 0.0 % max ram in process during task: 399.765504 MiB, max ram - start ram: 0.0,   end - start ram : 0.05324799999999641
2026-01-29 16:35:13,753 :: PROFILING_LOG ::  Task Load geomodels ran 2 times, with mean time 0.0003 sec, total time: 0.0006 sec, Max cpu: 0.0 % max ram in process during task: 400.248832 MiB, max ram - start ram: 0.0,   end - start ram : 0.004096000000004096
2026-01-29 16:35:13,753 :: PROFILING_LOG ::  Task Generate pairs ran 2 times, with mean time 0.00035 sec, total time: 0.0007 sec, Max cpu: 0.0 % max ram in process during task: 400.252928 MiB, max ram - start ram: 0.0,   end - start ram : 0.0
2026-01-29 16:35:13,754 :: PROFILING_LOG ::  Task Epi Grid Generation ran 1 times, with mean time 0.0744 sec, total time: 0.0744 sec, Max cpu: 69.9 % max ram in process during task: 400.384 MiB, max ram - start ram: 0.5611519999999928,   end - start ram : 0.5611519999999928
2026-01-29 16:35:13,755 :: PROFILING_LOG ::  Task Grid margins 2 overlaps ran 2 times, with mean time 0.0015999999999999999 sec, total time: 0.0031999999999999997 sec, Max cpu: 0.0 % max ram in process during task: 403.427328 MiB, max ram - start ram: 0.0,   end - start ram : 0.0
2026-01-29 16:35:13,756 :: PROFILING_LOG ::  Task Get paths and bands ran 4 times, with mean time 0.00039999999999999996 sec, total time: 0.0015999999999999999 sec, Max cpu: 0.0 % max ram in process during task: 403.427328 MiB, max ram - start ram: 0.0,   end - start ram : 0.0
2026-01-29 16:35:13,756 :: PROFILING_LOG ::  Task Add to save lists ran 5 times, with mean time 0.0004 sec, total time: 0.002 sec, Max cpu: 10.0 % max ram in process during task: 408.69150720000005 MiB, max ram - start ram: 0.0,   end - start ram : 0.05324799999999641
2026-01-29 16:35:13,757 :: PROFILING_LOG ::  Task Disp Grid Generation ran 1 times, with mean time 0.8736 sec, total time: 0.8736 sec, Max cpu: 109.7 % max ram in process during task: 405.905408 MiB, max ram - start ram: 2.1544959999999946,   end - start ram : 2.1544959999999946
2026-01-29 16:35:13,758 :: PROFILING_LOG ::  Task Compute epipolar roi ran 1 times, with mean time 0.0004 sec, total time: 0.0004 sec, Max cpu: 0.0 % max ram in process during task: 405.905408 MiB, max ram - start ram: 0.0,   end - start ram : 0.0
2026-01-29 16:35:13,759 :: PROFILING_LOG ::  Task Optimal size estimation ran 1 times, with mean time 0.0031 sec, total time: 0.0031 sec, Max cpu: 0.0 % max ram in process during task: 405.905408 MiB, max ram - start ram: 0.0,   end - start ram : 0.0
2026-01-29 16:35:13,759 :: PROFILING_LOG ::  Task Get margin fun ran 1 times, with mean time 0.0026 sec, total time: 0.0026 sec, Max cpu: 10.0 % max ram in process during task: 405.983232 MiB, max ram - start ram: 0.07782399999996414,   end - start ram : 0.07782399999996414
2026-01-29 16:35:13,760 :: PROFILING_LOG ::  Task Ground intersection envelopes ran 1 times, with mean time 0.0886 sec, total time: 0.0886 sec, Max cpu: 89.9 % max ram in process during task: 409.194496 MiB, max ram - start ram: 3.006463999999994,   end - start ram : 3.006463999999994
2026-01-29 16:35:13,761 :: PROFILING_LOG ::  Task Compute epipolar grid min max ran 2 times, with mean time 0.060399999999999995 sec, total time: 0.12079999999999999 sec, Max cpu: 59.9 % max ram in process during task: 411.170816 MiB, max ram - start ram: 1.179647999999986,   end - start ram : 1.179647999999986
2026-01-29 16:35:13,761 :: PROFILING_LOG ::  Task Compute terrain bbox ran 1 times, with mean time 0.4129 sec, total time: 0.4129 sec, Max cpu: 89.9 % max ram in process during task: 410.374144 MiB, max ram - start ram: 4.18611199999998,   end - start ram : 4.190207999999984
2026-01-29 16:35:13,762 :: PROFILING_LOG ::  Task Compute terrain bounds ran 1 times, with mean time 0.0008 sec, total time: 0.0008 sec, Max cpu: 0.0 % max ram in process during task: 410.37824 MiB, max ram - start ram: 0.0,   end - start ram : 0.0
2026-01-29 16:35:13,763 :: PROFILING_LOG ::  Task Find auto conf ran 1 times, with mean time 0.0316 sec, total time: 0.0316 sec, Max cpu: 10.0 % max ram in process during task: 411.795456 MiB, max ram - start ram: 1.4172159999999963,   end - start ram : 1.4172159999999963
2026-01-29 16:35:13,764 :: PROFILING_LOG ::  Task Transform disp range grid to two layers ran 1 times, with mean time 0.0005 sec, total time: 0.0005 sec, Max cpu: 0.0 % max ram in process during task: 411.795456 MiB, max ram - start ram: 0.0,   end - start ram : 0.0
2026-01-29 16:35:13,764 :: PROFILING_LOG ::  Task Transform four layers to two layers grid ran 1 times, with mean time 0.0005 sec, total time: 0.0005 sec, Max cpu: 0.0 % max ram in process during task: 411.795456 MiB, max ram - start ram: 0.0,   end - start ram : 0.0
2026-01-29 16:35:13,765 :: PROFILING_LOG ::  Task Save triangulation output ran 1 times, with mean time 0.001 sec, total time: 0.001 sec, Max cpu: 10.0 % max ram in process during task: 411.967488 MiB, max ram - start ram: 0.0,   end - start ram : 0.0
2026-01-29 16:35:13,766 :: PROFILING_LOG ::  Task Fill index ran 1 times, with mean time 0.0003 sec, total time: 0.0003 sec, Max cpu: 0.0 % max ram in process during task: 411.967488 MiB, max ram - start ram: 0.0,   end - start ram : 0.0
2026-01-29 16:35:13,766 :: PROFILING_LOG ::  Task Preprocess depth maps ran 1 times, with mean time 0.0003 sec, total time: 0.0003 sec, Max cpu: 0.0 % max ram in process during task: 411.967488 MiB, max ram - start ram: 0.0,   end - start ram : 0.0
2026-01-29 16:35:13,767 :: PROFILING_LOG ::  Task Final cleanup ran 1 times, with mean time 0.0005 sec, total time: 0.0005 sec, Max cpu: 0.0 % max ram in process during task: 417.665024 MiB, max ram - start ram: 0.0,   end - start ram : 0.0
2026-01-29 16:35:13,768 :: PROFILING_LOG ::  Task run_surface_modeling_pipeline ran 1 times, with mean time 14.1263 sec, total time: 14.1263 sec, Max cpu: 102.8 % max ram in process during task: 429.625344 MiB, max ram - start ram: 29.92537599999997,   end - start ram : 29.92537599999997
