2026-07-02 13:57:37,111 :: INFO ::  CARS will use its own internal file as geoid reference
2026-07-02 13:57:37,213 :: INFO ::  The default altitude will be used as reference altitude.
2026-07-02 13:57:37,213 :: INFO ::  The AbstractGeometry SharelocGeometry plugin will be used
2026-07-02 13:57:37,296 :: INFO ::  The AbstractGeometry SharelocGeometry plugin will be used
2026-07-02 13:57:37,319 :: INFO ::  The AbstractGeometry SharelocGeometry plugin will be used
2026-07-02 13:57:37,320 :: INFO ::  No orchestrator configuration given:  multiprocessing mode is used
2026-07-02 13:57:37,320 :: INFO ::  The AbstractCluster multiprocessing will be used
2026-07-02 13:57:37,321 :: INFO ::  auto mode : nb_workers will be set automatically
2026-07-02 13:57:37,335 :: INFO ::  Available CPUs  in SLURM : 1
2026-07-02 13:57:37,335 :: INFO ::  Available RAM  in SLURM : 7168
2026-07-02 13:57:37,335 :: WARNING ::  Only one CPU detected.
2026-07-02 13:57:37,336 :: INFO ::  Number of workers : 1
2026-07-02 13:57:37,336 :: INFO ::  Max memory per worker : 2000 MB
2026-07-02 13:57:37,752 :: INFO ::  Close cluster ...
2026-07-02 13:57:37,753 :: INFO ::  The DsmFilling exogenous_filling application will be used
2026-07-02 13:57:37,753 :: INFO ::  The DsmFilling bulldozer application will be used
2026-07-02 13:57:37,753 :: INFO ::  The DsmFilling border_interpolation application will be used
2026-07-02 13:57:37,753 :: INFO ::  3 dsm filling apps registered:
 - dsm_filling.1=exogenous_filling
 - dsm_filling.2=bulldozer
 - dsm_filling.3=border_interpolation
2026-07-02 13:57:37,753 :: INFO ::  Auxiliary filling method not specified, default auxiliary_filling_from_sensors is used
2026-07-02 13:57:37,753 :: INFO ::  The AuxiliaryFilling(auxiliary_filling_from_sensors) application will be used
2026-07-02 13:57:37,753 :: INFO ::  MntGeneration method not specified, default bulldozer_on_raster is used
2026-07-02 13:57:37,754 :: INFO ::  The DemGeneration bulldozer_on_raster application will be used
2026-07-02 13:57:37,800 :: PROGRESS ::  Starting filling pipeline
2026-07-02 13:57:37,800 :: INFO ::  The AbstractCluster multiprocessing will be used
2026-07-02 13:57:38,239 :: INFO ::  Registered task dem_generation under pipeline Filling with weight 10.0 and expected runs 1
2026-07-02 13:57:38,239 :: INFO ::  Registered task dsm_filling_exogenous_filling under pipeline Filling with weight 20.0 and expected runs 1
2026-07-02 13:57:38,239 :: INFO ::  Registered task dsm_filling_bulldozer under pipeline Filling with weight 20.0 and expected runs 1
2026-07-02 13:57:38,239 :: INFO ::  Registered task dsm_filling_border_interpolation under pipeline Filling with weight 20.0 and expected runs 1
2026-07-02 13:57:38,239 :: INFO ::  Registered task auxiliary_filling under pipeline Filling with weight 20.0 and expected runs 1
2026-07-02 13:57:38,249 :: PROGRESS ::  Started task dem_generation in pipeline Filling, total: 1
2026-07-02 13:57:38,508 :: INFO ::  Generation of DEM min
2026-07-02 13:57:38,594 :: INFO ::  Generation of DEM max
2026-07-02 13:57:38,755 :: INFO ::  Generation of DEM median
2026-07-02 13:57:39,480 :: INFO ::  Launch Bulldozer on DEM min
2026-07-02 13:57:39,821 :: INFO ::  Launch Bulldozer on DEM max
2026-07-02 13:57:40,104 :: INFO ::  Statistics of difference between subsampled DSM and DEM min (in meters)
2026-07-02 13:57:40,109 :: INFO ::  | Min    | Median | p90    | p95    | p99    | Max    |
2026-07-02 13:57:40,109 :: INFO ::  |   9.79 |  24.51 |  36.54 |  41.62 |  48.09 |  61.11 |
2026-07-02 13:57:40,109 :: INFO ::  Statistics of difference between DEM max and subsampled DSM (in meters)
2026-07-02 13:57:40,113 :: INFO ::  | Min    | Median | p90    | p95    | p99    | Max    |
2026-07-02 13:57:40,113 :: INFO ::  |  13.49 |  30.62 |  39.56 |  42.89 |  48.31 |  58.38 |
2026-07-02 13:57:40,113 :: INFO ::  Statistics of difference between DEM max and DEM min (in meters)
2026-07-02 13:57:40,117 :: INFO ::  | Min    | Median | p90    | p95    | p99    | Max    |
2026-07-02 13:57:40,117 :: INFO ::  |  42.71 |  57.92 |  66.94 |  69.59 |  72.85 |  77.21 |
2026-07-02 13:57:40,225 :: PROGRESS ::  Data list to process: 100% complete (1/1 tiles) [run 1/1]
2026-07-02 13:57:40,226 :: INFO ::  The AbstractGeometry SharelocGeometry plugin will be used
2026-07-02 13:57:40,310 :: INFO ::  The AbstractGeometry SharelocGeometry plugin will be used
2026-07-02 13:57:40,329 :: INFO ::  The AbstractGeometry SharelocGeometry plugin will be used
2026-07-02 13:57:40,489 :: INFO ::  Median value of DEM (141.56512451171875) will be used as default_alt
2026-07-02 13:57:40,491 :: INFO ::  DEM bounds : 1.3870326826325157, 43.62808242648024, 1.4993068646229966, 43.5185097406878
2026-07-02 13:57:40,491 :: INFO ::  ROI bounds : 1.387032682632516, 43.518539973278855, 1.499328147296733, 43.62808242648023
2026-07-02 13:57:42,350 :: INFO ::  Compute delayed ...
2026-07-02 13:57:42,350 :: INFO ::  Wait for futures results ...
2026-07-02 13:57:42,350 :: PROGRESS ::  Data list to process: [ exogenous_filled_dsm , exogenous_filled_filling ] ...
2026-07-02 13:57:42,351 :: PROGRESS ::  Started task dsm_filling_exogenous_filling in pipeline Filling, total: 1
2026-07-02 13:57:42,351 :: INFO ::  Processing 1 tiles: [ exogenous_filled_dsm , exogenous_filled_filling ] ...
2026-07-02 13:57:43,619 :: PROGRESS ::  Data list to process: 100% complete (1/1 tiles) [run 1/1]
2026-07-02 13:57:43,619 :: INFO ::  Close files ...
2026-07-02 13:57:45,371 :: INFO ::  Compute delayed ...
2026-07-02 13:57:45,371 :: INFO ::  Wait for futures results ...
2026-07-02 13:57:45,372 :: PROGRESS ::  Data list to process: [ bulldozer_filled_filling , bulldozer_filled_dsm ] ...
2026-07-02 13:57:45,372 :: PROGRESS ::  Started task dsm_filling_bulldozer in pipeline Filling, total: 1
2026-07-02 13:57:45,372 :: INFO ::  Processing 1 tiles: [ bulldozer_filled_filling , bulldozer_filled_dsm ] ...
2026-07-02 13:57:45,812 :: PROGRESS ::  Data list to process: 100% complete (1/1 tiles) [run 1/1]
2026-07-02 13:57:45,813 :: INFO ::  Close files ...
2026-07-02 13:57:46,606 :: INFO ::  Compute delayed ...
2026-07-02 13:57:46,607 :: INFO ::  Wait for futures results ...
2026-07-02 13:57:46,607 :: PROGRESS ::  Data list to process: [ border_interp_filled_dsm , border_interp_filled_filling ] ...
2026-07-02 13:57:46,607 :: PROGRESS ::  Started task dsm_filling_border_interpolation in pipeline Filling, total: 1
2026-07-02 13:57:46,607 :: INFO ::  Processing 1 tiles: [ border_interp_filled_dsm , border_interp_filled_filling ] ...
2026-07-02 13:57:47,492 :: PROGRESS ::  Data list to process: 100% complete (1/1 tiles) [run 1/1]
2026-07-02 13:57:47,492 :: INFO ::  Close files ...
2026-07-02 13:57:48,201 :: INFO ::  Compute delayed ...
2026-07-02 13:57:49,127 :: INFO ::  Wait for futures results ...
2026-07-02 13:57:49,127 :: PROGRESS ::  Data list to process: [ filled_texture , filled_classification ] ...
2026-07-02 13:57:49,128 :: PROGRESS ::  Started task auxiliary_filling in pipeline Filling, total: 1
2026-07-02 13:57:49,128 :: INFO ::  Processing 1 tiles: [ filled_texture , filled_classification ] ...
2026-07-02 13:57:52,958 :: PROGRESS ::  Data list to process: 100% complete (1/1 tiles) [run 1/1]
2026-07-02 13:57:52,958 :: INFO ::  Close files ...
2026-07-02 13:57:53,436 :: INFO ::  Compute delayed ...
2026-07-02 13:57:53,436 :: INFO ::  Wait for futures results ...
2026-07-02 13:57:53,436 :: PROGRESS ::  Data list to process: [ MonoBand Filling ] ...
2026-07-02 13:57:53,436 :: INFO ::  Processing 1 tiles: [ MonoBand Filling ] ...
2026-07-02 13:57:54,035 :: INFO ::  Close files ...
2026-07-02 13:57:54,137 :: INFO ::  Compute delayed ...
2026-07-02 13:57:54,137 :: INFO ::  No Object to compute
2026-07-02 13:57:54,337 :: INFO ::  Close cluster ...
2026-07-02 13:57:54,337 :: INFO ::  Save profiling plots ...
2026-07-02 13:57:58,230 :: INFO ::  Clean removing thread pool ...
2026-07-02 13:57:58,230 :: INFO ::  Clean tmp directory ...
2026-07-02 13:57:58,231 :: INFO ::  Clean shared directory ...
2026-07-02 13:58:01,388 :: PROGRESS ::  Started task Formatting in pipeline Formatting, total: 1
