2026-07-02 12:05:24,087 :: INFO ::  The default altitude will be used as reference altitude.
2026-07-02 12:05:24,089 :: INFO ::  The AbstractCluster multiprocessing will be used
2026-07-02 12:05:24,492 :: INFO ::  Close cluster ...
2026-07-02 12:05:24,493 :: INFO ::  subsampling method not specified, default  rasterio is used
2026-07-02 12:05:24,493 :: INFO ::  The subsampling(rasterio) application will be used
2026-07-02 12:05:24,493 :: PROGRESS ::  Starting subsampling pipeline
2026-07-02 12:05:24,494 :: INFO ::  The AbstractCluster multiprocessing will be used
2026-07-02 12:05:29,414 :: INFO ::  Registered task subsampling under pipeline Subsampling with weight 1.0 and expected runs 1
2026-07-02 12:05:31,916 :: INFO ::  Compute delayed ...
2026-07-02 12:05:31,916 :: INFO ::  Wait for futures results ...
2026-07-02 12:05:31,917 :: PROGRESS ::  Data list to process: [ subsampling_im_res_4 , subsampling_texture_0_res_4 , subsampling_texture_0_res_16 , subsampling_im_res_16 ] ...
2026-07-02 12:05:31,918 :: PROGRESS ::  Started task subsampling in pipeline Subsampling, total: 4
2026-07-02 12:05:31,918 :: INFO ::  Processing 4 tiles: [ subsampling_im_res_4 , subsampling_texture_0_res_4 , subsampling_texture_0_res_16 , subsampling_im_res_16 ] ...
2026-07-02 12:05:32,617 :: PROGRESS ::  Data list to process: 20% complete (1/4 tiles) [run 1/1]
2026-07-02 12:05:32,982 :: PROGRESS ::  Data list to process: 50% complete (2/4 tiles) [run 1/1]
2026-07-02 12:05:33,313 :: PROGRESS ::  Data list to process: 70% complete (3/4 tiles) [run 1/1]
2026-07-02 12:05:33,588 :: PROGRESS ::  Data list to process: 100% complete (4/4 tiles) [run 1/1]
2026-07-02 12:05:33,589 :: INFO ::  Close files ...
2026-07-02 12:05:33,743 :: INFO ::  Close cluster ...
2026-07-02 12:05:33,743 :: INFO ::  Save profiling plots ...
2026-07-02 12:05:35,416 :: INFO ::  Clean removing thread pool ...
2026-07-02 12:05:35,416 :: INFO ::  Clean tmp directory ...
2026-07-02 12:05:35,417 :: INFO ::  Clean shared directory ...
