2026-01-29 16:36:04,985 :: PROFILING_LOG :: 23149510902784 :: 3177405 :: CarsProfiling# %generate_disp_range_from_dem_wrapper%: %0.3744% s Max ram : %389.066752% MiB Start Ram: %378.474496% MiB, End Ram: %387.096576% MiB,  Max CPU usage: %39.3%
2026-01-29 16:36:06,913 :: PROFILING_LOG :: 23149510902784 :: 3177406 :: CarsProfiling# %generate_epipolar_images_wrapper%: %0.2306% s Max ram : %412.971008% MiB Start Ram: %361.771008% MiB, End Ram: %411.070464% MiB,  Max CPU usage: %39.9%
2026-01-29 16:36:06,913 :: PROFILING_LOG :: 23149510902784 :: 3177405 :: CarsProfiling# %generate_epipolar_images_wrapper%: %0.2892% s Max ram : %425.811968% MiB Start Ram: %376.946688% MiB, End Ram: %425.811968% MiB,  Max CPU usage: %89.9%
2026-01-29 16:36:06,944 :: PROFILING_LOG :: 23149510902784 :: 3177407 :: CarsProfiling# %generate_epipolar_images_wrapper%: %0.2571% s Max ram : %428.240896% MiB Start Ram: %361.795584% MiB, End Ram: %417.468416% MiB,  Max CPU usage: %49.9%
2026-01-29 16:36:08,601 :: PROFILING_LOG :: 23149510902784 :: 3177406 :: CarsProfiling# %compute_matches_wrapper%: %1.5152% s Max ram : %431.357952% MiB Start Ram: %411.078656% MiB, End Ram: %431.362048% MiB,  Max CPU usage: %92.6%
2026-01-29 16:36:09,067 :: PROFILING_LOG :: 23149510902784 :: 3177406 :: CarsProfiling# %generate_epipolar_images_wrapper%: %0.3575% s Max ram : %387.006464% MiB Start Ram: %369.057792% MiB, End Ram: %387.006464% MiB,  Max CPU usage: %101.4%
2026-01-29 16:36:09,264 :: PROFILING_LOG :: 23149510902784 :: 3177407 :: CarsProfiling# %compute_matches_wrapper%: %2.1592% s Max ram : %424.57088% MiB Start Ram: %417.476608% MiB, End Ram: %424.566784% MiB,  Max CPU usage: %150.7%
2026-01-29 16:36:09,612 :: PROFILING_LOG :: 23149510902784 :: 3177407 :: CarsProfiling# %generate_epipolar_images_wrapper%: %0.2423% s Max ram : %424.595456% MiB Start Ram: %424.595456% MiB, End Ram: %387.616768% MiB,  Max CPU usage: %56.4%
2026-01-29 16:36:10,721 :: PROFILING_LOG :: 23149510902784 :: 3177405 :: CarsProfiling# %compute_matches_wrapper%: %3.7053% s Max ram : %501.981184% MiB Start Ram: %425.811968% MiB, End Ram: %446.316544% MiB,  Max CPU usage: %99.6%
2026-01-29 16:36:11,025 :: PROFILING_LOG :: 23149510902784 :: 3177405 :: CarsProfiling# %generate_epipolar_images_wrapper%: %0.1937% s Max ram : %399.859712% MiB Start Ram: %390.176768% MiB, End Ram: %399.859712% MiB,  Max CPU usage: %104.3%
2026-01-29 16:36:12,403 :: PROFILING_LOG :: 23149510902784 :: 3177406 :: CarsProfiling# %compute_matches_wrapper%: %3.2077% s Max ram : %460.689408% MiB Start Ram: %387.006464% MiB, End Ram: %412.930048% MiB,  Max CPU usage: %100.2%
2026-01-29 16:36:12,513 :: PROFILING_LOG :: 23149510902784 :: 3177407 :: CarsProfiling# %compute_matches_wrapper%: %2.7988% s Max ram : %492.19584% MiB Start Ram: %387.616768% MiB, End Ram: %419.49184% MiB,  Max CPU usage: %99.5%
2026-01-29 16:36:12,695 :: PROFILING_LOG :: 23149510902784 :: 3177406 :: CarsProfiling# %generate_epipolar_images_wrapper%: %0.1843% s Max ram : %412.930048% MiB Start Ram: %412.930048% MiB, End Ram: %392.62208% MiB,  Max CPU usage: %100.4%
2026-01-29 16:36:12,814 :: PROFILING_LOG :: 23149510902784 :: 3177407 :: CarsProfiling# %generate_epipolar_images_wrapper%: %0.1843% s Max ram : %419.49184% MiB Start Ram: %419.49184% MiB, End Ram: %391.778304% MiB,  Max CPU usage: %96.5%
2026-01-29 16:36:14,240 :: PROFILING_LOG :: 23149510902784 :: 3177405 :: CarsProfiling# %compute_matches_wrapper%: %3.1125% s Max ram : %498.139136% MiB Start Ram: %399.859712% MiB, End Ram: %420.007936% MiB,  Max CPU usage: %100.0%
2026-01-29 16:36:14,494 :: PROFILING_LOG :: 23149510902784 :: 3177405 :: CarsProfiling# %generate_epipolar_images_wrapper%: %0.1481% s Max ram : %420.007936% MiB Start Ram: %420.007936% MiB, End Ram: %399.724544% MiB,  Max CPU usage: %99.9%
2026-01-29 16:36:15,903 :: PROFILING_LOG :: 23149510902784 :: 3177407 :: CarsProfiling# %compute_matches_wrapper%: %2.9869% s Max ram : %496.357376% MiB Start Ram: %391.778304% MiB, End Ram: %414.830592% MiB,  Max CPU usage: %100.1%
2026-01-29 16:36:16,026 :: PROFILING_LOG :: 23149510902784 :: 3177405 :: CarsProfiling# %compute_matches_wrapper%: %1.3506% s Max ram : %439.963648% MiB Start Ram: %399.724544% MiB, End Ram: %406.67136% MiB,  Max CPU usage: %93.7%
2026-01-29 16:36:16,110 :: PROFILING_LOG :: 23149510902784 :: 3177407 :: CarsProfiling# %generate_epipolar_images_wrapper%: %0.0848% s Max ram : %425.357312% MiB Start Ram: %414.830592% MiB, End Ram: %425.357312% MiB,  Max CPU usage: %79.9%
2026-01-29 16:36:16,114 :: PROFILING_LOG :: 23149510902784 :: 3177406 :: CarsProfiling# %compute_matches_wrapper%: %3.2947% s Max ram : %460.578816% MiB Start Ram: %392.62208% MiB, End Ram: %420.937728% MiB,  Max CPU usage: %100.4%
2026-01-29 16:36:16,941 :: PROFILING_LOG :: 23149510902784 :: 3177407 :: CarsProfiling# %compute_matches_wrapper%: %0.6349% s Max ram : %425.811968% MiB Start Ram: %425.357312% MiB, End Ram: %425.811968% MiB,  Max CPU usage: %98.2%
2026-01-29 16:36:18,551 :: PROFILING_LOG :: 23149510902784 :: 3177405 :: CarsProfiling# %generate_disp_range_from_dem_wrapper%: %0.1724% s Max ram : %408.068096% MiB Start Ram: %408.068096% MiB, End Ram: %407.048192% MiB,  Max CPU usage: %59.9%
2026-01-29 16:36:24,160 :: PROFILING_LOG :: 23149510902784 :: 3177406 :: CarsProfiling# %generate_epipolar_images_wrapper%: %0.2084% s Max ram : %460.161024% MiB Start Ram: %420.941824% MiB, End Ram: %460.161024% MiB,  Max CPU usage: %52.4%
2026-01-29 16:36:24,281 :: PROFILING_LOG :: 23149510902784 :: 3177407 :: CarsProfiling# %generate_epipolar_images_wrapper%: %0.3100% s Max ram : %490.663936% MiB Start Ram: %425.811968% MiB, End Ram: %490.663936% MiB,  Max CPU usage: %89.9%
2026-01-29 16:36:24,290 :: PROFILING_LOG :: 23149510902784 :: 3177405 :: CarsProfiling# %generate_epipolar_images_wrapper%: %0.2347% s Max ram : %486.535168% MiB Start Ram: %406.016% MiB, End Ram: %417.15712% MiB,  Max CPU usage: %57.2%
2026-01-29 16:36:29,198 :: PROFILING_LOG :: 23149510902784 :: 3177406 :: CarsProfiling# %compute_disparity_wrapper%: %4.8520% s Max ram : %599.916544% MiB Start Ram: %460.161024% MiB, End Ram: %541.929472% MiB,  Max CPU usage: %101.8%
2026-01-29 16:36:29,401 :: PROFILING_LOG :: 23149510902784 :: 3177406 :: CarsProfiling# %fill_disparity_zeros_wrapper%: %0.0172% s Max ram : %542.12608% MiB Start Ram: %541.929472% MiB, End Ram: %542.12608% MiB,  Max CPU usage: %10.0%
2026-01-29 16:36:30,910 :: PROFILING_LOG :: 23149510902784 :: 3177405 :: CarsProfiling# %compute_disparity_wrapper%: %6.4884% s Max ram : %768.233472% MiB Start Ram: %417.15712% MiB, End Ram: %592.211968% MiB,  Max CPU usage: %109.9%
2026-01-29 16:36:31,118 :: PROFILING_LOG :: 23149510902784 :: 3177405 :: CarsProfiling# %fill_disparity_zeros_wrapper%: %0.0153% s Max ram : %592.392192% MiB Start Ram: %592.211968% MiB, End Ram: %592.392192% MiB,  Max CPU usage: %10.0%
2026-01-29 16:36:31,436 :: PROFILING_LOG :: 23149510902784 :: 3177407 :: CarsProfiling# %compute_disparity_wrapper%: %7.0030% s Max ram : %780.009472% MiB Start Ram: %490.663936% MiB, End Ram: %611.086336% MiB,  Max CPU usage: %109.1%
2026-01-29 16:36:31,641 :: PROFILING_LOG :: 23149510902784 :: 3177407 :: CarsProfiling# %fill_disparity_zeros_wrapper%: %0.0153% s Max ram : %613.666816% MiB Start Ram: %611.086336% MiB, End Ram: %613.666816% MiB,  Max CPU usage: %10.0%
2026-01-29 16:36:35,701 :: PROFILING_LOG :: 23149510902784 :: 3177406 :: CarsProfiling# %triangulation_wrapper%: %6.1950% s Max ram : %853.008384% MiB Start Ram: %542.12608% MiB, End Ram: %649.46176% MiB,  Max CPU usage: %184.1%
2026-01-29 16:36:35,972 :: PROFILING_LOG :: 23149510902784 :: 3177406 :: CarsProfiling# %epipolar_small_component_removal_wrapper%: %0.1672% s Max ram : %650.366976% MiB Start Ram: %649.46176% MiB, End Ram: %650.366976% MiB,  Max CPU usage: %97.4%
2026-01-29 16:36:36,275 :: PROFILING_LOG :: 23149510902784 :: 3177406 :: CarsProfiling# %epipolar_statistical_removal_wrapper%: %0.2015% s Max ram : %650.38336% MiB Start Ram: %650.366976% MiB, End Ram: %650.38336% MiB,  Max CPU usage: %98.1%
2026-01-29 16:36:36,650 :: PROFILING_LOG :: 23149510902784 :: 3177406 :: CarsProfiling# %rasterization_wrapper%: %0.2724% s Max ram : %651.79648% MiB Start Ram: %650.391552% MiB, End Ram: %651.79648% MiB,  Max CPU usage: %171.7%
2026-01-29 16:36:37,083 :: PROFILING_LOG :: 23149510902784 :: 3177406 :: CarsProfiling# %generate_epipolar_images_wrapper%: %0.2606% s Max ram : %651.825152% MiB Start Ram: %651.825152% MiB, End Ram: %651.825152% MiB,  Max CPU usage: %73.4%
2026-01-29 16:36:39,366 :: PROFILING_LOG :: 23149510902784 :: 3177405 :: CarsProfiling# %triangulation_wrapper%: %8.1227% s Max ram : %989.696% MiB Start Ram: %592.40448% MiB, End Ram: %679.829504% MiB,  Max CPU usage: %132.5%
2026-01-29 16:36:39,684 :: PROFILING_LOG :: 23149510902784 :: 3177405 :: CarsProfiling# %epipolar_small_component_removal_wrapper%: %0.2157% s Max ram : %679.936% MiB Start Ram: %679.829504% MiB, End Ram: %679.936% MiB,  Max CPU usage: %95.7%
2026-01-29 16:36:39,969 :: PROFILING_LOG :: 23149510902784 :: 3177407 :: CarsProfiling# %triangulation_wrapper%: %8.2188% s Max ram : %952.487936% MiB Start Ram: %613.670912% MiB, End Ram: %695.443456% MiB,  Max CPU usage: %111.2%
2026-01-29 16:36:40,049 :: PROFILING_LOG :: 23149510902784 :: 3177405 :: CarsProfiling# %epipolar_statistical_removal_wrapper%: %0.2626% s Max ram : %679.936% MiB Start Ram: %679.936% MiB, End Ram: %679.936% MiB,  Max CPU usage: %97.8%
2026-01-29 16:36:40,406 :: PROFILING_LOG :: 23149510902784 :: 3177407 :: CarsProfiling# %epipolar_small_component_removal_wrapper%: %0.3334% s Max ram : %696.352768% MiB Start Ram: %695.443456% MiB, End Ram: %696.352768% MiB,  Max CPU usage: %102.8%
2026-01-29 16:36:40,645 :: PROFILING_LOG :: 23149510902784 :: 3177405 :: CarsProfiling# %rasterization_wrapper%: %0.4266% s Max ram : %704.4096% MiB Start Ram: %679.936% MiB, End Ram: %694.267904% MiB,  Max CPU usage: %91.8%
2026-01-29 16:36:40,895 :: PROFILING_LOG :: 23149510902784 :: 3177407 :: CarsProfiling# %epipolar_statistical_removal_wrapper%: %0.3861% s Max ram : %696.373248% MiB Start Ram: %696.352768% MiB, End Ram: %696.373248% MiB,  Max CPU usage: %99.9%
2026-01-29 16:36:41,176 :: PROFILING_LOG :: 23149510902784 :: 3177405 :: CarsProfiling# %generate_epipolar_images_wrapper%: %0.4158% s Max ram : %630.894592% MiB Start Ram: %630.894592% MiB, End Ram: %628.543488% MiB,  Max CPU usage: %98.3%
2026-01-29 16:36:41,631 :: PROFILING_LOG :: 23149510902784 :: 3177407 :: CarsProfiling# %rasterization_wrapper%: %0.5542% s Max ram : %754.982912% MiB Start Ram: %696.373248% MiB, End Ram: %754.982912% MiB,  Max CPU usage: %96.8%
2026-01-29 16:36:42,088 :: PROFILING_LOG :: 23149510902784 :: 3177407 :: CarsProfiling# %generate_epipolar_images_wrapper%: %0.3219% s Max ram : %677.392384% MiB Start Ram: %654.270464% MiB, End Ram: %654.270464% MiB,  Max CPU usage: %89.9%
2026-01-29 16:36:44,403 :: PROFILING_LOG :: 23149510902784 :: 3177406 :: CarsProfiling# %compute_disparity_wrapper%: %7.2171% s Max ram : %897.806336% MiB Start Ram: %651.825152% MiB, End Ram: %737.312768% MiB,  Max CPU usage: %109.1%
2026-01-29 16:36:44,628 :: PROFILING_LOG :: 23149510902784 :: 3177406 :: CarsProfiling# %fill_disparity_zeros_wrapper%: %0.0224% s Max ram : %737.312768% MiB Start Ram: %737.312768% MiB, End Ram: %737.312768% MiB,  Max CPU usage: %0%
2026-01-29 16:36:50,822 :: PROFILING_LOG :: 23149510902784 :: 3177407 :: CarsProfiling# %compute_disparity_wrapper%: %8.6316% s Max ram : %1022.54592% MiB Start Ram: %654.270464% MiB, End Ram: %818.352128% MiB,  Max CPU usage: %330.3%
2026-01-29 16:36:51,025 :: PROFILING_LOG :: 23149510902784 :: 3177407 :: CarsProfiling# %fill_disparity_zeros_wrapper%: %0.0138% s Max ram : %818.352128% MiB Start Ram: %818.352128% MiB, End Ram: %818.352128% MiB,  Max CPU usage: %10.0%
2026-01-29 16:36:51,334 :: PROFILING_LOG :: 23149510902784 :: 3177405 :: CarsProfiling# %compute_disparity_wrapper%: %10.0550% s Max ram : %1079.402496% MiB Start Ram: %628.543488% MiB, End Ram: %843.165696% MiB,  Max CPU usage: %168.2%
2026-01-29 16:36:51,541 :: PROFILING_LOG :: 23149510902784 :: 3177405 :: CarsProfiling# %fill_disparity_zeros_wrapper%: %0.0154% s Max ram : %843.165696% MiB Start Ram: %843.165696% MiB, End Ram: %843.165696% MiB,  Max CPU usage: %10.0%
2026-01-29 16:36:53,265 :: PROFILING_LOG :: 23149510902784 :: 3177406 :: CarsProfiling# %triangulation_wrapper%: %8.5310% s Max ram : %967.962624% MiB Start Ram: %737.312768% MiB, End Ram: %663.916544% MiB,  Max CPU usage: %126.5%
2026-01-29 16:36:53,724 :: PROFILING_LOG :: 23149510902784 :: 3177406 :: CarsProfiling# %epipolar_small_component_removal_wrapper%: %0.3563% s Max ram : %663.916544% MiB Start Ram: %663.916544% MiB, End Ram: %663.916544% MiB,  Max CPU usage: %97.1%
2026-01-29 16:36:54,288 :: PROFILING_LOG :: 23149510902784 :: 3177406 :: CarsProfiling# %epipolar_statistical_removal_wrapper%: %0.4613% s Max ram : %663.916544% MiB Start Ram: %663.916544% MiB, End Ram: %663.916544% MiB,  Max CPU usage: %95.6%
2026-01-29 16:36:55,001 :: PROFILING_LOG :: 23149510902784 :: 3177406 :: CarsProfiling# %rasterization_wrapper%: %0.6111% s Max ram : %743.911424% MiB Start Ram: %663.916544% MiB, End Ram: %705.323008% MiB,  Max CPU usage: %104.8%
2026-01-29 16:36:55,308 :: PROFILING_LOG :: 23149510902784 :: 3177406 :: CarsProfiling# %generate_epipolar_images_wrapper%: %0.1866% s Max ram : %629.354496% MiB Start Ram: %629.354496% MiB, End Ram: %629.354496% MiB,  Max CPU usage: %89.4%
2026-01-29 16:37:01,311 :: PROFILING_LOG :: 23149510902784 :: 3177406 :: CarsProfiling# %compute_disparity_wrapper%: %5.8997% s Max ram : %851.27168% MiB Start Ram: %629.354496% MiB, End Ram: %716.57472% MiB,  Max CPU usage: %103.5%
2026-01-29 16:37:01,514 :: PROFILING_LOG :: 23149510902784 :: 3177406 :: CarsProfiling# %fill_disparity_zeros_wrapper%: %0.0089% s Max ram : %716.57472% MiB Start Ram: %716.57472% MiB, End Ram: %716.57472% MiB,  Max CPU usage: %10.0%
2026-01-29 16:37:02,166 :: PROFILING_LOG :: 23149510902784 :: 3177407 :: CarsProfiling# %triangulation_wrapper%: %11.0192% s Max ram : %1165.29152% MiB Start Ram: %818.352128% MiB, End Ram: %758.300672% MiB,  Max CPU usage: %110.9%
2026-01-29 16:37:02,721 :: PROFILING_LOG :: 23149510902784 :: 3177407 :: CarsProfiling# %epipolar_small_component_removal_wrapper%: %0.4498% s Max ram : %689.963008% MiB Start Ram: %689.963008% MiB, End Ram: %689.963008% MiB,  Max CPU usage: %98.8%
2026-01-29 16:37:03,300 :: PROFILING_LOG :: 23149510902784 :: 3177405 :: CarsProfiling# %triangulation_wrapper%: %11.6165% s Max ram : %1194.713088% MiB Start Ram: %843.165696% MiB, End Ram: %768.065536% MiB,  Max CPU usage: %122.8%
2026-01-29 16:37:03,417 :: PROFILING_LOG :: 23149510902784 :: 3177407 :: CarsProfiling# %epipolar_statistical_removal_wrapper%: %0.5934% s Max ram : %689.963008% MiB Start Ram: %689.963008% MiB, End Ram: %689.963008% MiB,  Max CPU usage: %99.2%
2026-01-29 16:37:03,963 :: PROFILING_LOG :: 23149510902784 :: 3177405 :: CarsProfiling# %epipolar_small_component_removal_wrapper%: %0.5596% s Max ram : %768.065536% MiB Start Ram: %768.065536% MiB, End Ram: %768.065536% MiB,  Max CPU usage: %100.1%
2026-01-29 16:37:04,349 :: PROFILING_LOG :: 23149510902784 :: 3177407 :: CarsProfiling# %rasterization_wrapper%: %0.7772% s Max ram : %810.962944% MiB Start Ram: %688.930816% MiB, End Ram: %724.836352% MiB,  Max CPU usage: %109.1%
2026-01-29 16:37:04,860 :: PROFILING_LOG :: 23149510902784 :: 3177405 :: CarsProfiling# %epipolar_statistical_removal_wrapper%: %0.7944% s Max ram : %768.065536% MiB Start Ram: %768.065536% MiB, End Ram: %768.065536% MiB,  Max CPU usage: %99.0%
2026-01-29 16:37:04,882 :: PROFILING_LOG :: 23149510902784 :: 3177407 :: CarsProfiling# %generate_epipolar_images_wrapper%: %0.4145% s Max ram : %660.996096% MiB Start Ram: %660.996096% MiB, End Ram: %655.036416% MiB,  Max CPU usage: %99.9%
2026-01-29 16:37:06,029 :: PROFILING_LOG :: 23149510902784 :: 3177405 :: CarsProfiling# %rasterization_wrapper%: %0.9984% s Max ram : %768.475136% MiB Start Ram: %767.033344% MiB, End Ram: %768.475136% MiB,  Max CPU usage: %99.8%
2026-01-29 16:37:06,463 :: PROFILING_LOG :: 23149510902784 :: 3177405 :: CarsProfiling# %generate_epipolar_images_wrapper%: %0.2567% s Max ram : %767.44704% MiB Start Ram: %767.44704% MiB, End Ram: %767.44704% MiB,  Max CPU usage: %91.5%
2026-01-29 16:37:09,567 :: PROFILING_LOG :: 23149510902784 :: 3177406 :: CarsProfiling# %triangulation_wrapper%: %7.8728% s Max ram : %1008.717824% MiB Start Ram: %716.57472% MiB, End Ram: %633.757696% MiB,  Max CPU usage: %257.1%
2026-01-29 16:37:09,900 :: PROFILING_LOG :: 23149510902784 :: 3177406 :: CarsProfiling# %epipolar_small_component_removal_wrapper%: %0.2291% s Max ram : %632.725504% MiB Start Ram: %632.725504% MiB, End Ram: %632.725504% MiB,  Max CPU usage: %102.8%
2026-01-29 16:37:10,268 :: PROFILING_LOG :: 23149510902784 :: 3177406 :: CarsProfiling# %epipolar_statistical_removal_wrapper%: %0.2659% s Max ram : %632.725504% MiB Start Ram: %632.725504% MiB, End Ram: %632.725504% MiB,  Max CPU usage: %92.3%
2026-01-29 16:37:10,815 :: PROFILING_LOG :: 23149510902784 :: 3177406 :: CarsProfiling# %rasterization_wrapper%: %0.3755% s Max ram : %671.00672% MiB Start Ram: %632.725504% MiB, End Ram: %658.65728% MiB,  Max CPU usage: %100.1%
2026-01-29 16:37:14,151 :: PROFILING_LOG :: 23149510902784 :: 3177407 :: CarsProfiling# %compute_disparity_wrapper%: %9.1659% s Max ram : %946.208768% MiB Start Ram: %655.036416% MiB, End Ram: %839.364608% MiB,  Max CPU usage: %111.0%
2026-01-29 16:37:14,344 :: PROFILING_LOG :: 23149510902784 :: 3177405 :: CarsProfiling# %compute_disparity_wrapper%: %7.7789% s Max ram : %950.29248% MiB Start Ram: %767.44704% MiB, End Ram: %858.86976% MiB,  Max CPU usage: %106.5%
2026-01-29 16:37:14,353 :: PROFILING_LOG :: 23149510902784 :: 3177407 :: CarsProfiling# %fill_disparity_zeros_wrapper%: %0.0098% s Max ram : %839.364608% MiB Start Ram: %839.364608% MiB, End Ram: %839.364608% MiB,  Max CPU usage: %20.0%
2026-01-29 16:37:14,549 :: PROFILING_LOG :: 23149510902784 :: 3177405 :: CarsProfiling# %fill_disparity_zeros_wrapper%: %0.0104% s Max ram : %858.86976% MiB Start Ram: %858.86976% MiB, End Ram: %858.86976% MiB,  Max CPU usage: %9.9%
2026-01-29 16:37:25,172 :: PROFILING_LOG :: 23149510902784 :: 3177405 :: CarsProfiling# %triangulation_wrapper%: %10.4203% s Max ram : %1298.55488% MiB Start Ram: %858.86976% MiB, End Ram: %743.6288% MiB,  Max CPU usage: %136.1%
2026-01-29 16:37:25,254 :: PROFILING_LOG :: 23149510902784 :: 3177407 :: CarsProfiling# %triangulation_wrapper%: %10.7942% s Max ram : %1336.0128% MiB Start Ram: %839.364608% MiB, End Ram: %718.06976% MiB,  Max CPU usage: %133.6%
2026-01-29 16:37:25,599 :: PROFILING_LOG :: 23149510902784 :: 3177405 :: CarsProfiling# %epipolar_small_component_removal_wrapper%: %0.3250% s Max ram : %742.596608% MiB Start Ram: %742.596608% MiB, End Ram: %742.596608% MiB,  Max CPU usage: %97.3%
2026-01-29 16:37:25,818 :: PROFILING_LOG :: 23149510902784 :: 3177407 :: CarsProfiling# %epipolar_small_component_removal_wrapper%: %0.4614% s Max ram : %717.037568% MiB Start Ram: %717.037568% MiB, End Ram: %717.037568% MiB,  Max CPU usage: %99.6%
2026-01-29 16:37:26,134 :: PROFILING_LOG :: 23149510902784 :: 3177405 :: CarsProfiling# %epipolar_statistical_removal_wrapper%: %0.4328% s Max ram : %742.596608% MiB Start Ram: %742.596608% MiB, End Ram: %742.596608% MiB,  Max CPU usage: %100.9%
2026-01-29 16:37:26,499 :: PROFILING_LOG :: 23149510902784 :: 3177407 :: CarsProfiling# %epipolar_statistical_removal_wrapper%: %0.5783% s Max ram : %717.037568% MiB Start Ram: %717.037568% MiB, End Ram: %717.037568% MiB,  Max CPU usage: %98.5%
2026-01-29 16:37:26,867 :: PROFILING_LOG :: 23149510902784 :: 3177405 :: CarsProfiling# %rasterization_wrapper%: %0.5700% s Max ram : %804.757504% MiB Start Ram: %742.596608% MiB, End Ram: %804.753408% MiB,  Max CPU usage: %89.9%
2026-01-29 16:37:27,625 :: PROFILING_LOG :: 23149510902784 :: 3177407 :: CarsProfiling# %rasterization_wrapper%: %0.9777% s Max ram : %896.335872% MiB Start Ram: %717.037568% MiB, End Ram: %743.38304% MiB,  Max CPU usage: %101.0%
