2026-01-27 16:14:56,356 :: INFO :: 23432382755840 :: 2134264 :: Max grid max - grid min : 49.44632055854963 disp 
2026-01-27 16:15:58,031 :: INFO :: 23432382755840 :: 2136507 :: Max grid max - grid min : 49.44930334754421 disp 
2026-01-27 16:16:06,026 :: INFO :: 23432382755840 :: 2136507 :: Matching cost computation...
2026-01-27 16:16:09,335 :: INFO :: 23432382755840 :: 2136507 :: Cost optimization...
2026-01-27 16:16:10,343 :: INFO :: 23432382755840 :: 2136507 :: Cost volume confidence computation...
2026-01-27 16:16:10,343 :: INFO :: 23432382755840 :: 2136507 :: Confidence prediction...
2026-01-27 16:16:10,642 :: INFO :: 23432382755840 :: 2136507 :: You are not using ambiguity normalization by percentile; 
you are in a specific case with the instantiation of global_disparity.
2026-01-27 16:16:10,647 :: INFO :: 23432382755840 :: 2136507 :: Cost volume confidence computation...
2026-01-27 16:16:10,648 :: INFO :: 23432382755840 :: 2136507 :: Confidence prediction...
2026-01-27 16:16:11,296 :: INFO :: 23432382755840 :: 2136507 :: Disparity computation...
2026-01-27 16:16:11,555 :: INFO :: 23432382755840 :: 2136507 :: Subpixel refinement...
2026-01-27 16:16:12,351 :: INFO :: 23432382755840 :: 2136507 :: Disparity filtering...
2026-01-27 16:16:13,680 :: INFO :: 23432382755840 :: 2136507 :: Validation...
2026-01-27 16:16:30,207 :: ERROR :: 23432382755840 :: 2136507 :: disp_min (-32.0) is lower than disp_min used to determine margin during rectification (-26)
2026-01-27 16:16:32,841 :: INFO :: 23432382755840 :: 2136507 :: Matching cost computation...
2026-01-27 16:16:37,708 :: INFO :: 23432382755840 :: 2136507 :: Cost optimization...
2026-01-27 16:16:39,083 :: INFO :: 23432382755840 :: 2136507 :: Cost volume confidence computation...
2026-01-27 16:16:39,083 :: INFO :: 23432382755840 :: 2136507 :: Confidence prediction...
2026-01-27 16:16:39,522 :: INFO :: 23432382755840 :: 2136507 :: You are not using ambiguity normalization by percentile; 
you are in a specific case with the instantiation of global_disparity.
2026-01-27 16:16:39,536 :: INFO :: 23432382755840 :: 2136507 :: Cost volume confidence computation...
2026-01-27 16:16:39,536 :: INFO :: 23432382755840 :: 2136507 :: Confidence prediction...
2026-01-27 16:16:40,534 :: INFO :: 23432382755840 :: 2136507 :: Disparity computation...
2026-01-27 16:16:40,881 :: INFO :: 23432382755840 :: 2136507 :: Subpixel refinement...
2026-01-27 16:16:42,190 :: INFO :: 23432382755840 :: 2136507 :: Disparity filtering...
2026-01-27 16:16:43,911 :: INFO :: 23432382755840 :: 2136507 :: Validation...
2026-01-27 16:17:09,090 :: INFO :: 23432382755840 :: 2136507 :: Matching cost computation...
2026-01-27 16:17:13,669 :: INFO :: 23432382755840 :: 2136507 :: Cost optimization...
2026-01-27 16:17:15,012 :: INFO :: 23432382755840 :: 2136507 :: Cost volume confidence computation...
2026-01-27 16:17:15,013 :: INFO :: 23432382755840 :: 2136507 :: Confidence prediction...
2026-01-27 16:17:15,319 :: INFO :: 23432382755840 :: 2136507 :: You are not using ambiguity normalization by percentile; 
you are in a specific case with the instantiation of global_disparity.
2026-01-27 16:17:15,322 :: INFO :: 23432382755840 :: 2136507 :: Cost volume confidence computation...
2026-01-27 16:17:15,322 :: INFO :: 23432382755840 :: 2136507 :: Confidence prediction...
2026-01-27 16:17:16,085 :: INFO :: 23432382755840 :: 2136507 :: Disparity computation...
2026-01-27 16:17:16,428 :: INFO :: 23432382755840 :: 2136507 :: Subpixel refinement...
2026-01-27 16:17:17,332 :: INFO :: 23432382755840 :: 2136507 :: Disparity filtering...
2026-01-27 16:17:19,166 :: INFO :: 23432382755840 :: 2136507 :: Validation...
2026-01-27 16:17:43,041 :: INFO :: 23432382755840 :: 2136507 :: Matching cost computation...
2026-01-27 16:17:47,653 :: INFO :: 23432382755840 :: 2136507 :: Cost optimization...
2026-01-27 16:17:49,119 :: INFO :: 23432382755840 :: 2136507 :: Cost volume confidence computation...
2026-01-27 16:17:49,136 :: INFO :: 23432382755840 :: 2136507 :: Confidence prediction...
2026-01-27 16:17:49,658 :: INFO :: 23432382755840 :: 2136507 :: You are not using ambiguity normalization by percentile; 
you are in a specific case with the instantiation of global_disparity.
2026-01-27 16:17:49,660 :: INFO :: 23432382755840 :: 2136507 :: Cost volume confidence computation...
2026-01-27 16:17:49,661 :: INFO :: 23432382755840 :: 2136507 :: Confidence prediction...
2026-01-27 16:17:51,039 :: INFO :: 23432382755840 :: 2136507 :: Disparity computation...
2026-01-27 16:17:51,378 :: INFO :: 23432382755840 :: 2136507 :: Subpixel refinement...
2026-01-27 16:17:53,240 :: INFO :: 23432382755840 :: 2136507 :: Disparity filtering...
2026-01-27 16:17:54,416 :: INFO :: 23432382755840 :: 2136507 :: Validation...
2026-01-27 16:18:21,821 :: INFO :: 23432382755840 :: 2136507 :: Matching cost computation...
2026-01-27 16:18:27,916 :: INFO :: 23432382755840 :: 2136507 :: Cost optimization...
2026-01-27 16:18:29,986 :: INFO :: 23432382755840 :: 2136507 :: Cost volume confidence computation...
2026-01-27 16:18:29,995 :: INFO :: 23432382755840 :: 2136507 :: Confidence prediction...
2026-01-27 16:18:30,874 :: INFO :: 23432382755840 :: 2136507 :: You are not using ambiguity normalization by percentile; 
you are in a specific case with the instantiation of global_disparity.
2026-01-27 16:18:30,876 :: INFO :: 23432382755840 :: 2136507 :: Cost volume confidence computation...
2026-01-27 16:18:30,876 :: INFO :: 23432382755840 :: 2136507 :: Confidence prediction...
2026-01-27 16:18:33,189 :: INFO :: 23432382755840 :: 2136507 :: Disparity computation...
2026-01-27 16:18:33,636 :: INFO :: 23432382755840 :: 2136507 :: Subpixel refinement...
2026-01-27 16:18:36,969 :: INFO :: 23432382755840 :: 2136507 :: Disparity filtering...
2026-01-27 16:18:37,998 :: INFO :: 23432382755840 :: 2136507 :: Validation...
2026-01-27 16:19:14,680 :: INFO :: 23432382755840 :: 2136507 :: Matching cost computation...
2026-01-27 16:19:20,019 :: INFO :: 23432382755840 :: 2136507 :: Cost optimization...
2026-01-27 16:19:21,747 :: INFO :: 23432382755840 :: 2136507 :: Cost volume confidence computation...
2026-01-27 16:19:21,747 :: INFO :: 23432382755840 :: 2136507 :: Confidence prediction...
2026-01-27 16:19:22,358 :: INFO :: 23432382755840 :: 2136507 :: You are not using ambiguity normalization by percentile; 
you are in a specific case with the instantiation of global_disparity.
2026-01-27 16:19:22,360 :: INFO :: 23432382755840 :: 2136507 :: Cost volume confidence computation...
2026-01-27 16:19:22,361 :: INFO :: 23432382755840 :: 2136507 :: Confidence prediction...
2026-01-27 16:19:24,034 :: INFO :: 23432382755840 :: 2136507 :: Disparity computation...
2026-01-27 16:19:24,459 :: INFO :: 23432382755840 :: 2136507 :: Subpixel refinement...
2026-01-27 16:19:26,948 :: INFO :: 23432382755840 :: 2136507 :: Disparity filtering...
2026-01-27 16:19:28,778 :: INFO :: 23432382755840 :: 2136507 :: Validation...
2026-01-27 16:20:00,716 :: INFO :: 23432382755840 :: 2136507 :: Matching cost computation...
2026-01-27 16:20:04,681 :: INFO :: 23432382755840 :: 2136507 :: Cost optimization...
2026-01-27 16:20:05,846 :: INFO :: 23432382755840 :: 2136507 :: Cost volume confidence computation...
2026-01-27 16:20:05,847 :: INFO :: 23432382755840 :: 2136507 :: Confidence prediction...
2026-01-27 16:20:06,136 :: INFO :: 23432382755840 :: 2136507 :: You are not using ambiguity normalization by percentile; 
you are in a specific case with the instantiation of global_disparity.
2026-01-27 16:20:06,138 :: INFO :: 23432382755840 :: 2136507 :: Cost volume confidence computation...
2026-01-27 16:20:06,139 :: INFO :: 23432382755840 :: 2136507 :: Confidence prediction...
2026-01-27 16:20:06,809 :: INFO :: 23432382755840 :: 2136507 :: Disparity computation...
2026-01-27 16:20:07,120 :: INFO :: 23432382755840 :: 2136507 :: Subpixel refinement...
2026-01-27 16:20:08,001 :: INFO :: 23432382755840 :: 2136507 :: Disparity filtering...
2026-01-27 16:20:09,839 :: INFO :: 23432382755840 :: 2136507 :: Validation...
2026-01-27 16:20:34,604 :: INFO :: 23432382755840 :: 2136507 :: Matching cost computation...
2026-01-27 16:20:40,677 :: INFO :: 23432382755840 :: 2136507 :: Cost optimization...
2026-01-27 16:20:42,504 :: INFO :: 23432382755840 :: 2136507 :: Cost volume confidence computation...
2026-01-27 16:20:42,504 :: INFO :: 23432382755840 :: 2136507 :: Confidence prediction...
2026-01-27 16:20:43,120 :: INFO :: 23432382755840 :: 2136507 :: You are not using ambiguity normalization by percentile; 
you are in a specific case with the instantiation of global_disparity.
2026-01-27 16:20:43,122 :: INFO :: 23432382755840 :: 2136507 :: Cost volume confidence computation...
2026-01-27 16:20:43,123 :: INFO :: 23432382755840 :: 2136507 :: Confidence prediction...
2026-01-27 16:20:44,675 :: INFO :: 23432382755840 :: 2136507 :: Disparity computation...
2026-01-27 16:20:45,114 :: INFO :: 23432382755840 :: 2136507 :: Subpixel refinement...
2026-01-27 16:20:47,695 :: INFO :: 23432382755840 :: 2136507 :: Disparity filtering...
2026-01-27 16:20:49,602 :: INFO :: 23432382755840 :: 2136507 :: Validation...
2026-01-27 16:21:22,875 :: INFO :: 23432382755840 :: 2149903 :: Matching cost computation...
2026-01-27 16:21:28,131 :: INFO :: 23432382755840 :: 2149903 :: Cost optimization...
2026-01-27 16:21:30,352 :: INFO :: 23432382755840 :: 2149903 :: Cost volume confidence computation...
2026-01-27 16:21:30,353 :: INFO :: 23432382755840 :: 2149903 :: Confidence prediction...
2026-01-27 16:21:30,984 :: INFO :: 23432382755840 :: 2149903 :: You are not using ambiguity normalization by percentile; 
you are in a specific case with the instantiation of global_disparity.
2026-01-27 16:21:30,993 :: INFO :: 23432382755840 :: 2149903 :: Cost volume confidence computation...
2026-01-27 16:21:30,993 :: INFO :: 23432382755840 :: 2149903 :: Confidence prediction...
2026-01-27 16:21:32,264 :: INFO :: 23432382755840 :: 2149903 :: Disparity computation...
2026-01-27 16:21:32,657 :: INFO :: 23432382755840 :: 2149903 :: Subpixel refinement...
2026-01-27 16:21:34,238 :: INFO :: 23432382755840 :: 2149903 :: Disparity filtering...
2026-01-27 16:21:36,243 :: INFO :: 23432382755840 :: 2149903 :: Validation...
