2026-07-02 13:52:51,957 :: PROFILING_LOG :: 22909204648512 :: 1253478 :: CarsProfiling# %generate_disp_range_from_dem_wrapper%: %0.3799% s Max ram : %413.4912% MiB Start Ram: %396.361728% MiB, End Ram: %411.553792% MiB,  Max CPU usage: %48.7%
2026-07-02 13:52:54,056 :: PROFILING_LOG :: 22909204648512 :: 1253478 :: CarsProfiling# %generate_epipolar_images_wrapper%: %0.3046% s Max ram : %450.99008% MiB Start Ram: %411.570176% MiB, End Ram: %451.014656% MiB,  Max CPU usage: %50.0%
2026-07-02 13:52:56,277 :: PROFILING_LOG :: 22909204648512 :: 1253478 :: CarsProfiling# %compute_matches_wrapper%: %2.0678% s Max ram : %466.542592% MiB Start Ram: %451.014656% MiB, End Ram: %466.538496% MiB,  Max CPU usage: %59.5%
2026-07-02 13:52:56,847 :: PROFILING_LOG :: 22909204648512 :: 1253478 :: CarsProfiling# %generate_epipolar_images_wrapper%: %0.4164% s Max ram : %455.831552% MiB Start Ram: %405.884928% MiB, End Ram: %455.831552% MiB,  Max CPU usage: %40.0%
2026-07-02 13:52:59,673 :: PROFILING_LOG :: 22909204648512 :: 1253478 :: CarsProfiling# %compute_matches_wrapper%: %2.6654% s Max ram : %468.680704% MiB Start Ram: %455.831552% MiB, End Ram: %468.680704% MiB,  Max CPU usage: %50.7%
2026-07-02 13:53:00,362 :: PROFILING_LOG :: 22909204648512 :: 1253478 :: CarsProfiling# %generate_epipolar_images_wrapper%: %0.4011% s Max ram : %457.592832% MiB Start Ram: %407.22432% MiB, End Ram: %457.592832% MiB,  Max CPU usage: %39.8%
2026-07-02 13:53:05,329 :: PROFILING_LOG :: 22909204648512 :: 1253478 :: CarsProfiling# %compute_matches_wrapper%: %4.8172% s Max ram : %468.688896% MiB Start Ram: %457.592832% MiB, End Ram: %468.6848% MiB,  Max CPU usage: %54.9%
2026-07-02 13:53:05,882 :: PROFILING_LOG :: 22909204648512 :: 1253478 :: CarsProfiling# %generate_epipolar_images_wrapper%: %0.3926% s Max ram : %457.900032% MiB Start Ram: %407.228416% MiB, End Ram: %457.900032% MiB,  Max CPU usage: %57.0%
2026-07-02 13:53:10,060 :: PROFILING_LOG :: 22909204648512 :: 1253478 :: CarsProfiling# %compute_matches_wrapper%: %4.0144% s Max ram : %468.688896% MiB Start Ram: %457.900032% MiB, End Ram: %468.6848% MiB,  Max CPU usage: %59.0%
2026-07-02 13:53:10,628 :: PROFILING_LOG :: 22909204648512 :: 1253478 :: CarsProfiling# %generate_epipolar_images_wrapper%: %0.4059% s Max ram : %457.900032% MiB Start Ram: %407.539712% MiB, End Ram: %457.900032% MiB,  Max CPU usage: %37.3%
2026-07-02 13:53:14,231 :: PROFILING_LOG :: 22909204648512 :: 1253478 :: CarsProfiling# %compute_matches_wrapper%: %3.4275% s Max ram : %468.66432% MiB Start Ram: %457.900032% MiB, End Ram: %468.66432% MiB,  Max CPU usage: %66.0%
2026-07-02 13:53:14,786 :: PROFILING_LOG :: 22909204648512 :: 1253478 :: CarsProfiling# %generate_epipolar_images_wrapper%: %0.3835% s Max ram : %456.237056% MiB Start Ram: %407.535616% MiB, End Ram: %456.237056% MiB,  Max CPU usage: %45.3%
2026-07-02 13:53:18,893 :: PROFILING_LOG :: 22909204648512 :: 1253478 :: CarsProfiling# %compute_matches_wrapper%: %3.9881% s Max ram : %466.587648% MiB Start Ram: %456.237056% MiB, End Ram: %466.587648% MiB,  Max CPU usage: %57.4%
2026-07-02 13:53:19,417 :: PROFILING_LOG :: 22909204648512 :: 1253478 :: CarsProfiling# %generate_epipolar_images_wrapper%: %0.3664% s Max ram : %456.278016% MiB Start Ram: %405.9136% MiB, End Ram: %456.278016% MiB,  Max CPU usage: %49.9%
2026-07-02 13:53:23,561 :: PROFILING_LOG :: 22909204648512 :: 1253478 :: CarsProfiling# %compute_matches_wrapper%: %4.0310% s Max ram : %466.591744% MiB Start Ram: %456.278016% MiB, End Ram: %466.587648% MiB,  Max CPU usage: %49.9%
2026-07-02 13:53:24,123 :: PROFILING_LOG :: 22909204648512 :: 1253478 :: CarsProfiling# %generate_epipolar_images_wrapper%: %0.3946% s Max ram : %457.6256% MiB Start Ram: %405.9136% MiB, End Ram: %457.6256% MiB,  Max CPU usage: %40.0%
2026-07-02 13:53:28,000 :: PROFILING_LOG :: 22909204648512 :: 1253478 :: CarsProfiling# %compute_matches_wrapper%: %3.7681% s Max ram : %470.769664% MiB Start Ram: %457.6256% MiB, End Ram: %470.769664% MiB,  Max CPU usage: %55.3%
2026-07-02 13:53:28,494 :: PROFILING_LOG :: 22909204648512 :: 1253478 :: CarsProfiling# %generate_epipolar_images_wrapper%: %0.3158% s Max ram : %453.414912% MiB Start Ram: %405.909504% MiB, End Ram: %453.414912% MiB,  Max CPU usage: %37.2%
2026-07-02 13:53:30,259 :: PROFILING_LOG :: 22909204648512 :: 1253478 :: CarsProfiling# %compute_matches_wrapper%: %1.5801% s Max ram : %468.62336% MiB Start Ram: %453.414912% MiB, End Ram: %468.62336% MiB,  Max CPU usage: %52.6%
2026-07-02 13:53:30,846 :: PROFILING_LOG :: 22909204648512 :: 1256539 :: CarsProfiling# %generate_epipolar_images_wrapper%: %0.2602% s Max ram : %424.665088% MiB Start Ram: %380.768256% MiB, End Ram: %422.72768% MiB,  Max CPU usage: %30.0%
2026-07-02 13:53:31,840 :: PROFILING_LOG :: 22909204648512 :: 1256539 :: CarsProfiling# %compute_matches_wrapper%: %0.7980% s Max ram : %444.14976% MiB Start Ram: %422.739968% MiB, End Ram: %444.174336% MiB,  Max CPU usage: %48.8%
2026-07-02 13:53:33,811 :: PROFILING_LOG :: 22909204648512 :: 1256539 :: CarsProfiling# %generate_disp_range_from_dem_wrapper%: %0.3625% s Max ram : %416.411648% MiB Start Ram: %413.802496% MiB, End Ram: %416.411648% MiB,  Max CPU usage: %49.5%
2026-07-02 13:53:40,518 :: PROFILING_LOG :: 22909204648512 :: 1256539 :: CarsProfiling# %generate_epipolar_images_wrapper%: %0.4234% s Max ram : %481.665024% MiB Start Ram: %416.41984% MiB, End Ram: %481.665024% MiB,  Max CPU usage: %49.3%
2026-07-02 13:53:50,484 :: PROFILING_LOG :: 22909204648512 :: 1256539 :: CarsProfiling# %basic_dense_matching_wrapper%: %9.7852% s Max ram : %632.905728% MiB Start Ram: %481.665024% MiB, End Ram: %577.507328% MiB,  Max CPU usage: %63.8%
2026-07-02 13:53:50,698 :: PROFILING_LOG :: 22909204648512 :: 1256539 :: CarsProfiling# %fill_disparity_zeros_wrapper%: %0.0154% s Max ram : %577.507328% MiB Start Ram: %577.507328% MiB, End Ram: %577.507328% MiB,  Max CPU usage: %10.0%
2026-07-02 13:53:55,179 :: PROFILING_LOG :: 22909204648512 :: 1256539 :: CarsProfiling# %triangulation_wrapper%: %4.3108% s Max ram : %853.712896% MiB Start Ram: %577.507328% MiB, End Ram: %569.249792% MiB,  Max CPU usage: %59.9%
2026-07-02 13:53:55,593 :: PROFILING_LOG :: 22909204648512 :: 1256539 :: CarsProfiling# %epipolar_small_component_removal_wrapper%: %0.3115% s Max ram : %600.756224% MiB Start Ram: %569.253888% MiB, End Ram: %600.756224% MiB,  Max CPU usage: %56.3%
2026-07-02 13:53:56,237 :: PROFILING_LOG :: 22909204648512 :: 1256539 :: CarsProfiling# %epipolar_statistical_removal_wrapper%: %0.5372% s Max ram : %603.639808% MiB Start Ram: %600.756224% MiB, End Ram: %603.639808% MiB,  Max CPU usage: %41.2%
2026-07-02 13:53:56,961 :: PROFILING_LOG :: 22909204648512 :: 1256539 :: CarsProfiling# %rasterization_wrapper%: %0.6169% s Max ram : %603.639808% MiB Start Ram: %603.639808% MiB, End Ram: %518.713344% MiB,  Max CPU usage: %69.9%
2026-07-02 13:53:57,516 :: PROFILING_LOG :: 22909204648512 :: 1256539 :: CarsProfiling# %generate_epipolar_images_wrapper%: %0.3429% s Max ram : %518.746112% MiB Start Ram: %518.746112% MiB, End Ram: %510.144512% MiB,  Max CPU usage: %89.9%
2026-07-02 13:54:10,240 :: PROFILING_LOG :: 22909204648512 :: 1256539 :: CarsProfiling# %basic_dense_matching_wrapper%: %12.6162% s Max ram : %749.268992% MiB Start Ram: %510.144512% MiB, End Ram: %652.992512% MiB,  Max CPU usage: %64.8%
2026-07-02 13:54:10,463 :: PROFILING_LOG :: 22909204648512 :: 1256539 :: CarsProfiling# %fill_disparity_zeros_wrapper%: %0.0148% s Max ram : %652.992512% MiB Start Ram: %652.992512% MiB, End Ram: %652.992512% MiB,  Max CPU usage: %0%
2026-07-02 13:54:16,628 :: PROFILING_LOG :: 22909204648512 :: 1256539 :: CarsProfiling# %triangulation_wrapper%: %5.9914% s Max ram : %1025.728512% MiB Start Ram: %652.992512% MiB, End Ram: %651.624448% MiB,  Max CPU usage: %51.4%
2026-07-02 13:54:17,518 :: PROFILING_LOG :: 22909204648512 :: 1256539 :: CarsProfiling# %epipolar_small_component_removal_wrapper%: %0.6747% s Max ram : %692.8384% MiB Start Ram: %651.628544% MiB, End Ram: %692.8384% MiB,  Max CPU usage: %49.2%
2026-07-02 13:54:18,457 :: PROFILING_LOG :: 22909204648512 :: 1256539 :: CarsProfiling# %epipolar_statistical_removal_wrapper%: %0.8375% s Max ram : %692.8384% MiB Start Ram: %692.8384% MiB, End Ram: %692.8384% MiB,  Max CPU usage: %48.9%
2026-07-02 13:54:19,852 :: PROFILING_LOG :: 22909204648512 :: 1256539 :: CarsProfiling# %rasterization_wrapper%: %1.2779% s Max ram : %833.748992% MiB Start Ram: %692.846592% MiB, End Ram: %712.84736% MiB,  Max CPU usage: %59.9%
2026-07-02 13:54:20,686 :: PROFILING_LOG :: 22909204648512 :: 1256539 :: CarsProfiling# %generate_epipolar_images_wrapper%: %0.5563% s Max ram : %732.827648% MiB Start Ram: %629.338112% MiB, End Ram: %632.434688% MiB,  Max CPU usage: %53.0%
2026-07-02 13:54:32,287 :: PROFILING_LOG :: 22909204648512 :: 1256539 :: CarsProfiling# %basic_dense_matching_wrapper%: %11.4956% s Max ram : %832.421888% MiB Start Ram: %632.434688% MiB, End Ram: %674.38592% MiB,  Max CPU usage: %64.1%
2026-07-02 13:54:32,514 :: PROFILING_LOG :: 22909204648512 :: 1256539 :: CarsProfiling# %fill_disparity_zeros_wrapper%: %0.0158% s Max ram : %674.38592% MiB Start Ram: %674.38592% MiB, End Ram: %674.38592% MiB,  Max CPU usage: %0%
2026-07-02 13:54:38,316 :: PROFILING_LOG :: 22909204648512 :: 1256539 :: CarsProfiling# %triangulation_wrapper%: %5.6992% s Max ram : %964.579328% MiB Start Ram: %674.38592% MiB, End Ram: %640.3072% MiB,  Max CPU usage: %59.9%
2026-07-02 13:54:38,922 :: PROFILING_LOG :: 22909204648512 :: 1256539 :: CarsProfiling# %epipolar_small_component_removal_wrapper%: %0.4984% s Max ram : %664.920064% MiB Start Ram: %640.311296% MiB, End Ram: %664.920064% MiB,  Max CPU usage: %50.7%
2026-07-02 13:54:39,628 :: PROFILING_LOG :: 22909204648512 :: 1256539 :: CarsProfiling# %epipolar_statistical_removal_wrapper%: %0.6007% s Max ram : %664.920064% MiB Start Ram: %664.920064% MiB, End Ram: %664.920064% MiB,  Max CPU usage: %51.5%
2026-07-02 13:54:40,776 :: PROFILING_LOG :: 22909204648512 :: 1256539 :: CarsProfiling# %rasterization_wrapper%: %1.0461% s Max ram : %753.750016% MiB Start Ram: %664.920064% MiB, End Ram: %753.754112% MiB,  Max CPU usage: %56.6%
2026-07-02 13:54:41,739 :: PROFILING_LOG :: 22909204648512 :: 1256539 :: CarsProfiling# %generate_epipolar_images_wrapper%: %0.7726% s Max ram : %717.479936% MiB Start Ram: %618.008576% MiB, End Ram: %618.008576% MiB,  Max CPU usage: %45.6%
2026-07-02 13:54:54,415 :: PROFILING_LOG :: 22909204648512 :: 1256539 :: CarsProfiling# %basic_dense_matching_wrapper%: %12.5684% s Max ram : %781.2096% MiB Start Ram: %618.008576% MiB, End Ram: %685.559808% MiB,  Max CPU usage: %60.9%
2026-07-02 13:54:54,649 :: PROFILING_LOG :: 22909204648512 :: 1256539 :: CarsProfiling# %fill_disparity_zeros_wrapper%: %0.0256% s Max ram : %685.559808% MiB Start Ram: %685.559808% MiB, End Ram: %685.559808% MiB,  Max CPU usage: %0%
2026-07-02 13:55:00,691 :: PROFILING_LOG :: 22909204648512 :: 1256539 :: CarsProfiling# %triangulation_wrapper%: %5.8568% s Max ram : %1033.322496% MiB Start Ram: %685.559808% MiB, End Ram: %648.413184% MiB,  Max CPU usage: %56.4%
2026-07-02 13:55:01,645 :: PROFILING_LOG :: 22909204648512 :: 1256539 :: CarsProfiling# %epipolar_small_component_removal_wrapper%: %0.7419% s Max ram : %689.717248% MiB Start Ram: %648.413184% MiB, End Ram: %689.717248% MiB,  Max CPU usage: %49.5%
2026-07-02 13:55:02,868 :: PROFILING_LOG :: 22909204648512 :: 1256539 :: CarsProfiling# %epipolar_statistical_removal_wrapper%: %1.0152% s Max ram : %689.717248% MiB Start Ram: %689.717248% MiB, End Ram: %689.717248% MiB,  Max CPU usage: %50.9%
2026-07-02 13:55:04,368 :: PROFILING_LOG :: 22909204648512 :: 1256539 :: CarsProfiling# %rasterization_wrapper%: %1.3944% s Max ram : %854.54848% MiB Start Ram: %689.717248% MiB, End Ram: %724.815872% MiB,  Max CPU usage: %69.9%
2026-07-02 13:55:05,493 :: PROFILING_LOG :: 22909204648512 :: 1256539 :: CarsProfiling# %generate_epipolar_images_wrapper%: %0.9262% s Max ram : %725.561344% MiB Start Ram: %645.89824% MiB, End Ram: %645.89824% MiB,  Max CPU usage: %49.9%
2026-07-02 13:55:23,756 :: PROFILING_LOG :: 22909204648512 :: 1256539 :: CarsProfiling# %basic_dense_matching_wrapper%: %18.0615% s Max ram : %1089.92512% MiB Start Ram: %645.89824% MiB, End Ram: %877.694976% MiB,  Max CPU usage: %62.4%
2026-07-02 13:55:23,970 :: PROFILING_LOG :: 22909204648512 :: 1256539 :: CarsProfiling# %fill_disparity_zeros_wrapper%: %0.0162% s Max ram : %877.694976% MiB Start Ram: %877.694976% MiB, End Ram: %877.694976% MiB,  Max CPU usage: %9.9%
2026-07-02 13:55:32,093 :: PROFILING_LOG :: 22909204648512 :: 1256539 :: CarsProfiling# %triangulation_wrapper%: %7.9321% s Max ram : %1218.879488% MiB Start Ram: %877.694976% MiB, End Ram: %768.188416% MiB,  Max CPU usage: %59.9%
2026-07-02 13:55:33,436 :: PROFILING_LOG :: 22909204648512 :: 1256539 :: CarsProfiling# %epipolar_small_component_removal_wrapper%: %1.1665% s Max ram : %768.188416% MiB Start Ram: %768.188416% MiB, End Ram: %768.188416% MiB,  Max CPU usage: %49.6%
2026-07-02 13:55:35,318 :: PROFILING_LOG :: 22909204648512 :: 1256539 :: CarsProfiling# %epipolar_statistical_removal_wrapper%: %1.6886% s Max ram : %768.188416% MiB Start Ram: %768.188416% MiB, End Ram: %768.188416% MiB,  Max CPU usage: %49.2%
2026-07-02 13:55:37,751 :: PROFILING_LOG :: 22909204648512 :: 1256539 :: CarsProfiling# %rasterization_wrapper%: %2.3313% s Max ram : %1058.062336% MiB Start Ram: %768.188416% MiB, End Ram: %835.555328% MiB,  Max CPU usage: %69.9%
2026-07-02 13:55:38,752 :: PROFILING_LOG :: 22909204648512 :: 1256539 :: CarsProfiling# %generate_epipolar_images_wrapper%: %0.7723% s Max ram : %742.879232% MiB Start Ram: %647.04512% MiB, End Ram: %647.04512% MiB,  Max CPU usage: %52.0%
2026-07-02 13:55:54,869 :: PROFILING_LOG :: 22909204648512 :: 1256539 :: CarsProfiling# %basic_dense_matching_wrapper%: %15.9492% s Max ram : %1062.62528% MiB Start Ram: %647.04512% MiB, End Ram: %851.39456% MiB,  Max CPU usage: %69.9%
2026-07-02 13:55:55,098 :: PROFILING_LOG :: 22909204648512 :: 1256539 :: CarsProfiling# %fill_disparity_zeros_wrapper%: %0.0260% s Max ram : %851.39456% MiB Start Ram: %851.39456% MiB, End Ram: %851.39456% MiB,  Max CPU usage: %9.7%
2026-07-02 13:56:02,915 :: PROFILING_LOG :: 22909204648512 :: 1256539 :: CarsProfiling# %triangulation_wrapper%: %7.6574% s Max ram : %1335.578624% MiB Start Ram: %851.39456% MiB, End Ram: %792.90368% MiB,  Max CPU usage: %59.9%
2026-07-02 13:56:04,018 :: PROFILING_LOG :: 22909204648512 :: 1256539 :: CarsProfiling# %epipolar_small_component_removal_wrapper%: %0.9168% s Max ram : %717.668352% MiB Start Ram: %705.298432% MiB, End Ram: %717.668352% MiB,  Max CPU usage: %50.3%
2026-07-02 13:56:05,472 :: PROFILING_LOG :: 22909204648512 :: 1256539 :: CarsProfiling# %epipolar_statistical_removal_wrapper%: %1.2636% s Max ram : %722.079744% MiB Start Ram: %717.668352% MiB, End Ram: %722.079744% MiB,  Max CPU usage: %51.4%
2026-07-02 13:56:07,395 :: PROFILING_LOG :: 22909204648512 :: 1256539 :: CarsProfiling# %rasterization_wrapper%: %1.8167% s Max ram : %932.110336% MiB Start Ram: %722.079744% MiB, End Ram: %769.007616% MiB,  Max CPU usage: %60.0%
2026-07-02 13:56:08,161 :: PROFILING_LOG :: 22909204648512 :: 1256539 :: CarsProfiling# %generate_epipolar_images_wrapper%: %0.4713% s Max ram : %726.67136% MiB Start Ram: %692.228096% MiB, End Ram: %649.224192% MiB,  Max CPU usage: %50.6%
2026-07-02 13:56:19,101 :: PROFILING_LOG :: 22909204648512 :: 1256539 :: CarsProfiling# %basic_dense_matching_wrapper%: %10.8323% s Max ram : %923.697152% MiB Start Ram: %649.224192% MiB, End Ram: %784.195584% MiB,  Max CPU usage: %64.2%
2026-07-02 13:56:19,330 :: PROFILING_LOG :: 22909204648512 :: 1256539 :: CarsProfiling# %fill_disparity_zeros_wrapper%: %0.0253% s Max ram : %784.195584% MiB Start Ram: %784.195584% MiB, End Ram: %784.195584% MiB,  Max CPU usage: %0%
2026-07-02 13:56:24,943 :: PROFILING_LOG :: 22909204648512 :: 1256539 :: CarsProfiling# %triangulation_wrapper%: %5.5003% s Max ram : %1157.390336% MiB Start Ram: %784.195584% MiB, End Ram: %843.239424% MiB,  Max CPU usage: %59.9%
2026-07-02 13:56:25,510 :: PROFILING_LOG :: 22909204648512 :: 1256539 :: CarsProfiling# %epipolar_small_component_removal_wrapper%: %0.4603% s Max ram : %843.485184% MiB Start Ram: %843.239424% MiB, End Ram: %843.485184% MiB,  Max CPU usage: %47.7%
2026-07-02 13:56:26,193 :: PROFILING_LOG :: 22909204648512 :: 1256539 :: CarsProfiling# %epipolar_statistical_removal_wrapper%: %0.5737% s Max ram : %843.485184% MiB Start Ram: %843.485184% MiB, End Ram: %843.485184% MiB,  Max CPU usage: %48.0%
2026-07-02 13:56:27,225 :: PROFILING_LOG :: 22909204648512 :: 1256539 :: CarsProfiling# %rasterization_wrapper%: %0.8770% s Max ram : %897.896448% MiB Start Ram: %843.485184% MiB, End Ram: %894.169088% MiB,  Max CPU usage: %56.6%
2026-07-02 13:56:28,276 :: PROFILING_LOG :: 22909204648512 :: 1256539 :: CarsProfiling# %generate_epipolar_images_wrapper%: %0.8562% s Max ram : %866.65216% MiB Start Ram: %760.979456% MiB, End Ram: %769.6384% MiB,  Max CPU usage: %46.5%
2026-07-02 13:56:44,493 :: PROFILING_LOG :: 22909204648512 :: 1256539 :: CarsProfiling# %basic_dense_matching_wrapper%: %16.0358% s Max ram : %1005.9776% MiB Start Ram: %769.6384% MiB, End Ram: %865.267712% MiB,  Max CPU usage: %69.9%
2026-07-02 13:56:44,715 :: PROFILING_LOG :: 22909204648512 :: 1256539 :: CarsProfiling# %fill_disparity_zeros_wrapper%: %0.0157% s Max ram : %865.267712% MiB Start Ram: %865.267712% MiB, End Ram: %865.267712% MiB,  Max CPU usage: %0%
2026-07-02 13:56:52,739 :: PROFILING_LOG :: 22909204648512 :: 1256539 :: CarsProfiling# %triangulation_wrapper%: %7.9211% s Max ram : %1355.071488% MiB Start Ram: %865.267712% MiB, End Ram: %857.751552% MiB,  Max CPU usage: %71.5%
2026-07-02 13:56:53,901 :: PROFILING_LOG :: 22909204648512 :: 1256539 :: CarsProfiling# %epipolar_small_component_removal_wrapper%: %0.9895% s Max ram : %895.623168% MiB Start Ram: %857.751552% MiB, End Ram: %895.623168% MiB,  Max CPU usage: %49.1%
2026-07-02 13:56:55,408 :: PROFILING_LOG :: 22909204648512 :: 1256539 :: CarsProfiling# %epipolar_statistical_removal_wrapper%: %1.3075% s Max ram : %899.854336% MiB Start Ram: %895.623168% MiB, End Ram: %899.854336% MiB,  Max CPU usage: %48.8%
2026-07-02 13:56:57,414 :: PROFILING_LOG :: 22909204648512 :: 1256539 :: CarsProfiling# %rasterization_wrapper%: %1.9046% s Max ram : %1137.934336% MiB Start Ram: %899.854336% MiB, End Ram: %958.754816% MiB,  Max CPU usage: %66.0%
2026-07-02 13:56:58,530 :: PROFILING_LOG :: 22909204648512 :: 1267540 :: CarsProfiling# %generate_epipolar_images_wrapper%: %0.7700% s Max ram : %497.917952% MiB Start Ram: %380.801024% MiB, End Ram: %495.980544% MiB,  Max CPU usage: %58.0%
2026-07-02 13:57:14,062 :: PROFILING_LOG :: 22909204648512 :: 1267540 :: CarsProfiling# %basic_dense_matching_wrapper%: %15.4292% s Max ram : %797.155328% MiB Start Ram: %495.980544% MiB, End Ram: %648.667136% MiB,  Max CPU usage: %68.2%
2026-07-02 13:57:14,297 :: PROFILING_LOG :: 22909204648512 :: 1267540 :: CarsProfiling# %fill_disparity_zeros_wrapper%: %0.0260% s Max ram : %648.863744% MiB Start Ram: %648.667136% MiB, End Ram: %648.863744% MiB,  Max CPU usage: %0%
2026-07-02 13:57:21,816 :: PROFILING_LOG :: 22909204648512 :: 1267540 :: CarsProfiling# %triangulation_wrapper%: %7.4103% s Max ram : %1149.29664% MiB Start Ram: %648.863744% MiB, End Ram: %667.213824% MiB,  Max CPU usage: %58.0%
2026-07-02 13:57:22,698 :: PROFILING_LOG :: 22909204648512 :: 1267540 :: CarsProfiling# %epipolar_small_component_removal_wrapper%: %0.7725% s Max ram : %695.513088% MiB Start Ram: %667.21792% MiB, End Ram: %695.513088% MiB,  Max CPU usage: %50.0%
2026-07-02 13:57:23,855 :: PROFILING_LOG :: 22909204648512 :: 1267540 :: CarsProfiling# %epipolar_statistical_removal_wrapper%: %0.9707% s Max ram : %699.674624% MiB Start Ram: %695.513088% MiB, End Ram: %699.674624% MiB,  Max CPU usage: %50.3%
2026-07-02 13:57:25,431 :: PROFILING_LOG :: 22909204648512 :: 1267540 :: CarsProfiling# %rasterization_wrapper%: %1.3777% s Max ram : %812.93312% MiB Start Ram: %699.674624% MiB, End Ram: %732.307456% MiB,  Max CPU usage: %50.0%
2026-07-02 13:57:27,226 :: PROFILING_LOG :: 22909204648512 :: 1267540 :: CarsProfiling# %merge_filling_bands_wrapper%: %0.0515% s Max ram : %656.4864% MiB Start Ram: %656.171008% MiB, End Ram: %656.494592% MiB,  Max CPU usage: %38.1%
