2026-07-02 13:52:51,844 :: INFO :: 22909204648512 :: 1253478 :: Max grid max - grid min : 48.821852107597635 disp 
2026-07-02 13:53:33,700 :: INFO :: 22909204648512 :: 1256539 :: Max grid max - grid min : 48.820117345071395 disp 
2026-07-02 13:53:43,486 :: INFO :: 22909204648512 :: 1256539 :: Matching cost computation...
2026-07-02 13:53:45,218 :: INFO :: 22909204648512 :: 1256539 :: Cost optimization...
2026-07-02 13:53:46,679 :: INFO :: 22909204648512 :: 1256539 :: Cost volume confidence computation...
2026-07-02 13:53:46,680 :: INFO :: 22909204648512 :: 1256539 :: Confidence prediction...
2026-07-02 13:53:46,899 :: INFO :: 22909204648512 :: 1256539 :: You are not using ambiguity normalization by percentile; 
you are in a specific case with the instantiation of global_disparity.
2026-07-02 13:53:46,901 :: INFO :: 22909204648512 :: 1256539 :: Cost volume confidence computation...
2026-07-02 13:53:46,902 :: INFO :: 22909204648512 :: 1256539 :: Confidence prediction...
2026-07-02 13:53:47,403 :: INFO :: 22909204648512 :: 1256539 :: Disparity computation...
2026-07-02 13:53:47,609 :: INFO :: 22909204648512 :: 1256539 :: Subpixel refinement...
2026-07-02 13:53:48,303 :: INFO :: 22909204648512 :: 1256539 :: Disparity filtering...
2026-07-02 13:53:49,649 :: INFO :: 22909204648512 :: 1256539 :: Validation...
2026-07-02 13:53:57,687 :: ERROR :: 22909204648512 :: 1256539 :: disp_min (-31.0) is lower than disp_min used to determine margin during rectification (-26)
2026-07-02 13:54:00,407 :: INFO :: 22909204648512 :: 1256539 :: Matching cost computation...
2026-07-02 13:54:03,198 :: INFO :: 22909204648512 :: 1256539 :: Cost optimization...
2026-07-02 13:54:05,098 :: INFO :: 22909204648512 :: 1256539 :: Cost volume confidence computation...
2026-07-02 13:54:05,099 :: INFO :: 22909204648512 :: 1256539 :: Confidence prediction...
2026-07-02 13:54:05,447 :: INFO :: 22909204648512 :: 1256539 :: You are not using ambiguity normalization by percentile; 
you are in a specific case with the instantiation of global_disparity.
2026-07-02 13:54:05,450 :: INFO :: 22909204648512 :: 1256539 :: Cost volume confidence computation...
2026-07-02 13:54:05,450 :: INFO :: 22909204648512 :: 1256539 :: Confidence prediction...
2026-07-02 13:54:06,295 :: INFO :: 22909204648512 :: 1256539 :: Disparity computation...
2026-07-02 13:54:06,640 :: INFO :: 22909204648512 :: 1256539 :: Subpixel refinement...
2026-07-02 13:54:07,693 :: INFO :: 22909204648512 :: 1256539 :: Disparity filtering...
2026-07-02 13:54:09,409 :: INFO :: 22909204648512 :: 1256539 :: Validation...
2026-07-02 13:54:23,334 :: INFO :: 22909204648512 :: 1256539 :: Matching cost computation...
2026-07-02 13:54:25,797 :: INFO :: 22909204648512 :: 1256539 :: Cost optimization...
2026-07-02 13:54:27,648 :: INFO :: 22909204648512 :: 1256539 :: Cost volume confidence computation...
2026-07-02 13:54:27,649 :: INFO :: 22909204648512 :: 1256539 :: Confidence prediction...
2026-07-02 13:54:27,934 :: INFO :: 22909204648512 :: 1256539 :: You are not using ambiguity normalization by percentile; 
you are in a specific case with the instantiation of global_disparity.
2026-07-02 13:54:27,936 :: INFO :: 22909204648512 :: 1256539 :: Cost volume confidence computation...
2026-07-02 13:54:27,936 :: INFO :: 22909204648512 :: 1256539 :: Confidence prediction...
2026-07-02 13:54:28,510 :: INFO :: 22909204648512 :: 1256539 :: Disparity computation...
2026-07-02 13:54:28,858 :: INFO :: 22909204648512 :: 1256539 :: Subpixel refinement...
2026-07-02 13:54:29,560 :: INFO :: 22909204648512 :: 1256539 :: Disparity filtering...
2026-07-02 13:54:31,402 :: INFO :: 22909204648512 :: 1256539 :: Validation...
2026-07-02 13:54:44,300 :: INFO :: 22909204648512 :: 1256539 :: Matching cost computation...
2026-07-02 13:54:46,805 :: INFO :: 22909204648512 :: 1256539 :: Cost optimization...
2026-07-02 13:54:48,743 :: INFO :: 22909204648512 :: 1256539 :: Cost volume confidence computation...
2026-07-02 13:54:48,782 :: INFO :: 22909204648512 :: 1256539 :: Confidence prediction...
2026-07-02 13:54:49,305 :: INFO :: 22909204648512 :: 1256539 :: You are not using ambiguity normalization by percentile; 
you are in a specific case with the instantiation of global_disparity.
2026-07-02 13:54:49,308 :: INFO :: 22909204648512 :: 1256539 :: Cost volume confidence computation...
2026-07-02 13:54:49,308 :: INFO :: 22909204648512 :: 1256539 :: Confidence prediction...
2026-07-02 13:54:50,376 :: INFO :: 22909204648512 :: 1256539 :: Disparity computation...
2026-07-02 13:54:50,719 :: INFO :: 22909204648512 :: 1256539 :: Subpixel refinement...
2026-07-02 13:54:52,390 :: INFO :: 22909204648512 :: 1256539 :: Disparity filtering...
2026-07-02 13:54:53,425 :: INFO :: 22909204648512 :: 1256539 :: Validation...
2026-07-02 13:55:09,414 :: INFO :: 22909204648512 :: 1256539 :: Matching cost computation...
2026-07-02 13:55:12,964 :: INFO :: 22909204648512 :: 1256539 :: Cost optimization...
2026-07-02 13:55:15,598 :: INFO :: 22909204648512 :: 1256539 :: Cost volume confidence computation...
2026-07-02 13:55:15,598 :: INFO :: 22909204648512 :: 1256539 :: Confidence prediction...
2026-07-02 13:55:16,473 :: INFO :: 22909204648512 :: 1256539 :: You are not using ambiguity normalization by percentile; 
you are in a specific case with the instantiation of global_disparity.
2026-07-02 13:55:16,476 :: INFO :: 22909204648512 :: 1256539 :: Cost volume confidence computation...
2026-07-02 13:55:16,476 :: INFO :: 22909204648512 :: 1256539 :: Confidence prediction...
2026-07-02 13:55:18,342 :: INFO :: 22909204648512 :: 1256539 :: Disparity computation...
2026-07-02 13:55:18,758 :: INFO :: 22909204648512 :: 1256539 :: Subpixel refinement...
2026-07-02 13:55:21,597 :: INFO :: 22909204648512 :: 1256539 :: Disparity filtering...
2026-07-02 13:55:22,586 :: INFO :: 22909204648512 :: 1256539 :: Validation...
2026-07-02 13:55:42,234 :: INFO :: 22909204648512 :: 1256539 :: Matching cost computation...
2026-07-02 13:55:45,382 :: INFO :: 22909204648512 :: 1256539 :: Cost optimization...
2026-07-02 13:55:47,967 :: INFO :: 22909204648512 :: 1256539 :: Cost volume confidence computation...
2026-07-02 13:55:47,968 :: INFO :: 22909204648512 :: 1256539 :: Confidence prediction...
2026-07-02 13:55:48,608 :: INFO :: 22909204648512 :: 1256539 :: You are not using ambiguity normalization by percentile; 
you are in a specific case with the instantiation of global_disparity.
2026-07-02 13:55:48,611 :: INFO :: 22909204648512 :: 1256539 :: Cost volume confidence computation...
2026-07-02 13:55:48,611 :: INFO :: 22909204648512 :: 1256539 :: Confidence prediction...
2026-07-02 13:55:49,901 :: INFO :: 22909204648512 :: 1256539 :: Disparity computation...
2026-07-02 13:55:50,296 :: INFO :: 22909204648512 :: 1256539 :: Subpixel refinement...
2026-07-02 13:55:52,332 :: INFO :: 22909204648512 :: 1256539 :: Disparity filtering...
2026-07-02 13:55:53,743 :: INFO :: 22909204648512 :: 1256539 :: Validation...
2026-07-02 13:56:10,660 :: INFO :: 22909204648512 :: 1256539 :: Matching cost computation...
2026-07-02 13:56:12,871 :: INFO :: 22909204648512 :: 1256539 :: Cost optimization...
2026-07-02 13:56:14,573 :: INFO :: 22909204648512 :: 1256539 :: Cost volume confidence computation...
2026-07-02 13:56:14,573 :: INFO :: 22909204648512 :: 1256539 :: Confidence prediction...
2026-07-02 13:56:14,802 :: INFO :: 22909204648512 :: 1256539 :: You are not using ambiguity normalization by percentile; 
you are in a specific case with the instantiation of global_disparity.
2026-07-02 13:56:14,805 :: INFO :: 22909204648512 :: 1256539 :: Cost volume confidence computation...
2026-07-02 13:56:14,805 :: INFO :: 22909204648512 :: 1256539 :: Confidence prediction...
2026-07-02 13:56:15,401 :: INFO :: 22909204648512 :: 1256539 :: Disparity computation...
2026-07-02 13:56:15,675 :: INFO :: 22909204648512 :: 1256539 :: Subpixel refinement...
2026-07-02 13:56:16,410 :: INFO :: 22909204648512 :: 1256539 :: Disparity filtering...
2026-07-02 13:56:18,171 :: INFO :: 22909204648512 :: 1256539 :: Validation...
2026-07-02 13:56:28,578 :: ERROR :: 22909204648512 :: 1256539 :: disp_min (-25.0) is lower than disp_min used to determine margin during rectification (-24)
2026-07-02 13:56:31,963 :: INFO :: 22909204648512 :: 1256539 :: Matching cost computation...
2026-07-02 13:56:35,154 :: INFO :: 22909204648512 :: 1256539 :: Cost optimization...
2026-07-02 13:56:37,373 :: INFO :: 22909204648512 :: 1256539 :: Cost volume confidence computation...
2026-07-02 13:56:37,374 :: INFO :: 22909204648512 :: 1256539 :: Confidence prediction...
2026-07-02 13:56:37,854 :: INFO :: 22909204648512 :: 1256539 :: You are not using ambiguity normalization by percentile; 
you are in a specific case with the instantiation of global_disparity.
2026-07-02 13:56:37,857 :: INFO :: 22909204648512 :: 1256539 :: Cost volume confidence computation...
2026-07-02 13:56:37,857 :: INFO :: 22909204648512 :: 1256539 :: Confidence prediction...
2026-07-02 13:56:38,926 :: INFO :: 22909204648512 :: 1256539 :: Disparity computation...
2026-07-02 13:56:39,356 :: INFO :: 22909204648512 :: 1256539 :: Subpixel refinement...
2026-07-02 13:56:41,003 :: INFO :: 22909204648512 :: 1256539 :: Disparity filtering...
2026-07-02 13:56:43,407 :: INFO :: 22909204648512 :: 1256539 :: Validation...
2026-07-02 13:57:03,115 :: INFO :: 22909204648512 :: 1267540 :: Matching cost computation...
2026-07-02 13:57:06,019 :: INFO :: 22909204648512 :: 1267540 :: Cost optimization...
2026-07-02 13:57:08,152 :: INFO :: 22909204648512 :: 1267540 :: Cost volume confidence computation...
2026-07-02 13:57:08,152 :: INFO :: 22909204648512 :: 1267540 :: Confidence prediction...
2026-07-02 13:57:08,550 :: INFO :: 22909204648512 :: 1267540 :: You are not using ambiguity normalization by percentile; 
you are in a specific case with the instantiation of global_disparity.
2026-07-02 13:57:08,552 :: INFO :: 22909204648512 :: 1267540 :: Cost volume confidence computation...
2026-07-02 13:57:08,553 :: INFO :: 22909204648512 :: 1267540 :: Confidence prediction...
2026-07-02 13:57:09,496 :: INFO :: 22909204648512 :: 1267540 :: Disparity computation...
2026-07-02 13:57:09,857 :: INFO :: 22909204648512 :: 1267540 :: Subpixel refinement...
2026-07-02 13:57:11,196 :: INFO :: 22909204648512 :: 1267540 :: Disparity filtering...
2026-07-02 13:57:13,106 :: INFO :: 22909204648512 :: 1267540 :: Validation...
