2026-01-29 16:23:11,297 :: PROGRESS ::  Starting surface modeling pipeline for resolution 1/1
2026-01-29 16:23:11,299 :: INFO ::  The AbstractCluster multiprocessing will be used
2026-01-29 16:23:11,702 :: INFO ::  Close cluster ...
2026-01-29 16:23:11,976 :: INFO ::  The default altitude will be used as reference altitude.
2026-01-29 16:23:12,005 :: INFO ::  No orchestrator configuration given:  multiprocessing mode is used
2026-01-29 16:23:12,005 :: INFO ::  The AbstractCluster multiprocessing will be used
2026-01-29 16:23:12,005 :: INFO ::  auto mode : nb_workers will be set automatically
2026-01-29 16:23:13,336 :: INFO ::  Available CPUs  in SLURM : 4
2026-01-29 16:23:13,336 :: INFO ::  Available RAM  in SLURM : 28672
2026-01-29 16:23:13,336 :: INFO ::  Number of workers : 3
2026-01-29 16:23:13,336 :: INFO ::  Max memory per worker : 2000 MB
2026-01-29 16:23:13,643 :: INFO ::  Close cluster ...
2026-01-29 16:23:13,692 :: INFO ::  The default altitude will be used as reference altitude.
2026-01-29 16:23:13,693 :: INFO ::  The AbstractGeometry SharelocGeometry plugin will be used
2026-01-29 16:23:13,764 :: INFO ::  The AbstractGeometry SharelocGeometry plugin will be used
2026-01-29 16:23:13,784 :: INFO ::  The AbstractGeometry SharelocGeometry plugin will be used
2026-01-29 16:23:13,784 :: INFO ::  Grid generation method not specified, default  epipolar is used
2026-01-29 16:23:13,784 :: INFO ::  The GridGeneration(epipolar) application will be used
2026-01-29 16:23:13,784 :: INFO ::  Resampling method not specified, default bicubic is used
2026-01-29 16:23:13,784 :: INFO ::  The Resampling(bicubic) application will be used
2026-01-29 16:23:13,785 :: INFO ::  Sparse Matching method not specified, default  sift is used
2026-01-29 16:23:13,785 :: INFO ::  The SparseMatching(sift) application will be used
2026-01-29 16:23:13,785 :: INFO ::  The AbstractGeometry SharelocGeometry plugin will be used
2026-01-29 16:23:13,854 :: INFO ::  The AbstractGeometry SharelocGeometry plugin will be used
2026-01-29 16:23:13,873 :: INFO ::  The AbstractGeometry SharelocGeometry plugin will be used
2026-01-29 16:23:13,873 :: INFO ::  Grid generation method not specified, default  epipolar is used
2026-01-29 16:23:13,873 :: INFO ::  The GridGeneration(epipolar) application will be used
2026-01-29 16:23:13,873 :: INFO ::  Grid correction method not specified, default  default is used
2026-01-29 16:23:13,873 :: INFO ::  The GridCorrection(default) application will be used
2026-01-29 16:23:13,874 :: INFO ::  Resampling method not specified, default bicubic is used
2026-01-29 16:23:13,874 :: INFO ::  The Resampling(bicubic) application will be used
2026-01-29 16:23:13,874 :: INFO ::  dense_match_filling method not specified, default zero_padding is used
2026-01-29 16:23:13,874 :: INFO ::  The DenseMatchFilling(zero_padding) application will be used
2026-01-29 16:23:13,874 :: INFO ::  Dense Matching method not specified, default census_sgm_default is used
2026-01-29 16:23:13,874 :: INFO ::  The AbstractDenseMatching(census_sgm_default) application will be used
2026-01-29 16:23:13,934 :: INFO ::  The Triangulation(line_of_sight_intersection) application will be used
2026-01-29 16:23:13,934 :: INFO ::  MntGeneration method not specified, default bulldozer_on_raster is used
2026-01-29 16:23:13,935 :: INFO ::  The DemGeneration bulldozer_on_raster application will be used
2026-01-29 16:23:13,935 :: INFO ::  The PointCloudOutlierRemoval(small_components) application will be used
2026-01-29 16:23:13,935 :: INFO ::  The PointCloudOutlierRemoval(statistical) application will be used
2026-01-29 16:23:13,935 :: INFO ::  2 point cloud outlier removal apps registered:
 - point_cloud_outlier_removal.1=small_components
 - point_cloud_outlier_removal.2=statistical
2026-01-29 16:23:13,935 :: INFO ::  Rasterisation method not specified, default simple_gaussian is used
2026-01-29 16:23:13,936 :: INFO ::  The PointCloudRasterization(simple_gaussian) application will be used
2026-01-29 16:23:14,006 :: INFO ::  The AbstractCluster multiprocessing will be used
2026-01-29 16:23:14,812 :: INFO ::  Received 1 stereo pairs configurations
2026-01-29 16:23:16,388 :: INFO ::  Generation of DEM min
2026-01-29 16:23:17,066 :: INFO ::  Generation of DEM max
2026-01-29 16:23:17,710 :: INFO ::  Generation of DEM median
2026-01-29 16:23:21,139 :: INFO ::  Launch Bulldozer on DEM min
2026-01-29 16:23:22,486 :: INFO ::  Launch Bulldozer on DEM max
2026-01-29 16:23:23,895 :: INFO ::  Statistics of difference between subsampled DSM and DEM min (in meters)
2026-01-29 16:23:23,899 :: INFO ::  | Min    | Median | p90    | p95    | p99    | Max    |
2026-01-29 16:23:23,899 :: INFO ::  |  39.63 |  44.66 | 146.23 | 150.63 | 153.93 | 159.06 |
2026-01-29 16:23:23,900 :: INFO ::  Statistics of difference between DEM max and subsampled DSM (in meters)
2026-01-29 16:23:23,905 :: INFO ::  | Min    | Median | p90    | p95    | p99    | Max    |
2026-01-29 16:23:23,905 :: INFO ::  | -159.05 |  42.09 |  48.24 |  49.96 |  53.03 |  58.03 |
2026-01-29 16:23:23,906 :: INFO ::  Statistics of difference between DEM max and DEM min (in meters)
2026-01-29 16:23:23,910 :: INFO ::  | Min    | Median | p90    | p95    | p99    | Max    |
2026-01-29 16:23:23,910 :: INFO ::  |   0.00 |  86.73 |  94.31 |  98.89 | 125.13 | 145.55 |
2026-01-29 16:23:24,133 :: INFO ::  The AbstractGeometry SharelocGeometry plugin will be used
2026-01-29 16:23:24,965 :: INFO ::  The AbstractGeometry SharelocGeometry plugin will be used
2026-01-29 16:23:24,986 :: INFO ::  The AbstractGeometry SharelocGeometry plugin will be used
2026-01-29 16:23:25,012 :: INFO ::  Median value of DEM (143.19149780273438) will be used as default_alt
2026-01-29 16:23:25,166 :: INFO ::  DEM bounds : 1.385827114584779, 43.57855726324871, 1.448640715033151, 43.53247946638001
2026-01-29 16:23:25,166 :: INFO ::  ROI bounds : 1.3705277442280699, 43.491131137124604, 1.4829705713771648, 43.60057820347808
2026-01-29 16:23:25,332 :: INFO ::  Left satellite acquisition angles: Azimuth angle: 150.9 degrees, Elevation angle: 72.1 degrees
2026-01-29 16:23:25,333 :: INFO ::  Right satellite acquisition angles: Azimuth angle: 111.2 degrees, Elevation angle: 77.7 degrees
2026-01-29 16:23:25,333 :: INFO ::  Stereo satellite convergence angle from ground: 11.4 degrees
2026-01-29 16:23:25,333 :: INFO ::  Generating epipolar rectification grid ...
2026-01-29 16:23:25,598 :: INFO ::  Size of epipolar images: 1794x1794 pixels
2026-01-29 16:23:25,598 :: INFO ::  Disparity to altitude factor: 2.552379688818291 m/pixel
2026-01-29 16:23:25,800 :: INFO ::  The AbstractCluster multiprocessing will be used
2026-01-29 16:23:26,202 :: INFO ::  Close cluster ...
2026-01-29 16:23:26,209 :: INFO ::  The AbstractGeometry SharelocGeometry plugin will be used
2026-01-29 16:23:26,284 :: INFO ::  The AbstractGeometry SharelocGeometry plugin will be used
2026-01-29 16:23:26,302 :: INFO ::  The AbstractGeometry SharelocGeometry plugin will be used
2026-01-29 16:23:26,304 :: INFO ::  Median value of DEM (143.19149780273438) will be used as default_alt
2026-01-29 16:23:26,461 :: INFO ::  DEM bounds : 1.385827114584779, 43.57855726324871, 1.448640715033151, 43.53247946638001
2026-01-29 16:23:26,461 :: INFO ::  ROI bounds : 1.3705277442280699, 43.491131137124604, 1.4829705713771648, 43.60057820347808
2026-01-29 16:23:26,622 :: INFO ::  The GridGeneration(epipolar) application will be used
2026-01-29 16:23:26,622 :: INFO ::  The Resampling(bicubic) application will be used
2026-01-29 16:23:26,622 :: INFO ::  The SparseMatching(sift) application will be used
2026-01-29 16:23:27,029 :: INFO ::  Compute delayed ...
2026-01-29 16:23:27,224 :: INFO ::  Wait for futures results ...
2026-01-29 16:23:27,224 :: PROGRESS ::  Data list to process: [ disp_min_grid , disp_max_grid , global infos ] ...
2026-01-29 16:23:27,856 :: INFO ::  Close files ...
2026-01-29 16:23:28,491 :: INFO ::  Global Disparity range for current pair:  [-22.005 pix., 20.472 pix.] (or [-56.166 m., 52.253 m.])
2026-01-29 16:23:28,491 :: INFO ::  Global disparity range for sparse matching : [-23.0 pix, 21.0 pix]
2026-01-29 16:23:28,491 :: INFO ::  Size of epipolar image: [0, 0, 1794, 1794]
2026-01-29 16:23:28,491 :: INFO ::  Tile size for epipolar regions: 5000x60 pixels
2026-01-29 16:23:28,491 :: INFO ::  Epipolar image will be processed in 30 splits
2026-01-29 16:23:28,722 :: INFO ::  Number of tiles in epipolar resampling: row: 30 col: 1
2026-01-29 16:23:29,139 :: INFO ::  Number of left epipolar image tiles outside left sensor image and removed: 0
2026-01-29 16:23:29,139 :: INFO ::  Number of right epipolar image tiles outside right sensor image and removed: 0
2026-01-29 16:23:29,144 :: INFO ::  Generate disparity: Number tiles: 30
2026-01-29 16:23:29,147 :: INFO ::  Compute delayed ...
2026-01-29 16:23:29,149 :: INFO ::  Wait for futures results ...
2026-01-29 16:23:29,149 :: PROGRESS ::  Data list to process: [ epi_matches_left ] ...
2026-01-29 16:23:40,278 :: INFO ::  Close files ...
2026-01-29 16:23:40,397 :: INFO ::  Raw number of matches found: 4013 matches
2026-01-29 16:23:40,398 :: INFO ::  Writing raw matches file
2026-01-29 16:23:40,400 :: INFO ::  37 matches discarded because their epipolar error is greater than --epipolar_error_upper_bound = 10.0 pix considering a shift of -0.10693359375 pix
2026-01-29 16:23:40,401 :: INFO ::  Writing filtered matches file
2026-01-29 16:23:40,402 :: INFO ::  Number of matches kept for epipolar error correction: 3976 matches
2026-01-29 16:23:40,481 :: INFO ::  Epipolar error after correction: mean = 0.000 pix., standard deviation = 0.729 pix., max = 9.810 pix.
2026-01-29 16:23:40,805 :: INFO ::  Global disparity interval without margin : [-4.49 pix, 3.03 pix]
2026-01-29 16:23:40,805 :: INFO ::  Global disparity interval with margin : [-396.29 pix, 198.93 pix]
2026-01-29 16:23:41,227 :: INFO ::  Compute delayed ...
2026-01-29 16:23:41,422 :: INFO ::  Wait for futures results ...
2026-01-29 16:23:41,422 :: PROGRESS ::  Data list to process: [ disp_min_grid , disp_max_grid , global infos ] ...
2026-01-29 16:23:41,999 :: INFO ::  Close files ...
2026-01-29 16:23:42,694 :: INFO ::  Global Disparity range for current pair:  [-22.006 pix., 20.473 pix.] (or [-56.167 m., 52.254 m.])
2026-01-29 16:23:42,892 :: INFO ::  Size of epipolar image: [0, 0, 1794, 1794]
2026-01-29 16:23:42,893 :: INFO ::  Tile size for epipolar regions: 750x750 pixels
2026-01-29 16:23:42,893 :: INFO ::  Epipolar image will be processed in 9 splits
2026-01-29 16:23:44,312 :: INFO ::  Number of tiles in epipolar resampling: row: 3 col: 3
2026-01-29 16:23:44,728 :: INFO ::  Number of left epipolar image tiles outside left sensor image and removed: 0
2026-01-29 16:23:44,728 :: INFO ::  Number of right epipolar image tiles outside right sensor image and removed: 0
2026-01-29 16:23:44,747 :: INFO ::  Computing images envelopes and their intersection
2026-01-29 16:23:45,176 :: INFO ::  Terrain area covered: 1441228.0107546977 square meters (or square degrees)
2026-01-29 16:23:45,184 :: INFO ::  Terrain bounding box : [571662.0, 572473.0] x [6273800.0, 6274649.0]
2026-01-29 16:23:45,346 :: INFO ::  Total terrain bounding box : [571662.0, 572473.0] x [6273800.0, 6274649.0]
2026-01-29 16:23:45,346 :: INFO ::  Optimal terrain tile size: 401x401 pixels
2026-01-29 16:23:45,569 :: INFO ::  The conf that has been chosen regarding the world classification map is census_sgm_urban
2026-01-29 16:23:45,748 :: INFO ::  The AbstractDenseMatching(custom) application will be used
2026-01-29 16:23:45,806 :: INFO ::  Compute disparity: number tiles: 9
2026-01-29 16:23:45,815 :: INFO ::  Disparity holes filling was not activated
2026-01-29 16:23:47,056 :: INFO ::  DSM output image size: 811x849 pixels
2026-01-29 16:23:48,063 :: INFO ::  Number of tiles in cloud rasterization: row: 1 col: 9
2026-01-29 16:23:48,069 :: INFO ::  Compute delayed ...
2026-01-29 16:23:48,077 :: INFO ::  Wait for futures results ...
2026-01-29 16:23:48,077 :: PROGRESS ::  Data list to process: [ epi_img_left_mask , dsm , epi_img_right , epi_img_right_classif , performance_map , ambiguity , epi_img_left_classif , epi_img_right_mask , dsm_weights , texture , epi_img_left ] ...
2026-01-29 16:24:54,410 :: INFO ::  Close files ...
2026-01-29 16:24:55,782 :: INFO ::  Compute delayed ...
2026-01-29 16:24:55,782 :: INFO ::  No Object to compute
2026-01-29 16:24:55,978 :: INFO ::  Close cluster ...
2026-01-29 16:24:55,978 :: INFO ::  Save profiling plots ...
2026-01-29 16:24:59,309 :: INFO ::  Clean removing thread pool ...
2026-01-29 16:24:59,310 :: INFO ::  Clean tmp directory ...
2026-01-29 16:24:59,310 :: INFO ::  Clean shared directory ...
2026-01-29 16:25:03,620 :: PROGRESS ::  Starting formatting pipeline
2026-01-29 16:25:07,373 :: INFO ::  PDF profiling summary generated: ROI_INDUS/DSM/logs/profiling_summary.pdf
