2026-01-27 15:27:13,941 :: INFO :: 22694982960128 :: 1985433 :: Matching cost computation...
2026-01-27 15:27:14,209 :: INFO :: 22694982960128 :: 1985433 :: Cost optimization...
2026-01-27 15:27:14,290 :: INFO :: 22694982960128 :: 1985433 :: Cost volume confidence computation...
2026-01-27 15:27:14,291 :: INFO :: 22694982960128 :: 1985433 :: Confidence prediction...
2026-01-27 15:27:14,296 :: INFO :: 22694982960128 :: 1985433 :: You are not using ambiguity normalization by percentile; 
you are in a specific case with the instantiation of global_disparity.
2026-01-27 15:27:14,330 :: INFO :: 22694982960128 :: 1985433 :: Cost volume confidence computation...
2026-01-27 15:27:14,331 :: INFO :: 22694982960128 :: 1985433 :: Confidence prediction...
2026-01-27 15:27:14,384 :: INFO :: 22694982960128 :: 1985433 :: Cost volume confidence computation...
2026-01-27 15:27:14,384 :: INFO :: 22694982960128 :: 1985433 :: Confidence prediction...
2026-01-27 15:27:14,393 :: INFO :: 22694982960128 :: 1985433 :: Disparity computation...
2026-01-27 15:27:14,404 :: INFO :: 22694982960128 :: 1985433 :: Subpixel refinement...
2026-01-27 15:27:14,436 :: INFO :: 22694982960128 :: 1985433 :: Disparity filtering...
2026-01-27 15:27:14,496 :: INFO :: 22694982960128 :: 1985433 :: Validation...
2026-01-27 16:03:22,707 :: INFO :: 23245761168384 :: 2096944 :: Matching cost computation...
2026-01-27 16:03:22,823 :: INFO :: 23245761168384 :: 2096944 :: Cost optimization...
2026-01-27 16:03:22,868 :: INFO :: 23245761168384 :: 2096944 :: Cost volume confidence computation...
2026-01-27 16:03:22,869 :: INFO :: 23245761168384 :: 2096944 :: Confidence prediction...
2026-01-27 16:03:22,874 :: INFO :: 23245761168384 :: 2096944 :: You are not using ambiguity normalization by percentile; 
you are in a specific case with the instantiation of global_disparity.
2026-01-27 16:03:22,876 :: INFO :: 23245761168384 :: 2096944 :: Cost volume confidence computation...
2026-01-27 16:03:22,876 :: INFO :: 23245761168384 :: 2096944 :: Confidence prediction...
2026-01-27 16:03:22,950 :: INFO :: 23245761168384 :: 2096944 :: Cost volume confidence computation...
2026-01-27 16:03:22,950 :: INFO :: 23245761168384 :: 2096944 :: Confidence prediction...
2026-01-27 16:03:22,962 :: INFO :: 23245761168384 :: 2096944 :: Disparity computation...
2026-01-27 16:03:22,973 :: INFO :: 23245761168384 :: 2096944 :: Subpixel refinement...
2026-01-27 16:03:23,013 :: INFO :: 23245761168384 :: 2096944 :: Disparity filtering...
2026-01-27 16:03:23,066 :: INFO :: 23245761168384 :: 2096944 :: Validation...
