2026-01-29 16:34:58,394 :: PROGRESS ::  Starting surface modeling pipeline for resolution 1/16
2026-01-29 16:34:58,395 :: INFO ::  The AbstractCluster multiprocessing will be used
2026-01-29 16:34:58,798 :: INFO ::  Close cluster ...
2026-01-29 16:34:58,808 :: INFO ::  The default altitude will be used as reference altitude.
2026-01-29 16:34:58,808 :: INFO ::  No orchestrator configuration given:  multiprocessing mode is used
2026-01-29 16:34:58,809 :: INFO ::  The AbstractCluster multiprocessing will be used
2026-01-29 16:34:58,809 :: INFO ::  auto mode : nb_workers will be set automatically
2026-01-29 16:34:58,822 :: INFO ::  Available CPUs  in SLURM : 4
2026-01-29 16:34:58,822 :: INFO ::  Available RAM  in SLURM : 28672
2026-01-29 16:34:58,822 :: INFO ::  Number of workers : 3
2026-01-29 16:34:58,822 :: INFO ::  Max memory per worker : 2000 MB
2026-01-29 16:34:59,211 :: INFO ::  Close cluster ...
2026-01-29 16:34:59,221 :: INFO ::  The default altitude will be used as reference altitude.
2026-01-29 16:34:59,222 :: INFO ::  The AbstractGeometry SharelocGeometry plugin will be used
2026-01-29 16:34:59,293 :: INFO ::  The AbstractGeometry SharelocGeometry plugin will be used
2026-01-29 16:34:59,311 :: INFO ::  The AbstractGeometry SharelocGeometry plugin will be used
2026-01-29 16:34:59,311 :: INFO ::  Grid generation method not specified, default  epipolar is used
2026-01-29 16:34:59,311 :: INFO ::  The GridGeneration(epipolar) application will be used
2026-01-29 16:34:59,311 :: INFO ::  Resampling method not specified, default bicubic is used
2026-01-29 16:34:59,311 :: INFO ::  The Resampling(bicubic) application will be used
2026-01-29 16:34:59,311 :: INFO ::  Sparse Matching method not specified, default  sift is used
2026-01-29 16:34:59,312 :: INFO ::  The SparseMatching(sift) application will be used
2026-01-29 16:34:59,312 :: INFO ::  The AbstractGeometry SharelocGeometry plugin will be used
2026-01-29 16:34:59,382 :: INFO ::  The AbstractGeometry SharelocGeometry plugin will be used
2026-01-29 16:34:59,400 :: INFO ::  The AbstractGeometry SharelocGeometry plugin will be used
2026-01-29 16:34:59,400 :: INFO ::  The resolution of the output DSM will be 8.0 meters. 
2026-01-29 16:34:59,401 :: INFO ::  Grid generation method not specified, default  epipolar is used
2026-01-29 16:34:59,401 :: INFO ::  The GridGeneration(epipolar) application will be used
2026-01-29 16:34:59,401 :: INFO ::  Grid correction method not specified, default  default is used
2026-01-29 16:34:59,401 :: INFO ::  The GridCorrection(default) application will be used
2026-01-29 16:34:59,401 :: INFO ::  Resampling method not specified, default bicubic is used
2026-01-29 16:34:59,401 :: INFO ::  The Resampling(bicubic) application will be used
2026-01-29 16:34:59,401 :: INFO ::  dense_match_filling method not specified, default zero_padding is used
2026-01-29 16:34:59,401 :: INFO ::  The DenseMatchFilling(zero_padding) application will be used
2026-01-29 16:34:59,401 :: INFO ::  Dense Matching method not specified, default census_sgm_default is used
2026-01-29 16:34:59,403 :: INFO ::  The AbstractDenseMatching(census_sgm_default) application will be used
2026-01-29 16:34:59,458 :: INFO ::  The Triangulation(line_of_sight_intersection) application will be used
2026-01-29 16:34:59,458 :: INFO ::  MntGeneration method not specified, default bulldozer_on_raster is used
2026-01-29 16:34:59,458 :: INFO ::  The DemGeneration bulldozer_on_raster application will be used
2026-01-29 16:34:59,458 :: INFO ::  The PointCloudOutlierRemoval(small_components) application will be used
2026-01-29 16:34:59,458 :: INFO ::  The PointCloudOutlierRemoval(statistical) application will be used
2026-01-29 16:34:59,458 :: INFO ::  2 point cloud outlier removal apps registered:
 - point_cloud_outlier_removal.1=small_components
 - point_cloud_outlier_removal.2=statistical
2026-01-29 16:34:59,460 :: INFO ::  Rasterisation method not specified, default simple_gaussian is used
2026-01-29 16:34:59,460 :: INFO ::  The PointCloudRasterization(simple_gaussian) application will be used
2026-01-29 16:34:59,530 :: INFO ::  The AbstractCluster multiprocessing will be used
2026-01-29 16:35:00,336 :: INFO ::  Received 1 stereo pairs configurations
2026-01-29 16:35:00,375 :: INFO ::  Left satellite acquisition angles: Azimuth angle: 151.1 degrees, Elevation angle: 72.1 degrees
2026-01-29 16:35:00,375 :: INFO ::  Right satellite acquisition angles: Azimuth angle: 111.4 degrees, Elevation angle: 77.7 degrees
2026-01-29 16:35:00,375 :: INFO ::  Stereo satellite convergence angle from ground: 11.4 degrees
2026-01-29 16:35:00,375 :: INFO ::  Generating epipolar rectification grid ...
2026-01-29 16:35:00,410 :: INFO ::  Size of epipolar images: 111x111 pixels
2026-01-29 16:35:00,410 :: INFO ::  Disparity to altitude factor: 41.141990397303644 m/pixel
2026-01-29 16:35:00,538 :: INFO ::  The AbstractCluster multiprocessing will be used
2026-01-29 16:35:00,940 :: INFO ::  Close cluster ...
2026-01-29 16:35:00,950 :: INFO ::  The default altitude will be used as reference altitude.
2026-01-29 16:35:00,951 :: INFO ::  The AbstractGeometry SharelocGeometry plugin will be used
2026-01-29 16:35:01,019 :: INFO ::  The AbstractGeometry SharelocGeometry plugin will be used
2026-01-29 16:35:01,038 :: INFO ::  The AbstractGeometry SharelocGeometry plugin will be used
2026-01-29 16:35:01,038 :: INFO ::  The GridGeneration(epipolar) application will be used
2026-01-29 16:35:01,039 :: INFO ::  The Resampling(bicubic) application will be used
2026-01-29 16:35:01,039 :: INFO ::  The SparseMatching(sift) application will be used
2026-01-29 16:35:01,442 :: INFO ::  Margins added to left region for matching: [ 0 10  0 10]
2026-01-29 16:35:01,442 :: INFO ::  Margins added to right region for matching: [ 0 70  0 70]
2026-01-29 16:35:01,442 :: INFO ::  Size of epipolar image: [0, 0, 111, 111]
2026-01-29 16:35:01,442 :: INFO ::  Tile size for epipolar regions: 111x60 pixels
2026-01-29 16:35:01,442 :: INFO ::  Epipolar image will be processed in 2 splits
2026-01-29 16:35:01,645 :: INFO ::  Number of tiles in epipolar resampling: row: 2 col: 1
2026-01-29 16:35:02,056 :: INFO ::  Number of left epipolar image tiles outside left sensor image and removed: 0
2026-01-29 16:35:02,056 :: INFO ::  Number of right epipolar image tiles outside right sensor image and removed: 0
2026-01-29 16:35:02,059 :: INFO ::  Generate disparity: Number tiles: 2
2026-01-29 16:35:02,062 :: INFO ::  Compute delayed ...
2026-01-29 16:35:02,062 :: INFO ::  Wait for futures results ...
2026-01-29 16:35:02,062 :: PROGRESS ::  Data list to process: [ epi_matches_left ] ...
2026-01-29 16:35:02,631 :: INFO ::  Close files ...
2026-01-29 16:35:02,781 :: INFO ::  Raw number of matches found: 92 matches
2026-01-29 16:35:02,781 :: INFO ::  Writing raw matches file
2026-01-29 16:35:02,783 :: INFO ::  3 matches discarded because their epipolar error is greater than --epipolar_error_upper_bound = 10.0 pix considering a shift of -0.0500335693359375 pix
2026-01-29 16:35:02,783 :: INFO ::  Writing filtered matches file
2026-01-29 16:35:02,784 :: WARNING ::  Insufficient amount of matches found (89 < 90), can not safely estimate epipolar error correction  and disparity range
2026-01-29 16:35:02,784 :: INFO ::  Number of matches kept for epipolar error correction: 89 matches
2026-01-29 16:35:02,785 :: WARNING ::  Grid correction is not applied because number of matches found (89) is less than minimum number of matches required for grid correction (90)
2026-01-29 16:35:02,785 :: INFO ::  Global disparity interval without margin : [-5.17 pix, -1.52 pix]
2026-01-29 16:35:02,785 :: INFO ::  Global disparity interval with margin : [-29.48 pix, 10.63 pix]
2026-01-29 16:35:03,206 :: INFO ::  Compute delayed ...
2026-01-29 16:35:03,207 :: INFO ::  Wait for futures results ...
2026-01-29 16:35:03,207 :: PROGRESS ::  Data list to process: [ global infos , disp_min_grid , disp_max_grid ] ...
2026-01-29 16:35:03,522 :: INFO ::  Close files ...
2026-01-29 16:35:04,192 :: INFO ::  Global Disparity range for current pair:  [-29.477 pix., 10.629 pix.] (or [-1212.745 m., 437.308 m.])
2026-01-29 16:35:04,391 :: INFO ::  Size of epipolar image: [0, 0, 111, 111]
2026-01-29 16:35:04,391 :: INFO ::  Tile size for epipolar regions: 750x750 pixels
2026-01-29 16:35:04,391 :: INFO ::  Epipolar image will be processed in 1 splits
2026-01-29 16:35:04,594 :: INFO ::  Number of tiles in epipolar resampling: row: 1 col: 1
2026-01-29 16:35:05,004 :: INFO ::  Number of left epipolar image tiles outside left sensor image and removed: 0
2026-01-29 16:35:05,004 :: INFO ::  Number of right epipolar image tiles outside right sensor image and removed: 0
2026-01-29 16:35:05,020 :: INFO ::  Computing images envelopes and their intersection
2026-01-29 16:35:05,424 :: INFO ::  Terrain area covered: 2357668.2740619355 square meters (or square degrees)
2026-01-29 16:35:05,432 :: INFO ::  Terrain bounding box : [573016.0, 573832.0] x [6276872.0, 6277704.0]
2026-01-29 16:35:05,622 :: INFO ::  Total terrain bounding box : [573016.0, 573832.0] x [6276872.0, 6277704.0]
2026-01-29 16:35:05,622 :: INFO ::  Optimal terrain tile size: 192x192 pixels
2026-01-29 16:35:05,854 :: INFO ::  The conf that has been chosen regarding the world classification map is census_sgm_urban
2026-01-29 16:35:06,024 :: INFO ::  The AbstractDenseMatching(custom) application will be used
2026-01-29 16:35:06,077 :: INFO ::  Compute disparity: number tiles: 1
2026-01-29 16:35:06,078 :: INFO ::  Disparity holes filling was not activated
2026-01-29 16:35:07,295 :: INFO ::  DSM output image size: 622x625 pixels
2026-01-29 16:35:07,900 :: INFO ::  Number of tiles in cloud rasterization: row: 1 col: 1
2026-01-29 16:35:07,906 :: INFO ::  Compute delayed ...
2026-01-29 16:35:07,907 :: INFO ::  Wait for futures results ...
2026-01-29 16:35:07,907 :: PROGRESS ::  Data list to process: [ dsm_weights , dsm , texture ] ...
2026-01-29 16:35:10,161 :: INFO ::  Close files ...
2026-01-29 16:35:10,591 :: INFO ::  Compute delayed ...
2026-01-29 16:35:10,591 :: INFO ::  No Object to compute
2026-01-29 16:35:10,787 :: INFO ::  Close cluster ...
2026-01-29 16:35:10,787 :: INFO ::  Save profiling plots ...
2026-01-29 16:35:13,629 :: INFO ::  Clean removing thread pool ...
2026-01-29 16:35:13,629 :: INFO ::  Clean tmp directory ...
2026-01-29 16:35:13,630 :: INFO ::  Clean shared directory ...
