2026-01-27 15:27:30,595 :: INFO :: 22694982960128 :: 1987464 :: Max grid max - grid min : 18.006703579987995 disp 
2026-01-27 15:27:38,666 :: INFO :: 22694982960128 :: 1987464 :: Max grid max - grid min : 18.006703579987995 disp 
2026-01-27 15:27:46,103 :: INFO :: 22694982960128 :: 1987464 :: Matching cost computation...
2026-01-27 15:27:47,140 :: INFO :: 22694982960128 :: 1987464 :: Cost optimization...
2026-01-27 15:27:47,457 :: INFO :: 22694982960128 :: 1987464 :: Cost volume confidence computation...
2026-01-27 15:27:47,458 :: INFO :: 22694982960128 :: 1987464 :: Confidence prediction...
2026-01-27 15:27:47,538 :: INFO :: 22694982960128 :: 1987464 :: You are not using ambiguity normalization by percentile; 
you are in a specific case with the instantiation of global_disparity.
2026-01-27 15:27:47,540 :: INFO :: 22694982960128 :: 1987464 :: Cost volume confidence computation...
2026-01-27 15:27:47,541 :: INFO :: 22694982960128 :: 1987464 :: Confidence prediction...
2026-01-27 15:27:47,919 :: INFO :: 22694982960128 :: 1987464 :: Cost volume confidence computation...
2026-01-27 15:27:47,920 :: INFO :: 22694982960128 :: 1987464 :: Confidence prediction...
2026-01-27 15:27:48,010 :: INFO :: 22694982960128 :: 1987464 :: Disparity computation...
2026-01-27 15:27:48,120 :: INFO :: 22694982960128 :: 1987464 :: Subpixel refinement...
2026-01-27 15:27:48,906 :: INFO :: 22694982960128 :: 1987464 :: Disparity filtering...
2026-01-27 15:27:49,611 :: INFO :: 22694982960128 :: 1987464 :: Validation...
2026-01-27 16:03:40,295 :: INFO :: 23245761168384 :: 2097974 :: Max grid max - grid min : 18.006703579987995 disp 
2026-01-27 16:03:47,911 :: INFO :: 23245761168384 :: 2097974 :: Max grid max - grid min : 18.006703579987995 disp 
2026-01-27 16:03:54,957 :: INFO :: 23245761168384 :: 2097974 :: Matching cost computation...
2026-01-27 16:03:55,949 :: INFO :: 23245761168384 :: 2097974 :: Cost optimization...
2026-01-27 16:03:56,270 :: INFO :: 23245761168384 :: 2097974 :: Cost volume confidence computation...
2026-01-27 16:03:56,270 :: INFO :: 23245761168384 :: 2097974 :: Confidence prediction...
2026-01-27 16:03:56,356 :: INFO :: 23245761168384 :: 2097974 :: You are not using ambiguity normalization by percentile; 
you are in a specific case with the instantiation of global_disparity.
2026-01-27 16:03:56,358 :: INFO :: 23245761168384 :: 2097974 :: Cost volume confidence computation...
2026-01-27 16:03:56,359 :: INFO :: 23245761168384 :: 2097974 :: Confidence prediction...
2026-01-27 16:03:56,800 :: INFO :: 23245761168384 :: 2097974 :: Cost volume confidence computation...
2026-01-27 16:03:56,800 :: INFO :: 23245761168384 :: 2097974 :: Confidence prediction...
2026-01-27 16:03:56,843 :: INFO :: 23245761168384 :: 2097974 :: Disparity computation...
2026-01-27 16:03:56,951 :: INFO :: 23245761168384 :: 2097974 :: Subpixel refinement...
2026-01-27 16:03:57,759 :: INFO :: 23245761168384 :: 2097974 :: Disparity filtering...
2026-01-27 16:03:58,431 :: INFO :: 23245761168384 :: 2097974 :: Validation...
