2026-01-29 16:22:12,216 :: PROGRESS ::  Starting surface modeling pipeline for resolution 1/16
2026-01-29 16:22:12,217 :: INFO ::  The AbstractCluster multiprocessing will be used
2026-01-29 16:22:12,419 :: PROFILING_LOG ::  CarsProfiling# %Multiprocessing orchestrator initialization%: %0.0062% s Max ram : %496.10752% MiB Start Ram: %496.10752% MiB, End Ram: %496.10752% MiB,  Max CPU usage: %0%
2026-01-29 16:22:12,621 :: PROFILING_LOG ::  CarsProfiling# %Compute futures%: %0.0004% s Max ram : %496.10752% MiB Start Ram: %496.10752% MiB, End Ram: %496.144384% MiB,  Max CPU usage: %0%
2026-01-29 16:22:12,621 :: INFO ::  Close cluster ...
2026-01-29 16:22:12,628 :: INFO ::  The default altitude will be used as reference altitude.
2026-01-29 16:22:12,628 :: INFO ::  No orchestrator configuration given:  multiprocessing mode is used
2026-01-29 16:22:12,628 :: INFO ::  The AbstractCluster multiprocessing will be used
2026-01-29 16:22:12,629 :: INFO ::  auto mode : nb_workers will be set automatically
2026-01-29 16:22:14,506 :: INFO ::  Available CPUs  in SLURM : 4
2026-01-29 16:22:14,506 :: INFO ::  Available RAM  in SLURM : 28672
2026-01-29 16:22:14,507 :: INFO ::  Number of workers : 3
2026-01-29 16:22:14,507 :: INFO ::  Max memory per worker : 2000 MB
2026-01-29 16:22:14,632 :: PROFILING_LOG ::  CarsProfiling# %Multiprocessing orchestrator initialization%: %1.8830% s Max ram : %496.144384% MiB Start Ram: %496.144384% MiB, End Ram: %496.14848% MiB,  Max CPU usage: %10.0%
2026-01-29 16:22:14,834 :: PROFILING_LOG ::  CarsProfiling# %Compute futures%: %0.0005% s Max ram : %496.14848% MiB Start Ram: %496.14848% MiB, End Ram: %496.234496% MiB,  Max CPU usage: %0%
2026-01-29 16:22:14,834 :: INFO ::  Close cluster ...
2026-01-29 16:22:14,840 :: INFO ::  The default altitude will be used as reference altitude.
2026-01-29 16:22:14,841 :: INFO ::  The AbstractGeometry SharelocGeometry plugin will be used
2026-01-29 16:22:14,912 :: INFO ::  The AbstractGeometry SharelocGeometry plugin will be used
2026-01-29 16:22:14,930 :: INFO ::  The AbstractGeometry SharelocGeometry plugin will be used
2026-01-29 16:22:14,930 :: INFO ::  Grid generation method not specified, default  epipolar is used
2026-01-29 16:22:14,930 :: INFO ::  The GridGeneration(epipolar) application will be used
2026-01-29 16:22:14,931 :: INFO ::  Resampling method not specified, default bicubic is used
2026-01-29 16:22:14,931 :: INFO ::  The Resampling(bicubic) application will be used
2026-01-29 16:22:14,931 :: INFO ::  Sparse Matching method not specified, default  sift is used
2026-01-29 16:22:14,931 :: INFO ::  The SparseMatching(sift) application will be used
2026-01-29 16:22:14,931 :: INFO ::  The AbstractGeometry SharelocGeometry plugin will be used
2026-01-29 16:22:15,001 :: INFO ::  The AbstractGeometry SharelocGeometry plugin will be used
2026-01-29 16:22:15,019 :: INFO ::  The AbstractGeometry SharelocGeometry plugin will be used
2026-01-29 16:22:15,019 :: INFO ::  The resolution of the output DSM will be 8.0 meters. 
2026-01-29 16:22:15,020 :: INFO ::  Grid generation method not specified, default  epipolar is used
2026-01-29 16:22:15,020 :: INFO ::  The GridGeneration(epipolar) application will be used
2026-01-29 16:22:15,020 :: INFO ::  Grid correction method not specified, default  default is used
2026-01-29 16:22:15,020 :: INFO ::  The GridCorrection(default) application will be used
2026-01-29 16:22:15,020 :: INFO ::  Resampling method not specified, default bicubic is used
2026-01-29 16:22:15,020 :: INFO ::  The Resampling(bicubic) application will be used
2026-01-29 16:22:15,020 :: INFO ::  dense_match_filling method not specified, default zero_padding is used
2026-01-29 16:22:15,020 :: INFO ::  The DenseMatchFilling(zero_padding) application will be used
2026-01-29 16:22:15,020 :: INFO ::  Dense Matching method not specified, default census_sgm_default is used
2026-01-29 16:22:15,021 :: INFO ::  The AbstractDenseMatching(census_sgm_default) application will be used
2026-01-29 16:22:15,079 :: INFO ::  The Triangulation(line_of_sight_intersection) application will be used
2026-01-29 16:22:15,079 :: INFO ::  MntGeneration method not specified, default bulldozer_on_raster is used
2026-01-29 16:22:15,079 :: INFO ::  The DemGeneration bulldozer_on_raster application will be used
2026-01-29 16:22:15,080 :: INFO ::  The PointCloudOutlierRemoval(small_components) application will be used
2026-01-29 16:22:15,080 :: INFO ::  The PointCloudOutlierRemoval(statistical) application will be used
2026-01-29 16:22:15,080 :: INFO ::  2 point cloud outlier removal apps registered:
 - point_cloud_outlier_removal.1=small_components
 - point_cloud_outlier_removal.2=statistical
2026-01-29 16:22:15,082 :: INFO ::  Rasterisation method not specified, default simple_gaussian is used
2026-01-29 16:22:15,082 :: INFO ::  The PointCloudRasterization(simple_gaussian) application will be used
2026-01-29 16:22:15,151 :: INFO ::  The AbstractCluster multiprocessing will be used
2026-01-29 16:22:15,352 :: PROFILING_LOG ::  CarsProfiling# %Multiprocessing orchestrator initialization%: %0.0474% s Max ram : %497.631232% MiB Start Ram: %497.631232% MiB, End Ram: %497.717248% MiB,  Max CPU usage: %20.0%
2026-01-29 16:22:15,555 :: PROFILING_LOG ::  CarsProfiling# %Compute roi poly%: %0.0006% s Max ram : %497.733632% MiB Start Ram: %497.733632% MiB, End Ram: %497.823744% MiB,  Max CPU usage: %0%
2026-01-29 16:22:15,757 :: PROFILING_LOG ::  CarsProfiling# %Load geomodels%: %0.0004% s Max ram : %497.823744% MiB Start Ram: %497.823744% MiB, End Ram: %497.823744% MiB,  Max CPU usage: %0%
2026-01-29 16:22:15,958 :: PROFILING_LOG ::  CarsProfiling# %Generate pairs%: %0.0004% s Max ram : %497.823744% MiB Start Ram: %497.823744% MiB, End Ram: %497.823744% MiB,  Max CPU usage: %0%
2026-01-29 16:22:15,958 :: INFO ::  Received 1 stereo pairs configurations
2026-01-29 16:22:15,998 :: INFO ::  Left satellite acquisition angles: Azimuth angle: 150.9 degrees, Elevation angle: 72.1 degrees
2026-01-29 16:22:15,998 :: INFO ::  Right satellite acquisition angles: Azimuth angle: 111.2 degrees, Elevation angle: 77.7 degrees
2026-01-29 16:22:15,998 :: INFO ::  Stereo satellite convergence angle from ground: 11.4 degrees
2026-01-29 16:22:15,998 :: INFO ::  Generating epipolar rectification grid ...
2026-01-29 16:22:16,036 :: INFO ::  Size of epipolar images: 111x111 pixels
2026-01-29 16:22:16,036 :: INFO ::  Disparity to altitude factor: 41.166935383718645 m/pixel
2026-01-29 16:22:16,159 :: PROFILING_LOG ::  CarsProfiling# %Epi Grid Generation%: %0.0778% s Max ram : %498.020352% MiB Start Ram: %497.823744% MiB, End Ram: %498.024448% MiB,  Max CPU usage: %69.9%
2026-01-29 16:22:16,160 :: INFO ::  The AbstractCluster multiprocessing will be used
2026-01-29 16:22:16,361 :: PROFILING_LOG ::  CarsProfiling# %Multiprocessing orchestrator initialization%: %0.0061% s Max ram : %498.040832% MiB Start Ram: %498.024448% MiB, End Ram: %498.040832% MiB,  Max CPU usage: %0%
2026-01-29 16:22:16,563 :: PROFILING_LOG ::  CarsProfiling# %Compute futures%: %0.0006% s Max ram : %500.137984% MiB Start Ram: %498.040832% MiB, End Ram: %498.151424% MiB,  Max CPU usage: %0%
2026-01-29 16:22:16,563 :: INFO ::  Close cluster ...
2026-01-29 16:22:16,569 :: INFO ::  The default altitude will be used as reference altitude.
2026-01-29 16:22:16,570 :: INFO ::  The AbstractGeometry SharelocGeometry plugin will be used
2026-01-29 16:22:16,639 :: INFO ::  The AbstractGeometry SharelocGeometry plugin will be used
2026-01-29 16:22:16,658 :: INFO ::  The AbstractGeometry SharelocGeometry plugin will be used
2026-01-29 16:22:16,659 :: INFO ::  The GridGeneration(epipolar) application will be used
2026-01-29 16:22:16,659 :: INFO ::  The Resampling(bicubic) application will be used
2026-01-29 16:22:16,659 :: INFO ::  The SparseMatching(sift) application will be used
2026-01-29 16:22:16,860 :: PROFILING_LOG ::  CarsProfiling# %Load geomodels%: %0.0004% s Max ram : %498.413568% MiB Start Ram: %498.413568% MiB, End Ram: %498.413568% MiB,  Max CPU usage: %0%
2026-01-29 16:22:17,061 :: PROFILING_LOG ::  CarsProfiling# %Generate pairs%: %0.0004% s Max ram : %498.413568% MiB Start Ram: %498.413568% MiB, End Ram: %498.413568% MiB,  Max CPU usage: %0%
2026-01-29 16:22:17,062 :: INFO ::  Margins added to left region for matching: [ 0 10  0 10]
2026-01-29 16:22:17,063 :: INFO ::  Margins added to right region for matching: [ 0 70  0 70]
2026-01-29 16:22:17,063 :: INFO ::  Size of epipolar image: [0, 0, 111, 111]
2026-01-29 16:22:17,063 :: INFO ::  Tile size for epipolar regions: 111x60 pixels
2026-01-29 16:22:17,063 :: INFO ::  Epipolar image will be processed in 2 splits
2026-01-29 16:22:17,265 :: PROFILING_LOG ::  CarsProfiling# %Grid margins 2 overlaps%: %0.0016% s Max ram : %498.622464% MiB Start Ram: %498.622464% MiB, End Ram: %498.622464% MiB,  Max CPU usage: %0%
2026-01-29 16:22:17,266 :: INFO ::  Number of tiles in epipolar resampling: row: 2 col: 1
2026-01-29 16:22:17,467 :: PROFILING_LOG ::  CarsProfiling# %Get paths and bands%: %0.0003% s Max ram : %498.622464% MiB Start Ram: %498.622464% MiB, End Ram: %498.622464% MiB,  Max CPU usage: %10.0%
2026-01-29 16:22:17,669 :: PROFILING_LOG ::  CarsProfiling# %Get paths and bands%: %0.0004% s Max ram : %498.622464% MiB Start Ram: %498.622464% MiB, End Ram: %498.622464% MiB,  Max CPU usage: %0%
2026-01-29 16:22:17,695 :: INFO ::  Number of left epipolar image tiles outside left sensor image and removed: 0
2026-01-29 16:22:17,695 :: INFO ::  Number of right epipolar image tiles outside right sensor image and removed: 0
2026-01-29 16:22:17,697 :: INFO ::  Generate disparity: Number tiles: 2
2026-01-29 16:22:17,700 :: INFO ::  Compute delayed ...
2026-01-29 16:22:17,701 :: INFO ::  Wait for futures results ...
2026-01-29 16:22:17,701 :: PROGRESS ::  Data list to process: [ epi_matches_left ] ...
2026-01-29 16:22:18,215 :: INFO ::  Close files ...
2026-01-29 16:22:18,413 :: PROFILING_LOG ::  CarsProfiling# %Compute futures%: %0.5179% s Max ram : %501.366784% MiB Start Ram: %501.32992% MiB, End Ram: %501.366784% MiB,  Max CPU usage: %114.1%
2026-01-29 16:22:18,418 :: INFO ::  Raw number of matches found: 117 matches
2026-01-29 16:22:18,419 :: INFO ::  Writing raw matches file
2026-01-29 16:22:18,421 :: INFO ::  0 matches discarded because their epipolar error is greater than --epipolar_error_upper_bound = 10.0 pix considering a shift of 0.00148773193359375 pix
2026-01-29 16:22:18,421 :: INFO ::  Writing filtered matches file
2026-01-29 16:22:18,422 :: INFO ::  Number of matches kept for epipolar error correction: 117 matches
2026-01-29 16:22:18,467 :: INFO ::  Epipolar error after correction: mean = 0.000 pix., standard deviation = 0.406 pix., max = 3.510 pix.
2026-01-29 16:22:18,668 :: PROFILING_LOG ::  CarsProfiling# %Correct grid%: %0.0053% s Max ram : %502.157312% MiB Start Ram: %502.157312% MiB, End Ram: %502.247424% MiB,  Max CPU usage: %0%
2026-01-29 16:22:18,824 :: PROFILING_LOG ::  CarsProfiling# %Epi Grid Generation%: %0.2456% s Max ram : %502.247424% MiB Start Ram: %501.41184% MiB, End Ram: %502.247424% MiB,  Max CPU usage: %10.0%
2026-01-29 16:22:18,824 :: INFO ::  Global disparity interval without margin : [-8.07 pix, -3.81 pix]
2026-01-29 16:22:18,825 :: INFO ::  Global disparity interval with margin : [-32.36 pix, 8.34 pix]
2026-01-29 16:22:19,040 :: PROFILING_LOG ::  CarsProfiling# %Add to save lists%: %0.0003% s Max ram : %502.247424% MiB Start Ram: %502.247424% MiB, End Ram: %502.247424% MiB,  Max CPU usage: %0%
2026-01-29 16:22:19,241 :: PROFILING_LOG ::  CarsProfiling# %Add to save lists%: %0.0004% s Max ram : %502.247424% MiB Start Ram: %502.247424% MiB, End Ram: %502.247424% MiB,  Max CPU usage: %10.0%
2026-01-29 16:22:19,243 :: INFO ::  Compute delayed ...
2026-01-29 16:22:19,244 :: INFO ::  Wait for futures results ...
2026-01-29 16:22:19,244 :: PROGRESS ::  Data list to process: [ disp_min_grid , disp_max_grid , global infos ] ...
2026-01-29 16:22:19,554 :: INFO ::  Close files ...
2026-01-29 16:22:19,742 :: PROFILING_LOG ::  CarsProfiling# %Compute futures%: %0.3133% s Max ram : %502.665216% MiB Start Ram: %502.247424% MiB, End Ram: %502.665216% MiB,  Max CPU usage: %98.1%
2026-01-29 16:22:19,902 :: PROFILING_LOG ::  CarsProfiling# %Disp Grid Generation%: %0.9051% s Max ram : %502.665216% MiB Start Ram: %502.247424% MiB, End Ram: %502.665216% MiB,  Max CPU usage: %104.6%
2026-01-29 16:22:20,116 :: PROFILING_LOG ::  CarsProfiling# %Compute epipolar roi%: %0.0004% s Max ram : %502.665216% MiB Start Ram: %502.665216% MiB, End Ram: %502.665216% MiB,  Max CPU usage: %0%
2026-01-29 16:22:20,317 :: PROFILING_LOG ::  CarsProfiling# %Optimal size estimation%: %0.0033% s Max ram : %502.665216% MiB Start Ram: %502.665216% MiB, End Ram: %502.665216% MiB,  Max CPU usage: %0%
2026-01-29 16:22:20,320 :: INFO ::  Global Disparity range for current pair:  [-32.363 pix., 8.339 pix.] (or [-1332.266 m., 343.287 m.])
2026-01-29 16:22:20,519 :: PROFILING_LOG ::  CarsProfiling# %Get margin fun%: %0.0028% s Max ram : %502.726656% MiB Start Ram: %502.665216% MiB, End Ram: %502.726656% MiB,  Max CPU usage: %0%
2026-01-29 16:22:20,519 :: INFO ::  Size of epipolar image: [0, 0, 111, 111]
2026-01-29 16:22:20,519 :: INFO ::  Tile size for epipolar regions: 750x750 pixels
2026-01-29 16:22:20,519 :: INFO ::  Epipolar image will be processed in 1 splits
2026-01-29 16:22:20,721 :: PROFILING_LOG ::  CarsProfiling# %Grid margins 2 overlaps%: %0.0017% s Max ram : %502.726656% MiB Start Ram: %502.726656% MiB, End Ram: %502.726656% MiB,  Max CPU usage: %0%
2026-01-29 16:22:20,925 :: PROFILING_LOG ::  CarsProfiling# %Add to save lists%: %0.0004% s Max ram : %502.726656% MiB Start Ram: %502.726656% MiB, End Ram: %502.726656% MiB,  Max CPU usage: %0%
2026-01-29 16:22:21,126 :: PROFILING_LOG ::  CarsProfiling# %Add to save lists%: %0.0005% s Max ram : %502.726656% MiB Start Ram: %502.726656% MiB, End Ram: %502.726656% MiB,  Max CPU usage: %0%
2026-01-29 16:22:21,327 :: PROFILING_LOG ::  CarsProfiling# %Add to save lists%: %0.0004% s Max ram : %502.726656% MiB Start Ram: %502.726656% MiB, End Ram: %502.726656% MiB,  Max CPU usage: %0%
2026-01-29 16:22:21,528 :: PROFILING_LOG ::  CarsProfiling# %Add to save lists%: %0.0003% s Max ram : %502.726656% MiB Start Ram: %502.726656% MiB, End Ram: %502.726656% MiB,  Max CPU usage: %0%
2026-01-29 16:22:21,729 :: PROFILING_LOG ::  CarsProfiling# %Add to save lists%: %0.0003% s Max ram : %502.726656% MiB Start Ram: %502.726656% MiB, End Ram: %502.726656% MiB,  Max CPU usage: %0%
2026-01-29 16:22:21,931 :: PROFILING_LOG ::  CarsProfiling# %Add to save lists%: %0.0005% s Max ram : %502.726656% MiB Start Ram: %502.726656% MiB, End Ram: %502.726656% MiB,  Max CPU usage: %0%
2026-01-29 16:22:21,931 :: INFO ::  Number of tiles in epipolar resampling: row: 1 col: 1
2026-01-29 16:22:22,132 :: PROFILING_LOG ::  CarsProfiling# %Get paths and bands%: %0.0003% s Max ram : %502.726656% MiB Start Ram: %502.726656% MiB, End Ram: %502.726656% MiB,  Max CPU usage: %0%
2026-01-29 16:22:22,333 :: PROFILING_LOG ::  CarsProfiling# %Get paths and bands%: %0.0003% s Max ram : %502.726656% MiB Start Ram: %502.726656% MiB, End Ram: %502.726656% MiB,  Max CPU usage: %0%
2026-01-29 16:22:22,340 :: INFO ::  Number of left epipolar image tiles outside left sensor image and removed: 0
2026-01-29 16:22:22,340 :: INFO ::  Number of right epipolar image tiles outside right sensor image and removed: 0
2026-01-29 16:22:22,359 :: INFO ::  Computing images envelopes and their intersection
2026-01-29 16:22:22,560 :: PROFILING_LOG ::  CarsProfiling# %Ground intersection envelopes%: %0.0981% s Max ram : %513.92512% MiB Start Ram: %502.976512% MiB, End Ram: %513.92512% MiB,  Max CPU usage: %99.9%
2026-01-29 16:22:22,762 :: PROFILING_LOG ::  CarsProfiling# %Compute epipolar grid min max%: %0.0617% s Max ram : %515.489792% MiB Start Ram: %513.92512% MiB, End Ram: %515.489792% MiB,  Max CPU usage: %59.9%
2026-01-29 16:22:22,762 :: INFO ::  Terrain area covered: 2384171.065469282 square meters (or square degrees)
2026-01-29 16:22:22,771 :: INFO ::  Terrain bounding box : [571624.0, 572440.0] x [6273840.0, 6274680.0]
2026-01-29 16:22:22,960 :: PROFILING_LOG ::  CarsProfiling# %Compute terrain bbox%: %0.4126% s Max ram : %515.489792% MiB Start Ram: %502.976512% MiB, End Ram: %515.489792% MiB,  Max CPU usage: %99.9%
2026-01-29 16:22:22,960 :: INFO ::  Total terrain bounding box : [571624.0, 572440.0] x [6273840.0, 6274680.0]
2026-01-29 16:22:22,960 :: INFO ::  Optimal terrain tile size: 194x194 pixels
2026-01-29 16:22:23,161 :: PROFILING_LOG ::  CarsProfiling# %Compute terrain bounds%: %0.0007% s Max ram : %515.489792% MiB Start Ram: %515.489792% MiB, End Ram: %515.489792% MiB,  Max CPU usage: %0%
2026-01-29 16:22:23,198 :: INFO ::  The conf that has been chosen regarding the world classification map is census_sgm_urban
2026-01-29 16:22:23,362 :: PROFILING_LOG ::  CarsProfiling# %Find auto conf%: %0.0374% s Max ram : %516.861952% MiB Start Ram: %515.489792% MiB, End Ram: %516.861952% MiB,  Max CPU usage: %10.0%
2026-01-29 16:22:23,362 :: INFO ::  The AbstractDenseMatching(custom) application will be used
2026-01-29 16:22:23,417 :: INFO ::  Compute disparity: number tiles: 1
2026-01-29 16:22:23,419 :: INFO ::  Disparity holes filling was not activated
2026-01-29 16:22:23,626 :: PROFILING_LOG ::  CarsProfiling# %Transform disp range grid to two layers%: %0.0006% s Max ram : %516.861952% MiB Start Ram: %516.861952% MiB, End Ram: %516.861952% MiB,  Max CPU usage: %0%
2026-01-29 16:22:23,827 :: PROFILING_LOG ::  CarsProfiling# %Transform four layers to two layers grid%: %0.0004% s Max ram : %516.861952% MiB Start Ram: %516.861952% MiB, End Ram: %516.861952% MiB,  Max CPU usage: %0%
2026-01-29 16:22:24,028 :: PROFILING_LOG ::  CarsProfiling# %Compute epipolar grid min max%: %0.0583% s Max ram : %516.861952% MiB Start Ram: %516.861952% MiB, End Ram: %516.861952% MiB,  Max CPU usage: %50.0%
2026-01-29 16:22:24,230 :: PROFILING_LOG ::  CarsProfiling# %Save triangulation output%: %0.0010% s Max ram : %516.861952% MiB Start Ram: %516.861952% MiB, End Ram: %516.861952% MiB,  Max CPU usage: %0%
2026-01-29 16:22:24,431 :: PROFILING_LOG ::  CarsProfiling# %Fill index%: %0.0004% s Max ram : %516.861952% MiB Start Ram: %516.861952% MiB, End Ram: %516.861952% MiB,  Max CPU usage: %0%
2026-01-29 16:22:24,632 :: PROFILING_LOG ::  CarsProfiling# %Preprocess depth maps%: %0.0004% s Max ram : %517.009408% MiB Start Ram: %517.009408% MiB, End Ram: %517.009408% MiB,  Max CPU usage: %0%
2026-01-29 16:22:24,633 :: INFO ::  DSM output image size: 622x626 pixels
2026-01-29 16:22:24,835 :: PROFILING_LOG ::  CarsProfiling# %Add to save lists%: %0.0003% s Max ram : %517.009408% MiB Start Ram: %517.009408% MiB, End Ram: %517.009408% MiB,  Max CPU usage: %0%
2026-01-29 16:22:25,036 :: PROFILING_LOG ::  CarsProfiling# %Add to save lists%: %0.0003% s Max ram : %517.009408% MiB Start Ram: %517.009408% MiB, End Ram: %517.009408% MiB,  Max CPU usage: %0%
2026-01-29 16:22:25,237 :: PROFILING_LOG ::  CarsProfiling# %Add to save lists%: %0.0005% s Max ram : %517.009408% MiB Start Ram: %517.009408% MiB, End Ram: %517.009408% MiB,  Max CPU usage: %0%
2026-01-29 16:22:25,238 :: INFO ::  Number of tiles in cloud rasterization: row: 1 col: 1
2026-01-29 16:22:25,243 :: INFO ::  Compute delayed ...
2026-01-29 16:22:25,244 :: INFO ::  Wait for futures results ...
2026-01-29 16:22:25,244 :: PROGRESS ::  Data list to process: [ epi_img_left_mask , dsm , epi_img_right , epi_img_right_classif , epi_img_left_classif , epi_img_right_mask , dsm_weights , texture , epi_img_left ] ...
2026-01-29 16:22:27,655 :: INFO ::  Close files ...
2026-01-29 16:22:27,776 :: PROFILING_LOG ::  CarsProfiling# %Compute futures%: %2.4372% s Max ram : %519.897088% MiB Start Ram: %517.009408% MiB, End Ram: %519.901184% MiB,  Max CPU usage: %123.6%
2026-01-29 16:22:27,993 :: PROFILING_LOG ::  CarsProfiling# %Final cleanup%: %0.0006% s Max ram : %519.909376% MiB Start Ram: %519.909376% MiB, End Ram: %519.909376% MiB,  Max CPU usage: %0%
2026-01-29 16:22:27,998 :: INFO ::  Compute delayed ...
2026-01-29 16:22:27,999 :: INFO ::  No Object to compute
2026-01-29 16:22:28,195 :: PROFILING_LOG ::  CarsProfiling# %Compute futures%: %0.0056% s Max ram : %519.921664% MiB Start Ram: %519.909376% MiB, End Ram: %519.921664% MiB,  Max CPU usage: %10.0%
2026-01-29 16:22:28,195 :: INFO ::  Close cluster ...
2026-01-29 16:22:28,195 :: INFO ::  Save profiling plots ...
2026-01-29 16:22:31,216 :: INFO ::  Clean removing thread pool ...
2026-01-29 16:22:31,216 :: INFO ::  Clean tmp directory ...
2026-01-29 16:22:31,217 :: INFO ::  Clean shared directory ...
2026-01-29 16:22:31,403 :: PROFILING_LOG ::  CarsProfiling# %run_surface_modeling_pipeline%: %16.1073% s Max ram : %529.207296% MiB Start Ram: %497.631232% MiB, End Ram: %529.211392% MiB,  Max CPU usage: %100.4%
2026-01-29 16:22:31,404 :: PROFILING_LOG ::  
 
 
 ---------------------------------------- SUMMARY PROFILLING  ---------------------------------------- 
 
 

2026-01-29 16:22:31,405 :: PROFILING_LOG ::  Task generate_epipolar_images_wrapper ran 3 times, with mean time 0.020133333333333333 sec, total time: 0.060399999999999995 sec, Max cpu: 30.0 % max ram in process during task: 369.28170666666665 MiB, max ram - start ram: 4.493311999999946,   end - start ram : 2.6869759999999587
2026-01-29 16:22:31,406 :: PROFILING_LOG ::  Task compute_matches_wrapper ran 2 times, with mean time 0.09839999999999999 sec, total time: 0.19679999999999997 sec, Max cpu: 99.9 % max ram in process during task: 371.18156799999997 MiB, max ram - start ram: 4.653055999999992,   end - start ram : 4.653055999999992
2026-01-29 16:22:31,407 :: PROFILING_LOG ::  Task generate_disp_range_const_tile_wrapper ran 1 times, with mean time 0.0051 sec, total time: 0.0051 sec, Max cpu: 0.0 % max ram in process during task: 364.363776 MiB, max ram - start ram: 0.4669439999999554,   end - start ram : -1.1714560000000347
2026-01-29 16:22:31,408 :: PROFILING_LOG ::  Task compute_disparity_wrapper ran 1 times, with mean time 0.4259 sec, total time: 0.4259 sec, Max cpu: 103.1 % max ram in process during task: 385.929216 MiB, max ram - start ram: 13.877248000000009,   end - start ram : 13.877248000000009
2026-01-29 16:22:31,409 :: PROFILING_LOG ::  Task triangulation_wrapper ran 1 times, with mean time 0.6954 sec, total time: 0.6954 sec, Max cpu: 107.2 % max ram in process during task: 397.611008 MiB, max ram - start ram: 11.68179200000003,   end - start ram : 11.68179200000003
2026-01-29 16:22:31,409 :: PROFILING_LOG ::  Task epipolar_small_component_removal_wrapper ran 1 times, with mean time 0.0246 sec, total time: 0.0246 sec, Max cpu: 8.6 % max ram in process during task: 398.639104 MiB, max ram - start ram: 1.0280959999999482,   end - start ram : 1.0280959999999482
2026-01-29 16:22:31,410 :: PROFILING_LOG ::  Task epipolar_statistical_removal_wrapper ran 1 times, with mean time 0.0091 sec, total time: 0.0091 sec, Max cpu: 9.9 % max ram in process during task: 398.639104 MiB, max ram - start ram: 0.0,   end - start ram : 0.0
2026-01-29 16:22:31,411 :: PROFILING_LOG ::  Task rasterization_wrapper ran 1 times, with mean time 0.0347 sec, total time: 0.0347 sec, Max cpu: 39.8 % max ram in process during task: 399.204352 MiB, max ram - start ram: 0.5652479999999969,   end - start ram : 0.5652479999999969
2026-01-29 16:22:31,412 :: PROFILING_LOG ::  Task Multiprocessing orchestrator initialization ran 4 times, with mean time 0.48567499999999997 sec, total time: 1.9426999999999999 sec, Max cpu: 20.0 % max ram in process during task: 496.980992 MiB, max ram - start ram: 0.016384000000016385,   end - start ram : 0.08601599999997234
2026-01-29 16:22:31,412 :: PROFILING_LOG ::  Task Compute futures ran 7 times, with mean time 0.46792857142857136 sec, total time: 3.2754999999999996 sec, Max cpu: 123.6 % max ram in process during task: 505.17781942857147 MiB, max ram - start ram: 2.8876800000000458,   end - start ram : 2.891775999999936
2026-01-29 16:22:31,413 :: PROFILING_LOG ::  Task Compute roi poly ran 1 times, with mean time 0.0006 sec, total time: 0.0006 sec, Max cpu: 0.0 % max ram in process during task: 497.733632 MiB, max ram - start ram: 0.0,   end - start ram : 0.09011199999997643
2026-01-29 16:22:31,414 :: PROFILING_LOG ::  Task Load geomodels ran 2 times, with mean time 0.0004 sec, total time: 0.0008 sec, Max cpu: 0.0 % max ram in process during task: 498.118656 MiB, max ram - start ram: 0.0,   end - start ram : 0.0
2026-01-29 16:22:31,415 :: PROFILING_LOG ::  Task Generate pairs ran 2 times, with mean time 0.0004 sec, total time: 0.0008 sec, Max cpu: 0.0 % max ram in process during task: 498.118656 MiB, max ram - start ram: 0.0,   end - start ram : 0.0
2026-01-29 16:22:31,415 :: PROFILING_LOG ::  Task Epi Grid Generation ran 2 times, with mean time 0.1617 sec, total time: 0.3234 sec, Max cpu: 69.9 % max ram in process during task: 500.133888 MiB, max ram - start ram: 0.8355840000000399,   end - start ram : 0.8355840000000399
2026-01-29 16:22:31,416 :: PROFILING_LOG ::  Task Grid margins 2 overlaps ran 2 times, with mean time 0.00165 sec, total time: 0.0033 sec, Max cpu: 0.0 % max ram in process during task: 500.67456 MiB, max ram - start ram: 0.0,   end - start ram : 0.0
2026-01-29 16:22:31,417 :: PROFILING_LOG ::  Task Get paths and bands ran 4 times, with mean time 0.000325 sec, total time: 0.0013 sec, Max cpu: 10.0 % max ram in process during task: 500.67456 MiB, max ram - start ram: 0.0,   end - start ram : 0.0
2026-01-29 16:22:31,418 :: PROFILING_LOG ::  Task Correct grid ran 1 times, with mean time 0.0053 sec, total time: 0.0053 sec, Max cpu: 0.0 % max ram in process during task: 502.157312 MiB, max ram - start ram: 0.0,   end - start ram : 0.09011200000003328
2026-01-29 16:22:31,418 :: PROFILING_LOG ::  Task Add to save lists ran 11 times, with mean time 0.0003818181818181818 sec, total time: 0.0042 sec, Max cpu: 10.0 % max ram in process during task: 506.5348189090909 MiB, max ram - start ram: 0.0,   end - start ram : 0.0
2026-01-29 16:22:31,419 :: PROFILING_LOG ::  Task Disp Grid Generation ran 1 times, with mean time 0.9051 sec, total time: 0.9051 sec, Max cpu: 104.6 % max ram in process during task: 502.665216 MiB, max ram - start ram: 0.4177919999999631,   end - start ram : 0.4177919999999631
2026-01-29 16:22:31,420 :: PROFILING_LOG ::  Task Compute epipolar roi ran 1 times, with mean time 0.0004 sec, total time: 0.0004 sec, Max cpu: 0.0 % max ram in process during task: 502.665216 MiB, max ram - start ram: 0.0,   end - start ram : 0.0
2026-01-29 16:22:31,420 :: PROFILING_LOG ::  Task Optimal size estimation ran 1 times, with mean time 0.0033 sec, total time: 0.0033 sec, Max cpu: 0.0 % max ram in process during task: 502.665216 MiB, max ram - start ram: 0.0,   end - start ram : 0.0
2026-01-29 16:22:31,421 :: PROFILING_LOG ::  Task Get margin fun ran 1 times, with mean time 0.0028 sec, total time: 0.0028 sec, Max cpu: 0.0 % max ram in process during task: 502.726656 MiB, max ram - start ram: 0.0614400000000046,   end - start ram : 0.0614400000000046
2026-01-29 16:22:31,422 :: PROFILING_LOG ::  Task Ground intersection envelopes ran 1 times, with mean time 0.0981 sec, total time: 0.0981 sec, Max cpu: 99.9 % max ram in process during task: 513.92512 MiB, max ram - start ram: 10.948607999999979,   end - start ram : 10.948607999999979
2026-01-29 16:22:31,423 :: PROFILING_LOG ::  Task Compute epipolar grid min max ran 2 times, with mean time 0.06 sec, total time: 0.12 sec, Max cpu: 59.9 % max ram in process during task: 516.175872 MiB, max ram - start ram: 1.5646719999999732,   end - start ram : 1.5646719999999732
2026-01-29 16:22:31,423 :: PROFILING_LOG ::  Task Compute terrain bbox ran 1 times, with mean time 0.4126 sec, total time: 0.4126 sec, Max cpu: 99.9 % max ram in process during task: 515.489792 MiB, max ram - start ram: 12.513279999999952,   end - start ram : 12.513279999999952
2026-01-29 16:22:31,424 :: PROFILING_LOG ::  Task Compute terrain bounds ran 1 times, with mean time 0.0007 sec, total time: 0.0007 sec, Max cpu: 0.0 % max ram in process during task: 515.489792 MiB, max ram - start ram: 0.0,   end - start ram : 0.0
2026-01-29 16:22:31,425 :: PROFILING_LOG ::  Task Find auto conf ran 1 times, with mean time 0.0374 sec, total time: 0.0374 sec, Max cpu: 10.0 % max ram in process during task: 516.861952 MiB, max ram - start ram: 1.372160000000008,   end - start ram : 1.372160000000008
2026-01-29 16:22:31,426 :: PROFILING_LOG ::  Task Transform disp range grid to two layers ran 1 times, with mean time 0.0006 sec, total time: 0.0006 sec, Max cpu: 0.0 % max ram in process during task: 516.861952 MiB, max ram - start ram: 0.0,   end - start ram : 0.0
2026-01-29 16:22:31,426 :: PROFILING_LOG ::  Task Transform four layers to two layers grid ran 1 times, with mean time 0.0004 sec, total time: 0.0004 sec, Max cpu: 0.0 % max ram in process during task: 516.861952 MiB, max ram - start ram: 0.0,   end - start ram : 0.0
2026-01-29 16:22:31,427 :: PROFILING_LOG ::  Task Save triangulation output ran 1 times, with mean time 0.001 sec, total time: 0.001 sec, Max cpu: 0.0 % max ram in process during task: 516.861952 MiB, max ram - start ram: 0.0,   end - start ram : 0.0
2026-01-29 16:22:31,428 :: PROFILING_LOG ::  Task Fill index ran 1 times, with mean time 0.0004 sec, total time: 0.0004 sec, Max cpu: 0.0 % max ram in process during task: 516.861952 MiB, max ram - start ram: 0.0,   end - start ram : 0.0
2026-01-29 16:22:31,428 :: PROFILING_LOG ::  Task Preprocess depth maps ran 1 times, with mean time 0.0004 sec, total time: 0.0004 sec, Max cpu: 0.0 % max ram in process during task: 517.009408 MiB, max ram - start ram: 0.0,   end - start ram : 0.0
2026-01-29 16:22:31,429 :: PROFILING_LOG ::  Task Final cleanup ran 1 times, with mean time 0.0006 sec, total time: 0.0006 sec, Max cpu: 0.0 % max ram in process during task: 519.909376 MiB, max ram - start ram: 0.0,   end - start ram : 0.0
2026-01-29 16:22:31,430 :: PROFILING_LOG ::  Task run_surface_modeling_pipeline ran 1 times, with mean time 16.1073 sec, total time: 16.1073 sec, Max cpu: 100.4 % max ram in process during task: 529.207296 MiB, max ram - start ram: 31.57606400000003,   end - start ram : 31.580160000000035
