2026-07-02 12:07:08,046 :: PROFILING_LOG :: 22819602461248 :: 836919 :: CarsProfiling# %generate_disp_range_from_dem_wrapper%: %0.4313% s Max ram : %409.268224% MiB Start Ram: %392.68352% MiB, End Ram: %407.53152% MiB,  Max CPU usage: %49.4%
2026-07-02 12:07:10,153 :: PROFILING_LOG :: 22819602461248 :: 836919 :: CarsProfiling# %generate_epipolar_images_wrapper%: %0.1938% s Max ram : %410.075136% MiB Start Ram: %409.64096% MiB, End Ram: %410.099712% MiB,  Max CPU usage: %20.0%
2026-07-02 12:07:12,353 :: PROFILING_LOG :: 22819602461248 :: 836919 :: CarsProfiling# %compute_matches_wrapper%: %2.0196% s Max ram : %410.599424% MiB Start Ram: %410.099712% MiB, End Ram: %410.599424% MiB,  Max CPU usage: %61.5%
2026-07-02 12:07:12,733 :: PROFILING_LOG :: 22819602461248 :: 836919 :: CarsProfiling# %generate_epipolar_images_wrapper%: %0.2273% s Max ram : %410.599424% MiB Start Ram: %410.599424% MiB, End Ram: %410.599424% MiB,  Max CPU usage: %48.4%
2026-07-02 12:07:17,100 :: PROFILING_LOG :: 22819602461248 :: 836919 :: CarsProfiling# %compute_matches_wrapper%: %4.2080% s Max ram : %453.910528% MiB Start Ram: %410.599424% MiB, End Ram: %412.577792% MiB,  Max CPU usage: %52.0%
2026-07-02 12:07:17,511 :: PROFILING_LOG :: 22819602461248 :: 836919 :: CarsProfiling# %generate_epipolar_images_wrapper%: %0.2366% s Max ram : %412.581888% MiB Start Ram: %412.577792% MiB, End Ram: %412.581888% MiB,  Max CPU usage: %39.6%
2026-07-02 12:07:22,232 :: PROFILING_LOG :: 22819602461248 :: 836919 :: CarsProfiling# %compute_matches_wrapper%: %4.5640% s Max ram : %451.944448% MiB Start Ram: %412.581888% MiB, End Ram: %414.482432% MiB,  Max CPU usage: %52.0%
2026-07-02 12:07:22,641 :: PROFILING_LOG :: 22819602461248 :: 836919 :: CarsProfiling# %generate_epipolar_images_wrapper%: %0.2376% s Max ram : %414.482432% MiB Start Ram: %414.482432% MiB, End Ram: %414.482432% MiB,  Max CPU usage: %26.5%
2026-07-02 12:07:27,406 :: PROFILING_LOG :: 22819602461248 :: 836919 :: CarsProfiling# %compute_matches_wrapper%: %4.6534% s Max ram : %454.176768% MiB Start Ram: %414.482432% MiB, End Ram: %414.486528% MiB,  Max CPU usage: %54.1%
2026-07-02 12:07:27,804 :: PROFILING_LOG :: 22819602461248 :: 836919 :: CarsProfiling# %generate_epipolar_images_wrapper%: %0.2268% s Max ram : %414.486528% MiB Start Ram: %414.486528% MiB, End Ram: %414.486528% MiB,  Max CPU usage: %29.5%
2026-07-02 12:07:31,880 :: PROFILING_LOG :: 22819602461248 :: 836919 :: CarsProfiling# %compute_matches_wrapper%: %3.9055% s Max ram : %451.56352% MiB Start Ram: %414.486528% MiB, End Ram: %414.609408% MiB,  Max CPU usage: %56.6%
2026-07-02 12:07:32,363 :: PROFILING_LOG :: 22819602461248 :: 836919 :: CarsProfiling# %generate_epipolar_images_wrapper%: %0.2202% s Max ram : %414.609408% MiB Start Ram: %414.609408% MiB, End Ram: %414.609408% MiB,  Max CPU usage: %29.9%
2026-07-02 12:07:36,438 :: PROFILING_LOG :: 22819602461248 :: 836919 :: CarsProfiling# %compute_matches_wrapper%: %3.9502% s Max ram : %457.998336% MiB Start Ram: %414.609408% MiB, End Ram: %413.466624% MiB,  Max CPU usage: %56.2%
2026-07-02 12:07:36,906 :: PROFILING_LOG :: 22819602461248 :: 836919 :: CarsProfiling# %generate_epipolar_images_wrapper%: %0.2191% s Max ram : %413.761536% MiB Start Ram: %413.466624% MiB, End Ram: %413.761536% MiB,  Max CPU usage: %28.1%
2026-07-02 12:07:41,148 :: PROFILING_LOG :: 22819602461248 :: 836919 :: CarsProfiling# %compute_matches_wrapper%: %4.0919% s Max ram : %451.670016% MiB Start Ram: %413.761536% MiB, End Ram: %413.851648% MiB,  Max CPU usage: %49.0%
2026-07-02 12:07:41,560 :: PROFILING_LOG :: 22819602461248 :: 836919 :: CarsProfiling# %generate_epipolar_images_wrapper%: %0.2392% s Max ram : %413.851648% MiB Start Ram: %413.851648% MiB, End Ram: %413.851648% MiB,  Max CPU usage: %45.3%
2026-07-02 12:07:46,170 :: PROFILING_LOG :: 22819602461248 :: 836919 :: CarsProfiling# %compute_matches_wrapper%: %4.4597% s Max ram : %456.269824% MiB Start Ram: %413.851648% MiB, End Ram: %414.0032% MiB,  Max CPU usage: %50.2%
2026-07-02 12:07:46,563 :: PROFILING_LOG :: 22819602461248 :: 836919 :: CarsProfiling# %generate_epipolar_images_wrapper%: %0.2262% s Max ram : %414.0032% MiB Start Ram: %414.0032% MiB, End Ram: %414.0032% MiB,  Max CPU usage: %39.0%
2026-07-02 12:07:49,923 :: PROFILING_LOG :: 22819602461248 :: 836919 :: CarsProfiling# %compute_matches_wrapper%: %3.2403% s Max ram : %414.0032% MiB Start Ram: %414.0032% MiB, End Ram: %413.790208% MiB,  Max CPU usage: %52.7%
2026-07-02 12:07:50,382 :: PROFILING_LOG :: 22819602461248 :: 838783 :: CarsProfiling# %generate_epipolar_images_wrapper%: %0.2373% s Max ram : %386.994176% MiB Start Ram: %376.532992% MiB, End Ram: %385.261568% MiB,  Max CPU usage: %29.3%
2026-07-02 12:07:51,345 :: PROFILING_LOG :: 22819602461248 :: 838783 :: CarsProfiling# %compute_matches_wrapper%: %0.7543% s Max ram : %386.7648% MiB Start Ram: %385.261568% MiB, End Ram: %386.789376% MiB,  Max CPU usage: %46.8%
2026-07-02 12:07:53,365 :: PROFILING_LOG :: 22819602461248 :: 838783 :: CarsProfiling# %generate_disp_range_from_dem_wrapper%: %0.4528% s Max ram : %412.004352% MiB Start Ram: %407.314432% MiB, End Ram: %412.004352% MiB,  Max CPU usage: %46.5%
2026-07-02 12:08:00,919 :: PROFILING_LOG :: 22819602461248 :: 838783 :: CarsProfiling# %generate_epipolar_images_wrapper%: %0.3192% s Max ram : %413.769728% MiB Start Ram: %412.008448% MiB, End Ram: %413.769728% MiB,  Max CPU usage: %28.0%
2026-07-02 12:08:01,591 :: PROFILING_LOG :: 22819602461248 :: 838783 :: CarsProfiling# %generate_epipolar_images_wrapper%: %0.3034% s Max ram : %426.348544% MiB Start Ram: %413.769728% MiB, End Ram: %426.348544% MiB,  Max CPU usage: %89.7%
2026-07-02 12:08:02,200 :: PROFILING_LOG :: 22819602461248 :: 838783 :: CarsProfiling# %generate_epipolar_images_wrapper%: %0.3301% s Max ram : %426.348544% MiB Start Ram: %426.348544% MiB, End Ram: %426.348544% MiB,  Max CPU usage: %45.3%
2026-07-02 12:08:02,927 :: PROFILING_LOG :: 22819602461248 :: 838783 :: CarsProfiling# %generate_epipolar_images_wrapper%: %0.5047% s Max ram : %427.429888% MiB Start Ram: %426.348544% MiB, End Ram: %427.429888% MiB,  Max CPU usage: %49.9%
2026-07-02 12:08:04,085 :: PROFILING_LOG :: 22819602461248 :: 838783 :: CarsProfiling# %generate_epipolar_images_wrapper%: %0.8309% s Max ram : %448.905216% MiB Start Ram: %427.429888% MiB, End Ram: %448.905216% MiB,  Max CPU usage: %52.2%
2026-07-02 12:08:04,975 :: PROFILING_LOG :: 22819602461248 :: 838783 :: CarsProfiling# %generate_epipolar_images_wrapper%: %0.6548% s Max ram : %448.905216% MiB Start Ram: %448.905216% MiB, End Ram: %444.12928% MiB,  Max CPU usage: %44.1%
2026-07-02 12:08:05,713 :: PROFILING_LOG :: 22819602461248 :: 838783 :: CarsProfiling# %generate_epipolar_images_wrapper%: %0.4652% s Max ram : %444.12928% MiB Start Ram: %444.12928% MiB, End Ram: %444.12928% MiB,  Max CPU usage: %16.7%
2026-07-02 12:08:06,653 :: PROFILING_LOG :: 22819602461248 :: 838783 :: CarsProfiling# %generate_epipolar_images_wrapper%: %0.6928% s Max ram : %444.391424% MiB Start Ram: %444.12928% MiB, End Ram: %444.391424% MiB,  Max CPU usage: %46.6%
2026-07-02 12:08:07,665 :: PROFILING_LOG :: 22819602461248 :: 839492 :: CarsProfiling# %generate_epipolar_images_wrapper%: %0.6728% s Max ram : %410.124288% MiB Start Ram: %376.532992% MiB, End Ram: %408.39168% MiB,  Max CPU usage: %45.3%
2026-07-02 12:08:11,094 :: PROFILING_LOG :: 22819602461248 :: 839492 :: CarsProfiling# %generate_epipolar_images_wrapper%: %0.2668% s Max ram : %408.989696% MiB Start Ram: %395.14112% MiB, End Ram: %409.014272% MiB,  Max CPU usage: %34.5%
2026-07-02 12:08:18,132 :: PROFILING_LOG :: 22819602461248 :: 839492 :: CarsProfiling# %basic_dense_matching_wrapper%: %6.9293% s Max ram : %593.969152% MiB Start Ram: %409.014272% MiB, End Ram: %562.50368% MiB,  Max CPU usage: %59.9%
2026-07-02 12:08:21,199 :: PROFILING_LOG :: 22819602461248 :: 839492 :: CarsProfiling# %triangulation_wrapper%: %2.9434% s Max ram : %695.853056% MiB Start Ram: %562.50368% MiB, End Ram: %572.329984% MiB,  Max CPU usage: %52.9%
2026-07-02 12:08:21,489 :: PROFILING_LOG :: 22819602461248 :: 839492 :: CarsProfiling# %epipolar_small_component_removal_wrapper%: %0.1866% s Max ram : %573.444096% MiB Start Ram: %572.329984% MiB, End Ram: %573.444096% MiB,  Max CPU usage: %50.4%
2026-07-02 12:08:21,812 :: PROFILING_LOG :: 22819602461248 :: 839492 :: CarsProfiling# %epipolar_statistical_removal_wrapper%: %0.1839% s Max ram : %573.58336% MiB Start Ram: %573.444096% MiB, End Ram: %573.58336% MiB,  Max CPU usage: %42.4%
2026-07-02 12:08:22,073 :: PROFILING_LOG :: 22819602461248 :: 839492 :: CarsProfiling# %rasterization_wrapper%: %0.1546% s Max ram : %574.185472% MiB Start Ram: %573.587456% MiB, End Ram: %574.185472% MiB,  Max CPU usage: %54.6%
2026-07-02 12:08:22,583 :: PROFILING_LOG :: 22819602461248 :: 839492 :: CarsProfiling# %generate_epipolar_images_wrapper%: %0.2542% s Max ram : %574.189568% MiB Start Ram: %574.189568% MiB, End Ram: %574.189568% MiB,  Max CPU usage: %64.5%
2026-07-02 12:08:32,678 :: PROFILING_LOG :: 22819602461248 :: 839492 :: CarsProfiling# %basic_dense_matching_wrapper%: %9.9692% s Max ram : %769.990656% MiB Start Ram: %574.189568% MiB, End Ram: %654.741504% MiB,  Max CPU usage: %59.9%
2026-07-02 12:08:38,309 :: PROFILING_LOG :: 22819602461248 :: 839492 :: CarsProfiling# %triangulation_wrapper%: %5.4213% s Max ram : %963.977216% MiB Start Ram: %654.7456% MiB, End Ram: %691.572736% MiB,  Max CPU usage: %59.9%
2026-07-02 12:08:38,916 :: PROFILING_LOG :: 22819602461248 :: 839492 :: CarsProfiling# %epipolar_small_component_removal_wrapper%: %0.5010% s Max ram : %691.572736% MiB Start Ram: %691.572736% MiB, End Ram: %691.572736% MiB,  Max CPU usage: %43.2%
2026-07-02 12:08:39,730 :: PROFILING_LOG :: 22819602461248 :: 839492 :: CarsProfiling# %epipolar_statistical_removal_wrapper%: %0.7041% s Max ram : %691.572736% MiB Start Ram: %691.572736% MiB, End Ram: %691.572736% MiB,  Max CPU usage: %47.0%
2026-07-02 12:08:40,336 :: PROFILING_LOG :: 22819602461248 :: 839492 :: CarsProfiling# %rasterization_wrapper%: %0.4189% s Max ram : %696.881152% MiB Start Ram: %691.585024% MiB, End Ram: %696.881152% MiB,  Max CPU usage: %47.9%
2026-07-02 12:08:41,086 :: PROFILING_LOG :: 22819602461248 :: 839492 :: CarsProfiling# %generate_epipolar_images_wrapper%: %0.5470% s Max ram : %696.881152% MiB Start Ram: %696.881152% MiB, End Ram: %696.881152% MiB,  Max CPU usage: %24.0%
2026-07-02 12:08:50,861 :: PROFILING_LOG :: 22819602461248 :: 839492 :: CarsProfiling# %basic_dense_matching_wrapper%: %9.6732% s Max ram : %844.10368% MiB Start Ram: %696.881152% MiB, End Ram: %750.116864% MiB,  Max CPU usage: %59.9%
2026-07-02 12:08:56,751 :: PROFILING_LOG :: 22819602461248 :: 839492 :: CarsProfiling# %triangulation_wrapper%: %5.7644% s Max ram : %975.62624% MiB Start Ram: %750.116864% MiB, End Ram: %698.232832% MiB,  Max CPU usage: %59.9%
2026-07-02 12:08:57,293 :: PROFILING_LOG :: 22819602461248 :: 839492 :: CarsProfiling# %epipolar_small_component_removal_wrapper%: %0.4360% s Max ram : %698.335232% MiB Start Ram: %698.232832% MiB, End Ram: %698.335232% MiB,  Max CPU usage: %49.0%
2026-07-02 12:08:57,977 :: PROFILING_LOG :: 22819602461248 :: 839492 :: CarsProfiling# %epipolar_statistical_removal_wrapper%: %0.5778% s Max ram : %698.335232% MiB Start Ram: %698.335232% MiB, End Ram: %698.335232% MiB,  Max CPU usage: %46.9%
2026-07-02 12:08:58,447 :: PROFILING_LOG :: 22819602461248 :: 839492 :: CarsProfiling# %rasterization_wrapper%: %0.3673% s Max ram : %710.30784% MiB Start Ram: %698.335232% MiB, End Ram: %710.30784% MiB,  Max CPU usage: %54.2%
2026-07-02 12:08:59,278 :: PROFILING_LOG :: 22819602461248 :: 839492 :: CarsProfiling# %generate_epipolar_images_wrapper%: %0.6550% s Max ram : %642.973696% MiB Start Ram: %642.973696% MiB, End Ram: %642.973696% MiB,  Max CPU usage: %55.8%
2026-07-02 12:09:11,083 :: PROFILING_LOG :: 22819602461248 :: 839492 :: CarsProfiling# %basic_dense_matching_wrapper%: %11.6981% s Max ram : %873.63584% MiB Start Ram: %642.973696% MiB, End Ram: %756.109312% MiB,  Max CPU usage: %59.9%
2026-07-02 12:09:16,754 :: PROFILING_LOG :: 22819602461248 :: 839492 :: CarsProfiling# %triangulation_wrapper%: %5.5654% s Max ram : %1072.205824% MiB Start Ram: %756.109312% MiB, End Ram: %655.224832% MiB,  Max CPU usage: %57.8%
2026-07-02 12:09:17,506 :: PROFILING_LOG :: 22819602461248 :: 839492 :: CarsProfiling# %epipolar_small_component_removal_wrapper%: %0.6406% s Max ram : %683.737088% MiB Start Ram: %654.176256% MiB, End Ram: %683.737088% MiB,  Max CPU usage: %45.1%
2026-07-02 12:09:18,489 :: PROFILING_LOG :: 22819602461248 :: 839492 :: CarsProfiling# %epipolar_statistical_removal_wrapper%: %0.8766% s Max ram : %683.737088% MiB Start Ram: %683.737088% MiB, End Ram: %683.737088% MiB,  Max CPU usage: %49.4%
2026-07-02 12:09:19,175 :: PROFILING_LOG :: 22819602461248 :: 839492 :: CarsProfiling# %rasterization_wrapper%: %0.5577% s Max ram : %726.716416% MiB Start Ram: %683.737088% MiB, End Ram: %726.716416% MiB,  Max CPU usage: %45.5%
2026-07-02 12:09:20,266 :: PROFILING_LOG :: 22819602461248 :: 839492 :: CarsProfiling# %generate_epipolar_images_wrapper%: %0.9264% s Max ram : %666.771456% MiB Start Ram: %656.605184% MiB, End Ram: %666.771456% MiB,  Max CPU usage: %53.1%
2026-07-02 12:09:41,884 :: PROFILING_LOG :: 22819602461248 :: 839492 :: CarsProfiling# %basic_dense_matching_wrapper%: %21.4116% s Max ram : %1118.14656% MiB Start Ram: %666.771456% MiB, End Ram: %890.171392% MiB,  Max CPU usage: %62.7%
2026-07-02 12:09:52,098 :: PROFILING_LOG :: 22819602461248 :: 839492 :: CarsProfiling# %triangulation_wrapper%: %10.1037% s Max ram : %1464.107008% MiB Start Ram: %890.171392% MiB, End Ram: %882.05312% MiB,  Max CPU usage: %49.9%
2026-07-02 12:09:53,721 :: PROFILING_LOG :: 22819602461248 :: 839492 :: CarsProfiling# %epipolar_small_component_removal_wrapper%: %1.4631% s Max ram : %910.094336% MiB Start Ram: %881.004544% MiB, End Ram: %910.094336% MiB,  Max CPU usage: %47.2%
2026-07-02 12:09:55,979 :: PROFILING_LOG :: 22819602461248 :: 839492 :: CarsProfiling# %epipolar_statistical_removal_wrapper%: %2.1528% s Max ram : %910.528512% MiB Start Ram: %910.094336% MiB, End Ram: %910.528512% MiB,  Max CPU usage: %56.8%
2026-07-02 12:09:57,386 :: PROFILING_LOG :: 22819602461248 :: 839492 :: CarsProfiling# %rasterization_wrapper%: %1.2612% s Max ram : %1019.826176% MiB Start Ram: %910.528512% MiB, End Ram: %966.905856% MiB,  Max CPU usage: %59.9%
2026-07-02 12:09:58,440 :: PROFILING_LOG :: 22819602461248 :: 839492 :: CarsProfiling# %generate_epipolar_images_wrapper%: %0.7696% s Max ram : %857.595904% MiB Start Ram: %857.595904% MiB, End Ram: %857.595904% MiB,  Max CPU usage: %46.7%
2026-07-02 12:10:16,994 :: PROFILING_LOG :: 22819602461248 :: 839492 :: CarsProfiling# %basic_dense_matching_wrapper%: %18.4473% s Max ram : %1202.479104% MiB Start Ram: %857.595904% MiB, End Ram: %901.894144% MiB,  Max CPU usage: %61.2%
2026-07-02 12:10:26,782 :: PROFILING_LOG :: 22819602461248 :: 839492 :: CarsProfiling# %triangulation_wrapper%: %9.6349% s Max ram : %1445.302272% MiB Start Ram: %901.894144% MiB, End Ram: %868.749312% MiB,  Max CPU usage: %59.4%
2026-07-02 12:10:28,055 :: PROFILING_LOG :: 22819602461248 :: 839492 :: CarsProfiling# %epipolar_small_component_removal_wrapper%: %1.0759% s Max ram : %908.88192% MiB Start Ram: %867.704832% MiB, End Ram: %908.88192% MiB,  Max CPU usage: %46.5%
2026-07-02 12:10:29,775 :: PROFILING_LOG :: 22819602461248 :: 839492 :: CarsProfiling# %epipolar_statistical_removal_wrapper%: %1.5641% s Max ram : %908.886016% MiB Start Ram: %908.88192% MiB, End Ram: %908.886016% MiB,  Max CPU usage: %46.3%
2026-07-02 12:10:30,831 :: PROFILING_LOG :: 22819602461248 :: 839492 :: CarsProfiling# %rasterization_wrapper%: %0.9525% s Max ram : %981.07392% MiB Start Ram: %908.886016% MiB, End Ram: %981.07392% MiB,  Max CPU usage: %49.7%
2026-07-02 12:10:31,391 :: PROFILING_LOG :: 22819602461248 :: 839492 :: CarsProfiling# %generate_epipolar_images_wrapper%: %0.3917% s Max ram : %855.437312% MiB Start Ram: %855.437312% MiB, End Ram: %855.437312% MiB,  Max CPU usage: %39.8%
2026-07-02 12:10:41,107 :: PROFILING_LOG :: 22819602461248 :: 839492 :: CarsProfiling# %basic_dense_matching_wrapper%: %9.5384% s Max ram : %1035.190272% MiB Start Ram: %855.437312% MiB, End Ram: %929.746944% MiB,  Max CPU usage: %63.4%
2026-07-02 12:10:46,309 :: PROFILING_LOG :: 22819602461248 :: 839492 :: CarsProfiling# %triangulation_wrapper%: %5.0952% s Max ram : %1164.345344% MiB Start Ram: %929.746944% MiB, End Ram: %880.570368% MiB,  Max CPU usage: %54.2%
2026-07-02 12:10:46,760 :: PROFILING_LOG :: 22819602461248 :: 839492 :: CarsProfiling# %epipolar_small_component_removal_wrapper%: %0.3432% s Max ram : %880.795648% MiB Start Ram: %880.570368% MiB, End Ram: %880.795648% MiB,  Max CPU usage: %43.9%
2026-07-02 12:10:47,329 :: PROFILING_LOG :: 22819602461248 :: 839492 :: CarsProfiling# %epipolar_statistical_removal_wrapper%: %0.4636% s Max ram : %880.795648% MiB Start Ram: %880.795648% MiB, End Ram: %880.795648% MiB,  Max CPU usage: %50.5%
2026-07-02 12:10:47,698 :: PROFILING_LOG :: 22819602461248 :: 839492 :: CarsProfiling# %rasterization_wrapper%: %0.2657% s Max ram : %888.68864% MiB Start Ram: %880.795648% MiB, End Ram: %888.68864% MiB,  Max CPU usage: %53.1%
2026-07-02 12:10:48,728 :: PROFILING_LOG :: 22819602461248 :: 839492 :: CarsProfiling# %generate_epipolar_images_wrapper%: %0.7942% s Max ram : %887.709696% MiB Start Ram: %887.709696% MiB, End Ram: %887.709696% MiB,  Max CPU usage: %36.6%
2026-07-02 12:11:07,877 :: PROFILING_LOG :: 22819602461248 :: 839492 :: CarsProfiling# %basic_dense_matching_wrapper%: %19.0414% s Max ram : %1298.321408% MiB Start Ram: %887.709696% MiB, End Ram: %1063.227392% MiB,  Max CPU usage: %59.9%
2026-07-02 12:11:17,680 :: PROFILING_LOG :: 22819602461248 :: 839492 :: CarsProfiling# %triangulation_wrapper%: %9.6958% s Max ram : %1629.868032% MiB Start Ram: %1063.227392% MiB, End Ram: %1057.542144% MiB,  Max CPU usage: %59.9%
2026-07-02 12:11:19,084 :: PROFILING_LOG :: 22819602461248 :: 839492 :: CarsProfiling# %epipolar_small_component_removal_wrapper%: %1.2538% s Max ram : %1097.674752% MiB Start Ram: %1056.493568% MiB, End Ram: %1097.674752% MiB,  Max CPU usage: %47.7%
2026-07-02 12:11:21,000 :: PROFILING_LOG :: 22819602461248 :: 839492 :: CarsProfiling# %epipolar_statistical_removal_wrapper%: %1.7705% s Max ram : %1105.383424% MiB Start Ram: %1097.674752% MiB, End Ram: %1105.383424% MiB,  Max CPU usage: %46.4%
2026-07-02 12:11:22,190 :: PROFILING_LOG :: 22819602461248 :: 839492 :: CarsProfiling# %rasterization_wrapper%: %1.0843% s Max ram : %1192.443904% MiB Start Ram: %1105.383424% MiB, End Ram: %1146.281984% MiB,  Max CPU usage: %59.9%
2026-07-02 12:11:22,983 :: PROFILING_LOG :: 22819602461248 :: 839492 :: CarsProfiling# %generate_epipolar_images_wrapper%: %0.6037% s Max ram : %1041.53088% MiB Start Ram: %1023.762432% MiB, End Ram: %1041.53088% MiB,  Max CPU usage: %39.8%
2026-07-02 12:11:40,008 :: PROFILING_LOG :: 22819602461248 :: 839492 :: CarsProfiling# %basic_dense_matching_wrapper%: %16.8699% s Max ram : %1378.414592% MiB Start Ram: %1041.53088% MiB, End Ram: %1223.176192% MiB,  Max CPU usage: %59.9%
2026-07-02 12:11:49,229 :: PROFILING_LOG :: 22819602461248 :: 839492 :: CarsProfiling# %triangulation_wrapper%: %9.1150% s Max ram : %1469.689856% MiB Start Ram: %1223.176192% MiB, End Ram: %987.348992% MiB,  Max CPU usage: %49.8%
2026-07-02 12:11:50,279 :: PROFILING_LOG :: 22819602461248 :: 839492 :: CarsProfiling# %epipolar_small_component_removal_wrapper%: %0.8439% s Max ram : %987.348992% MiB Start Ram: %987.348992% MiB, End Ram: %987.348992% MiB,  Max CPU usage: %45.9%
2026-07-02 12:11:51,688 :: PROFILING_LOG :: 22819602461248 :: 839492 :: CarsProfiling# %epipolar_statistical_removal_wrapper%: %1.2351% s Max ram : %987.348992% MiB Start Ram: %987.348992% MiB, End Ram: %987.348992% MiB,  Max CPU usage: %48.5%
2026-07-02 12:11:52,547 :: PROFILING_LOG :: 22819602461248 :: 839492 :: CarsProfiling# %rasterization_wrapper%: %0.7506% s Max ram : %987.357184% MiB Start Ram: %987.348992% MiB, End Ram: %987.357184% MiB,  Max CPU usage: %56.8%
2026-07-02 12:11:53,964 :: PROFILING_LOG :: 22819602461248 :: 852717 :: CarsProfiling# %merge_filling_bands_wrapper%: %0.0800% s Max ram : %394.584064% MiB Start Ram: %381.538304% MiB, End Ram: %394.612736% MiB,  Max CPU usage: %38.6%
