2026-07-02 12:07:07,900 :: INFO :: 22819602461248 :: 836919 :: Max grid max - grid min : 38.77800318773717 disp 
2026-07-02 12:07:53,242 :: INFO :: 22819602461248 :: 838783 :: Max grid max - grid min : 38.77898069395026 disp 
2026-07-02 12:08:11,225 :: ERROR :: 22819602461248 :: 839492 :: disp_max (20.0) is greater than disp_max used to determine margin during rectification (19)
2026-07-02 12:08:13,431 :: INFO :: 22819602461248 :: 839492 :: Matching cost computation...
2026-07-02 12:08:14,437 :: INFO :: 22819602461248 :: 839492 :: Cost optimization...
2026-07-02 12:08:15,534 :: INFO :: 22819602461248 :: 839492 :: Cost volume confidence computation...
2026-07-02 12:08:15,535 :: INFO :: 22819602461248 :: 839492 :: Confidence prediction...
2026-07-02 12:08:15,636 :: INFO :: 22819602461248 :: 839492 :: You are not using ambiguity normalization by percentile; 
you are in a specific case with the instantiation of global_disparity.
2026-07-02 12:08:15,638 :: INFO :: 22819602461248 :: 839492 :: Cost volume confidence computation...
2026-07-02 12:08:15,639 :: INFO :: 22819602461248 :: 839492 :: Confidence prediction...
2026-07-02 12:08:15,910 :: INFO :: 22819602461248 :: 839492 :: Disparity computation...
2026-07-02 12:08:16,055 :: INFO :: 22819602461248 :: 839492 :: Subpixel refinement...
2026-07-02 12:08:16,439 :: INFO :: 22819602461248 :: 839492 :: Disparity filtering...
2026-07-02 12:08:17,433 :: INFO :: 22819602461248 :: 839492 :: Validation...
2026-07-02 12:08:24,709 :: INFO :: 22819602461248 :: 839492 :: Matching cost computation...
2026-07-02 12:08:26,670 :: INFO :: 22819602461248 :: 839492 :: Cost optimization...
2026-07-02 12:08:28,271 :: INFO :: 22819602461248 :: 839492 :: Cost volume confidence computation...
2026-07-02 12:08:28,271 :: INFO :: 22819602461248 :: 839492 :: Confidence prediction...
2026-07-02 12:08:28,571 :: INFO :: 22819602461248 :: 839492 :: You are not using ambiguity normalization by percentile; 
you are in a specific case with the instantiation of global_disparity.
2026-07-02 12:08:28,574 :: INFO :: 22819602461248 :: 839492 :: Cost volume confidence computation...
2026-07-02 12:08:28,574 :: INFO :: 22819602461248 :: 839492 :: Confidence prediction...
2026-07-02 12:08:29,255 :: INFO :: 22819602461248 :: 839492 :: Disparity computation...
2026-07-02 12:08:29,497 :: INFO :: 22819602461248 :: 839492 :: Subpixel refinement...
2026-07-02 12:08:30,659 :: INFO :: 22819602461248 :: 839492 :: Disparity filtering...
2026-07-02 12:08:32,018 :: INFO :: 22819602461248 :: 839492 :: Validation...
2026-07-02 12:08:43,378 :: INFO :: 22819602461248 :: 839492 :: Matching cost computation...
2026-07-02 12:08:45,245 :: INFO :: 22819602461248 :: 839492 :: Cost optimization...
2026-07-02 12:08:46,711 :: INFO :: 22819602461248 :: 839492 :: Cost volume confidence computation...
2026-07-02 12:08:46,711 :: INFO :: 22819602461248 :: 839492 :: Confidence prediction...
2026-07-02 12:08:46,983 :: INFO :: 22819602461248 :: 839492 :: You are not using ambiguity normalization by percentile; 
you are in a specific case with the instantiation of global_disparity.
2026-07-02 12:08:46,986 :: INFO :: 22819602461248 :: 839492 :: Cost volume confidence computation...
2026-07-02 12:08:46,986 :: INFO :: 22819602461248 :: 839492 :: Confidence prediction...
2026-07-02 12:08:47,589 :: INFO :: 22819602461248 :: 839492 :: Disparity computation...
2026-07-02 12:08:47,827 :: INFO :: 22819602461248 :: 839492 :: Subpixel refinement...
2026-07-02 12:08:48,858 :: INFO :: 22819602461248 :: 839492 :: Disparity filtering...
2026-07-02 12:08:50,223 :: INFO :: 22819602461248 :: 839492 :: Validation...
2026-07-02 12:08:59,432 :: ERROR :: 22819602461248 :: 839492 :: disp_max (20.0) is greater than disp_max used to determine margin during rectification (19)
2026-07-02 12:09:01,990 :: INFO :: 22819602461248 :: 839492 :: Matching cost computation...
2026-07-02 12:09:04,220 :: INFO :: 22819602461248 :: 839492 :: Cost optimization...
2026-07-02 12:09:05,901 :: INFO :: 22819602461248 :: 839492 :: Cost volume confidence computation...
2026-07-02 12:09:05,902 :: INFO :: 22819602461248 :: 839492 :: Confidence prediction...
2026-07-02 12:09:06,302 :: INFO :: 22819602461248 :: 839492 :: You are not using ambiguity normalization by percentile; 
you are in a specific case with the instantiation of global_disparity.
2026-07-02 12:09:06,305 :: INFO :: 22819602461248 :: 839492 :: Cost volume confidence computation...
2026-07-02 12:09:06,305 :: INFO :: 22819602461248 :: 839492 :: Confidence prediction...
2026-07-02 12:09:07,206 :: INFO :: 22819602461248 :: 839492 :: Disparity computation...
2026-07-02 12:09:07,484 :: INFO :: 22819602461248 :: 839492 :: Subpixel refinement...
2026-07-02 12:09:08,967 :: INFO :: 22819602461248 :: 839492 :: Disparity filtering...
2026-07-02 12:09:10,033 :: INFO :: 22819602461248 :: 839492 :: Validation...
2026-07-02 12:09:24,885 :: INFO :: 22819602461248 :: 839492 :: Matching cost computation...
2026-07-02 12:09:30,256 :: INFO :: 22819602461248 :: 839492 :: Cost optimization...
2026-07-02 12:09:32,555 :: INFO :: 22819602461248 :: 839492 :: Cost volume confidence computation...
2026-07-02 12:09:32,555 :: INFO :: 22819602461248 :: 839492 :: Confidence prediction...
2026-07-02 12:09:33,522 :: INFO :: 22819602461248 :: 839492 :: You are not using ambiguity normalization by percentile; 
you are in a specific case with the instantiation of global_disparity.
2026-07-02 12:09:33,525 :: INFO :: 22819602461248 :: 839492 :: Cost volume confidence computation...
2026-07-02 12:09:33,526 :: INFO :: 22819602461248 :: 839492 :: Confidence prediction...
2026-07-02 12:09:35,580 :: INFO :: 22819602461248 :: 839492 :: Disparity computation...
2026-07-02 12:09:36,049 :: INFO :: 22819602461248 :: 839492 :: Subpixel refinement...
2026-07-02 12:09:39,432 :: INFO :: 22819602461248 :: 839492 :: Disparity filtering...
2026-07-02 12:09:40,636 :: INFO :: 22819602461248 :: 839492 :: Validation...
2026-07-02 12:09:58,758 :: ERROR :: 22819602461248 :: 839492 :: disp_max (21.0) is greater than disp_max used to determine margin during rectification (20)
2026-07-02 12:10:02,456 :: INFO :: 22819602461248 :: 839492 :: Matching cost computation...
2026-07-02 12:10:06,068 :: INFO :: 22819602461248 :: 839492 :: Cost optimization...
2026-07-02 12:10:09,007 :: INFO :: 22819602461248 :: 839492 :: Cost volume confidence computation...
2026-07-02 12:10:09,007 :: INFO :: 22819602461248 :: 839492 :: Confidence prediction...
2026-07-02 12:10:09,712 :: INFO :: 22819602461248 :: 839492 :: You are not using ambiguity normalization by percentile; 
you are in a specific case with the instantiation of global_disparity.
2026-07-02 12:10:09,715 :: INFO :: 22819602461248 :: 839492 :: Cost volume confidence computation...
2026-07-02 12:10:09,716 :: INFO :: 22819602461248 :: 839492 :: Confidence prediction...
2026-07-02 12:10:11,266 :: INFO :: 22819602461248 :: 839492 :: Disparity computation...
2026-07-02 12:10:11,678 :: INFO :: 22819602461248 :: 839492 :: Subpixel refinement...
2026-07-02 12:10:14,126 :: INFO :: 22819602461248 :: 839492 :: Disparity filtering...
2026-07-02 12:10:15,911 :: INFO :: 22819602461248 :: 839492 :: Validation...
2026-07-02 12:10:31,553 :: ERROR :: 22819602461248 :: 839492 :: disp_min (-21.0) is lower than disp_min used to determine margin during rectification (-20)
2026-07-02 12:10:33,491 :: INFO :: 22819602461248 :: 839492 :: Matching cost computation...
2026-07-02 12:10:35,232 :: INFO :: 22819602461248 :: 839492 :: Cost optimization...
2026-07-02 12:10:36,752 :: INFO :: 22819602461248 :: 839492 :: Cost volume confidence computation...
2026-07-02 12:10:36,752 :: INFO :: 22819602461248 :: 839492 :: Confidence prediction...
2026-07-02 12:10:36,971 :: INFO :: 22819602461248 :: 839492 :: You are not using ambiguity normalization by percentile; 
you are in a specific case with the instantiation of global_disparity.
2026-07-02 12:10:36,974 :: INFO :: 22819602461248 :: 839492 :: Cost volume confidence computation...
2026-07-02 12:10:36,974 :: INFO :: 22819602461248 :: 839492 :: Confidence prediction...
2026-07-02 12:10:37,483 :: INFO :: 22819602461248 :: 839492 :: Disparity computation...
2026-07-02 12:10:37,729 :: INFO :: 22819602461248 :: 839492 :: Subpixel refinement...
2026-07-02 12:10:38,561 :: INFO :: 22819602461248 :: 839492 :: Disparity filtering...
2026-07-02 12:10:40,120 :: INFO :: 22819602461248 :: 839492 :: Validation...
2026-07-02 12:10:52,694 :: INFO :: 22819602461248 :: 839492 :: Matching cost computation...
2026-07-02 12:10:56,920 :: INFO :: 22819602461248 :: 839492 :: Cost optimization...
2026-07-02 12:10:59,271 :: INFO :: 22819602461248 :: 839492 :: Cost volume confidence computation...
2026-07-02 12:10:59,271 :: INFO :: 22819602461248 :: 839492 :: Confidence prediction...
2026-07-02 12:11:00,105 :: INFO :: 22819602461248 :: 839492 :: You are not using ambiguity normalization by percentile; 
you are in a specific case with the instantiation of global_disparity.
2026-07-02 12:11:00,108 :: INFO :: 22819602461248 :: 839492 :: Cost volume confidence computation...
2026-07-02 12:11:00,108 :: INFO :: 22819602461248 :: 839492 :: Confidence prediction...
2026-07-02 12:11:01,862 :: INFO :: 22819602461248 :: 839492 :: Disparity computation...
2026-07-02 12:11:02,384 :: INFO :: 22819602461248 :: 839492 :: Subpixel refinement...
2026-07-02 12:11:05,100 :: INFO :: 22819602461248 :: 839492 :: Disparity filtering...
2026-07-02 12:11:06,669 :: INFO :: 22819602461248 :: 839492 :: Validation...
2026-07-02 12:11:27,057 :: INFO :: 22819602461248 :: 839492 :: Matching cost computation...
2026-07-02 12:11:30,458 :: INFO :: 22819602461248 :: 839492 :: Cost optimization...
2026-07-02 12:11:32,756 :: INFO :: 22819602461248 :: 839492 :: Cost volume confidence computation...
2026-07-02 12:11:32,756 :: INFO :: 22819602461248 :: 839492 :: Confidence prediction...
2026-07-02 12:11:33,404 :: INFO :: 22819602461248 :: 839492 :: You are not using ambiguity normalization by percentile; 
you are in a specific case with the instantiation of global_disparity.
2026-07-02 12:11:33,407 :: INFO :: 22819602461248 :: 839492 :: Cost volume confidence computation...
2026-07-02 12:11:33,407 :: INFO :: 22819602461248 :: 839492 :: Confidence prediction...
2026-07-02 12:11:34,569 :: INFO :: 22819602461248 :: 839492 :: Disparity computation...
2026-07-02 12:11:34,980 :: INFO :: 22819602461248 :: 839492 :: Subpixel refinement...
2026-07-02 12:11:36,847 :: INFO :: 22819602461248 :: 839492 :: Disparity filtering...
2026-07-02 12:11:38,945 :: INFO :: 22819602461248 :: 839492 :: Validation...
