2026-01-29 16:35:51,514 :: PROGRESS ::  Starting surface modeling pipeline for resolution 1/1
2026-01-29 16:35:51,514 :: INFO ::  The AbstractCluster multiprocessing will be used
2026-01-29 16:35:51,917 :: INFO ::  Close cluster ...
2026-01-29 16:35:52,046 :: INFO ::  The default altitude will be used as reference altitude.
2026-01-29 16:35:52,066 :: INFO ::  No orchestrator configuration given:  multiprocessing mode is used
2026-01-29 16:35:52,066 :: INFO ::  The AbstractCluster multiprocessing will be used
2026-01-29 16:35:52,066 :: INFO ::  auto mode : nb_workers will be set automatically
2026-01-29 16:35:52,081 :: INFO ::  Available CPUs  in SLURM : 4
2026-01-29 16:35:52,081 :: INFO ::  Available RAM  in SLURM : 28672
2026-01-29 16:35:52,081 :: INFO ::  Number of workers : 3
2026-01-29 16:35:52,081 :: INFO ::  Max memory per worker : 2000 MB
2026-01-29 16:35:52,469 :: INFO ::  Close cluster ...
2026-01-29 16:35:52,492 :: INFO ::  The default altitude will be used as reference altitude.
2026-01-29 16:35:52,492 :: INFO ::  The AbstractGeometry SharelocGeometry plugin will be used
2026-01-29 16:35:52,561 :: INFO ::  The AbstractGeometry SharelocGeometry plugin will be used
2026-01-29 16:35:52,581 :: INFO ::  The AbstractGeometry SharelocGeometry plugin will be used
2026-01-29 16:35:52,581 :: INFO ::  Grid generation method not specified, default  epipolar is used
2026-01-29 16:35:52,581 :: INFO ::  The GridGeneration(epipolar) application will be used
2026-01-29 16:35:52,581 :: INFO ::  Resampling method not specified, default bicubic is used
2026-01-29 16:35:52,582 :: INFO ::  The Resampling(bicubic) application will be used
2026-01-29 16:35:52,582 :: INFO ::  Sparse Matching method not specified, default  sift is used
2026-01-29 16:35:52,582 :: INFO ::  The SparseMatching(sift) application will be used
2026-01-29 16:35:52,582 :: INFO ::  The AbstractGeometry SharelocGeometry plugin will be used
2026-01-29 16:35:52,651 :: INFO ::  The AbstractGeometry SharelocGeometry plugin will be used
2026-01-29 16:35:52,670 :: INFO ::  The AbstractGeometry SharelocGeometry plugin will be used
2026-01-29 16:35:52,670 :: INFO ::  Grid generation method not specified, default  epipolar is used
2026-01-29 16:35:52,670 :: INFO ::  The GridGeneration(epipolar) application will be used
2026-01-29 16:35:52,671 :: INFO ::  Grid correction method not specified, default  default is used
2026-01-29 16:35:52,671 :: INFO ::  The GridCorrection(default) application will be used
2026-01-29 16:35:52,671 :: INFO ::  Resampling method not specified, default bicubic is used
2026-01-29 16:35:52,671 :: INFO ::  The Resampling(bicubic) application will be used
2026-01-29 16:35:52,671 :: INFO ::  The DenseMatchFilling(zero_padding) application will be used
2026-01-29 16:35:52,671 :: INFO ::  Dense Matching method not specified, default census_sgm_default is used
2026-01-29 16:35:52,671 :: INFO ::  The AbstractDenseMatching(census_sgm_default) application will be used
2026-01-29 16:35:52,725 :: INFO ::  The Triangulation(line_of_sight_intersection) application will be used
2026-01-29 16:35:52,726 :: INFO ::  MntGeneration method not specified, default bulldozer_on_raster is used
2026-01-29 16:35:52,726 :: INFO ::  The DemGeneration bulldozer_on_raster application will be used
2026-01-29 16:35:52,726 :: INFO ::  The PointCloudOutlierRemoval(small_components) application will be used
2026-01-29 16:35:52,726 :: INFO ::  The PointCloudOutlierRemoval(statistical) application will be used
2026-01-29 16:35:52,727 :: INFO ::  2 point cloud outlier removal apps registered:
 - point_cloud_outlier_removal.1=small_components
 - point_cloud_outlier_removal.2=statistical
2026-01-29 16:35:52,727 :: INFO ::  Rasterisation method not specified, default simple_gaussian is used
2026-01-29 16:35:52,727 :: INFO ::  The PointCloudRasterization(simple_gaussian) application will be used
2026-01-29 16:35:52,797 :: INFO ::  The AbstractCluster multiprocessing will be used
2026-01-29 16:35:53,603 :: INFO ::  Received 1 stereo pairs configurations
2026-01-29 16:35:55,097 :: INFO ::  Generation of DEM min
2026-01-29 16:35:55,763 :: INFO ::  Generation of DEM max
2026-01-29 16:35:56,395 :: INFO ::  Generation of DEM median
2026-01-29 16:35:59,455 :: INFO ::  Launch Bulldozer on DEM min
2026-01-29 16:36:00,761 :: INFO ::  Launch Bulldozer on DEM max
2026-01-29 16:36:02,090 :: INFO ::  Statistics of difference between subsampled DSM and DEM min (in meters)
2026-01-29 16:36:02,094 :: INFO ::  | Min    | Median | p90    | p95    | p99    | Max    |
2026-01-29 16:36:02,094 :: INFO ::  |  23.46 |  45.41 | 143.72 | 146.93 | 153.18 | 162.27 |
2026-01-29 16:36:02,095 :: INFO ::  Statistics of difference between DEM max and subsampled DSM (in meters)
2026-01-29 16:36:02,099 :: INFO ::  | Min    | Median | p90    | p95    | p99    | Max    |
2026-01-29 16:36:02,099 :: INFO ::  | -162.26 |  44.14 |  54.45 |  59.58 |  65.90 |  83.83 |
2026-01-29 16:36:02,101 :: INFO ::  Statistics of difference between DEM max and DEM min (in meters)
2026-01-29 16:36:02,105 :: INFO ::  | Min    | Median | p90    | p95    | p99    | Max    |
2026-01-29 16:36:02,105 :: INFO ::  |   0.00 |  89.46 | 103.10 | 107.98 | 127.33 | 151.02 |
2026-01-29 16:36:02,260 :: INFO ::  The AbstractGeometry SharelocGeometry plugin will be used
2026-01-29 16:36:02,333 :: INFO ::  The AbstractGeometry SharelocGeometry plugin will be used
2026-01-29 16:36:02,351 :: INFO ::  The AbstractGeometry SharelocGeometry plugin will be used
2026-01-29 16:36:02,354 :: INFO ::  Median value of DEM (140.28237915039062) will be used as default_alt
2026-01-29 16:36:02,506 :: INFO ::  DEM bounds : 1.4022404872892065, 43.606059312873555, 1.4650744526692285, 43.55996657702385
2026-01-29 16:36:02,506 :: INFO ::  ROI bounds : 1.387032682632516, 43.518539973278855, 1.499328147296733, 43.62808242648023
2026-01-29 16:36:02,679 :: INFO ::  Left satellite acquisition angles: Azimuth angle: 151.1 degrees, Elevation angle: 72.1 degrees
2026-01-29 16:36:02,679 :: INFO ::  Right satellite acquisition angles: Azimuth angle: 111.4 degrees, Elevation angle: 77.7 degrees
2026-01-29 16:36:02,679 :: INFO ::  Stereo satellite convergence angle from ground: 11.4 degrees
2026-01-29 16:36:02,679 :: INFO ::  Generating epipolar rectification grid ...
2026-01-29 16:36:02,789 :: INFO ::  Size of epipolar images: 1793x1793 pixels
2026-01-29 16:36:02,789 :: INFO ::  Disparity to altitude factor: 2.5507966676522407 m/pixel
2026-01-29 16:36:02,890 :: INFO ::  The AbstractCluster multiprocessing will be used
2026-01-29 16:36:03,293 :: INFO ::  Close cluster ...
2026-01-29 16:36:03,382 :: INFO ::  The AbstractGeometry SharelocGeometry plugin will be used
2026-01-29 16:36:03,452 :: INFO ::  The AbstractGeometry SharelocGeometry plugin will be used
2026-01-29 16:36:03,469 :: INFO ::  The AbstractGeometry SharelocGeometry plugin will be used
2026-01-29 16:36:03,471 :: INFO ::  Median value of DEM (140.28237915039062) will be used as default_alt
2026-01-29 16:36:03,625 :: INFO ::  DEM bounds : 1.4022404872892065, 43.606059312873555, 1.4650744526692285, 43.55996657702385
2026-01-29 16:36:03,625 :: INFO ::  ROI bounds : 1.387032682632516, 43.518539973278855, 1.499328147296733, 43.62808242648023
2026-01-29 16:36:03,751 :: INFO ::  The GridGeneration(epipolar) application will be used
2026-01-29 16:36:03,751 :: INFO ::  The Resampling(bicubic) application will be used
2026-01-29 16:36:03,751 :: INFO ::  The SparseMatching(sift) application will be used
2026-01-29 16:36:04,159 :: INFO ::  Compute delayed ...
2026-01-29 16:36:04,358 :: INFO ::  Wait for futures results ...
2026-01-29 16:36:04,359 :: PROGRESS ::  Data list to process: [ global infos , disp_min_grid , disp_max_grid ] ...
2026-01-29 16:36:05,077 :: INFO ::  Close files ...
2026-01-29 16:36:05,845 :: INFO ::  Global Disparity range for current pair:  [-31.991 pix., 24.791 pix.] (or [-81.603 m., 63.236 m.])
2026-01-29 16:36:05,845 :: INFO ::  Global disparity range for sparse matching : [-32.0 pix, 25.0 pix]
2026-01-29 16:36:05,846 :: INFO ::  Size of epipolar image: [0, 0, 1793, 1793]
2026-01-29 16:36:05,846 :: INFO ::  Tile size for epipolar regions: 5000x60 pixels
2026-01-29 16:36:05,846 :: INFO ::  Epipolar image will be processed in 30 splits
2026-01-29 16:36:06,077 :: INFO ::  Number of tiles in epipolar resampling: row: 30 col: 1
2026-01-29 16:36:06,496 :: INFO ::  Number of left epipolar image tiles outside left sensor image and removed: 0
2026-01-29 16:36:06,496 :: INFO ::  Number of right epipolar image tiles outside right sensor image and removed: 0
2026-01-29 16:36:06,500 :: INFO ::  Generate disparity: Number tiles: 30
2026-01-29 16:36:06,503 :: INFO ::  Compute delayed ...
2026-01-29 16:36:06,505 :: INFO ::  Wait for futures results ...
2026-01-29 16:36:06,506 :: PROGRESS ::  Data list to process: [ epi_matches_left ] ...
2026-01-29 16:36:16,995 :: INFO ::  Close files ...
2026-01-29 16:36:17,112 :: INFO ::  Raw number of matches found: 1825 matches
2026-01-29 16:36:17,113 :: INFO ::  Writing raw matches file
2026-01-29 16:36:17,115 :: INFO ::  35 matches discarded because their epipolar error is greater than --epipolar_error_upper_bound = 10.0 pix considering a shift of -0.6051025390625 pix
2026-01-29 16:36:17,115 :: INFO ::  Writing filtered matches file
2026-01-29 16:36:17,117 :: INFO ::  Number of matches kept for epipolar error correction: 1790 matches
2026-01-29 16:36:17,194 :: INFO ::  Epipolar error after correction: mean = 0.000 pix., standard deviation = 0.985 pix., max = 9.742 pix.
2026-01-29 16:36:17,520 :: INFO ::  Global disparity interval without margin : [-10.91 pix, 5.67 pix]
2026-01-29 16:36:17,520 :: INFO ::  Global disparity interval with margin : [-402.94 pix, 201.69 pix]
2026-01-29 16:36:17,950 :: INFO ::  Compute delayed ...
2026-01-29 16:36:18,150 :: INFO ::  Wait for futures results ...
2026-01-29 16:36:18,150 :: PROGRESS ::  Data list to process: [ global infos , disp_min_grid , disp_max_grid ] ...
2026-01-29 16:36:18,593 :: INFO ::  Close files ...
2026-01-29 16:36:19,235 :: INFO ::  Global Disparity range for current pair:  [-31.991 pix., 24.798 pix.] (or [-81.602 m., 63.256 m.])
2026-01-29 16:36:19,432 :: INFO ::  Size of epipolar image: [0, 0, 1793, 1793]
2026-01-29 16:36:19,433 :: INFO ::  Tile size for epipolar regions: 650x650 pixels
2026-01-29 16:36:19,433 :: INFO ::  Epipolar image will be processed in 9 splits
2026-01-29 16:36:19,645 :: INFO ::  Number of tiles in epipolar resampling: row: 3 col: 3
2026-01-29 16:36:20,085 :: INFO ::  Number of left epipolar image tiles outside left sensor image and removed: 0
2026-01-29 16:36:20,085 :: INFO ::  Number of right epipolar image tiles outside right sensor image and removed: 0
2026-01-29 16:36:20,111 :: INFO ::  Computing images envelopes and their intersection
2026-01-29 16:36:20,515 :: INFO ::  Terrain area covered: 1454712.1243768763 square meters (or square degrees)
2026-01-29 16:36:20,524 :: INFO ::  Terrain bounding box : [573054.0, 573864.0] x [6276828.0, 6277678.0]
2026-01-29 16:36:20,703 :: INFO ::  Total terrain bounding box : [573054.0, 573864.0] x [6276828.0, 6277678.0]
2026-01-29 16:36:20,703 :: INFO ::  Optimal terrain tile size: 403x403 pixels
2026-01-29 16:36:20,999 :: INFO ::  The conf that has been chosen regarding the world classification map is census_sgm_urban
2026-01-29 16:36:21,105 :: INFO ::  The AbstractDenseMatching(custom) application will be used
2026-01-29 16:36:21,160 :: INFO ::  Compute disparity: number tiles: 9
2026-01-29 16:36:21,162 :: INFO ::  Fill missing disparities with zeros values: number tiles: 9
2026-01-29 16:36:22,397 :: INFO ::  DSM output image size: 810x850 pixels
2026-01-29 16:36:23,806 :: INFO ::  Number of tiles in cloud rasterization: row: 1 col: 9
2026-01-29 16:36:23,811 :: INFO ::  Compute delayed ...
2026-01-29 16:36:23,818 :: INFO ::  Wait for futures results ...
2026-01-29 16:36:23,818 :: PROGRESS ::  Data list to process: [ contributing_pair , texture , dsm_classif , filling , dsm_weights , dsm , performance_map ] ...
2026-01-29 16:37:27,757 :: INFO ::  Close files ...
2026-01-29 16:37:28,610 :: INFO ::  Compute delayed ...
2026-01-29 16:37:28,610 :: INFO ::  No Object to compute
2026-01-29 16:37:28,806 :: INFO ::  Close cluster ...
2026-01-29 16:37:28,806 :: INFO ::  Save profiling plots ...
2026-01-29 16:37:29,917 :: INFO ::  Clean removing thread pool ...
2026-01-29 16:37:29,918 :: INFO ::  Clean tmp directory ...
2026-01-29 16:37:29,919 :: INFO ::  Clean shared directory ...
2026-01-29 16:37:34,578 :: INFO ::  CARS will use its own internal file as geoid reference
2026-01-29 16:37:34,588 :: INFO ::  The default altitude will be used as reference altitude.
2026-01-29 16:37:34,588 :: INFO ::  The AbstractGeometry SharelocGeometry plugin will be used
2026-01-29 16:37:34,660 :: INFO ::  The AbstractGeometry SharelocGeometry plugin will be used
2026-01-29 16:37:34,678 :: INFO ::  The AbstractGeometry SharelocGeometry plugin will be used
2026-01-29 16:37:34,678 :: INFO ::  No orchestrator configuration given:  multiprocessing mode is used
2026-01-29 16:37:34,678 :: INFO ::  The AbstractCluster multiprocessing will be used
2026-01-29 16:37:34,679 :: INFO ::  auto mode : nb_workers will be set automatically
2026-01-29 16:37:35,584 :: INFO ::  Available CPUs  in SLURM : 4
2026-01-29 16:37:35,584 :: INFO ::  Available RAM  in SLURM : 28672
2026-01-29 16:37:35,584 :: INFO ::  Number of workers : 3
2026-01-29 16:37:35,584 :: INFO ::  Max memory per worker : 2000 MB
2026-01-29 16:37:35,893 :: INFO ::  Close cluster ...
2026-01-29 16:37:35,893 :: INFO ::  The DsmFilling exogenous_filling application will be used
2026-01-29 16:37:35,893 :: INFO ::  The DsmFilling bulldozer application will be used
2026-01-29 16:37:35,893 :: INFO ::  The DsmFilling border_interpolation application will be used
2026-01-29 16:37:35,894 :: INFO ::  3 dsm filling apps registered:
 - dsm_filling.1=exogenous_filling
 - dsm_filling.2=bulldozer
 - dsm_filling.3=border_interpolation
2026-01-29 16:37:35,894 :: INFO ::  Auxiliary filling method not specified, default auxiliary_filling_from_sensors is used
2026-01-29 16:37:35,894 :: INFO ::  The AuxiliaryFilling(auxiliary_filling_from_sensors) application will be used
2026-01-29 16:37:35,894 :: INFO ::  MntGeneration method not specified, default bulldozer_on_raster is used
2026-01-29 16:37:35,895 :: INFO ::  The DemGeneration bulldozer_on_raster application will be used
2026-01-29 16:37:35,955 :: PROGRESS ::  Starting filling pipeline
2026-01-29 16:37:35,956 :: INFO ::  The AbstractCluster multiprocessing will be used
2026-01-29 16:37:36,294 :: INFO ::  Generation of DEM min
2026-01-29 16:37:36,372 :: INFO ::  Generation of DEM max
2026-01-29 16:37:36,447 :: INFO ::  Generation of DEM median
2026-01-29 16:37:36,813 :: INFO ::  Launch Bulldozer on DEM min
2026-01-29 16:37:37,012 :: INFO ::  Launch Bulldozer on DEM max
2026-01-29 16:37:37,238 :: INFO ::  Statistics of difference between subsampled DSM and DEM min (in meters)
2026-01-29 16:37:37,244 :: INFO ::  | Min    | Median | p90    | p95    | p99    | Max    |
2026-01-29 16:37:37,244 :: INFO ::  |  15.06 |  24.43 |  36.99 |  41.97 |  48.68 |  62.05 |
2026-01-29 16:37:37,244 :: INFO ::  Statistics of difference between DEM max and subsampled DSM (in meters)
2026-01-29 16:37:37,247 :: INFO ::  | Min    | Median | p90    | p95    | p99    | Max    |
2026-01-29 16:37:37,247 :: INFO ::  |  12.70 |  30.76 |  40.17 |  43.49 |  48.82 |  56.44 |
2026-01-29 16:37:37,248 :: INFO ::  Statistics of difference between DEM max and DEM min (in meters)
2026-01-29 16:37:37,251 :: INFO ::  | Min    | Median | p90    | p95    | p99    | Max    |
2026-01-29 16:37:37,251 :: INFO ::  |  42.82 |  58.36 |  67.46 |  70.25 |  73.24 |  77.68 |
2026-01-29 16:37:37,401 :: INFO ::  The AbstractGeometry SharelocGeometry plugin will be used
2026-01-29 16:37:37,473 :: INFO ::  The AbstractGeometry SharelocGeometry plugin will be used
2026-01-29 16:37:37,491 :: INFO ::  The AbstractGeometry SharelocGeometry plugin will be used
2026-01-29 16:37:37,492 :: INFO ::  Median value of DEM (141.20480346679688) will be used as default_alt
2026-01-29 16:37:37,645 :: INFO ::  DEM bounds : 1.428543489916551, 43.5869356876204, 1.4388091754690975, 43.579047318722125
2026-01-29 16:37:37,645 :: INFO ::  ROI bounds : 1.387032682632516, 43.518539973278855, 1.499328147296733, 43.62808242648023
2026-01-29 16:37:38,772 :: INFO ::  Filling of 9 with DEM and geoid
2026-01-29 16:37:38,782 :: INFO ::  Filling of 7 with geoid
2026-01-29 16:37:39,717 :: INFO ::  Filling of 9 with Bulldozer DTM
2026-01-29 16:37:39,727 :: INFO ::  Filling of 8 with Bulldozer DTM
2026-01-29 16:37:39,928 :: INFO ::  Use DTM file /work/CAMPUS/users/belletva/cars-users-day/cars-users-day/ROI_STADIUM/DSM/intermediate_data/filling/dump_dir/dsm_filling_2/bulldozer/dtm.tif for border interpolation
2026-01-29 16:37:39,953 :: INFO ::  Filling of 8 with Bulldozer DTM using border interpolation
2026-01-29 16:37:39,974 :: INFO ::  Filling of 0 features
2026-01-29 16:37:40,731 :: INFO ::  Compute delayed ...
2026-01-29 16:37:41,514 :: INFO ::  Wait for futures results ...
2026-01-29 16:37:41,514 :: PROGRESS ::  Data list to process: [ filled_texture , filled_classification ] ...
2026-01-29 16:37:44,521 :: INFO ::  Close files ...
2026-01-29 16:37:45,088 :: INFO ::  Compute delayed ...
2026-01-29 16:37:45,088 :: INFO ::  No Object to compute
2026-01-29 16:37:45,288 :: INFO ::  Close cluster ...
2026-01-29 16:37:45,288 :: INFO ::  Save profiling plots ...
2026-01-29 16:37:46,057 :: INFO ::  Clean removing thread pool ...
2026-01-29 16:37:46,058 :: INFO ::  Clean tmp directory ...
2026-01-29 16:37:46,058 :: INFO ::  Clean shared directory ...
2026-01-29 16:37:46,163 :: PROGRESS ::  Starting formatting pipeline
2026-01-29 16:37:50,007 :: INFO ::  PDF profiling summary generated: ROI_STADIUM/DSM/logs/profiling_summary.pdf
2026-01-29 16:37:50,109 :: PROGRESS ::  CARS has successfully completed the pipeline.
