2026-01-27 15:27:01,083 :: PROGRESS ::  Starting surface modeling pipeline for resolution 1/16
2026-01-27 15:27:01,085 :: INFO ::  The AbstractCluster multiprocessing will be used
2026-01-27 15:27:01,488 :: INFO ::  Close cluster ...
2026-01-27 15:27:01,495 :: INFO ::  The default altitude will be used as reference altitude.
2026-01-27 15:27:01,496 :: INFO ::  No orchestrator configuration given:  multiprocessing mode is used
2026-01-27 15:27:01,496 :: INFO ::  The AbstractCluster multiprocessing will be used
2026-01-27 15:27:01,498 :: INFO ::  auto mode : nb_workers will be set automatically
2026-01-27 15:27:01,510 :: INFO ::  Available CPUs  in SLURM : 1
2026-01-27 15:27:01,510 :: INFO ::  Available RAM  in SLURM : 7168
2026-01-27 15:27:01,510 :: WARNING ::  Only one CPU detected.
2026-01-27 15:27:01,512 :: INFO ::  Number of workers : 1
2026-01-27 15:27:01,512 :: INFO ::  Max memory per worker : 2000 MB
2026-01-27 15:27:01,900 :: INFO ::  Close cluster ...
2026-01-27 15:27:01,907 :: INFO ::  The default altitude will be used as reference altitude.
2026-01-27 15:27:01,907 :: INFO ::  The AbstractGeometry SharelocGeometry plugin will be used
2026-01-27 15:27:01,978 :: INFO ::  The AbstractGeometry SharelocGeometry plugin will be used
2026-01-27 15:27:01,999 :: INFO ::  The AbstractGeometry SharelocGeometry plugin will be used
2026-01-27 15:27:01,999 :: INFO ::  Grid generation method not specified, default  epipolar is used
2026-01-27 15:27:01,999 :: INFO ::  The GridGeneration(epipolar) application will be used
2026-01-27 15:27:01,999 :: INFO ::  Resampling method not specified, default bicubic is used
2026-01-27 15:27:02,000 :: INFO ::  The Resampling(bicubic) application will be used
2026-01-27 15:27:02,000 :: INFO ::  Sparse Matching method not specified, default  sift is used
2026-01-27 15:27:02,000 :: INFO ::  The SparseMatching(sift) application will be used
2026-01-27 15:27:02,000 :: INFO ::  The AbstractGeometry SharelocGeometry plugin will be used
2026-01-27 15:27:02,073 :: INFO ::  The AbstractGeometry SharelocGeometry plugin will be used
2026-01-27 15:27:02,091 :: INFO ::  The AbstractGeometry SharelocGeometry plugin will be used
2026-01-27 15:27:02,092 :: INFO ::  The resolution of the output DSM will be 8.0 meters. 
2026-01-27 15:27:02,092 :: INFO ::  Grid generation method not specified, default  epipolar is used
2026-01-27 15:27:02,092 :: INFO ::  The GridGeneration(epipolar) application will be used
2026-01-27 15:27:02,092 :: INFO ::  Grid correction method not specified, default  default is used
2026-01-27 15:27:02,092 :: INFO ::  The GridCorrection(default) application will be used
2026-01-27 15:27:02,093 :: INFO ::  Resampling method not specified, default bicubic is used
2026-01-27 15:27:02,093 :: INFO ::  The Resampling(bicubic) application will be used
2026-01-27 15:27:02,093 :: INFO ::  dense_match_filling method not specified, default zero_padding is used
2026-01-27 15:27:02,093 :: INFO ::  The DenseMatchFilling(zero_padding) application will be used
2026-01-27 15:27:02,093 :: INFO ::  Dense Matching method not specified, default census_sgm_default is used
2026-01-27 15:27:02,094 :: INFO ::  The AbstractDenseMatching(census_sgm_default) application will be used
2026-01-27 15:27:02,152 :: INFO ::  The Triangulation(line_of_sight_intersection) application will be used
2026-01-27 15:27:02,152 :: INFO ::  MntGeneration method not specified, default bulldozer_on_raster is used
2026-01-27 15:27:02,152 :: INFO ::  The DemGeneration bulldozer_on_raster application will be used
2026-01-27 15:27:02,152 :: INFO ::  The PointCloudOutlierRemoval(small_components) application will be used
2026-01-27 15:27:02,152 :: INFO ::  The PointCloudOutlierRemoval(statistical) application will be used
2026-01-27 15:27:02,153 :: INFO ::  2 point cloud outlier removal apps registered:
 - point_cloud_outlier_removal.1=small_components
 - point_cloud_outlier_removal.2=statistical
2026-01-27 15:27:02,155 :: INFO ::  Rasterisation method not specified, default simple_gaussian is used
2026-01-27 15:27:02,155 :: INFO ::  The PointCloudRasterization(simple_gaussian) application will be used
2026-01-27 15:27:02,224 :: INFO ::  The AbstractCluster multiprocessing will be used
2026-01-27 15:27:03,030 :: INFO ::  Received 1 stereo pairs configurations
2026-01-27 15:27:03,107 :: INFO ::  Left satellite acquisition angles: Azimuth angle: 150.9 degrees, Elevation angle: 72.1 degrees
2026-01-27 15:27:03,107 :: INFO ::  Right satellite acquisition angles: Azimuth angle: 111.2 degrees, Elevation angle: 77.7 degrees
2026-01-27 15:27:03,108 :: INFO ::  Stereo satellite convergence angle from ground: 11.4 degrees
2026-01-27 15:27:03,108 :: INFO ::  Generating epipolar rectification grid ...
2026-01-27 15:27:03,146 :: INFO ::  Size of epipolar images: 111x111 pixels
2026-01-27 15:27:03,146 :: INFO ::  Disparity to altitude factor: 41.166935383718645 m/pixel
2026-01-27 15:27:03,247 :: INFO ::  The AbstractCluster multiprocessing will be used
2026-01-27 15:27:03,650 :: INFO ::  Close cluster ...
2026-01-27 15:27:03,657 :: INFO ::  The default altitude will be used as reference altitude.
2026-01-27 15:27:03,658 :: INFO ::  The AbstractGeometry SharelocGeometry plugin will be used
2026-01-27 15:27:03,862 :: INFO ::  The AbstractGeometry SharelocGeometry plugin will be used
2026-01-27 15:27:03,904 :: INFO ::  The AbstractGeometry SharelocGeometry plugin will be used
2026-01-27 15:27:03,905 :: INFO ::  The GridGeneration(epipolar) application will be used
2026-01-27 15:27:03,905 :: INFO ::  The Resampling(bicubic) application will be used
2026-01-27 15:27:03,905 :: INFO ::  The SparseMatching(sift) application will be used
2026-01-27 15:27:04,335 :: INFO ::  Margins added to left region for matching: [ 0 10  0 10]
2026-01-27 15:27:04,335 :: INFO ::  Margins added to right region for matching: [ 0 70  0 70]
2026-01-27 15:27:04,335 :: INFO ::  Size of epipolar image: [0, 0, 111, 111]
2026-01-27 15:27:04,335 :: INFO ::  Tile size for epipolar regions: 111x60 pixels
2026-01-27 15:27:04,335 :: INFO ::  Epipolar image will be processed in 2 splits
2026-01-27 15:27:04,537 :: INFO ::  Number of tiles in epipolar resampling: row: 2 col: 1
2026-01-27 15:27:04,949 :: INFO ::  Number of left epipolar image tiles outside left sensor image and removed: 0
2026-01-27 15:27:04,949 :: INFO ::  Number of right epipolar image tiles outside right sensor image and removed: 0
2026-01-27 15:27:04,955 :: INFO ::  Generate disparity: Number tiles: 2
2026-01-27 15:27:04,959 :: INFO ::  Compute delayed ...
2026-01-27 15:27:04,960 :: INFO ::  Wait for futures results ...
2026-01-27 15:27:04,960 :: PROGRESS ::  Data list to process: [ epi_matches_left ] ...
2026-01-27 15:27:06,194 :: INFO ::  Close files ...
2026-01-27 15:27:06,372 :: INFO ::  Raw number of matches found: 117 matches
2026-01-27 15:27:06,373 :: INFO ::  Writing raw matches file
2026-01-27 15:27:06,375 :: INFO ::  0 matches discarded because their epipolar error is greater than --epipolar_error_upper_bound = 10.0 pix considering a shift of 0.00148773193359375 pix
2026-01-27 15:27:06,375 :: INFO ::  Writing filtered matches file
2026-01-27 15:27:06,376 :: INFO ::  Number of matches kept for epipolar error correction: 117 matches
2026-01-27 15:27:06,384 :: INFO ::  Epipolar error after correction: mean = 0.000 pix., standard deviation = 0.406 pix., max = 3.510 pix.
2026-01-27 15:27:06,779 :: INFO ::  Global disparity interval without margin : [-8.07 pix, -3.81 pix]
2026-01-27 15:27:06,779 :: INFO ::  Global disparity interval with margin : [-32.36 pix, 8.34 pix]
2026-01-27 15:27:07,215 :: INFO ::  Compute delayed ...
2026-01-27 15:27:07,215 :: INFO ::  Wait for futures results ...
2026-01-27 15:27:07,215 :: PROGRESS ::  Data list to process: [ disp_min_grid , global infos , disp_max_grid ] ...
2026-01-27 15:27:07,613 :: INFO ::  Close files ...
2026-01-27 15:27:08,257 :: INFO ::  Global Disparity range for current pair:  [-32.363 pix., 8.339 pix.] (or [-1332.266 m., 343.287 m.])
2026-01-27 15:27:08,455 :: INFO ::  Size of epipolar image: [0, 0, 111, 111]
2026-01-27 15:27:08,455 :: INFO ::  Tile size for epipolar regions: 750x750 pixels
2026-01-27 15:27:08,455 :: INFO ::  Epipolar image will be processed in 1 splits
2026-01-27 15:27:09,879 :: INFO ::  Number of tiles in epipolar resampling: row: 1 col: 1
2026-01-27 15:27:10,290 :: INFO ::  Number of left epipolar image tiles outside left sensor image and removed: 0
2026-01-27 15:27:10,290 :: INFO ::  Number of right epipolar image tiles outside right sensor image and removed: 0
2026-01-27 15:27:10,307 :: INFO ::  Computing images envelopes and their intersection
2026-01-27 15:27:10,750 :: INFO ::  Terrain area covered: 2384171.065469282 square meters (or square degrees)
2026-01-27 15:27:10,759 :: INFO ::  Terrain bounding box : [571624.0, 572440.0] x [6273840.0, 6274680.0]
2026-01-27 15:27:10,949 :: INFO ::  Total terrain bounding box : [571624.0, 572440.0] x [6273840.0, 6274680.0]
2026-01-27 15:27:10,949 :: INFO ::  Optimal terrain tile size: 194x194 pixels
2026-01-27 15:27:11,201 :: INFO ::  The conf that has been chosen regarding the world classification map is census_sgm_urban
2026-01-27 15:27:11,351 :: INFO ::  The AbstractDenseMatching(custom) application will be used
2026-01-27 15:27:11,410 :: INFO ::  Compute disparity: number tiles: 1
2026-01-27 15:27:11,411 :: INFO ::  Disparity holes filling was not activated
2026-01-27 15:27:12,650 :: INFO ::  DSM output image size: 622x626 pixels
2026-01-27 15:27:13,255 :: INFO ::  Number of tiles in cloud rasterization: row: 1 col: 1
2026-01-27 15:27:13,261 :: INFO ::  Compute delayed ...
2026-01-27 15:27:13,262 :: INFO ::  Wait for futures results ...
2026-01-27 15:27:13,262 :: PROGRESS ::  Data list to process: [ dsm_weights , epi_img_left_mask , epi_img_right , epi_img_left , epi_img_left_classif , epi_img_right_mask , texture , dsm , epi_img_right_classif ] ...
2026-01-27 15:27:17,099 :: INFO ::  Close files ...
2026-01-27 15:27:17,542 :: INFO ::  Compute delayed ...
2026-01-27 15:27:17,542 :: INFO ::  No Object to compute
2026-01-27 15:27:17,738 :: INFO ::  Close cluster ...
2026-01-27 15:27:17,738 :: INFO ::  Save profiling plots ...
2026-01-27 15:27:20,308 :: INFO ::  Clean removing thread pool ...
2026-01-27 15:27:20,309 :: INFO ::  Clean tmp directory ...
2026-01-27 15:27:20,309 :: INFO ::  Clean shared directory ...
2026-01-27 15:27:24,872 :: PROGRESS ::  Starting surface modeling pipeline for resolution 1/4
2026-01-27 15:27:24,874 :: INFO ::  The AbstractCluster multiprocessing will be used
2026-01-27 15:27:25,277 :: INFO ::  Close cluster ...
2026-01-27 15:27:25,283 :: INFO ::  The default altitude will be used as reference altitude.
2026-01-27 15:27:25,293 :: INFO ::  No orchestrator configuration given:  multiprocessing mode is used
2026-01-27 15:27:25,293 :: INFO ::  The AbstractCluster multiprocessing will be used
2026-01-27 15:27:25,294 :: INFO ::  auto mode : nb_workers will be set automatically
2026-01-27 15:27:25,309 :: INFO ::  Available CPUs  in SLURM : 1
2026-01-27 15:27:25,309 :: INFO ::  Available RAM  in SLURM : 7168
2026-01-27 15:27:25,309 :: WARNING ::  Only one CPU detected.
2026-01-27 15:27:25,310 :: INFO ::  Number of workers : 1
2026-01-27 15:27:25,310 :: INFO ::  Max memory per worker : 2000 MB
2026-01-27 15:27:25,696 :: INFO ::  Close cluster ...
2026-01-27 15:27:25,704 :: INFO ::  The default altitude will be used as reference altitude.
2026-01-27 15:27:25,704 :: INFO ::  The AbstractGeometry SharelocGeometry plugin will be used
2026-01-27 15:27:25,776 :: INFO ::  The AbstractGeometry SharelocGeometry plugin will be used
2026-01-27 15:27:25,796 :: INFO ::  The AbstractGeometry SharelocGeometry plugin will be used
2026-01-27 15:27:25,797 :: INFO ::  Grid generation method not specified, default  epipolar is used
2026-01-27 15:27:25,797 :: INFO ::  The GridGeneration(epipolar) application will be used
2026-01-27 15:27:25,797 :: INFO ::  Resampling method not specified, default bicubic is used
2026-01-27 15:27:25,797 :: INFO ::  The Resampling(bicubic) application will be used
2026-01-27 15:27:25,797 :: INFO ::  Sparse Matching method not specified, default  sift is used
2026-01-27 15:27:25,797 :: INFO ::  The SparseMatching(sift) application will be used
2026-01-27 15:27:25,798 :: INFO ::  The AbstractGeometry SharelocGeometry plugin will be used
2026-01-27 15:27:25,869 :: INFO ::  The AbstractGeometry SharelocGeometry plugin will be used
2026-01-27 15:27:25,889 :: INFO ::  The AbstractGeometry SharelocGeometry plugin will be used
2026-01-27 15:27:25,889 :: INFO ::  The resolution of the output DSM will be 2.0 meters. 
2026-01-27 15:27:25,889 :: INFO ::  Grid generation method not specified, default  epipolar is used
2026-01-27 15:27:25,890 :: INFO ::  The GridGeneration(epipolar) application will be used
2026-01-27 15:27:25,890 :: INFO ::  Grid correction method not specified, default  default is used
2026-01-27 15:27:25,890 :: INFO ::  The GridCorrection(default) application will be used
2026-01-27 15:27:25,890 :: INFO ::  Resampling method not specified, default bicubic is used
2026-01-27 15:27:25,890 :: INFO ::  The Resampling(bicubic) application will be used
2026-01-27 15:27:25,890 :: INFO ::  dense_match_filling method not specified, default zero_padding is used
2026-01-27 15:27:25,890 :: INFO ::  The DenseMatchFilling(zero_padding) application will be used
2026-01-27 15:27:25,890 :: INFO ::  Dense Matching method not specified, default census_sgm_default is used
2026-01-27 15:27:25,891 :: INFO ::  The AbstractDenseMatching(census_sgm_default) application will be used
2026-01-27 15:27:25,945 :: INFO ::  The Triangulation(line_of_sight_intersection) application will be used
2026-01-27 15:27:25,945 :: INFO ::  MntGeneration method not specified, default bulldozer_on_raster is used
2026-01-27 15:27:25,945 :: INFO ::  The DemGeneration bulldozer_on_raster application will be used
2026-01-27 15:27:25,946 :: INFO ::  The PointCloudOutlierRemoval(small_components) application will be used
2026-01-27 15:27:25,946 :: INFO ::  The PointCloudOutlierRemoval(statistical) application will be used
2026-01-27 15:27:25,946 :: INFO ::  2 point cloud outlier removal apps registered:
 - point_cloud_outlier_removal.1=small_components
 - point_cloud_outlier_removal.2=statistical
2026-01-27 15:27:25,947 :: INFO ::  Rasterisation method not specified, default simple_gaussian is used
2026-01-27 15:27:25,947 :: INFO ::  The PointCloudRasterization(simple_gaussian) application will be used
2026-01-27 15:27:26,015 :: INFO ::  The AbstractCluster multiprocessing will be used
2026-01-27 15:27:26,821 :: INFO ::  Received 1 stereo pairs configurations
2026-01-27 15:27:27,766 :: INFO ::  Generation of DEM min
2026-01-27 15:27:27,809 :: INFO ::  Generation of DEM max
2026-01-27 15:27:27,850 :: INFO ::  Generation of DEM median
2026-01-27 15:27:28,209 :: INFO ::  Launch Bulldozer on DEM min
2026-01-27 15:27:28,224 :: WARNING ::  The following input parameters are ignored: memory_mode. 
Please refer to the documentation for the list of valid parameters.
2026-01-27 15:27:28,227 :: INFO ::  Raw regular mask processing...
2026-01-27 15:27:28,228 :: INFO ::  Regular mask processing...
2026-01-27 15:27:28,230 :: INFO ::  detect_regular_areas: Done (Runtime: 0.0s)
2026-01-27 15:27:28,231 :: INFO ::  Horizontal nodata mask processing...
2026-01-27 15:27:28,231 :: INFO ::  Vertical nodata mask processing...
2026-01-27 15:27:28,237 :: INFO ::  Build Inner NoData Mask
2026-01-27 15:27:28,240 :: INFO ::  detect_border_nodata: Done (Runtime: 0.01s)
2026-01-27 15:27:28,241 :: INFO ::  Iterative filling DSM level 0
2026-01-27 15:27:28,242 :: INFO ::  fill_dsm: Done (Runtime: 0.0s)
2026-01-27 15:27:28,242 :: INFO ::  Main pass of a drape cloth filter: Starting...
2026-01-27 15:27:28,317 :: INFO ::  drape_cloth: Done (Runtime: 0.08s)
2026-01-27 15:27:28,317 :: INFO ::  Main pass of a drape cloth filter: Done.
2026-01-27 15:27:28,317 :: INFO ::  Pits removal: Starting.
2026-01-27 15:27:28,318 :: INFO ::  Pits removal processing...
2026-01-27 15:27:28,324 :: INFO ::  run: Done (Runtime: 0.01s)
2026-01-27 15:27:28,324 :: INFO ::  Pits removal: Done.
2026-01-27 15:27:28,324 :: INFO ::  Applying border no data: Starting...
2026-01-27 15:27:28,324 :: INFO ::  Applying border no data: Done...
2026-01-27 15:27:28,329 :: INFO ::  Generating DHM: Starting...
2026-01-27 15:27:28,329 :: INFO ::  Applying border no data to DHM: Starting...
2026-01-27 15:27:28,329 :: INFO ::  Applying border no data to DHM: Done...
2026-01-27 15:27:28,333 :: INFO ::  Generating DHM: Done.
2026-01-27 15:27:28,333 :: INFO ::  dsm_to_dtm: Done (Runtime: 0.12s)
2026-01-27 15:27:28,349 :: INFO ::  Launch Bulldozer on DEM max
2026-01-27 15:27:28,356 :: WARNING ::  The following input parameters are ignored: memory_mode. 
Please refer to the documentation for the list of valid parameters.
2026-01-27 15:27:28,455 :: INFO ::  Raw regular mask processing...
2026-01-27 15:27:28,458 :: INFO ::  Regular mask processing...
2026-01-27 15:27:28,461 :: INFO ::  detect_regular_areas: Done (Runtime: 0.01s)
2026-01-27 15:27:28,462 :: INFO ::  Horizontal nodata mask processing...
2026-01-27 15:27:28,466 :: INFO ::  Vertical nodata mask processing...
2026-01-27 15:27:28,471 :: INFO ::  Build Inner NoData Mask
2026-01-27 15:27:28,475 :: INFO ::  detect_border_nodata: Done (Runtime: 0.01s)
2026-01-27 15:27:28,477 :: INFO ::  Iterative filling DSM level 0
2026-01-27 15:27:28,481 :: INFO ::  Iterative filling DSM level 1
2026-01-27 15:27:28,485 :: INFO ::  fill_dsm: Done (Runtime: 0.01s)
2026-01-27 15:27:28,486 :: INFO ::  Main pass of a drape cloth filter: Starting...
2026-01-27 15:27:28,558 :: INFO ::  drape_cloth: Done (Runtime: 0.07s)
2026-01-27 15:27:28,558 :: INFO ::  Main pass of a drape cloth filter: Done.
2026-01-27 15:27:28,559 :: INFO ::  Pits removal: Starting.
2026-01-27 15:27:28,560 :: INFO ::  Pits removal processing...
2026-01-27 15:27:28,569 :: INFO ::  run: Done (Runtime: 0.01s)
2026-01-27 15:27:28,570 :: INFO ::  Pits removal: Done.
2026-01-27 15:27:28,571 :: INFO ::  Applying border no data: Starting...
2026-01-27 15:27:28,571 :: INFO ::  Applying border no data: Done...
2026-01-27 15:27:28,576 :: INFO ::  Generating DHM: Starting...
2026-01-27 15:27:28,577 :: INFO ::  Applying border no data to DHM: Starting...
2026-01-27 15:27:28,578 :: INFO ::  Applying border no data to DHM: Done...
2026-01-27 15:27:28,581 :: INFO ::  Generating DHM: Done.
2026-01-27 15:27:28,582 :: INFO ::  dsm_to_dtm: Done (Runtime: 0.23s)
2026-01-27 15:27:28,598 :: INFO ::  Statistics of difference between subsampled DSM and DEM min (in meters)
2026-01-27 15:27:28,600 :: INFO ::  | Min    | Median | p90    | p95    | p99    | Max    |
2026-01-27 15:27:28,600 :: INFO ::  |  79.71 |  83.95 | 156.55 | 157.53 | 165.06 | 165.06 |
2026-01-27 15:27:28,600 :: INFO ::  Statistics of difference between DEM max and subsampled DSM (in meters)
2026-01-27 15:27:28,602 :: INFO ::  | Min    | Median | p90    | p95    | p99    | Max    |
2026-01-27 15:27:28,602 :: INFO ::  | -165.06 |  80.63 |  85.41 |  87.32 |  93.86 | 102.67 |
2026-01-27 15:27:28,603 :: INFO ::  Statistics of difference between DEM max and DEM min (in meters)
2026-01-27 15:27:28,604 :: INFO ::  | Min    | Median | p90    | p95    | p99    | Max    |
2026-01-27 15:27:28,604 :: INFO ::  |   0.00 | 163.78 | 173.86 | 182.50 | 211.85 | 242.89 |
2026-01-27 15:27:28,713 :: INFO ::  The AbstractGeometry SharelocGeometry plugin will be used
2026-01-27 15:27:28,787 :: INFO ::  The AbstractGeometry SharelocGeometry plugin will be used
2026-01-27 15:27:28,807 :: INFO ::  The AbstractGeometry SharelocGeometry plugin will be used
2026-01-27 15:27:28,808 :: INFO ::  Median value of DEM (153.7415008544922) will be used as default_alt
2026-01-27 15:27:28,966 :: INFO ::  DEM bounds : 1.385316903080225, 43.57882965619802, 1.4488138599570348, 43.5327291258628
2026-01-27 15:27:28,966 :: INFO ::  ROI bounds : 1.3691229324203587, 43.491131137124604, 1.4829705713771648, 43.60057820347808
2026-01-27 15:27:29,077 :: INFO ::  Left satellite acquisition angles: Azimuth angle: 150.9 degrees, Elevation angle: 72.1 degrees
2026-01-27 15:27:29,077 :: INFO ::  Right satellite acquisition angles: Azimuth angle: 111.2 degrees, Elevation angle: 77.7 degrees
2026-01-27 15:27:29,077 :: INFO ::  Stereo satellite convergence angle from ground: 11.4 degrees
2026-01-27 15:27:29,077 :: INFO ::  Generating epipolar rectification grid ...
2026-01-27 15:27:29,127 :: INFO ::  Size of epipolar images: 448x448 pixels
2026-01-27 15:27:29,127 :: INFO ::  Disparity to altitude factor: 10.209558001690791 m/pixel
2026-01-27 15:27:29,240 :: INFO ::  The AbstractCluster multiprocessing will be used
2026-01-27 15:27:29,665 :: INFO ::  Close cluster ...
2026-01-27 15:27:29,673 :: INFO ::  The AbstractGeometry SharelocGeometry plugin will be used
2026-01-27 15:27:29,745 :: INFO ::  The AbstractGeometry SharelocGeometry plugin will be used
2026-01-27 15:27:29,765 :: INFO ::  The AbstractGeometry SharelocGeometry plugin will be used
2026-01-27 15:27:29,766 :: INFO ::  Median value of DEM (153.7415008544922) will be used as default_alt
2026-01-27 15:27:29,927 :: INFO ::  DEM bounds : 1.385316903080225, 43.57882965619802, 1.4488138599570348, 43.5327291258628
2026-01-27 15:27:29,927 :: INFO ::  ROI bounds : 1.3691229324203587, 43.491131137124604, 1.4829705713771648, 43.60057820347808
2026-01-27 15:27:29,948 :: INFO ::  The GridGeneration(epipolar) application will be used
2026-01-27 15:27:29,948 :: INFO ::  The Resampling(bicubic) application will be used
2026-01-27 15:27:29,948 :: INFO ::  The SparseMatching(sift) application will be used
2026-01-27 15:27:30,356 :: INFO ::  Compute delayed ...
2026-01-27 15:27:30,369 :: INFO ::  Wait for futures results ...
2026-01-27 15:27:30,369 :: PROGRESS ::  Data list to process: [ disp_min_grid , global infos , disp_max_grid ] ...
2026-01-27 15:27:30,845 :: INFO ::  Close files ...
2026-01-27 15:27:31,602 :: INFO ::  Global Disparity range for current pair:  [-9.411 pix., 8.904 pix.] (or [-96.082 m., 90.908 m.])
2026-01-27 15:27:31,602 :: INFO ::  Global disparity range for sparse matching : [-10.0 pix, 9.0 pix]
2026-01-27 15:27:31,602 :: INFO ::  Size of epipolar image: [0, 0, 448, 448]
2026-01-27 15:27:31,602 :: INFO ::  Tile size for epipolar regions: 5000x60 pixels
2026-01-27 15:27:31,602 :: INFO ::  Epipolar image will be processed in 8 splits
2026-01-27 15:27:31,804 :: INFO ::  Number of tiles in epipolar resampling: row: 8 col: 1
2026-01-27 15:27:32,215 :: INFO ::  Number of left epipolar image tiles outside left sensor image and removed: 0
2026-01-27 15:27:32,215 :: INFO ::  Number of right epipolar image tiles outside right sensor image and removed: 0
2026-01-27 15:27:32,219 :: INFO ::  Generate disparity: Number tiles: 8
2026-01-27 15:27:32,222 :: INFO ::  Compute delayed ...
2026-01-27 15:27:32,223 :: INFO ::  Wait for futures results ...
2026-01-27 15:27:32,223 :: PROGRESS ::  Data list to process: [ epi_matches_left ] ...
2026-01-27 15:27:37,526 :: INFO ::  Close files ...
2026-01-27 15:27:37,635 :: INFO ::  Raw number of matches found: 401 matches
2026-01-27 15:27:37,636 :: INFO ::  Writing raw matches file
2026-01-27 15:27:37,637 :: INFO ::  1 matches discarded because their epipolar error is greater than --epipolar_error_upper_bound = 10.0 pix considering a shift of -0.02069091796875 pix
2026-01-27 15:27:37,637 :: INFO ::  Writing filtered matches file
2026-01-27 15:27:37,638 :: INFO ::  Number of matches kept for epipolar error correction: 400 matches
2026-01-27 15:27:37,652 :: INFO ::  Epipolar error after correction: mean = 0.000 pix., standard deviation = 0.349 pix., max = 3.761 pix.
2026-01-27 15:27:38,042 :: INFO ::  Global disparity interval without margin : [-2.29 pix, 1.88 pix]
2026-01-27 15:27:38,042 :: INFO ::  Global disparity interval with margin : [-100.24 pix, 50.86 pix]
2026-01-27 15:27:38,484 :: INFO ::  Compute delayed ...
2026-01-27 15:27:38,498 :: INFO ::  Wait for futures results ...
2026-01-27 15:27:38,498 :: PROGRESS ::  Data list to process: [ disp_min_grid , global infos , disp_max_grid ] ...
2026-01-27 15:27:38,944 :: INFO ::  Close files ...
2026-01-27 15:27:39,720 :: INFO ::  Global Disparity range for current pair:  [-9.411 pix., 8.904 pix.] (or [-96.083 m., 90.908 m.])
2026-01-27 15:27:39,918 :: INFO ::  Size of epipolar image: [0, 0, 448, 448]
2026-01-27 15:27:39,918 :: INFO ::  Tile size for epipolar regions: 1000x1000 pixels
2026-01-27 15:27:39,918 :: INFO ::  Epipolar image will be processed in 1 splits
2026-01-27 15:27:41,339 :: INFO ::  Number of tiles in epipolar resampling: row: 1 col: 1
2026-01-27 15:27:41,751 :: INFO ::  Number of left epipolar image tiles outside left sensor image and removed: 0
2026-01-27 15:27:41,751 :: INFO ::  Number of right epipolar image tiles outside right sensor image and removed: 0
2026-01-27 15:27:41,769 :: INFO ::  Computing images envelopes and their intersection
2026-01-27 15:27:42,172 :: INFO ::  Terrain area covered: 1480462.9516116416 square meters (or square degrees)
2026-01-27 15:27:42,182 :: INFO ::  Terrain bounding box : [571664.0, 572474.0] x [6273798.0, 6274648.0]
2026-01-27 15:27:42,370 :: INFO ::  Total terrain bounding box : [571664.0, 572474.0] x [6273798.0, 6274648.0]
2026-01-27 15:27:42,370 :: INFO ::  Optimal terrain tile size: 609x609 pixels
2026-01-27 15:27:42,597 :: INFO ::  The conf that has been chosen regarding the world classification map is census_sgm_urban
2026-01-27 15:27:42,773 :: INFO ::  The AbstractDenseMatching(custom) application will be used
2026-01-27 15:27:42,833 :: INFO ::  Compute disparity: number tiles: 1
2026-01-27 15:27:42,835 :: INFO ::  Disparity holes filling was not activated
2026-01-27 15:27:44,054 :: INFO ::  DSM output image size: 2486x2510 pixels
2026-01-27 15:27:44,659 :: INFO ::  Number of tiles in cloud rasterization: row: 1 col: 1
2026-01-27 15:27:44,665 :: INFO ::  Compute delayed ...
2026-01-27 15:27:44,666 :: INFO ::  Wait for futures results ...
2026-01-27 15:27:44,666 :: PROGRESS ::  Data list to process: [ dsm_weights , epi_img_left_mask , epi_img_right , epi_img_left , epi_img_left_classif , epi_img_right_mask , texture , dsm , epi_img_right_classif ] ...
2026-01-27 15:28:10,978 :: INFO ::  Close files ...
2026-01-27 15:28:11,452 :: INFO ::  Compute delayed ...
2026-01-27 15:28:11,452 :: INFO ::  No Object to compute
2026-01-27 15:28:11,649 :: INFO ::  Close cluster ...
2026-01-27 15:28:11,649 :: INFO ::  Save profiling plots ...
2026-01-27 15:28:14,373 :: INFO ::  Clean removing thread pool ...
2026-01-27 15:28:14,374 :: INFO ::  Clean tmp directory ...
2026-01-27 15:28:14,375 :: INFO ::  Clean shared directory ...
2026-01-27 15:28:19,031 :: PROGRESS ::  Starting surface modeling pipeline for resolution 1/1
2026-01-27 15:28:19,033 :: INFO ::  The AbstractCluster multiprocessing will be used
2026-01-27 15:28:19,436 :: INFO ::  Close cluster ...
2026-01-27 15:28:19,499 :: INFO ::  The default altitude will be used as reference altitude.
2026-01-27 15:28:19,506 :: INFO ::  No orchestrator configuration given:  multiprocessing mode is used
2026-01-27 15:28:19,507 :: INFO ::  The AbstractCluster multiprocessing will be used
2026-01-27 15:28:19,508 :: INFO ::  auto mode : nb_workers will be set automatically
2026-01-27 15:28:19,521 :: INFO ::  Available CPUs  in SLURM : 1
2026-01-27 15:28:19,521 :: INFO ::  Available RAM  in SLURM : 7168
2026-01-27 15:28:19,521 :: WARNING ::  Only one CPU detected.
2026-01-27 15:28:19,523 :: INFO ::  Number of workers : 1
2026-01-27 15:28:19,523 :: INFO ::  Max memory per worker : 2000 MB
2026-01-27 15:28:19,909 :: INFO ::  Close cluster ...
2026-01-27 15:28:19,916 :: INFO ::  The default altitude will be used as reference altitude.
2026-01-27 15:28:19,916 :: INFO ::  The AbstractGeometry SharelocGeometry plugin will be used
2026-01-27 15:28:19,988 :: INFO ::  The AbstractGeometry SharelocGeometry plugin will be used
2026-01-27 15:28:20,009 :: INFO ::  The AbstractGeometry SharelocGeometry plugin will be used
2026-01-27 15:28:20,009 :: INFO ::  Grid generation method not specified, default  epipolar is used
2026-01-27 15:28:20,010 :: INFO ::  The GridGeneration(epipolar) application will be used
2026-01-27 15:28:20,010 :: INFO ::  Resampling method not specified, default bicubic is used
2026-01-27 15:28:20,010 :: INFO ::  The Resampling(bicubic) application will be used
2026-01-27 15:28:20,010 :: INFO ::  Sparse Matching method not specified, default  sift is used
2026-01-27 15:28:20,010 :: INFO ::  The SparseMatching(sift) application will be used
2026-01-27 15:28:20,010 :: INFO ::  The AbstractGeometry SharelocGeometry plugin will be used
2026-01-27 15:28:20,082 :: INFO ::  The AbstractGeometry SharelocGeometry plugin will be used
2026-01-27 15:28:20,100 :: INFO ::  The AbstractGeometry SharelocGeometry plugin will be used
2026-01-27 15:28:20,117 :: INFO ::  Grid generation method not specified, default  epipolar is used
2026-01-27 15:28:20,117 :: INFO ::  The GridGeneration(epipolar) application will be used
2026-01-27 15:28:20,117 :: INFO ::  Grid correction method not specified, default  default is used
2026-01-27 15:28:20,118 :: INFO ::  The GridCorrection(default) application will be used
2026-01-27 15:28:20,118 :: INFO ::  Resampling method not specified, default bicubic is used
2026-01-27 15:28:20,118 :: INFO ::  The Resampling(bicubic) application will be used
2026-01-27 15:28:20,118 :: INFO ::  dense_match_filling method not specified, default zero_padding is used
2026-01-27 15:28:20,118 :: INFO ::  The DenseMatchFilling(zero_padding) application will be used
2026-01-27 15:28:20,118 :: INFO ::  Dense Matching method not specified, default census_sgm_default is used
2026-01-27 15:28:20,118 :: INFO ::  The AbstractDenseMatching(census_sgm_default) application will be used
2026-01-27 15:28:20,184 :: INFO ::  The Triangulation(line_of_sight_intersection) application will be used
2026-01-27 15:28:20,184 :: INFO ::  MntGeneration method not specified, default bulldozer_on_raster is used
2026-01-27 15:28:20,184 :: INFO ::  The DemGeneration bulldozer_on_raster application will be used
2026-01-27 15:28:20,185 :: INFO ::  The PointCloudOutlierRemoval(small_components) application will be used
2026-01-27 15:28:20,185 :: INFO ::  The PointCloudOutlierRemoval(statistical) application will be used
2026-01-27 15:28:20,185 :: INFO ::  2 point cloud outlier removal apps registered:
 - point_cloud_outlier_removal.1=small_components
 - point_cloud_outlier_removal.2=statistical
2026-01-27 15:28:20,185 :: INFO ::  Rasterisation method not specified, default simple_gaussian is used
2026-01-27 15:28:20,186 :: INFO ::  The PointCloudRasterization(simple_gaussian) application will be used
2026-01-27 15:28:20,252 :: INFO ::  The AbstractCluster multiprocessing will be used
2026-01-27 15:28:21,057 :: INFO ::  Received 1 stereo pairs configurations
2026-01-27 15:28:22,557 :: INFO ::  Generation of DEM min
2026-01-27 15:28:23,255 :: INFO ::  Generation of DEM max
2026-01-27 15:28:23,928 :: INFO ::  Generation of DEM median
2026-01-27 15:28:26,764 :: INFO ::  Launch Bulldozer on DEM min
2026-01-27 15:28:28,255 :: INFO ::  Launch Bulldozer on DEM max
2026-01-27 15:28:29,803 :: INFO ::  Statistics of difference between subsampled DSM and DEM min (in meters)
2026-01-27 15:28:29,807 :: INFO ::  | Min    | Median | p90    | p95    | p99    | Max    |
2026-01-27 15:28:29,807 :: INFO ::  |  39.63 |  44.66 | 146.23 | 150.63 | 153.93 | 159.06 |
2026-01-27 15:28:29,808 :: INFO ::  Statistics of difference between DEM max and subsampled DSM (in meters)
2026-01-27 15:28:29,813 :: INFO ::  | Min    | Median | p90    | p95    | p99    | Max    |
2026-01-27 15:28:29,813 :: INFO ::  | -159.05 |  42.09 |  48.24 |  49.96 |  53.03 |  58.03 |
2026-01-27 15:28:29,815 :: INFO ::  Statistics of difference between DEM max and DEM min (in meters)
2026-01-27 15:28:29,819 :: INFO ::  | Min    | Median | p90    | p95    | p99    | Max    |
2026-01-27 15:28:29,819 :: INFO ::  |   0.00 |  86.73 |  94.31 |  98.89 | 125.13 | 145.55 |
2026-01-27 15:28:29,968 :: INFO ::  The AbstractGeometry SharelocGeometry plugin will be used
2026-01-27 15:28:30,042 :: INFO ::  The AbstractGeometry SharelocGeometry plugin will be used
2026-01-27 15:28:30,062 :: INFO ::  The AbstractGeometry SharelocGeometry plugin will be used
2026-01-27 15:28:30,064 :: INFO ::  Median value of DEM (143.19149780273438) will be used as default_alt
2026-01-27 15:28:30,219 :: INFO ::  DEM bounds : 1.385827114584779, 43.57855726324871, 1.448640715033151, 43.53247946638001
2026-01-27 15:28:30,220 :: INFO ::  ROI bounds : 1.3705277442280699, 43.491131137124604, 1.4829705713771648, 43.60057820347808
2026-01-27 15:28:30,473 :: INFO ::  Left satellite acquisition angles: Azimuth angle: 150.9 degrees, Elevation angle: 72.1 degrees
2026-01-27 15:28:30,473 :: INFO ::  Right satellite acquisition angles: Azimuth angle: 111.2 degrees, Elevation angle: 77.7 degrees
2026-01-27 15:28:30,473 :: INFO ::  Stereo satellite convergence angle from ground: 11.4 degrees
2026-01-27 15:28:30,473 :: INFO ::  Generating epipolar rectification grid ...
2026-01-27 15:28:30,587 :: INFO ::  Size of epipolar images: 1794x1794 pixels
2026-01-27 15:28:30,587 :: INFO ::  Disparity to altitude factor: 2.552379688818291 m/pixel
2026-01-27 15:28:30,688 :: INFO ::  The AbstractCluster multiprocessing will be used
2026-01-27 15:28:31,091 :: INFO ::  Close cluster ...
2026-01-27 15:28:31,098 :: INFO ::  The AbstractGeometry SharelocGeometry plugin will be used
2026-01-27 15:28:31,172 :: INFO ::  The AbstractGeometry SharelocGeometry plugin will be used
2026-01-27 15:28:31,190 :: INFO ::  The AbstractGeometry SharelocGeometry plugin will be used
2026-01-27 15:28:31,192 :: INFO ::  Median value of DEM (143.19149780273438) will be used as default_alt
2026-01-27 15:28:31,364 :: INFO ::  DEM bounds : 1.385827114584779, 43.57855726324871, 1.448640715033151, 43.53247946638001
2026-01-27 15:28:31,364 :: INFO ::  ROI bounds : 1.3705277442280699, 43.491131137124604, 1.4829705713771648, 43.60057820347808
2026-01-27 15:28:31,494 :: INFO ::  The GridGeneration(epipolar) application will be used
2026-01-27 15:28:31,495 :: INFO ::  The Resampling(bicubic) application will be used
2026-01-27 15:28:31,495 :: INFO ::  The SparseMatching(sift) application will be used
2026-01-27 15:28:31,904 :: INFO ::  Compute delayed ...
2026-01-27 15:28:32,102 :: INFO ::  Wait for futures results ...
2026-01-27 15:28:32,102 :: PROGRESS ::  Data list to process: [ disp_min_grid , global infos , disp_max_grid ] ...
2026-01-27 15:28:32,915 :: INFO ::  Close files ...
2026-01-27 15:28:33,641 :: INFO ::  Global Disparity range for current pair:  [-22.005 pix., 20.472 pix.] (or [-56.166 m., 52.253 m.])
2026-01-27 15:28:33,642 :: INFO ::  Global disparity range for sparse matching : [-23.0 pix, 21.0 pix]
2026-01-27 15:28:33,642 :: INFO ::  Size of epipolar image: [0, 0, 1794, 1794]
2026-01-27 15:28:33,642 :: INFO ::  Tile size for epipolar regions: 5000x60 pixels
2026-01-27 15:28:33,642 :: INFO ::  Epipolar image will be processed in 30 splits
2026-01-27 15:28:33,844 :: INFO ::  Number of tiles in epipolar resampling: row: 30 col: 1
2026-01-27 15:28:34,262 :: INFO ::  Number of left epipolar image tiles outside left sensor image and removed: 0
2026-01-27 15:28:34,262 :: INFO ::  Number of right epipolar image tiles outside right sensor image and removed: 0
2026-01-27 15:28:34,267 :: INFO ::  Generate disparity: Number tiles: 30
2026-01-27 15:28:34,278 :: INFO ::  Compute delayed ...
2026-01-27 15:28:34,280 :: INFO ::  Wait for futures results ...
2026-01-27 15:28:34,280 :: PROGRESS ::  Data list to process: [ epi_matches_left ] ...
2026-01-27 15:29:38,747 :: INFO ::  Close files ...
2026-01-27 15:29:38,960 :: INFO ::  Raw number of matches found: 4013 matches
2026-01-27 15:29:38,962 :: INFO ::  Writing raw matches file
2026-01-27 15:29:38,964 :: INFO ::  37 matches discarded because their epipolar error is greater than --epipolar_error_upper_bound = 10.0 pix considering a shift of -0.10693359375 pix
2026-01-27 15:29:38,965 :: INFO ::  Writing filtered matches file
2026-01-27 15:29:38,966 :: INFO ::  Number of matches kept for epipolar error correction: 3976 matches
2026-01-27 15:29:39,051 :: INFO ::  Epipolar error after correction: mean = 0.000 pix., standard deviation = 0.729 pix., max = 9.810 pix.
2026-01-27 15:29:39,369 :: INFO ::  Global disparity interval without margin : [-4.49 pix, 3.03 pix]
2026-01-27 15:29:39,369 :: INFO ::  Global disparity interval with margin : [-396.29 pix, 198.93 pix]
2026-01-27 15:29:39,792 :: INFO ::  Compute delayed ...
2026-01-27 15:29:39,992 :: INFO ::  Wait for futures results ...
2026-01-27 15:29:39,992 :: PROGRESS ::  Data list to process: [ disp_min_grid , global infos , disp_max_grid ] ...
2026-01-27 15:29:40,797 :: INFO ::  Close files ...
2026-01-27 15:29:41,508 :: INFO ::  Global Disparity range for current pair:  [-22.006 pix., 20.473 pix.] (or [-56.167 m., 52.254 m.])
2026-01-27 15:29:41,706 :: INFO ::  Size of epipolar image: [0, 0, 1794, 1794]
2026-01-27 15:29:41,706 :: INFO ::  Tile size for epipolar regions: 750x750 pixels
2026-01-27 15:29:41,706 :: INFO ::  Epipolar image will be processed in 9 splits
2026-01-27 15:29:43,117 :: INFO ::  Number of tiles in epipolar resampling: row: 3 col: 3
2026-01-27 15:29:43,533 :: INFO ::  Number of left epipolar image tiles outside left sensor image and removed: 0
2026-01-27 15:29:43,533 :: INFO ::  Number of right epipolar image tiles outside right sensor image and removed: 0
2026-01-27 15:29:43,552 :: INFO ::  Computing images envelopes and their intersection
2026-01-27 15:29:43,955 :: INFO ::  Terrain area covered: 1441228.0107546977 square meters (or square degrees)
2026-01-27 15:29:43,963 :: INFO ::  Terrain bounding box : [571662.0, 572473.0] x [6273800.0, 6274649.0]
2026-01-27 15:29:44,152 :: INFO ::  Total terrain bounding box : [571662.0, 572473.0] x [6273800.0, 6274649.0]
2026-01-27 15:29:44,152 :: INFO ::  Optimal terrain tile size: 401x401 pixels
2026-01-27 15:29:44,361 :: INFO ::  The conf that has been chosen regarding the world classification map is census_sgm_urban
2026-01-27 15:29:44,554 :: INFO ::  The AbstractDenseMatching(custom) application will be used
2026-01-27 15:29:44,611 :: INFO ::  Compute disparity: number tiles: 9
2026-01-27 15:29:44,614 :: INFO ::  Disparity holes filling was not activated
2026-01-27 15:29:45,835 :: INFO ::  DSM output image size: 811x849 pixels
2026-01-27 15:29:46,841 :: INFO ::  Number of tiles in cloud rasterization: row: 1 col: 9
2026-01-27 15:29:46,847 :: INFO ::  Compute delayed ...
2026-01-27 15:29:46,854 :: INFO ::  Wait for futures results ...
2026-01-27 15:29:46,854 :: PROGRESS ::  Data list to process: [ dsm_weights , epi_img_left_mask , performance_map , epi_img_right , epi_img_left , epi_img_left_classif , epi_img_right_mask , texture , ambiguity , dsm , epi_img_right_classif ] ...
2026-01-27 15:35:23,760 :: INFO ::  Close files ...
2026-01-27 15:35:24,984 :: INFO ::  Compute delayed ...
2026-01-27 15:35:24,984 :: INFO ::  No Object to compute
2026-01-27 15:35:25,180 :: INFO ::  Close cluster ...
2026-01-27 15:35:25,180 :: INFO ::  Save profiling plots ...
2026-01-27 15:35:28,363 :: INFO ::  Clean removing thread pool ...
2026-01-27 15:35:28,364 :: INFO ::  Clean tmp directory ...
2026-01-27 15:35:28,364 :: INFO ::  Clean shared directory ...
2026-01-27 15:35:32,828 :: PROGRESS ::  Starting formatting pipeline
2026-01-27 15:35:36,754 :: INFO ::  PDF profiling summary generated: ROI_INDUS/DSM/logs/profiling_summary.pdf
