2026-01-27 16:03:09,730 :: PROGRESS ::  Starting surface modeling pipeline for resolution 1/16
2026-01-27 16:03:09,732 :: INFO ::  The AbstractCluster multiprocessing will be used
2026-01-27 16:03:10,135 :: INFO ::  Close cluster ...
2026-01-27 16:03:10,205 :: INFO ::  The default altitude will be used as reference altitude.
2026-01-27 16:03:10,205 :: INFO ::  No orchestrator configuration given:  multiprocessing mode is used
2026-01-27 16:03:10,206 :: INFO ::  The AbstractCluster multiprocessing will be used
2026-01-27 16:03:10,206 :: INFO ::  auto mode : nb_workers will be set automatically
2026-01-27 16:03:10,218 :: INFO ::  Available CPUs  in SLURM : 1
2026-01-27 16:03:10,218 :: INFO ::  Available RAM  in SLURM : 7168
2026-01-27 16:03:10,218 :: WARNING ::  Only one CPU detected.
2026-01-27 16:03:10,220 :: INFO ::  Number of workers : 1
2026-01-27 16:03:10,220 :: INFO ::  Max memory per worker : 2000 MB
2026-01-27 16:03:10,608 :: INFO ::  Close cluster ...
2026-01-27 16:03:10,615 :: INFO ::  The default altitude will be used as reference altitude.
2026-01-27 16:03:10,615 :: INFO ::  The AbstractGeometry SharelocGeometry plugin will be used
2026-01-27 16:03:10,687 :: INFO ::  The AbstractGeometry SharelocGeometry plugin will be used
2026-01-27 16:03:10,707 :: INFO ::  The AbstractGeometry SharelocGeometry plugin will be used
2026-01-27 16:03:10,707 :: INFO ::  Grid generation method not specified, default  epipolar is used
2026-01-27 16:03:10,707 :: INFO ::  The GridGeneration(epipolar) application will be used
2026-01-27 16:03:10,707 :: INFO ::  Resampling method not specified, default bicubic is used
2026-01-27 16:03:10,711 :: INFO ::  The Resampling(bicubic) application will be used
2026-01-27 16:03:10,712 :: INFO ::  Sparse Matching method not specified, default  sift is used
2026-01-27 16:03:10,712 :: INFO ::  The SparseMatching(sift) application will be used
2026-01-27 16:03:10,712 :: INFO ::  The AbstractGeometry SharelocGeometry plugin will be used
2026-01-27 16:03:10,783 :: INFO ::  The AbstractGeometry SharelocGeometry plugin will be used
2026-01-27 16:03:10,803 :: INFO ::  The AbstractGeometry SharelocGeometry plugin will be used
2026-01-27 16:03:10,803 :: INFO ::  The resolution of the output DSM will be 8.0 meters. 
2026-01-27 16:03:10,803 :: INFO ::  Grid generation method not specified, default  epipolar is used
2026-01-27 16:03:10,803 :: INFO ::  The GridGeneration(epipolar) application will be used
2026-01-27 16:03:10,804 :: INFO ::  Grid correction method not specified, default  default is used
2026-01-27 16:03:10,804 :: INFO ::  The GridCorrection(default) application will be used
2026-01-27 16:03:10,804 :: INFO ::  Resampling method not specified, default bicubic is used
2026-01-27 16:03:10,804 :: INFO ::  The Resampling(bicubic) application will be used
2026-01-27 16:03:10,804 :: INFO ::  dense_match_filling method not specified, default zero_padding is used
2026-01-27 16:03:10,804 :: INFO ::  The DenseMatchFilling(zero_padding) application will be used
2026-01-27 16:03:10,804 :: INFO ::  Dense Matching method not specified, default census_sgm_default is used
2026-01-27 16:03:10,804 :: INFO ::  The AbstractDenseMatching(census_sgm_default) application will be used
2026-01-27 16:03:10,860 :: INFO ::  The Triangulation(line_of_sight_intersection) application will be used
2026-01-27 16:03:10,860 :: INFO ::  MntGeneration method not specified, default bulldozer_on_raster is used
2026-01-27 16:03:10,860 :: INFO ::  The DemGeneration bulldozer_on_raster application will be used
2026-01-27 16:03:10,860 :: INFO ::  The PointCloudOutlierRemoval(small_components) application will be used
2026-01-27 16:03:10,861 :: INFO ::  The PointCloudOutlierRemoval(statistical) application will be used
2026-01-27 16:03:10,861 :: INFO ::  2 point cloud outlier removal apps registered:
 - point_cloud_outlier_removal.1=small_components
 - point_cloud_outlier_removal.2=statistical
2026-01-27 16:03:10,865 :: INFO ::  Rasterisation method not specified, default simple_gaussian is used
2026-01-27 16:03:10,865 :: INFO ::  The PointCloudRasterization(simple_gaussian) application will be used
2026-01-27 16:03:10,954 :: INFO ::  The AbstractCluster multiprocessing will be used
2026-01-27 16:03:11,760 :: INFO ::  Received 1 stereo pairs configurations
2026-01-27 16:03:11,801 :: INFO ::  Left satellite acquisition angles: Azimuth angle: 150.9 degrees, Elevation angle: 72.1 degrees
2026-01-27 16:03:11,801 :: INFO ::  Right satellite acquisition angles: Azimuth angle: 111.2 degrees, Elevation angle: 77.7 degrees
2026-01-27 16:03:11,801 :: INFO ::  Stereo satellite convergence angle from ground: 11.4 degrees
2026-01-27 16:03:11,801 :: INFO ::  Generating epipolar rectification grid ...
2026-01-27 16:03:11,836 :: INFO ::  Size of epipolar images: 111x111 pixels
2026-01-27 16:03:11,836 :: INFO ::  Disparity to altitude factor: 41.166935383718645 m/pixel
2026-01-27 16:03:11,962 :: INFO ::  The AbstractCluster multiprocessing will be used
2026-01-27 16:03:12,365 :: INFO ::  Close cluster ...
2026-01-27 16:03:12,372 :: INFO ::  The default altitude will be used as reference altitude.
2026-01-27 16:03:12,373 :: INFO ::  The AbstractGeometry SharelocGeometry plugin will be used
2026-01-27 16:03:12,448 :: INFO ::  The AbstractGeometry SharelocGeometry plugin will be used
2026-01-27 16:03:12,468 :: INFO ::  The AbstractGeometry SharelocGeometry plugin will be used
2026-01-27 16:03:12,468 :: INFO ::  The GridGeneration(epipolar) application will be used
2026-01-27 16:03:12,468 :: INFO ::  The Resampling(bicubic) application will be used
2026-01-27 16:03:12,468 :: INFO ::  The SparseMatching(sift) application will be used
2026-01-27 16:03:12,872 :: INFO ::  Margins added to left region for matching: [ 0 10  0 10]
2026-01-27 16:03:12,873 :: INFO ::  Margins added to right region for matching: [ 0 70  0 70]
2026-01-27 16:03:12,873 :: INFO ::  Size of epipolar image: [0, 0, 111, 111]
2026-01-27 16:03:12,873 :: INFO ::  Tile size for epipolar regions: 111x60 pixels
2026-01-27 16:03:12,873 :: INFO ::  Epipolar image will be processed in 2 splits
2026-01-27 16:03:13,075 :: INFO ::  Number of tiles in epipolar resampling: row: 2 col: 1
2026-01-27 16:03:13,489 :: INFO ::  Number of left epipolar image tiles outside left sensor image and removed: 0
2026-01-27 16:03:13,489 :: INFO ::  Number of right epipolar image tiles outside right sensor image and removed: 0
2026-01-27 16:03:13,491 :: INFO ::  Generate disparity: Number tiles: 2
2026-01-27 16:03:13,503 :: INFO ::  Compute delayed ...
2026-01-27 16:03:13,503 :: INFO ::  Wait for futures results ...
2026-01-27 16:03:13,504 :: PROGRESS ::  Data list to process: [ epi_matches_left ] ...
2026-01-27 16:03:14,833 :: INFO ::  Close files ...
2026-01-27 16:03:14,942 :: INFO ::  Raw number of matches found: 117 matches
2026-01-27 16:03:14,942 :: INFO ::  Writing raw matches file
2026-01-27 16:03:14,944 :: INFO ::  0 matches discarded because their epipolar error is greater than --epipolar_error_upper_bound = 10.0 pix considering a shift of 0.00148773193359375 pix
2026-01-27 16:03:14,944 :: INFO ::  Writing filtered matches file
2026-01-27 16:03:14,945 :: INFO ::  Number of matches kept for epipolar error correction: 117 matches
2026-01-27 16:03:14,952 :: INFO ::  Epipolar error after correction: mean = 0.000 pix., standard deviation = 0.406 pix., max = 3.510 pix.
2026-01-27 16:03:15,350 :: INFO ::  Global disparity interval without margin : [-8.07 pix, -3.81 pix]
2026-01-27 16:03:15,350 :: INFO ::  Global disparity interval with margin : [-32.36 pix, 8.34 pix]
2026-01-27 16:03:15,780 :: INFO ::  Compute delayed ...
2026-01-27 16:03:15,780 :: INFO ::  Wait for futures results ...
2026-01-27 16:03:15,780 :: PROGRESS ::  Data list to process: [ disp_max_grid , disp_min_grid , global infos ] ...
2026-01-27 16:03:16,300 :: INFO ::  Close files ...
2026-01-27 16:03:17,080 :: INFO ::  Global Disparity range for current pair:  [-32.363 pix., 8.339 pix.] (or [-1332.266 m., 343.287 m.])
2026-01-27 16:03:17,280 :: INFO ::  Size of epipolar image: [0, 0, 111, 111]
2026-01-27 16:03:17,280 :: INFO ::  Tile size for epipolar regions: 750x750 pixels
2026-01-27 16:03:17,280 :: INFO ::  Epipolar image will be processed in 1 splits
2026-01-27 16:03:18,694 :: INFO ::  Number of tiles in epipolar resampling: row: 1 col: 1
2026-01-27 16:03:19,105 :: INFO ::  Number of left epipolar image tiles outside left sensor image and removed: 0
2026-01-27 16:03:19,105 :: INFO ::  Number of right epipolar image tiles outside right sensor image and removed: 0
2026-01-27 16:03:19,124 :: INFO ::  Computing images envelopes and their intersection
2026-01-27 16:03:19,646 :: INFO ::  Terrain area covered: 2384171.065469282 square meters (or square degrees)
2026-01-27 16:03:19,656 :: INFO ::  Terrain bounding box : [571624.0, 572440.0] x [6273840.0, 6274680.0]
2026-01-27 16:03:19,809 :: INFO ::  Total terrain bounding box : [571624.0, 572440.0] x [6273840.0, 6274680.0]
2026-01-27 16:03:19,809 :: INFO ::  Optimal terrain tile size: 194x194 pixels
2026-01-27 16:03:20,047 :: INFO ::  The conf that has been chosen regarding the world classification map is census_sgm_urban
2026-01-27 16:03:20,212 :: INFO ::  The AbstractDenseMatching(custom) application will be used
2026-01-27 16:03:20,267 :: INFO ::  Compute disparity: number tiles: 1
2026-01-27 16:03:20,318 :: INFO ::  Disparity holes filling was not activated
2026-01-27 16:03:21,557 :: INFO ::  DSM output image size: 622x626 pixels
2026-01-27 16:03:22,162 :: INFO ::  Number of tiles in cloud rasterization: row: 1 col: 1
2026-01-27 16:03:22,168 :: INFO ::  Compute delayed ...
2026-01-27 16:03:22,169 :: INFO ::  Wait for futures results ...
2026-01-27 16:03:22,169 :: PROGRESS ::  Data list to process: [ texture , epi_img_left , epi_img_right_mask , dsm , dsm_weights , epi_img_left_classif , epi_img_right , epi_img_right_classif , epi_img_left_mask ] ...
2026-01-27 16:03:25,833 :: INFO ::  Close files ...
2026-01-27 16:03:26,248 :: INFO ::  Compute delayed ...
2026-01-27 16:03:26,248 :: INFO ::  No Object to compute
2026-01-27 16:03:26,443 :: INFO ::  Close cluster ...
2026-01-27 16:03:26,444 :: INFO ::  Save profiling plots ...
2026-01-27 16:03:29,096 :: INFO ::  Clean removing thread pool ...
2026-01-27 16:03:29,096 :: INFO ::  Clean tmp directory ...
2026-01-27 16:03:29,097 :: INFO ::  Clean shared directory ...
2026-01-27 16:03:33,532 :: PROGRESS ::  Starting surface modeling pipeline for resolution 1/4
2026-01-27 16:03:33,535 :: INFO ::  The AbstractCluster multiprocessing will be used
2026-01-27 16:03:33,938 :: INFO ::  Close cluster ...
2026-01-27 16:03:34,011 :: INFO ::  The default altitude will be used as reference altitude.
2026-01-27 16:03:34,041 :: INFO ::  No orchestrator configuration given:  multiprocessing mode is used
2026-01-27 16:03:34,041 :: INFO ::  The AbstractCluster multiprocessing will be used
2026-01-27 16:03:34,042 :: INFO ::  auto mode : nb_workers will be set automatically
2026-01-27 16:03:34,063 :: INFO ::  Available CPUs  in SLURM : 1
2026-01-27 16:03:34,063 :: INFO ::  Available RAM  in SLURM : 7168
2026-01-27 16:03:34,063 :: WARNING ::  Only one CPU detected.
2026-01-27 16:03:34,065 :: INFO ::  Number of workers : 1
2026-01-27 16:03:34,065 :: INFO ::  Max memory per worker : 2000 MB
2026-01-27 16:03:34,444 :: INFO ::  Close cluster ...
2026-01-27 16:03:34,466 :: INFO ::  The default altitude will be used as reference altitude.
2026-01-27 16:03:34,466 :: INFO ::  The AbstractGeometry SharelocGeometry plugin will be used
2026-01-27 16:03:34,553 :: INFO ::  The AbstractGeometry SharelocGeometry plugin will be used
2026-01-27 16:03:34,597 :: INFO ::  The AbstractGeometry SharelocGeometry plugin will be used
2026-01-27 16:03:34,598 :: INFO ::  Grid generation method not specified, default  epipolar is used
2026-01-27 16:03:34,598 :: INFO ::  The GridGeneration(epipolar) application will be used
2026-01-27 16:03:34,598 :: INFO ::  Resampling method not specified, default bicubic is used
2026-01-27 16:03:34,598 :: INFO ::  The Resampling(bicubic) application will be used
2026-01-27 16:03:34,598 :: INFO ::  Sparse Matching method not specified, default  sift is used
2026-01-27 16:03:34,598 :: INFO ::  The SparseMatching(sift) application will be used
2026-01-27 16:03:34,599 :: INFO ::  The AbstractGeometry SharelocGeometry plugin will be used
2026-01-27 16:03:34,670 :: INFO ::  The AbstractGeometry SharelocGeometry plugin will be used
2026-01-27 16:03:34,690 :: INFO ::  The AbstractGeometry SharelocGeometry plugin will be used
2026-01-27 16:03:34,690 :: INFO ::  The resolution of the output DSM will be 2.0 meters. 
2026-01-27 16:03:34,691 :: INFO ::  Grid generation method not specified, default  epipolar is used
2026-01-27 16:03:34,691 :: INFO ::  The GridGeneration(epipolar) application will be used
2026-01-27 16:03:34,740 :: INFO ::  Grid correction method not specified, default  default is used
2026-01-27 16:03:34,740 :: INFO ::  The GridCorrection(default) application will be used
2026-01-27 16:03:34,740 :: INFO ::  Resampling method not specified, default bicubic is used
2026-01-27 16:03:34,740 :: INFO ::  The Resampling(bicubic) application will be used
2026-01-27 16:03:34,740 :: INFO ::  dense_match_filling method not specified, default zero_padding is used
2026-01-27 16:03:34,741 :: INFO ::  The DenseMatchFilling(zero_padding) application will be used
2026-01-27 16:03:34,741 :: INFO ::  Dense Matching method not specified, default census_sgm_default is used
2026-01-27 16:03:34,741 :: INFO ::  The AbstractDenseMatching(census_sgm_default) application will be used
2026-01-27 16:03:34,798 :: INFO ::  The Triangulation(line_of_sight_intersection) application will be used
2026-01-27 16:03:34,798 :: INFO ::  MntGeneration method not specified, default bulldozer_on_raster is used
2026-01-27 16:03:34,798 :: INFO ::  The DemGeneration bulldozer_on_raster application will be used
2026-01-27 16:03:34,798 :: INFO ::  The PointCloudOutlierRemoval(small_components) application will be used
2026-01-27 16:03:34,798 :: INFO ::  The PointCloudOutlierRemoval(statistical) application will be used
2026-01-27 16:03:34,799 :: INFO ::  2 point cloud outlier removal apps registered:
 - point_cloud_outlier_removal.1=small_components
 - point_cloud_outlier_removal.2=statistical
2026-01-27 16:03:34,799 :: INFO ::  Rasterisation method not specified, default simple_gaussian is used
2026-01-27 16:03:34,800 :: INFO ::  The PointCloudRasterization(simple_gaussian) application will be used
2026-01-27 16:03:34,931 :: INFO ::  The AbstractCluster multiprocessing will be used
2026-01-27 16:03:35,737 :: INFO ::  Received 1 stereo pairs configurations
2026-01-27 16:03:36,204 :: INFO ::  Generation of DEM min
2026-01-27 16:03:36,247 :: INFO ::  Generation of DEM max
2026-01-27 16:03:36,292 :: INFO ::  Generation of DEM median
2026-01-27 16:03:36,888 :: INFO ::  Launch Bulldozer on DEM min
2026-01-27 16:03:36,912 :: WARNING ::  The following input parameters are ignored: memory_mode. 
Please refer to the documentation for the list of valid parameters.
2026-01-27 16:03:36,915 :: INFO ::  Raw regular mask processing...
2026-01-27 16:03:36,916 :: INFO ::  Regular mask processing...
2026-01-27 16:03:36,918 :: INFO ::  detect_regular_areas: Done (Runtime: 0.0s)
2026-01-27 16:03:36,918 :: INFO ::  Horizontal nodata mask processing...
2026-01-27 16:03:36,918 :: INFO ::  Vertical nodata mask processing...
2026-01-27 16:03:36,936 :: INFO ::  Build Inner NoData Mask
2026-01-27 16:03:36,951 :: INFO ::  detect_border_nodata: Done (Runtime: 0.03s)
2026-01-27 16:03:36,951 :: INFO ::  Iterative filling DSM level 0
2026-01-27 16:03:36,952 :: INFO ::  fill_dsm: Done (Runtime: 0.0s)
2026-01-27 16:03:36,952 :: INFO ::  Main pass of a drape cloth filter: Starting...
2026-01-27 16:03:37,020 :: INFO ::  drape_cloth: Done (Runtime: 0.07s)
2026-01-27 16:03:37,020 :: INFO ::  Main pass of a drape cloth filter: Done.
2026-01-27 16:03:37,021 :: INFO ::  Pits removal: Starting.
2026-01-27 16:03:37,021 :: INFO ::  Pits removal processing...
2026-01-27 16:03:37,053 :: INFO ::  run: Done (Runtime: 0.03s)
2026-01-27 16:03:37,054 :: INFO ::  Pits removal: Done.
2026-01-27 16:03:37,054 :: INFO ::  Applying border no data: Starting...
2026-01-27 16:03:37,054 :: INFO ::  Applying border no data: Done...
2026-01-27 16:03:37,060 :: INFO ::  Generating DHM: Starting...
2026-01-27 16:03:37,060 :: INFO ::  Applying border no data to DHM: Starting...
2026-01-27 16:03:37,060 :: INFO ::  Applying border no data to DHM: Done...
2026-01-27 16:03:37,084 :: INFO ::  Generating DHM: Done.
2026-01-27 16:03:37,084 :: INFO ::  dsm_to_dtm: Done (Runtime: 0.18s)
2026-01-27 16:03:37,095 :: INFO ::  Launch Bulldozer on DEM max
2026-01-27 16:03:37,105 :: WARNING ::  The following input parameters are ignored: memory_mode. 
Please refer to the documentation for the list of valid parameters.
2026-01-27 16:03:37,116 :: INFO ::  Raw regular mask processing...
2026-01-27 16:03:37,118 :: INFO ::  Regular mask processing...
2026-01-27 16:03:37,120 :: INFO ::  detect_regular_areas: Done (Runtime: 0.0s)
2026-01-27 16:03:37,122 :: INFO ::  Horizontal nodata mask processing...
2026-01-27 16:03:37,123 :: INFO ::  Vertical nodata mask processing...
2026-01-27 16:03:37,243 :: INFO ::  Build Inner NoData Mask
2026-01-27 16:03:37,319 :: INFO ::  detect_border_nodata: Done (Runtime: 0.2s)
2026-01-27 16:03:37,320 :: INFO ::  Iterative filling DSM level 0
2026-01-27 16:03:37,322 :: INFO ::  Iterative filling DSM level 1
2026-01-27 16:03:37,326 :: INFO ::  fill_dsm: Done (Runtime: 0.01s)
2026-01-27 16:03:37,327 :: INFO ::  Main pass of a drape cloth filter: Starting...
2026-01-27 16:03:37,393 :: INFO ::  drape_cloth: Done (Runtime: 0.06s)
2026-01-27 16:03:37,393 :: INFO ::  Main pass of a drape cloth filter: Done.
2026-01-27 16:03:37,394 :: INFO ::  Pits removal: Starting.
2026-01-27 16:03:37,395 :: INFO ::  Pits removal processing...
2026-01-27 16:03:37,418 :: INFO ::  run: Done (Runtime: 0.02s)
2026-01-27 16:03:37,419 :: INFO ::  Pits removal: Done.
2026-01-27 16:03:37,420 :: INFO ::  Applying border no data: Starting...
2026-01-27 16:03:37,420 :: INFO ::  Applying border no data: Done...
2026-01-27 16:03:37,460 :: INFO ::  Generating DHM: Starting...
2026-01-27 16:03:37,461 :: INFO ::  Applying border no data to DHM: Starting...
2026-01-27 16:03:37,462 :: INFO ::  Applying border no data to DHM: Done...
2026-01-27 16:03:37,545 :: INFO ::  Generating DHM: Done.
2026-01-27 16:03:37,546 :: INFO ::  dsm_to_dtm: Done (Runtime: 0.44s)
2026-01-27 16:03:37,564 :: INFO ::  Statistics of difference between subsampled DSM and DEM min (in meters)
2026-01-27 16:03:37,565 :: INFO ::  | Min    | Median | p90    | p95    | p99    | Max    |
2026-01-27 16:03:37,565 :: INFO ::  |  79.71 |  83.95 | 156.55 | 157.53 | 165.06 | 165.06 |
2026-01-27 16:03:37,565 :: INFO ::  Statistics of difference between DEM max and subsampled DSM (in meters)
2026-01-27 16:03:37,567 :: INFO ::  | Min    | Median | p90    | p95    | p99    | Max    |
2026-01-27 16:03:37,567 :: INFO ::  | -165.06 |  80.63 |  85.41 |  87.32 |  93.86 | 102.67 |
2026-01-27 16:03:37,568 :: INFO ::  Statistics of difference between DEM max and DEM min (in meters)
2026-01-27 16:03:37,570 :: INFO ::  | Min    | Median | p90    | p95    | p99    | Max    |
2026-01-27 16:03:37,570 :: INFO ::  |   0.00 | 163.78 | 173.86 | 182.50 | 211.85 | 242.89 |
2026-01-27 16:03:37,727 :: INFO ::  The AbstractGeometry SharelocGeometry plugin will be used
2026-01-27 16:03:37,987 :: INFO ::  The AbstractGeometry SharelocGeometry plugin will be used
2026-01-27 16:03:38,007 :: INFO ::  The AbstractGeometry SharelocGeometry plugin will be used
2026-01-27 16:03:38,008 :: INFO ::  Median value of DEM (153.7415008544922) will be used as default_alt
2026-01-27 16:03:38,649 :: INFO ::  DEM bounds : 1.385316903080225, 43.57882965619802, 1.4488138599570348, 43.5327291258628
2026-01-27 16:03:38,649 :: INFO ::  ROI bounds : 1.3691229324203587, 43.491131137124604, 1.4829705713771648, 43.60057820347808
2026-01-27 16:03:38,735 :: INFO ::  Left satellite acquisition angles: Azimuth angle: 150.9 degrees, Elevation angle: 72.1 degrees
2026-01-27 16:03:38,735 :: INFO ::  Right satellite acquisition angles: Azimuth angle: 111.2 degrees, Elevation angle: 77.7 degrees
2026-01-27 16:03:38,735 :: INFO ::  Stereo satellite convergence angle from ground: 11.4 degrees
2026-01-27 16:03:38,735 :: INFO ::  Generating epipolar rectification grid ...
2026-01-27 16:03:38,790 :: INFO ::  Size of epipolar images: 448x448 pixels
2026-01-27 16:03:38,790 :: INFO ::  Disparity to altitude factor: 10.209558001690791 m/pixel
2026-01-27 16:03:38,899 :: INFO ::  The AbstractCluster multiprocessing will be used
2026-01-27 16:03:39,302 :: INFO ::  Close cluster ...
2026-01-27 16:03:39,309 :: INFO ::  The AbstractGeometry SharelocGeometry plugin will be used
2026-01-27 16:03:39,382 :: INFO ::  The AbstractGeometry SharelocGeometry plugin will be used
2026-01-27 16:03:39,402 :: INFO ::  The AbstractGeometry SharelocGeometry plugin will be used
2026-01-27 16:03:39,403 :: INFO ::  Median value of DEM (153.7415008544922) will be used as default_alt
2026-01-27 16:03:39,562 :: INFO ::  DEM bounds : 1.385316903080225, 43.57882965619802, 1.4488138599570348, 43.5327291258628
2026-01-27 16:03:39,562 :: INFO ::  ROI bounds : 1.3691229324203587, 43.491131137124604, 1.4829705713771648, 43.60057820347808
2026-01-27 16:03:39,583 :: INFO ::  The GridGeneration(epipolar) application will be used
2026-01-27 16:03:39,583 :: INFO ::  The Resampling(bicubic) application will be used
2026-01-27 16:03:39,583 :: INFO ::  The SparseMatching(sift) application will be used
2026-01-27 16:03:40,035 :: INFO ::  Compute delayed ...
2026-01-27 16:03:40,050 :: INFO ::  Wait for futures results ...
2026-01-27 16:03:40,050 :: PROGRESS ::  Data list to process: [ disp_max_grid , disp_min_grid , global infos ] ...
2026-01-27 16:03:40,573 :: INFO ::  Close files ...
2026-01-27 16:03:41,226 :: INFO ::  Global Disparity range for current pair:  [-9.411 pix., 8.904 pix.] (or [-96.082 m., 90.908 m.])
2026-01-27 16:03:41,226 :: INFO ::  Global disparity range for sparse matching : [-10.0 pix, 9.0 pix]
2026-01-27 16:03:41,226 :: INFO ::  Size of epipolar image: [0, 0, 448, 448]
2026-01-27 16:03:41,226 :: INFO ::  Tile size for epipolar regions: 5000x60 pixels
2026-01-27 16:03:41,226 :: INFO ::  Epipolar image will be processed in 8 splits
2026-01-27 16:03:41,428 :: INFO ::  Number of tiles in epipolar resampling: row: 8 col: 1
2026-01-27 16:03:41,839 :: INFO ::  Number of left epipolar image tiles outside left sensor image and removed: 0
2026-01-27 16:03:41,839 :: INFO ::  Number of right epipolar image tiles outside right sensor image and removed: 0
2026-01-27 16:03:41,842 :: INFO ::  Generate disparity: Number tiles: 8
2026-01-27 16:03:41,844 :: INFO ::  Compute delayed ...
2026-01-27 16:03:41,845 :: INFO ::  Wait for futures results ...
2026-01-27 16:03:41,845 :: PROGRESS ::  Data list to process: [ epi_matches_left ] ...
2026-01-27 16:03:46,795 :: INFO ::  Close files ...
2026-01-27 16:03:46,903 :: INFO ::  Raw number of matches found: 401 matches
2026-01-27 16:03:46,904 :: INFO ::  Writing raw matches file
2026-01-27 16:03:46,905 :: INFO ::  1 matches discarded because their epipolar error is greater than --epipolar_error_upper_bound = 10.0 pix considering a shift of -0.02069091796875 pix
2026-01-27 16:03:46,905 :: INFO ::  Writing filtered matches file
2026-01-27 16:03:46,906 :: INFO ::  Number of matches kept for epipolar error correction: 400 matches
2026-01-27 16:03:46,919 :: INFO ::  Epipolar error after correction: mean = 0.000 pix., standard deviation = 0.349 pix., max = 3.761 pix.
2026-01-27 16:03:47,309 :: INFO ::  Global disparity interval without margin : [-2.29 pix, 1.88 pix]
2026-01-27 16:03:47,309 :: INFO ::  Global disparity interval with margin : [-100.24 pix, 50.86 pix]
2026-01-27 16:03:47,758 :: INFO ::  Compute delayed ...
2026-01-27 16:03:47,770 :: INFO ::  Wait for futures results ...
2026-01-27 16:03:47,770 :: PROGRESS ::  Data list to process: [ disp_max_grid , disp_min_grid , global infos ] ...
2026-01-27 16:03:48,234 :: INFO ::  Close files ...
2026-01-27 16:03:48,947 :: INFO ::  Global Disparity range for current pair:  [-9.411 pix., 8.904 pix.] (or [-96.083 m., 90.908 m.])
2026-01-27 16:03:49,146 :: INFO ::  Size of epipolar image: [0, 0, 448, 448]
2026-01-27 16:03:49,146 :: INFO ::  Tile size for epipolar regions: 1000x1000 pixels
2026-01-27 16:03:49,146 :: INFO ::  Epipolar image will be processed in 1 splits
2026-01-27 16:03:50,555 :: INFO ::  Number of tiles in epipolar resampling: row: 1 col: 1
2026-01-27 16:03:50,965 :: INFO ::  Number of left epipolar image tiles outside left sensor image and removed: 0
2026-01-27 16:03:50,965 :: INFO ::  Number of right epipolar image tiles outside right sensor image and removed: 0
2026-01-27 16:03:50,994 :: INFO ::  Computing images envelopes and their intersection
2026-01-27 16:03:51,397 :: INFO ::  Terrain area covered: 1480462.9516116416 square meters (or square degrees)
2026-01-27 16:03:51,406 :: INFO ::  Terrain bounding box : [571664.0, 572474.0] x [6273798.0, 6274648.0]
2026-01-27 16:03:51,595 :: INFO ::  Total terrain bounding box : [571664.0, 572474.0] x [6273798.0, 6274648.0]
2026-01-27 16:03:51,595 :: INFO ::  Optimal terrain tile size: 609x609 pixels
2026-01-27 16:03:51,813 :: INFO ::  The conf that has been chosen regarding the world classification map is census_sgm_urban
2026-01-27 16:03:51,997 :: INFO ::  The AbstractDenseMatching(custom) application will be used
2026-01-27 16:03:52,052 :: INFO ::  Compute disparity: number tiles: 1
2026-01-27 16:03:52,054 :: INFO ::  Disparity holes filling was not activated
2026-01-27 16:03:53,284 :: INFO ::  DSM output image size: 2486x2510 pixels
2026-01-27 16:03:53,888 :: INFO ::  Number of tiles in cloud rasterization: row: 1 col: 1
2026-01-27 16:03:53,894 :: INFO ::  Compute delayed ...
2026-01-27 16:03:53,895 :: INFO ::  Wait for futures results ...
2026-01-27 16:03:53,895 :: PROGRESS ::  Data list to process: [ texture , epi_img_left , epi_img_right_mask , dsm , dsm_weights , epi_img_left_classif , epi_img_right , epi_img_right_classif , epi_img_left_mask ] ...
2026-01-27 16:04:20,083 :: INFO ::  Close files ...
2026-01-27 16:04:20,508 :: INFO ::  Compute delayed ...
2026-01-27 16:04:20,508 :: INFO ::  No Object to compute
2026-01-27 16:04:20,704 :: INFO ::  Close cluster ...
2026-01-27 16:04:20,704 :: INFO ::  Save profiling plots ...
2026-01-27 16:04:23,330 :: INFO ::  Clean removing thread pool ...
2026-01-27 16:04:23,330 :: INFO ::  Clean tmp directory ...
2026-01-27 16:04:23,645 :: INFO ::  Clean shared directory ...
2026-01-27 16:04:28,214 :: PROGRESS ::  Starting surface modeling pipeline for resolution 1/1
2026-01-27 16:04:28,217 :: INFO ::  The AbstractCluster multiprocessing will be used
2026-01-27 16:04:28,620 :: INFO ::  Close cluster ...
2026-01-27 16:04:28,626 :: INFO ::  The default altitude will be used as reference altitude.
2026-01-27 16:04:28,636 :: INFO ::  No orchestrator configuration given:  multiprocessing mode is used
2026-01-27 16:04:28,636 :: INFO ::  The AbstractCluster multiprocessing will be used
2026-01-27 16:04:28,637 :: INFO ::  auto mode : nb_workers will be set automatically
2026-01-27 16:04:28,651 :: INFO ::  Available CPUs  in SLURM : 1
2026-01-27 16:04:28,651 :: INFO ::  Available RAM  in SLURM : 7168
2026-01-27 16:04:28,651 :: WARNING ::  Only one CPU detected.
2026-01-27 16:04:28,653 :: INFO ::  Number of workers : 1
2026-01-27 16:04:28,653 :: INFO ::  Max memory per worker : 2000 MB
2026-01-27 16:04:29,039 :: INFO ::  Close cluster ...
2026-01-27 16:04:29,045 :: INFO ::  The default altitude will be used as reference altitude.
2026-01-27 16:04:29,045 :: INFO ::  The AbstractGeometry SharelocGeometry plugin will be used
2026-01-27 16:04:29,121 :: INFO ::  The AbstractGeometry SharelocGeometry plugin will be used
2026-01-27 16:04:29,149 :: INFO ::  The AbstractGeometry SharelocGeometry plugin will be used
2026-01-27 16:04:29,150 :: INFO ::  Grid generation method not specified, default  epipolar is used
2026-01-27 16:04:29,150 :: INFO ::  The GridGeneration(epipolar) application will be used
2026-01-27 16:04:29,150 :: INFO ::  Resampling method not specified, default bicubic is used
2026-01-27 16:04:29,150 :: INFO ::  The Resampling(bicubic) application will be used
2026-01-27 16:04:29,150 :: INFO ::  Sparse Matching method not specified, default  sift is used
2026-01-27 16:04:29,150 :: INFO ::  The SparseMatching(sift) application will be used
2026-01-27 16:04:29,150 :: INFO ::  The AbstractGeometry SharelocGeometry plugin will be used
2026-01-27 16:04:29,221 :: INFO ::  The AbstractGeometry SharelocGeometry plugin will be used
2026-01-27 16:04:29,241 :: INFO ::  The AbstractGeometry SharelocGeometry plugin will be used
2026-01-27 16:04:29,242 :: INFO ::  Grid generation method not specified, default  epipolar is used
2026-01-27 16:04:29,242 :: INFO ::  The GridGeneration(epipolar) application will be used
2026-01-27 16:04:29,242 :: INFO ::  Grid correction method not specified, default  default is used
2026-01-27 16:04:29,242 :: INFO ::  The GridCorrection(default) application will be used
2026-01-27 16:04:29,242 :: INFO ::  Resampling method not specified, default bicubic is used
2026-01-27 16:04:29,243 :: INFO ::  The Resampling(bicubic) application will be used
2026-01-27 16:04:29,243 :: INFO ::  dense_match_filling method not specified, default zero_padding is used
2026-01-27 16:04:29,243 :: INFO ::  The DenseMatchFilling(zero_padding) application will be used
2026-01-27 16:04:29,243 :: INFO ::  Dense Matching method not specified, default census_sgm_default is used
2026-01-27 16:04:29,243 :: INFO ::  The AbstractDenseMatching(census_sgm_default) application will be used
2026-01-27 16:04:29,309 :: INFO ::  The Triangulation(line_of_sight_intersection) application will be used
2026-01-27 16:04:29,309 :: INFO ::  MntGeneration method not specified, default bulldozer_on_raster is used
2026-01-27 16:04:29,309 :: INFO ::  The DemGeneration bulldozer_on_raster application will be used
2026-01-27 16:04:29,309 :: INFO ::  The PointCloudOutlierRemoval(small_components) application will be used
2026-01-27 16:04:29,309 :: INFO ::  The PointCloudOutlierRemoval(statistical) application will be used
2026-01-27 16:04:29,310 :: INFO ::  2 point cloud outlier removal apps registered:
 - point_cloud_outlier_removal.1=small_components
 - point_cloud_outlier_removal.2=statistical
2026-01-27 16:04:29,310 :: INFO ::  Rasterisation method not specified, default simple_gaussian is used
2026-01-27 16:04:29,310 :: INFO ::  The PointCloudRasterization(simple_gaussian) application will be used
2026-01-27 16:04:29,449 :: INFO ::  The AbstractCluster multiprocessing will be used
2026-01-27 16:04:30,268 :: INFO ::  Received 1 stereo pairs configurations
2026-01-27 16:04:32,149 :: INFO ::  Generation of DEM min
2026-01-27 16:04:32,865 :: INFO ::  Generation of DEM max
2026-01-27 16:04:33,561 :: INFO ::  Generation of DEM median
2026-01-27 16:04:37,910 :: INFO ::  Launch Bulldozer on DEM min
2026-01-27 16:04:40,474 :: INFO ::  Launch Bulldozer on DEM max
2026-01-27 16:04:42,563 :: INFO ::  Statistics of difference between subsampled DSM and DEM min (in meters)
2026-01-27 16:04:42,567 :: INFO ::  | Min    | Median | p90    | p95    | p99    | Max    |
2026-01-27 16:04:42,568 :: INFO ::  |  39.63 |  44.66 | 146.23 | 150.63 | 153.93 | 159.06 |
2026-01-27 16:04:42,569 :: INFO ::  Statistics of difference between DEM max and subsampled DSM (in meters)
2026-01-27 16:04:42,574 :: INFO ::  | Min    | Median | p90    | p95    | p99    | Max    |
2026-01-27 16:04:42,574 :: INFO ::  | -159.05 |  42.09 |  48.24 |  49.96 |  53.03 |  58.03 |
2026-01-27 16:04:42,575 :: INFO ::  Statistics of difference between DEM max and DEM min (in meters)
2026-01-27 16:04:42,579 :: INFO ::  | Min    | Median | p90    | p95    | p99    | Max    |
2026-01-27 16:04:42,579 :: INFO ::  |   0.00 |  86.73 |  94.31 |  98.89 | 125.13 | 145.55 |
2026-01-27 16:04:43,066 :: INFO ::  The AbstractGeometry SharelocGeometry plugin will be used
2026-01-27 16:04:43,141 :: INFO ::  The AbstractGeometry SharelocGeometry plugin will be used
2026-01-27 16:04:43,159 :: INFO ::  The AbstractGeometry SharelocGeometry plugin will be used
2026-01-27 16:04:43,161 :: INFO ::  Median value of DEM (143.19149780273438) will be used as default_alt
2026-01-27 16:04:43,329 :: INFO ::  DEM bounds : 1.385827114584779, 43.57855726324871, 1.448640715033151, 43.53247946638001
2026-01-27 16:04:43,329 :: INFO ::  ROI bounds : 1.3705277442280699, 43.491131137124604, 1.4829705713771648, 43.60057820347808
2026-01-27 16:04:43,609 :: INFO ::  Left satellite acquisition angles: Azimuth angle: 150.9 degrees, Elevation angle: 72.1 degrees
2026-01-27 16:04:43,609 :: INFO ::  Right satellite acquisition angles: Azimuth angle: 111.2 degrees, Elevation angle: 77.7 degrees
2026-01-27 16:04:43,609 :: INFO ::  Stereo satellite convergence angle from ground: 11.4 degrees
2026-01-27 16:04:43,609 :: INFO ::  Generating epipolar rectification grid ...
2026-01-27 16:04:43,736 :: INFO ::  Size of epipolar images: 1794x1794 pixels
2026-01-27 16:04:43,737 :: INFO ::  Disparity to altitude factor: 2.552379688818291 m/pixel
2026-01-27 16:04:43,838 :: INFO ::  The AbstractCluster multiprocessing will be used
2026-01-27 16:04:44,241 :: INFO ::  Close cluster ...
2026-01-27 16:04:44,248 :: INFO ::  The AbstractGeometry SharelocGeometry plugin will be used
2026-01-27 16:04:44,331 :: INFO ::  The AbstractGeometry SharelocGeometry plugin will be used
2026-01-27 16:04:44,352 :: INFO ::  The AbstractGeometry SharelocGeometry plugin will be used
2026-01-27 16:04:44,354 :: INFO ::  Median value of DEM (143.19149780273438) will be used as default_alt
2026-01-27 16:04:44,517 :: INFO ::  DEM bounds : 1.385827114584779, 43.57855726324871, 1.448640715033151, 43.53247946638001
2026-01-27 16:04:44,518 :: INFO ::  ROI bounds : 1.3705277442280699, 43.491131137124604, 1.4829705713771648, 43.60057820347808
2026-01-27 16:04:44,650 :: INFO ::  The GridGeneration(epipolar) application will be used
2026-01-27 16:04:44,650 :: INFO ::  The Resampling(bicubic) application will be used
2026-01-27 16:04:44,650 :: INFO ::  The SparseMatching(sift) application will be used
2026-01-27 16:04:45,059 :: INFO ::  Compute delayed ...
2026-01-27 16:04:45,257 :: INFO ::  Wait for futures results ...
2026-01-27 16:04:45,257 :: PROGRESS ::  Data list to process: [ disp_max_grid , disp_min_grid , global infos ] ...
2026-01-27 16:04:46,366 :: INFO ::  Close files ...
2026-01-27 16:04:47,020 :: INFO ::  Global Disparity range for current pair:  [-22.005 pix., 20.472 pix.] (or [-56.166 m., 52.253 m.])
2026-01-27 16:04:47,021 :: INFO ::  Global disparity range for sparse matching : [-23.0 pix, 21.0 pix]
2026-01-27 16:04:47,021 :: INFO ::  Size of epipolar image: [0, 0, 1794, 1794]
2026-01-27 16:04:47,021 :: INFO ::  Tile size for epipolar regions: 5000x60 pixels
2026-01-27 16:04:47,021 :: INFO ::  Epipolar image will be processed in 30 splits
2026-01-27 16:04:47,223 :: INFO ::  Number of tiles in epipolar resampling: row: 30 col: 1
2026-01-27 16:04:47,640 :: INFO ::  Number of left epipolar image tiles outside left sensor image and removed: 0
2026-01-27 16:04:47,641 :: INFO ::  Number of right epipolar image tiles outside right sensor image and removed: 0
2026-01-27 16:04:47,645 :: INFO ::  Generate disparity: Number tiles: 30
2026-01-27 16:04:47,647 :: INFO ::  Compute delayed ...
2026-01-27 16:04:47,650 :: INFO ::  Wait for futures results ...
2026-01-27 16:04:47,650 :: PROGRESS ::  Data list to process: [ epi_matches_left ] ...
2026-01-27 16:05:52,602 :: ERROR ::  Cluster MP thread failed: [Errno 111] Connection refused
