2026-07-02 12:05:24,087 :: INFO ::  The default altitude will be used as reference altitude.
2026-07-02 12:05:24,089 :: INFO ::  The AbstractCluster multiprocessing will be used
2026-07-02 12:05:24,492 :: INFO ::  Close cluster ...
2026-07-02 12:05:24,493 :: INFO ::  subsampling method not specified, default  rasterio is used
2026-07-02 12:05:24,493 :: INFO ::  The subsampling(rasterio) application will be used
2026-07-02 12:05:24,493 :: PROGRESS ::  Starting subsampling pipeline
2026-07-02 12:05:24,494 :: INFO ::  The AbstractCluster multiprocessing will be used
2026-07-02 12:05:29,414 :: INFO ::  Registered task subsampling under pipeline Subsampling with weight 1.0 and expected runs 1
2026-07-02 12:05:31,916 :: INFO ::  Compute delayed ...
2026-07-02 12:05:31,916 :: INFO ::  Wait for futures results ...
2026-07-02 12:05:31,917 :: PROGRESS ::  Data list to process: [ subsampling_im_res_4 , subsampling_texture_0_res_4 , subsampling_texture_0_res_16 , subsampling_im_res_16 ] ...
2026-07-02 12:05:31,918 :: PROGRESS ::  Started task subsampling in pipeline Subsampling, total: 4
2026-07-02 12:05:31,918 :: INFO ::  Processing 4 tiles: [ subsampling_im_res_4 , subsampling_texture_0_res_4 , subsampling_texture_0_res_16 , subsampling_im_res_16 ] ...
2026-07-02 12:05:32,617 :: PROGRESS ::  Data list to process: 20% complete (1/4 tiles) [run 1/1]
2026-07-02 12:05:32,982 :: PROGRESS ::  Data list to process: 50% complete (2/4 tiles) [run 1/1]
2026-07-02 12:05:33,313 :: PROGRESS ::  Data list to process: 70% complete (3/4 tiles) [run 1/1]
2026-07-02 12:05:33,588 :: PROGRESS ::  Data list to process: 100% complete (4/4 tiles) [run 1/1]
2026-07-02 12:05:33,589 :: INFO ::  Close files ...
2026-07-02 12:05:33,743 :: INFO ::  Close cluster ...
2026-07-02 12:05:33,743 :: INFO ::  Save profiling plots ...
2026-07-02 12:05:35,416 :: INFO ::  Clean removing thread pool ...
2026-07-02 12:05:35,416 :: INFO ::  Clean tmp directory ...
2026-07-02 12:05:35,417 :: INFO ::  Clean shared directory ...
2026-07-02 12:05:37,646 :: PROGRESS ::  Starting surface modeling pipeline for resolution 1/16
2026-07-02 12:05:37,647 :: INFO ::  The AbstractCluster multiprocessing will be used
2026-07-02 12:05:38,051 :: INFO ::  Close cluster ...
2026-07-02 12:05:38,065 :: INFO ::  The default altitude will be used as reference altitude.
2026-07-02 12:05:38,066 :: INFO ::  No orchestrator configuration given:  multiprocessing mode is used
2026-07-02 12:05:38,066 :: INFO ::  The AbstractCluster multiprocessing will be used
2026-07-02 12:05:38,066 :: INFO ::  auto mode : nb_workers will be set automatically
2026-07-02 12:05:38,079 :: INFO ::  Available CPUs  in SLURM : 1
2026-07-02 12:05:38,079 :: INFO ::  Available RAM  in SLURM : 7168
2026-07-02 12:05:38,079 :: WARNING ::  Only one CPU detected.
2026-07-02 12:05:38,079 :: INFO ::  Number of workers : 1
2026-07-02 12:05:38,079 :: INFO ::  Max memory per worker : 2000 MB
2026-07-02 12:05:38,469 :: INFO ::  Close cluster ...
2026-07-02 12:05:38,483 :: INFO ::  The default altitude will be used as reference altitude.
2026-07-02 12:05:38,484 :: INFO ::  The AbstractGeometry SharelocGeometry plugin will be used
2026-07-02 12:05:38,561 :: INFO ::  The AbstractGeometry SharelocGeometry plugin will be used
2026-07-02 12:05:38,581 :: INFO ::  The AbstractGeometry SharelocGeometry plugin will be used
2026-07-02 12:05:38,581 :: INFO ::  Grid generation method not specified, default  epipolar is used
2026-07-02 12:05:38,581 :: INFO ::  The GridGeneration(epipolar) application will be used
2026-07-02 12:05:38,581 :: INFO ::  Resampling method not specified, default bicubic is used
2026-07-02 12:05:38,581 :: INFO ::  The Resampling(bicubic) application will be used
2026-07-02 12:05:38,582 :: INFO ::  Sparse Matching application not specified, default  basic is used
2026-07-02 12:05:38,582 :: INFO ::  The SparseMatching(basic) application will be used
2026-07-02 12:05:38,583 :: INFO ::  The AbstractSparseMatchingMethod(sift) method will be used
2026-07-02 12:05:38,583 :: INFO ::  The AbstractGeometry SharelocGeometry plugin will be used
2026-07-02 12:05:38,653 :: INFO ::  The AbstractGeometry SharelocGeometry plugin will be used
2026-07-02 12:05:38,678 :: INFO ::  The AbstractGeometry SharelocGeometry plugin will be used
2026-07-02 12:05:38,678 :: INFO ::  The resolution of the output DSM will be 8.0 meters. 
2026-07-02 12:05:38,678 :: INFO ::  Grid generation method not specified, default  epipolar is used
2026-07-02 12:05:38,678 :: INFO ::  The GridGeneration(epipolar) application will be used
2026-07-02 12:05:38,679 :: INFO ::  Grid correction method not specified, default  default is used
2026-07-02 12:05:38,679 :: INFO ::  The GridCorrection(default) application will be used
2026-07-02 12:05:38,679 :: INFO ::  Resampling method not specified, default bicubic is used
2026-07-02 12:05:38,679 :: INFO ::  The Resampling(bicubic) application will be used
2026-07-02 12:05:38,679 :: INFO ::  dense_match_filling method not specified, default zero_padding is used
2026-07-02 12:05:38,679 :: INFO ::  The DenseMatchFilling(zero_padding) application will be used
2026-07-02 12:05:38,680 :: INFO ::  Dense Matching application not specified, default basic is used
2026-07-02 12:05:38,680 :: INFO ::  The AbstractDenseMatching(basic) application will be used
2026-07-02 12:05:38,680 :: INFO ::  The AbstractDenseMatchingMethod(pandora_auto) method will be used
2026-07-02 12:05:38,816 :: INFO ::  The Triangulation(line_of_sight_intersection) application will be used
2026-07-02 12:05:38,816 :: INFO ::  MntGeneration method not specified, default bulldozer_on_raster is used
2026-07-02 12:05:38,816 :: INFO ::  The DemGeneration bulldozer_on_raster application will be used
2026-07-02 12:05:38,816 :: INFO ::  The PointCloudOutlierRemoval(small_components) application will be used
2026-07-02 12:05:38,816 :: INFO ::  The PointCloudOutlierRemoval(statistical) application will be used
2026-07-02 12:05:38,817 :: INFO ::  2 point cloud outlier removal apps registered:
 - point_cloud_outlier_removal.1=small_components
 - point_cloud_outlier_removal.2=statistical
2026-07-02 12:05:38,817 :: INFO ::  Rasterisation method not specified, default simple_gaussian is used
2026-07-02 12:05:38,818 :: INFO ::  The PointCloudRasterization(simple_gaussian) application will be used
2026-07-02 12:05:38,975 :: INFO ::  The AbstractCluster multiprocessing will be used
2026-07-02 12:05:39,184 :: INFO ::  Registered task generate_disparity_grids under pipeline surface_modeling_res16 with weight 2.0 and expected runs 1
2026-07-02 12:05:39,185 :: INFO ::  Registered task tie_points under pipeline Tie Points with weight 20.0 and expected runs 1
2026-07-02 12:05:39,185 :: INFO ::  Registered task disparity_to_depth_maps under pipeline surface_modeling_res16 with weight 20.0 and expected runs 1
2026-07-02 12:05:39,185 :: INFO ::  Registered task rasterize_point_cloud under pipeline surface_modeling_res16 with weight 58.0 and expected runs 1
2026-07-02 12:05:39,809 :: INFO ::  Received 1 stereo pairs configurations
2026-07-02 12:05:39,850 :: INFO ::  Left satellite acquisition angles: Azimuth angle: 150.9 degrees, Elevation angle: 72.1 degrees
2026-07-02 12:05:39,850 :: INFO ::  Right satellite acquisition angles: Azimuth angle: 111.2 degrees, Elevation angle: 77.7 degrees
2026-07-02 12:05:39,850 :: INFO ::  Stereo satellite convergence angle from ground: 11.4 degrees
2026-07-02 12:05:39,850 :: INFO ::  Generating epipolar rectification grid ...
2026-07-02 12:05:39,870 :: INFO ::  Optimal altitude found for epipolar grid generation : 165.99m. Residue of triangulation : 2e-05m
2026-07-02 12:05:39,892 :: INFO ::  Size of epipolar images: 111x111 pixels
2026-07-02 12:05:39,892 :: INFO ::  Disparity to altitude factor for pixel at 1/16 sampling : 41.17 m/pixel
2026-07-02 12:05:40,018 :: INFO ::  The AbstractCluster multiprocessing will be used
2026-07-02 12:05:40,434 :: INFO ::  Close cluster ...
2026-07-02 12:05:40,448 :: INFO ::  The default altitude will be used as reference altitude.
2026-07-02 12:05:40,449 :: INFO ::  The AbstractGeometry SharelocGeometry plugin will be used
2026-07-02 12:05:40,521 :: INFO ::  The AbstractGeometry SharelocGeometry plugin will be used
2026-07-02 12:05:40,549 :: INFO ::  The AbstractGeometry SharelocGeometry plugin will be used
2026-07-02 12:05:40,549 :: INFO ::  The GridGeneration(epipolar) application will be used
2026-07-02 12:05:40,550 :: INFO ::  The Resampling(bicubic) application will be used
2026-07-02 12:05:40,550 :: INFO ::  The SparseMatching(basic) application will be used
2026-07-02 12:05:40,550 :: INFO ::  The AbstractSparseMatchingMethod(sift) method will be used
2026-07-02 12:05:41,168 :: INFO ::  Margins added to left region for matching: [ 0 70  0 70]
2026-07-02 12:05:41,168 :: INFO ::  Margins added to right region for matching: [ 0 70  0 70]
2026-07-02 12:05:41,168 :: INFO ::  Size of epipolar image: [0, 0, 111, 111]
2026-07-02 12:05:41,168 :: INFO ::  Tile size for epipolar regions: 5000x60 pixels
2026-07-02 12:05:41,168 :: INFO ::  Epipolar image will be processed in 2 splits
2026-07-02 12:05:41,376 :: INFO ::  Number of tiles in epipolar resampling: row: 2 col: 1
2026-07-02 12:05:41,839 :: INFO ::  Number of left epipolar image tiles outside left sensor image and removed: 0
2026-07-02 12:05:41,839 :: INFO ::  Number of right epipolar image tiles outside right sensor image and removed: 0
2026-07-02 12:05:41,845 :: INFO ::  Generate disparity: Number tiles: 2
2026-07-02 12:05:41,853 :: INFO ::  Compute delayed ...
2026-07-02 12:05:41,853 :: INFO ::  Wait for futures results ...
2026-07-02 12:05:41,853 :: PROGRESS ::  Data list to process: [ epi_matches_left ] ...
2026-07-02 12:05:41,855 :: PROGRESS ::  Started task tie_points in pipeline Tie Points, total: 2
2026-07-02 12:05:41,855 :: INFO ::  Processing 2 tiles: [ epi_matches_left ] ...
2026-07-02 12:05:42,765 :: PROGRESS ::  Data list to process: 50% complete (1/2 tiles) [run 1/1]
2026-07-02 12:05:43,524 :: PROGRESS ::  Data list to process: 100% complete (2/2 tiles) [run 1/1]
2026-07-02 12:05:43,526 :: INFO ::  Close files ...
2026-07-02 12:05:43,633 :: INFO ::  Raw number of matches found: 232 matches
2026-07-02 12:05:43,635 :: INFO ::  Writing raw matches file
2026-07-02 12:05:43,637 :: INFO ::  0 matches discarded because their epipolar error is greater than --epipolar_error_upper_bound = 10 pix considering a shift of 0.012592315673828125 pix
2026-07-02 12:05:43,637 :: INFO ::  Writing filtered matches file
2026-07-02 12:05:43,640 :: INFO ::  Number of matches kept for epipolar error correction: 232 matches
2026-07-02 12:05:43,648 :: INFO ::  Epipolar error after correction: mean = 0.000 pix., standard deviation = 0.465 pix., max = 3.529 pix.
2026-07-02 12:05:44,043 :: INFO ::  Global disparity interval without margin : [-4.11 pix, 0.29 pix]
2026-07-02 12:05:44,043 :: INFO ::  Global disparity interval with margin : [-28.40 pix, 12.43 pix]
2026-07-02 12:05:44,473 :: INFO ::  Compute delayed ...
2026-07-02 12:05:44,473 :: INFO ::  Wait for futures results ...
2026-07-02 12:05:44,473 :: PROGRESS ::  Data list to process: [ disp_min_grid , global infos , disp_max_grid ] ...
2026-07-02 12:05:44,474 :: PROGRESS ::  Started task generate_disparity_grids in pipeline surface_modeling_res16, total: 2
2026-07-02 12:05:44,474 :: INFO ::  Processing 2 tiles: [ disp_min_grid , global infos , disp_max_grid ] ...
2026-07-02 12:05:44,944 :: PROGRESS ::  Data list to process: 50% complete (1/2 tiles) [run 1/1]
2026-07-02 12:05:44,965 :: PROGRESS ::  Data list to process: 100% complete (2/2 tiles) [run 1/1]
2026-07-02 12:05:44,966 :: INFO ::  Close files ...
2026-07-02 12:05:45,763 :: INFO ::  Global Disparity range for current pair:  [-28.401 pix., 12.434 pix.] (or [-1169.200 m., 511.877 m.])
2026-07-02 12:05:45,969 :: INFO ::  Size of epipolar image: [0, 0, 111, 111]
2026-07-02 12:05:45,969 :: INFO ::  Tile size for epipolar regions: 750x750 pixels
2026-07-02 12:05:45,969 :: INFO ::  Epipolar image will be processed in 1 splits
2026-07-02 12:05:49,106 :: INFO ::  Number of tiles in epipolar resampling: row: 1 col: 1
2026-07-02 12:05:49,531 :: INFO ::  Number of left epipolar image tiles outside left sensor image and removed: 0
2026-07-02 12:05:49,531 :: INFO ::  Number of right epipolar image tiles outside right sensor image and removed: 0
2026-07-02 12:05:49,554 :: INFO ::  Computing images envelopes and their intersection
2026-07-02 12:05:49,964 :: INFO ::  Terrain area covered: 2385013.1206862573 square meters (or square degrees)
2026-07-02 12:05:49,972 :: INFO ::  Terrain bounding box : [571624.0, 572440.0] x [6273840.0, 6274680.0]
2026-07-02 12:05:50,163 :: INFO ::  Total terrain bounding box : [571624.0, 572440.0] x [6273840.0, 6274680.0]
2026-07-02 12:05:50,163 :: INFO ::  Optimal terrain tile size: 194x194 pixels
2026-07-02 12:05:50,376 :: INFO ::  The conf that has been chosen regarding the world classification map is census_sgm_urban
2026-07-02 12:05:50,572 :: INFO ::  The AbstractDenseMatching(basic) application will be used
2026-07-02 12:05:50,573 :: INFO ::  The AbstractDenseMatchingMethod(pandora_custom) method will be used
2026-07-02 12:05:50,705 :: INFO ::  Compute disparity: number tiles: 1
2026-07-02 12:05:50,708 :: INFO ::  Disparity holes filling was not activated
2026-07-02 12:05:51,729 :: INFO ::  Compute delayed ...
2026-07-02 12:05:51,729 :: INFO ::  Wait for futures results ...
2026-07-02 12:05:51,729 :: PROGRESS ::  Data list to process: [ epi_img_right_edges_depth_map , epi_img_left_edges_mask , epi_img_left_classif , epi_img_right_edges_normals , epi_img_right_edges_tile_id , epi_img_left_edges_tile_id , epi_img_right_classif , epi_img_left_edges_normals , epi_img_right_edges_mask , epi_img_left , epi_img_left_edges_depth_map , epi_img_right_mask , epi_img_left_mask , epi_img_right ] ...
2026-07-02 12:05:51,730 :: PROGRESS ::  Started task disparity_to_depth_maps in pipeline surface_modeling_res16, total: 2
2026-07-02 12:05:51,730 :: INFO ::  Processing 2 tiles: [ epi_img_right_edges_depth_map , epi_img_left_edges_mask , epi_img_left_classif , epi_img_right_edges_normals , epi_img_right_edges_tile_id , epi_img_left_edges_tile_id , epi_img_right_classif , epi_img_left_edges_normals , epi_img_right_edges_mask , epi_img_left , epi_img_left_edges_depth_map , epi_img_right_mask , epi_img_left_mask , epi_img_right ] ...
2026-07-02 12:05:52,187 :: PROGRESS ::  Data list to process: 50% complete (1/2 tiles) [run 1/1]
2026-07-02 12:05:52,200 :: PROGRESS ::  Data list to process: 100% complete (2/2 tiles) [run 1/1]
2026-07-02 12:05:52,201 :: INFO ::  Close files ...
2026-07-02 12:05:52,573 :: INFO ::  DSM output image size: 622x626 pixels
2026-07-02 12:05:53,579 :: INFO ::  Number of tiles in cloud rasterization: row: 1 col: 1
2026-07-02 12:05:53,585 :: INFO ::  Compute delayed ...
2026-07-02 12:05:53,586 :: INFO ::  Wait for futures results ...
2026-07-02 12:05:53,586 :: PROGRESS ::  Data list to process: [ dsm_weights , texture , invalidity_mask , dsm , cropped_disp_range ] ...
2026-07-02 12:05:53,587 :: PROGRESS ::  Started task rasterize_point_cloud in pipeline surface_modeling_res16, total: 1
2026-07-02 12:05:53,587 :: INFO ::  Processing 1 tiles: [ dsm_weights , texture , invalidity_mask , dsm , cropped_disp_range ] ...
2026-07-02 12:05:57,924 :: PROGRESS ::  Data list to process: 100% complete (1/1 tiles) [run 1/1]
2026-07-02 12:05:57,926 :: INFO ::  Close files ...
2026-07-02 12:05:58,553 :: INFO ::  Compute delayed ...
2026-07-02 12:05:58,553 :: INFO ::  No Object to compute
2026-07-02 12:05:58,748 :: INFO ::  Close cluster ...
2026-07-02 12:05:58,748 :: INFO ::  Save profiling plots ...
2026-07-02 12:06:03,222 :: INFO ::  Clean removing thread pool ...
2026-07-02 12:06:03,222 :: INFO ::  Clean tmp directory ...
2026-07-02 12:06:03,224 :: INFO ::  Clean shared directory ...
2026-07-02 12:06:07,624 :: PROGRESS ::  Starting surface modeling pipeline for resolution 1/4
2026-07-02 12:06:07,625 :: INFO ::  The AbstractCluster multiprocessing will be used
2026-07-02 12:06:08,028 :: INFO ::  Close cluster ...
2026-07-02 12:06:08,044 :: INFO ::  The default altitude will be used as reference altitude.
2026-07-02 12:06:08,052 :: INFO ::  No orchestrator configuration given:  multiprocessing mode is used
2026-07-02 12:06:08,052 :: INFO ::  The AbstractCluster multiprocessing will be used
2026-07-02 12:06:08,054 :: INFO ::  auto mode : nb_workers will be set automatically
2026-07-02 12:06:08,071 :: INFO ::  Available CPUs  in SLURM : 1
2026-07-02 12:06:08,071 :: INFO ::  Available RAM  in SLURM : 7168
2026-07-02 12:06:08,071 :: WARNING ::  Only one CPU detected.
2026-07-02 12:06:08,072 :: INFO ::  Number of workers : 1
2026-07-02 12:06:08,072 :: INFO ::  Max memory per worker : 2000 MB
2026-07-02 12:06:08,456 :: INFO ::  Close cluster ...
2026-07-02 12:06:08,472 :: INFO ::  The default altitude will be used as reference altitude.
2026-07-02 12:06:08,472 :: INFO ::  The AbstractGeometry SharelocGeometry plugin will be used
2026-07-02 12:06:08,551 :: INFO ::  The AbstractGeometry SharelocGeometry plugin will be used
2026-07-02 12:06:08,570 :: INFO ::  The AbstractGeometry SharelocGeometry plugin will be used
2026-07-02 12:06:08,571 :: INFO ::  Grid generation method not specified, default  epipolar is used
2026-07-02 12:06:08,571 :: INFO ::  The GridGeneration(epipolar) application will be used
2026-07-02 12:06:08,571 :: INFO ::  Resampling method not specified, default bicubic is used
2026-07-02 12:06:08,571 :: INFO ::  The Resampling(bicubic) application will be used
2026-07-02 12:06:08,571 :: INFO ::  Sparse Matching application not specified, default  basic is used
2026-07-02 12:06:08,571 :: INFO ::  The SparseMatching(basic) application will be used
2026-07-02 12:06:08,571 :: INFO ::  The AbstractSparseMatchingMethod(sift) method will be used
2026-07-02 12:06:08,572 :: INFO ::  The AbstractGeometry SharelocGeometry plugin will be used
2026-07-02 12:06:08,650 :: INFO ::  The AbstractGeometry SharelocGeometry plugin will be used
2026-07-02 12:06:08,670 :: INFO ::  The AbstractGeometry SharelocGeometry plugin will be used
2026-07-02 12:06:08,670 :: INFO ::  The resolution of the output DSM will be 2.0 meters. 
2026-07-02 12:06:08,670 :: INFO ::  Grid generation method not specified, default  epipolar is used
2026-07-02 12:06:08,671 :: INFO ::  The GridGeneration(epipolar) application will be used
2026-07-02 12:06:08,671 :: INFO ::  Grid correction method not specified, default  default is used
2026-07-02 12:06:08,671 :: INFO ::  The GridCorrection(default) application will be used
2026-07-02 12:06:08,671 :: INFO ::  Resampling method not specified, default bicubic is used
2026-07-02 12:06:08,671 :: INFO ::  The Resampling(bicubic) application will be used
2026-07-02 12:06:08,671 :: INFO ::  dense_match_filling method not specified, default zero_padding is used
2026-07-02 12:06:08,671 :: INFO ::  The DenseMatchFilling(zero_padding) application will be used
2026-07-02 12:06:08,672 :: INFO ::  Dense Matching application not specified, default basic is used
2026-07-02 12:06:08,672 :: INFO ::  The AbstractDenseMatching(basic) application will be used
2026-07-02 12:06:08,672 :: INFO ::  The AbstractDenseMatchingMethod(pandora_auto) method will be used
2026-07-02 12:06:08,814 :: INFO ::  The Triangulation(line_of_sight_intersection) application will be used
2026-07-02 12:06:08,814 :: INFO ::  MntGeneration method not specified, default bulldozer_on_raster is used
2026-07-02 12:06:08,814 :: INFO ::  The DemGeneration bulldozer_on_raster application will be used
2026-07-02 12:06:08,815 :: INFO ::  The PointCloudOutlierRemoval(small_components) application will be used
2026-07-02 12:06:08,815 :: INFO ::  The PointCloudOutlierRemoval(statistical) application will be used
2026-07-02 12:06:08,816 :: INFO ::  2 point cloud outlier removal apps registered:
 - point_cloud_outlier_removal.1=small_components
 - point_cloud_outlier_removal.2=statistical
2026-07-02 12:06:08,816 :: INFO ::  Rasterisation method not specified, default simple_gaussian is used
2026-07-02 12:06:08,816 :: INFO ::  The PointCloudRasterization(simple_gaussian) application will be used
2026-07-02 12:06:08,974 :: INFO ::  The AbstractCluster multiprocessing will be used
2026-07-02 12:06:09,176 :: INFO ::  Registered task generate_disparity_grids under pipeline surface_modeling_res4 with weight 2.0 and expected runs 2
2026-07-02 12:06:09,176 :: INFO ::  Registered task tie_points under pipeline Tie Points with weight 20.0 and expected runs 1
2026-07-02 12:06:09,177 :: INFO ::  Registered task disparity_to_depth_maps under pipeline surface_modeling_res4 with weight 20.0 and expected runs 1
2026-07-02 12:06:09,177 :: INFO ::  Registered task rasterize_point_cloud under pipeline surface_modeling_res4 with weight 58.0 and expected runs 1
2026-07-02 12:06:09,781 :: INFO ::  Received 1 stereo pairs configurations
2026-07-02 12:06:10,941 :: INFO ::  Generation of DEM min
2026-07-02 12:06:10,989 :: INFO ::  Generation of DEM max
2026-07-02 12:06:11,030 :: INFO ::  Generation of DEM median
2026-07-02 12:06:11,619 :: INFO ::  Launch Bulldozer on DEM min
2026-07-02 12:06:11,744 :: INFO ::  Launch Bulldozer on DEM max
2026-07-02 12:06:11,874 :: INFO ::  Statistics of difference between subsampled DSM and DEM min (in meters)
2026-07-02 12:06:11,876 :: INFO ::  | Min    | Median | p90    | p95    | p99    | Max    |
2026-07-02 12:06:11,876 :: INFO ::  |  79.70 |  85.07 | 157.55 | 157.56 | 168.50 | 168.50 |
2026-07-02 12:06:11,876 :: INFO ::  Statistics of difference between DEM max and subsampled DSM (in meters)
2026-07-02 12:06:11,878 :: INFO ::  | Min    | Median | p90    | p95    | p99    | Max    |
2026-07-02 12:06:11,878 :: INFO ::  | -168.50 |  80.54 |  85.00 |  87.66 |  94.36 | 102.77 |
2026-07-02 12:06:11,878 :: INFO ::  Statistics of difference between DEM max and DEM min (in meters)
2026-07-02 12:06:11,880 :: INFO ::  | Min    | Median | p90    | p95    | p99    | Max    |
2026-07-02 12:06:11,881 :: INFO ::  |   0.00 | 164.61 | 176.09 | 183.15 | 212.70 | 245.82 |
2026-07-02 12:06:12,025 :: INFO ::  The AbstractGeometry SharelocGeometry plugin will be used
2026-07-02 12:06:12,394 :: INFO ::  The AbstractGeometry SharelocGeometry plugin will be used
2026-07-02 12:06:12,415 :: INFO ::  The AbstractGeometry SharelocGeometry plugin will be used
2026-07-02 12:06:12,582 :: INFO ::  Median value of DEM (155.01669311523438) will be used as default_alt
2026-07-02 12:06:12,585 :: INFO ::  DEM bounds : 1.3691229324203584, 43.60057820347807, 1.4830695262677844, 43.490980716266044
2026-07-02 12:06:12,585 :: INFO ::  ROI bounds : 1.3691229324203587, 43.491131137124604, 1.4829705713771648, 43.60057820347808
2026-07-02 12:06:12,651 :: INFO ::  Left satellite acquisition angles: Azimuth angle: 150.9 degrees, Elevation angle: 72.1 degrees
2026-07-02 12:06:12,651 :: INFO ::  Right satellite acquisition angles: Azimuth angle: 111.2 degrees, Elevation angle: 77.7 degrees
2026-07-02 12:06:12,651 :: INFO ::  Stereo satellite convergence angle from ground: 11.4 degrees
2026-07-02 12:06:12,651 :: INFO ::  Generating epipolar rectification grid ...
2026-07-02 12:06:12,705 :: INFO ::  Size of epipolar images: 448x448 pixels
2026-07-02 12:06:12,706 :: INFO ::  Disparity to altitude factor for pixel at 1/4 sampling : 10.21 m/pixel
2026-07-02 12:06:12,813 :: INFO ::  The AbstractCluster multiprocessing will be used
2026-07-02 12:06:13,219 :: INFO ::  Close cluster ...
2026-07-02 12:06:13,234 :: INFO ::  The AbstractGeometry SharelocGeometry plugin will be used
2026-07-02 12:06:13,309 :: INFO ::  The AbstractGeometry SharelocGeometry plugin will be used
2026-07-02 12:06:13,335 :: INFO ::  The AbstractGeometry SharelocGeometry plugin will be used
2026-07-02 12:06:13,499 :: INFO ::  Median value of DEM (155.01669311523438) will be used as default_alt
2026-07-02 12:06:13,501 :: INFO ::  DEM bounds : 1.3691229324203584, 43.60057820347807, 1.4830695262677844, 43.490980716266044
2026-07-02 12:06:13,501 :: INFO ::  ROI bounds : 1.3691229324203587, 43.491131137124604, 1.4829705713771648, 43.60057820347808
2026-07-02 12:06:13,521 :: INFO ::  The GridGeneration(epipolar) application will be used
2026-07-02 12:06:13,522 :: INFO ::  The Resampling(bicubic) application will be used
2026-07-02 12:06:13,522 :: INFO ::  The SparseMatching(basic) application will be used
2026-07-02 12:06:13,522 :: INFO ::  The AbstractSparseMatchingMethod(sift) method will be used
2026-07-02 12:06:13,930 :: INFO ::  Compute delayed ...
2026-07-02 12:06:13,943 :: INFO ::  Wait for futures results ...
2026-07-02 12:06:13,943 :: PROGRESS ::  Data list to process: [ disp_min_grid , global infos , disp_max_grid ] ...
2026-07-02 12:06:13,944 :: PROGRESS ::  Started task generate_disparity_grids in pipeline surface_modeling_res4, total: 2
2026-07-02 12:06:13,944 :: INFO ::  Processing 2 tiles: [ disp_min_grid , global infos , disp_max_grid ] ...
2026-07-02 12:06:14,571 :: PROGRESS ::  Data list to process: 50% complete (1/2 tiles) [run 1/2]
2026-07-02 12:06:14,574 :: PROGRESS ::  Data list to process: 100% complete (2/2 tiles) [run 1/2]
2026-07-02 12:06:14,575 :: INFO ::  Close files ...
2026-07-02 12:06:15,614 :: INFO ::  Global Disparity range for current pair:  [-9.501 pix., 8.951 pix.] (or [-97.005 m., 91.391 m.])
2026-07-02 12:06:15,614 :: INFO ::  Global disparity range for sparse matching : [-10.0 pix, 9.0 pix]
2026-07-02 12:06:15,614 :: INFO ::  Size of epipolar image: [0, 0, 448, 448]
2026-07-02 12:06:15,615 :: INFO ::  Tile size for epipolar regions: 5000x60 pixels
2026-07-02 12:06:15,615 :: INFO ::  Epipolar image will be processed in 8 splits
2026-07-02 12:06:15,816 :: INFO ::  Number of tiles in epipolar resampling: row: 8 col: 1
2026-07-02 12:06:16,237 :: INFO ::  Number of left epipolar image tiles outside left sensor image and removed: 0
2026-07-02 12:06:16,237 :: INFO ::  Number of right epipolar image tiles outside right sensor image and removed: 0
2026-07-02 12:06:16,246 :: INFO ::  Generate disparity: Number tiles: 8
2026-07-02 12:06:16,249 :: INFO ::  Compute delayed ...
2026-07-02 12:06:16,250 :: INFO ::  Wait for futures results ...
2026-07-02 12:06:16,250 :: PROGRESS ::  Data list to process: [ epi_matches_left ] ...
2026-07-02 12:06:16,251 :: PROGRESS ::  Started task tie_points in pipeline Tie Points, total: 3
2026-07-02 12:06:16,251 :: INFO ::  Processing 3 tiles: [ epi_matches_left ] ...
2026-07-02 12:06:17,561 :: PROGRESS ::  Data list to process: 30% complete (1/3 tiles) [run 1/1]
2026-07-02 12:06:19,070 :: PROGRESS ::  Data list to process: 60% complete (2/3 tiles) [run 1/1]
2026-07-02 12:06:20,046 :: PROGRESS ::  Data list to process: 100% complete (3/3 tiles) [run 1/1]
2026-07-02 12:06:20,050 :: INFO ::  Close files ...
2026-07-02 12:06:20,157 :: INFO ::  Raw number of matches found: 690 matches
2026-07-02 12:06:20,158 :: INFO ::  Writing raw matches file
2026-07-02 12:06:20,160 :: INFO ::  5 matches discarded because their epipolar error is greater than --epipolar_error_upper_bound = 3.8007713905060547 pix considering a shift of 0.02185821533203125 pix
2026-07-02 12:06:20,160 :: INFO ::  Writing filtered matches file
2026-07-02 12:06:20,161 :: INFO ::  Number of matches kept for epipolar error correction: 685 matches
2026-07-02 12:06:20,174 :: INFO ::  Epipolar error after correction: mean = 0.000 pix., standard deviation = 0.405 pix., max = 3.669 pix.
2026-07-02 12:06:20,564 :: INFO ::  Global disparity interval without margin : [-2.22 pix, 2.42 pix]
2026-07-02 12:06:20,564 :: INFO ::  Global disparity interval with margin : [-100.17 pix, 51.39 pix]
2026-07-02 12:06:20,997 :: INFO ::  Compute delayed ...
2026-07-02 12:06:21,010 :: INFO ::  Wait for futures results ...
2026-07-02 12:06:21,010 :: PROGRESS ::  Data list to process: [ disp_min_grid , global infos , disp_max_grid ] ...
2026-07-02 12:06:21,011 :: PROGRESS ::  Started task generate_disparity_grids in pipeline surface_modeling_res4, total: 2
2026-07-02 12:06:21,011 :: INFO ::  Processing 2 tiles: [ disp_min_grid , global infos , disp_max_grid ] ...
2026-07-02 12:06:21,380 :: PROGRESS ::  Data list to process: 50% complete (1/2 tiles) [run 2/2]
2026-07-02 12:06:21,385 :: PROGRESS ::  Data list to process: 100% complete (2/2 tiles) [run 2/2]
2026-07-02 12:06:21,386 :: INFO ::  Close files ...
2026-07-02 12:06:22,035 :: INFO ::  Global Disparity range for current pair:  [-9.501 pix., 8.952 pix.] (or [-97.003 m., 91.391 m.])
2026-07-02 12:06:22,241 :: INFO ::  Size of epipolar image: [0, 0, 448, 448]
2026-07-02 12:06:22,241 :: INFO ::  Tile size for epipolar regions: 1000x1000 pixels
2026-07-02 12:06:22,241 :: INFO ::  Epipolar image will be processed in 1 splits
2026-07-02 12:06:25,375 :: INFO ::  Number of tiles in epipolar resampling: row: 1 col: 1
2026-07-02 12:06:25,800 :: INFO ::  Number of left epipolar image tiles outside left sensor image and removed: 0
2026-07-02 12:06:25,800 :: INFO ::  Number of right epipolar image tiles outside right sensor image and removed: 0
2026-07-02 12:06:25,823 :: INFO ::  Computing images envelopes and their intersection
2026-07-02 12:06:26,229 :: INFO ::  Terrain area covered: 1480498.252223441 square meters (or square degrees)
2026-07-02 12:06:26,237 :: INFO ::  Terrain bounding box : [571664.0, 572474.0] x [6273798.0, 6274648.0]
2026-07-02 12:06:26,437 :: INFO ::  Total terrain bounding box : [571664.0, 572474.0] x [6273798.0, 6274648.0]
2026-07-02 12:06:26,438 :: INFO ::  Optimal terrain tile size: 609x609 pixels
2026-07-02 12:06:26,658 :: INFO ::  The conf that has been chosen regarding the world classification map is census_sgm_urban
2026-07-02 12:06:26,855 :: INFO ::  The AbstractDenseMatching(basic) application will be used
2026-07-02 12:06:26,856 :: INFO ::  The AbstractDenseMatchingMethod(pandora_custom) method will be used
2026-07-02 12:06:27,037 :: INFO ::  Compute disparity: number tiles: 1
2026-07-02 12:06:27,042 :: INFO ::  Disparity holes filling was not activated
2026-07-02 12:06:28,118 :: INFO ::  Compute delayed ...
2026-07-02 12:06:28,118 :: INFO ::  Wait for futures results ...
2026-07-02 12:06:28,119 :: PROGRESS ::  Data list to process: [ epi_img_right_edges_depth_map , epi_img_left_edges_mask , epi_img_left_classif , epi_img_right_edges_normals , epi_img_right_edges_tile_id , epi_img_left_edges_tile_id , epi_img_right_classif , epi_img_left_edges_normals , epi_img_right_edges_mask , epi_img_left , epi_img_left_edges_depth_map , epi_img_right_mask , epi_img_left_mask , epi_img_right ] ...
2026-07-02 12:06:28,119 :: PROGRESS ::  Started task disparity_to_depth_maps in pipeline surface_modeling_res4, total: 2
2026-07-02 12:06:28,119 :: INFO ::  Processing 2 tiles: [ epi_img_right_edges_depth_map , epi_img_left_edges_mask , epi_img_left_classif , epi_img_right_edges_normals , epi_img_right_edges_tile_id , epi_img_left_edges_tile_id , epi_img_right_classif , epi_img_left_edges_normals , epi_img_right_edges_mask , epi_img_left , epi_img_left_edges_depth_map , epi_img_right_mask , epi_img_left_mask , epi_img_right ] ...
2026-07-02 12:06:28,733 :: PROGRESS ::  Data list to process: 50% complete (1/2 tiles) [run 1/1]
2026-07-02 12:06:28,754 :: PROGRESS ::  Data list to process: 100% complete (2/2 tiles) [run 1/1]
2026-07-02 12:06:28,755 :: INFO ::  Close files ...
2026-07-02 12:06:29,089 :: INFO ::  DSM output image size: 2486x2510 pixels
2026-07-02 12:06:30,195 :: INFO ::  Number of tiles in cloud rasterization: row: 1 col: 1
2026-07-02 12:06:30,201 :: INFO ::  Compute delayed ...
2026-07-02 12:06:30,202 :: INFO ::  Wait for futures results ...
2026-07-02 12:06:30,202 :: PROGRESS ::  Data list to process: [ dsm_weights , texture , invalidity_mask , dsm , cropped_disp_range ] ...
2026-07-02 12:06:30,205 :: PROGRESS ::  Started task rasterize_point_cloud in pipeline surface_modeling_res4, total: 1
2026-07-02 12:06:30,206 :: INFO ::  Processing 1 tiles: [ dsm_weights , texture , invalidity_mask , dsm , cropped_disp_range ] ...
2026-07-02 12:06:43,696 :: PROGRESS ::  Data list to process: 100% complete (1/1 tiles) [run 1/1]
2026-07-02 12:06:43,697 :: INFO ::  Close files ...
2026-07-02 12:06:44,430 :: INFO ::  Compute delayed ...
2026-07-02 12:06:44,430 :: INFO ::  No Object to compute
2026-07-02 12:06:44,624 :: INFO ::  Close cluster ...
2026-07-02 12:06:44,624 :: INFO ::  Save profiling plots ...
2026-07-02 12:06:47,212 :: INFO ::  Clean removing thread pool ...
2026-07-02 12:06:47,212 :: INFO ::  Clean tmp directory ...
2026-07-02 12:06:47,214 :: INFO ::  Clean shared directory ...
2026-07-02 12:06:52,074 :: PROGRESS ::  Starting surface modeling pipeline for resolution 1/1
2026-07-02 12:06:52,076 :: INFO ::  The AbstractCluster multiprocessing will be used
2026-07-02 12:06:52,487 :: INFO ::  Close cluster ...
2026-07-02 12:06:52,805 :: INFO ::  The default altitude will be used as reference altitude.
2026-07-02 12:06:52,814 :: INFO ::  No orchestrator configuration given:  multiprocessing mode is used
2026-07-02 12:06:52,814 :: INFO ::  The AbstractCluster multiprocessing will be used
2026-07-02 12:06:52,814 :: INFO ::  auto mode : nb_workers will be set automatically
2026-07-02 12:06:52,862 :: INFO ::  Available CPUs  in SLURM : 1
2026-07-02 12:06:52,862 :: INFO ::  Available RAM  in SLURM : 7168
2026-07-02 12:06:52,862 :: WARNING ::  Only one CPU detected.
2026-07-02 12:06:52,862 :: INFO ::  Number of workers : 1
2026-07-02 12:06:52,862 :: INFO ::  Max memory per worker : 2000 MB
2026-07-02 12:06:53,218 :: INFO ::  Close cluster ...
2026-07-02 12:06:53,236 :: INFO ::  The default altitude will be used as reference altitude.
2026-07-02 12:06:53,237 :: INFO ::  The AbstractGeometry SharelocGeometry plugin will be used
2026-07-02 12:06:53,317 :: INFO ::  The AbstractGeometry SharelocGeometry plugin will be used
2026-07-02 12:06:53,337 :: INFO ::  The AbstractGeometry SharelocGeometry plugin will be used
2026-07-02 12:06:53,338 :: INFO ::  Grid generation method not specified, default  epipolar is used
2026-07-02 12:06:53,338 :: INFO ::  The GridGeneration(epipolar) application will be used
2026-07-02 12:06:53,338 :: INFO ::  Resampling method not specified, default bicubic is used
2026-07-02 12:06:53,338 :: INFO ::  The Resampling(bicubic) application will be used
2026-07-02 12:06:53,338 :: INFO ::  Sparse Matching application not specified, default  basic is used
2026-07-02 12:06:53,338 :: INFO ::  The SparseMatching(basic) application will be used
2026-07-02 12:06:53,338 :: INFO ::  The AbstractSparseMatchingMethod(sift) method will be used
2026-07-02 12:06:53,339 :: INFO ::  The AbstractGeometry SharelocGeometry plugin will be used
2026-07-02 12:06:53,419 :: INFO ::  The AbstractGeometry SharelocGeometry plugin will be used
2026-07-02 12:06:53,439 :: INFO ::  The AbstractGeometry SharelocGeometry plugin will be used
2026-07-02 12:06:53,440 :: INFO ::  Grid generation method not specified, default  epipolar is used
2026-07-02 12:06:53,440 :: INFO ::  The GridGeneration(epipolar) application will be used
2026-07-02 12:06:53,440 :: INFO ::  Grid correction method not specified, default  default is used
2026-07-02 12:06:53,440 :: INFO ::  The GridCorrection(default) application will be used
2026-07-02 12:06:53,440 :: INFO ::  Resampling method not specified, default bicubic is used
2026-07-02 12:06:53,440 :: INFO ::  The Resampling(bicubic) application will be used
2026-07-02 12:06:53,441 :: INFO ::  dense_match_filling method not specified, default zero_padding is used
2026-07-02 12:06:53,441 :: INFO ::  The DenseMatchFilling(zero_padding) application will be used
2026-07-02 12:06:53,441 :: INFO ::  Dense Matching application not specified, default basic is used
2026-07-02 12:06:53,442 :: INFO ::  The AbstractDenseMatching(basic) application will be used
2026-07-02 12:06:53,442 :: INFO ::  The AbstractDenseMatchingMethod(pandora_auto) method will be used
2026-07-02 12:06:53,584 :: INFO ::  The Triangulation(line_of_sight_intersection) application will be used
2026-07-02 12:06:53,584 :: INFO ::  MntGeneration method not specified, default bulldozer_on_raster is used
2026-07-02 12:06:53,584 :: INFO ::  The DemGeneration bulldozer_on_raster application will be used
2026-07-02 12:06:53,584 :: INFO ::  The PointCloudOutlierRemoval(small_components) application will be used
2026-07-02 12:06:53,584 :: INFO ::  The PointCloudOutlierRemoval(statistical) application will be used
2026-07-02 12:06:53,585 :: INFO ::  2 point cloud outlier removal apps registered:
 - point_cloud_outlier_removal.1=small_components
 - point_cloud_outlier_removal.2=statistical
2026-07-02 12:06:53,591 :: INFO ::  Rasterisation method not specified, default simple_gaussian is used
2026-07-02 12:06:53,591 :: INFO ::  The PointCloudRasterization(simple_gaussian) application will be used
2026-07-02 12:06:53,749 :: INFO ::  The AbstractCluster multiprocessing will be used
2026-07-02 12:06:53,954 :: INFO ::  Registered task generate_disparity_grids under pipeline surface_modeling_res1 with weight 2.0 and expected runs 2
2026-07-02 12:06:53,954 :: INFO ::  Registered task tie_points under pipeline Tie Points with weight 20.0 and expected runs 1
2026-07-02 12:06:53,954 :: INFO ::  Registered task disparity_to_depth_maps under pipeline surface_modeling_res1 with weight 20.0 and expected runs 1
2026-07-02 12:06:53,954 :: INFO ::  Registered task rasterize_point_cloud under pipeline surface_modeling_res1 with weight 58.0 and expected runs 2
2026-07-02 12:06:54,558 :: INFO ::  Received 1 stereo pairs configurations
2026-07-02 12:06:56,147 :: INFO ::  Generation of DEM min
2026-07-02 12:06:56,872 :: INFO ::  Generation of DEM max
2026-07-02 12:06:57,577 :: INFO ::  Generation of DEM median
2026-07-02 12:07:01,456 :: INFO ::  Launch Bulldozer on DEM min
2026-07-02 12:07:03,008 :: INFO ::  Launch Bulldozer on DEM max
2026-07-02 12:07:04,819 :: INFO ::  Statistics of difference between subsampled DSM and DEM min (in meters)
2026-07-02 12:07:04,823 :: INFO ::  | Min    | Median | p90    | p95    | p99    | Max    |
2026-07-02 12:07:04,823 :: INFO ::  |  38.37 |  44.39 | 146.75 | 151.57 | 154.38 | 159.28 |
2026-07-02 12:07:04,824 :: INFO ::  Statistics of difference between DEM max and subsampled DSM (in meters)
2026-07-02 12:07:04,829 :: INFO ::  | Min    | Median | p90    | p95    | p99    | Max    |
2026-07-02 12:07:04,829 :: INFO ::  | -159.24 |  42.01 |  48.12 |  49.85 |  52.41 |  57.10 |
2026-07-02 12:07:04,830 :: INFO ::  Statistics of difference between DEM max and DEM min (in meters)
2026-07-02 12:07:04,834 :: INFO ::  | Min    | Median | p90    | p95    | p99    | Max    |
2026-07-02 12:07:04,834 :: INFO ::  |   0.00 |  86.48 |  93.85 |  98.45 | 125.33 | 144.97 |
2026-07-02 12:07:05,056 :: INFO ::  The AbstractGeometry SharelocGeometry plugin will be used
2026-07-02 12:07:05,147 :: INFO ::  The AbstractGeometry SharelocGeometry plugin will be used
2026-07-02 12:07:05,167 :: INFO ::  The AbstractGeometry SharelocGeometry plugin will be used
2026-07-02 12:07:05,338 :: INFO ::  Median value of DEM (143.59071350097656) will be used as default_alt
2026-07-02 12:07:05,341 :: INFO ::  DEM bounds : 1.3705277442280697, 43.60057820347808, 1.4828967111201403, 43.49103476186569
2026-07-02 12:07:05,341 :: INFO ::  ROI bounds : 1.3705277442280699, 43.491131137124604, 1.4829705713771648, 43.60057820347808
2026-07-02 12:07:05,511 :: INFO ::  Left satellite acquisition angles: Azimuth angle: 150.9 degrees, Elevation angle: 72.1 degrees
2026-07-02 12:07:05,512 :: INFO ::  Right satellite acquisition angles: Azimuth angle: 111.2 degrees, Elevation angle: 77.7 degrees
2026-07-02 12:07:05,512 :: INFO ::  Stereo satellite convergence angle from ground: 11.4 degrees
2026-07-02 12:07:05,512 :: INFO ::  Generating epipolar rectification grid ...
2026-07-02 12:07:05,630 :: INFO ::  Size of epipolar images: 1794x1794 pixels
2026-07-02 12:07:05,630 :: INFO ::  Disparity to altitude factor for pixel at 1/1 sampling : 2.55 m/pixel
2026-07-02 12:07:05,732 :: INFO ::  The AbstractCluster multiprocessing will be used
2026-07-02 12:07:06,141 :: INFO ::  Close cluster ...
2026-07-02 12:07:06,158 :: INFO ::  The AbstractGeometry SharelocGeometry plugin will be used
2026-07-02 12:07:06,231 :: INFO ::  The AbstractGeometry SharelocGeometry plugin will be used
2026-07-02 12:07:06,258 :: INFO ::  The AbstractGeometry SharelocGeometry plugin will be used
2026-07-02 12:07:06,422 :: INFO ::  Median value of DEM (143.59071350097656) will be used as default_alt
2026-07-02 12:07:06,426 :: INFO ::  DEM bounds : 1.3705277442280697, 43.60057820347808, 1.4828967111201403, 43.49103476186569
2026-07-02 12:07:06,426 :: INFO ::  ROI bounds : 1.3705277442280699, 43.491131137124604, 1.4829705713771648, 43.60057820347808
2026-07-02 12:07:06,568 :: INFO ::  The GridGeneration(epipolar) application will be used
2026-07-02 12:07:06,568 :: INFO ::  The Resampling(bicubic) application will be used
2026-07-02 12:07:06,568 :: INFO ::  The SparseMatching(basic) application will be used
2026-07-02 12:07:06,568 :: INFO ::  The AbstractSparseMatchingMethod(sift) method will be used
2026-07-02 12:07:06,979 :: INFO ::  Compute delayed ...
2026-07-02 12:07:07,187 :: INFO ::  Wait for futures results ...
2026-07-02 12:07:07,187 :: PROGRESS ::  Data list to process: [ disp_min_grid , global infos , disp_max_grid ] ...
2026-07-02 12:07:07,188 :: PROGRESS ::  Started task generate_disparity_grids in pipeline surface_modeling_res1, total: 2
2026-07-02 12:07:07,188 :: INFO ::  Processing 2 tiles: [ disp_min_grid , global infos , disp_max_grid ] ...
2026-07-02 12:07:08,132 :: PROGRESS ::  Data list to process: 50% complete (1/2 tiles) [run 1/2]
2026-07-02 12:07:08,137 :: PROGRESS ::  Data list to process: 100% complete (2/2 tiles) [run 1/2]
2026-07-02 12:07:08,138 :: INFO ::  Close files ...
2026-07-02 12:07:09,169 :: INFO ::  Global Disparity range for current pair:  [-21.437 pix., 21.223 pix.] (or [-54.716 m., 54.170 m.])
2026-07-02 12:07:09,169 :: INFO ::  Global disparity range for sparse matching : [-22.0 pix, 22.0 pix]
2026-07-02 12:07:09,169 :: INFO ::  Size of epipolar image: [0, 0, 1794, 1794]
2026-07-02 12:07:09,169 :: INFO ::  Tile size for epipolar regions: 5000x60 pixels
2026-07-02 12:07:09,169 :: INFO ::  Epipolar image will be processed in 30 splits
2026-07-02 12:07:09,371 :: INFO ::  Number of tiles in epipolar resampling: row: 30 col: 1
2026-07-02 12:07:09,799 :: INFO ::  Number of left epipolar image tiles outside left sensor image and removed: 0
2026-07-02 12:07:09,799 :: INFO ::  Number of right epipolar image tiles outside right sensor image and removed: 0
2026-07-02 12:07:09,804 :: INFO ::  Generate disparity: Number tiles: 30
2026-07-02 12:07:09,808 :: INFO ::  Compute delayed ...
2026-07-02 12:07:09,811 :: INFO ::  Wait for futures results ...
2026-07-02 12:07:09,811 :: PROGRESS ::  Data list to process: [ epi_matches_left ] ...
2026-07-02 12:07:09,812 :: PROGRESS ::  Started task tie_points in pipeline Tie Points, total: 10
2026-07-02 12:07:09,812 :: INFO ::  Processing 10 tiles: [ epi_matches_left ] ...
2026-07-02 12:07:12,499 :: PROGRESS ::  Data list to process: 10% complete (1/10 tiles) [run 1/1]
2026-07-02 12:07:17,255 :: PROGRESS ::  Data list to process: 20% complete (2/10 tiles) [run 1/1]
2026-07-02 12:07:22,372 :: PROGRESS ::  Data list to process: 30% complete (3/10 tiles) [run 1/1]
2026-07-02 12:07:27,572 :: PROGRESS ::  Data list to process: 40% complete (4/10 tiles) [run 1/1]
2026-07-02 12:07:31,958 :: PROGRESS ::  Data list to process: 50% complete (5/10 tiles) [run 1/1]
2026-07-02 12:07:36,554 :: PROGRESS ::  Data list to process: 60% complete (6/10 tiles) [run 1/1]
2026-07-02 12:07:41,312 :: PROGRESS ::  Data list to process: 70% complete (7/10 tiles) [run 1/1]
2026-07-02 12:07:46,339 :: PROGRESS ::  Data list to process: 80% complete (8/10 tiles) [run 1/1]
2026-07-02 12:07:50,039 :: PROGRESS ::  Data list to process: 90% complete (9/10 tiles) [run 1/1]
2026-07-02 12:07:51,422 :: PROGRESS ::  Data list to process: 100% complete (10/10 tiles) [run 1/1]
2026-07-02 12:07:51,424 :: INFO ::  Close files ...
2026-07-02 12:07:51,542 :: INFO ::  Raw number of matches found: 7012 matches
2026-07-02 12:07:51,548 :: INFO ::  Writing raw matches file
2026-07-02 12:07:51,559 :: INFO ::  104 matches discarded because their epipolar error is greater than --epipolar_error_upper_bound = 3.255107553499412 pix considering a shift of 0.1038970947265625 pix
2026-07-02 12:07:51,559 :: INFO ::  Writing filtered matches file
2026-07-02 12:07:51,564 :: INFO ::  Number of matches kept for epipolar error correction: 6908 matches
2026-07-02 12:07:51,648 :: INFO ::  Epipolar error after correction: mean = 0.000 pix., standard deviation = 0.568 pix., max = 3.249 pix.
2026-07-02 12:07:51,976 :: INFO ::  Global disparity interval without margin : [-4.33 pix, 3.36 pix]
2026-07-02 12:07:51,976 :: INFO ::  Global disparity interval with margin : [-396.12 pix, 199.26 pix]
2026-07-02 12:07:52,410 :: INFO ::  Compute delayed ...
2026-07-02 12:07:52,621 :: INFO ::  Wait for futures results ...
2026-07-02 12:07:52,621 :: PROGRESS ::  Data list to process: [ disp_min_grid , global infos , disp_max_grid ] ...
2026-07-02 12:07:52,622 :: PROGRESS ::  Started task generate_disparity_grids in pipeline surface_modeling_res1, total: 2
2026-07-02 12:07:52,622 :: INFO ::  Processing 2 tiles: [ disp_min_grid , global infos , disp_max_grid ] ...
2026-07-02 12:07:53,597 :: PROGRESS ::  Data list to process: 50% complete (1/2 tiles) [run 2/2]
2026-07-02 12:07:53,599 :: PROGRESS ::  Data list to process: 100% complete (2/2 tiles) [run 2/2]
2026-07-02 12:07:53,600 :: INFO ::  Close files ...
2026-07-02 12:07:54,330 :: INFO ::  Global Disparity range for current pair:  [-21.437 pix., 21.225 pix.] (or [-54.716 m., 54.175 m.])
2026-07-02 12:07:54,535 :: INFO ::  Size of epipolar image: [0, 0, 1794, 1794]
2026-07-02 12:07:54,535 :: INFO ::  Tile size for epipolar regions: 700x700 pixels
2026-07-02 12:07:54,535 :: INFO ::  Epipolar image will be processed in 9 splits
2026-07-02 12:07:57,669 :: INFO ::  Number of tiles in epipolar resampling: row: 3 col: 3
2026-07-02 12:07:58,149 :: INFO ::  Number of left epipolar image tiles outside left sensor image and removed: 0
2026-07-02 12:07:58,149 :: INFO ::  Number of right epipolar image tiles outside right sensor image and removed: 0
2026-07-02 12:07:58,177 :: INFO ::  Computing images envelopes and their intersection
2026-07-02 12:07:58,581 :: INFO ::  Terrain area covered: 1441429.4828424442 square meters (or square degrees)
2026-07-02 12:07:58,589 :: INFO ::  Terrain bounding box : [571662.0, 572474.0] x [6273799.0, 6274649.0]
2026-07-02 12:07:58,778 :: INFO ::  Total terrain bounding box : [571662.0, 572474.0] x [6273799.0, 6274649.0]
2026-07-02 12:07:58,778 :: INFO ::  Optimal terrain tile size: 401x401 pixels
2026-07-02 12:07:58,989 :: INFO ::  The conf that has been chosen regarding the world classification map is census_sgm_urban
2026-07-02 12:07:59,180 :: INFO ::  The AbstractDenseMatching(basic) application will be used
2026-07-02 12:07:59,180 :: INFO ::  The AbstractDenseMatchingMethod(pandora_custom) method will be used
2026-07-02 12:07:59,342 :: INFO ::  Compute disparity: number tiles: 9
2026-07-02 12:07:59,348 :: INFO ::  Disparity holes filling was not activated
2026-07-02 12:08:00,414 :: INFO ::  Compute delayed ...
2026-07-02 12:08:00,417 :: INFO ::  Wait for futures results ...
2026-07-02 12:08:00,417 :: PROGRESS ::  Data list to process: [ epi_img_right_edges_depth_map , epi_img_left_edges_mask , epi_img_left_classif , epi_img_right_edges_normals , epi_img_right_edges_tile_id , epi_img_left_edges_tile_id , epi_img_right_classif , epi_img_left_edges_normals , epi_img_right_edges_mask , epi_img_left , epi_img_left_edges_depth_map , epi_img_right_mask , epi_img_left_mask , epi_img_right ] ...
2026-07-02 12:08:00,418 :: PROGRESS ::  Started task disparity_to_depth_maps in pipeline surface_modeling_res1, total: 18
2026-07-02 12:08:00,418 :: INFO ::  Processing 18 tiles: [ epi_img_right_edges_depth_map , epi_img_left_edges_mask , epi_img_left_classif , epi_img_right_edges_normals , epi_img_right_edges_tile_id , epi_img_left_edges_tile_id , epi_img_right_classif , epi_img_left_edges_normals , epi_img_right_edges_mask , epi_img_left , epi_img_left_edges_depth_map , epi_img_right_mask , epi_img_left_mask , epi_img_right ] ...
2026-07-02 12:08:01,293 :: PROGRESS ::  Data list to process: 10% complete (2/18 tiles) [run 1/1]
2026-07-02 12:08:01,832 :: PROGRESS ::  Data list to process: 20% complete (4/18 tiles) [run 1/1]
2026-07-02 12:08:02,370 :: PROGRESS ::  Data list to process: 30% complete (6/18 tiles) [run 1/1]
2026-07-02 12:08:03,240 :: PROGRESS ::  Data list to process: 40% complete (8/18 tiles) [run 1/1]
2026-07-02 12:08:04,352 :: PROGRESS ::  Data list to process: 50% complete (9/18 tiles) [run 1/1]
2026-07-02 12:08:05,207 :: PROGRESS ::  Data list to process: 60% complete (11/18 tiles) [run 1/1]
2026-07-02 12:08:05,888 :: PROGRESS ::  Data list to process: 70% complete (13/18 tiles) [run 1/1]
2026-07-02 12:08:06,892 :: PROGRESS ::  Data list to process: 80% complete (15/18 tiles) [run 1/1]
2026-07-02 12:08:07,856 :: PROGRESS ::  Data list to process: 90% complete (17/18 tiles) [run 1/1]
2026-07-02 12:08:07,861 :: PROGRESS ::  Data list to process: 100% complete (18/18 tiles) [run 1/1]
2026-07-02 12:08:07,863 :: INFO ::  Close files ...
2026-07-02 12:08:08,912 :: INFO ::  DSM output image size: 812x850 pixels
2026-07-02 12:08:10,577 :: INFO ::  Number of tiles in cloud rasterization: row: 1 col: 9
2026-07-02 12:08:10,588 :: INFO ::  Compute delayed ...
2026-07-02 12:08:10,595 :: INFO ::  Wait for futures results ...
2026-07-02 12:08:10,595 :: PROGRESS ::  Data list to process: [ performance_map , filling , dsm_weights , ambiguity , texture , invalidity_mask , dsm , cropped_disp_range ] ...
2026-07-02 12:08:10,595 :: PROGRESS ::  Started task rasterize_point_cloud in pipeline surface_modeling_res1, total: 9
2026-07-02 12:08:10,596 :: INFO ::  Processing 9 tiles: [ performance_map , filling , dsm_weights , ambiguity , texture , invalidity_mask , dsm , cropped_disp_range ] ...
2026-07-02 12:08:22,349 :: PROGRESS ::  Data list to process: 10% complete (1/9 tiles) [run 1/2]
2026-07-02 12:08:40,476 :: PROGRESS ::  Data list to process: 20% complete (2/9 tiles) [run 1/2]
2026-07-02 12:08:58,587 :: PROGRESS ::  Data list to process: 30% complete (3/9 tiles) [run 1/2]
2026-07-02 12:09:19,325 :: PROGRESS ::  Data list to process: 40% complete (4/9 tiles) [run 1/2]
2026-07-02 12:09:57,605 :: PROGRESS ::  Data list to process: 50% complete (5/9 tiles) [run 1/2]
2026-07-02 12:10:30,993 :: PROGRESS ::  Data list to process: 60% complete (6/9 tiles) [run 1/2]
2026-07-02 12:10:47,813 :: PROGRESS ::  Data list to process: 70% complete (7/9 tiles) [run 1/2]
2026-07-02 12:11:22,429 :: PROGRESS ::  Data list to process: 80% complete (8/9 tiles) [run 1/2]
2026-07-02 12:11:52,719 :: PROGRESS ::  Data list to process: 100% complete (9/9 tiles) [run 1/2]
2026-07-02 12:11:52,721 :: INFO ::  Close files ...
2026-07-02 12:11:53,449 :: INFO ::  Compute delayed ...
2026-07-02 12:11:53,455 :: INFO ::  Wait for futures results ...
2026-07-02 12:11:53,455 :: PROGRESS ::  Data list to process: [ MonoBand Filling ] ...
2026-07-02 12:11:53,456 :: PROGRESS ::  Started task rasterize_point_cloud in pipeline surface_modeling_res1, total: 1
2026-07-02 12:11:53,456 :: INFO ::  Processing 1 tiles: [ MonoBand Filling ] ...
2026-07-02 12:11:54,083 :: PROGRESS ::  Data list to process: 100% complete (1/1 tiles) [run 2/2]
2026-07-02 12:11:54,084 :: INFO ::  Close files ...
2026-07-02 12:11:54,595 :: INFO ::  Compute delayed ...
2026-07-02 12:11:54,595 :: INFO ::  No Object to compute
2026-07-02 12:11:54,790 :: INFO ::  Close cluster ...
2026-07-02 12:11:54,791 :: INFO ::  Save profiling plots ...
2026-07-02 12:11:55,989 :: INFO ::  Clean removing thread pool ...
2026-07-02 12:11:55,989 :: INFO ::  Clean tmp directory ...
2026-07-02 12:11:55,992 :: INFO ::  Clean shared directory ...
2026-07-02 12:12:01,067 :: PROGRESS ::  Started task Formatting in pipeline Formatting, total: 1
2026-07-02 12:12:01,074 :: PROGRESS ::  Starting formatting pipeline
2026-07-02 12:12:09,116 :: INFO ::  PDF profiling summary generated: ROI_INDUS/DSM_1-2-2/logs/profiling_summary.pdf
2026-07-02 12:12:09,218 :: PROGRESS ::  CARS has successfully completed the pipeline.
