2026-01-27 16:03:33,532 :: PROGRESS ::  Starting surface modeling pipeline for resolution 1/4
2026-01-27 16:03:33,535 :: INFO ::  The AbstractCluster multiprocessing will be used
2026-01-27 16:03:33,938 :: INFO ::  Close cluster ...
2026-01-27 16:03:34,011 :: INFO ::  The default altitude will be used as reference altitude.
2026-01-27 16:03:34,041 :: INFO ::  No orchestrator configuration given:  multiprocessing mode is used
2026-01-27 16:03:34,041 :: INFO ::  The AbstractCluster multiprocessing will be used
2026-01-27 16:03:34,042 :: INFO ::  auto mode : nb_workers will be set automatically
2026-01-27 16:03:34,063 :: INFO ::  Available CPUs  in SLURM : 1
2026-01-27 16:03:34,063 :: INFO ::  Available RAM  in SLURM : 7168
2026-01-27 16:03:34,063 :: WARNING ::  Only one CPU detected.
2026-01-27 16:03:34,065 :: INFO ::  Number of workers : 1
2026-01-27 16:03:34,065 :: INFO ::  Max memory per worker : 2000 MB
2026-01-27 16:03:34,444 :: INFO ::  Close cluster ...
2026-01-27 16:03:34,466 :: INFO ::  The default altitude will be used as reference altitude.
2026-01-27 16:03:34,466 :: INFO ::  The AbstractGeometry SharelocGeometry plugin will be used
2026-01-27 16:03:34,553 :: INFO ::  The AbstractGeometry SharelocGeometry plugin will be used
2026-01-27 16:03:34,597 :: INFO ::  The AbstractGeometry SharelocGeometry plugin will be used
2026-01-27 16:03:34,598 :: INFO ::  Grid generation method not specified, default  epipolar is used
2026-01-27 16:03:34,598 :: INFO ::  The GridGeneration(epipolar) application will be used
2026-01-27 16:03:34,598 :: INFO ::  Resampling method not specified, default bicubic is used
2026-01-27 16:03:34,598 :: INFO ::  The Resampling(bicubic) application will be used
2026-01-27 16:03:34,598 :: INFO ::  Sparse Matching method not specified, default  sift is used
2026-01-27 16:03:34,598 :: INFO ::  The SparseMatching(sift) application will be used
2026-01-27 16:03:34,599 :: INFO ::  The AbstractGeometry SharelocGeometry plugin will be used
2026-01-27 16:03:34,670 :: INFO ::  The AbstractGeometry SharelocGeometry plugin will be used
2026-01-27 16:03:34,690 :: INFO ::  The AbstractGeometry SharelocGeometry plugin will be used
2026-01-27 16:03:34,690 :: INFO ::  The resolution of the output DSM will be 2.0 meters. 
2026-01-27 16:03:34,691 :: INFO ::  Grid generation method not specified, default  epipolar is used
2026-01-27 16:03:34,691 :: INFO ::  The GridGeneration(epipolar) application will be used
2026-01-27 16:03:34,740 :: INFO ::  Grid correction method not specified, default  default is used
2026-01-27 16:03:34,740 :: INFO ::  The GridCorrection(default) application will be used
2026-01-27 16:03:34,740 :: INFO ::  Resampling method not specified, default bicubic is used
2026-01-27 16:03:34,740 :: INFO ::  The Resampling(bicubic) application will be used
2026-01-27 16:03:34,740 :: INFO ::  dense_match_filling method not specified, default zero_padding is used
2026-01-27 16:03:34,741 :: INFO ::  The DenseMatchFilling(zero_padding) application will be used
2026-01-27 16:03:34,741 :: INFO ::  Dense Matching method not specified, default census_sgm_default is used
2026-01-27 16:03:34,741 :: INFO ::  The AbstractDenseMatching(census_sgm_default) application will be used
2026-01-27 16:03:34,798 :: INFO ::  The Triangulation(line_of_sight_intersection) application will be used
2026-01-27 16:03:34,798 :: INFO ::  MntGeneration method not specified, default bulldozer_on_raster is used
2026-01-27 16:03:34,798 :: INFO ::  The DemGeneration bulldozer_on_raster application will be used
2026-01-27 16:03:34,798 :: INFO ::  The PointCloudOutlierRemoval(small_components) application will be used
2026-01-27 16:03:34,798 :: INFO ::  The PointCloudOutlierRemoval(statistical) application will be used
2026-01-27 16:03:34,799 :: INFO ::  2 point cloud outlier removal apps registered:
 - point_cloud_outlier_removal.1=small_components
 - point_cloud_outlier_removal.2=statistical
2026-01-27 16:03:34,799 :: INFO ::  Rasterisation method not specified, default simple_gaussian is used
2026-01-27 16:03:34,800 :: INFO ::  The PointCloudRasterization(simple_gaussian) application will be used
2026-01-27 16:03:34,931 :: INFO ::  The AbstractCluster multiprocessing will be used
2026-01-27 16:03:35,737 :: INFO ::  Received 1 stereo pairs configurations
2026-01-27 16:03:36,204 :: INFO ::  Generation of DEM min
2026-01-27 16:03:36,247 :: INFO ::  Generation of DEM max
2026-01-27 16:03:36,292 :: INFO ::  Generation of DEM median
2026-01-27 16:03:36,888 :: INFO ::  Launch Bulldozer on DEM min
2026-01-27 16:03:36,912 :: WARNING ::  The following input parameters are ignored: memory_mode. 
Please refer to the documentation for the list of valid parameters.
2026-01-27 16:03:36,915 :: INFO ::  Raw regular mask processing...
2026-01-27 16:03:36,916 :: INFO ::  Regular mask processing...
2026-01-27 16:03:36,918 :: INFO ::  detect_regular_areas: Done (Runtime: 0.0s)
2026-01-27 16:03:36,918 :: INFO ::  Horizontal nodata mask processing...
2026-01-27 16:03:36,918 :: INFO ::  Vertical nodata mask processing...
2026-01-27 16:03:36,936 :: INFO ::  Build Inner NoData Mask
2026-01-27 16:03:36,951 :: INFO ::  detect_border_nodata: Done (Runtime: 0.03s)
2026-01-27 16:03:36,951 :: INFO ::  Iterative filling DSM level 0
2026-01-27 16:03:36,952 :: INFO ::  fill_dsm: Done (Runtime: 0.0s)
2026-01-27 16:03:36,952 :: INFO ::  Main pass of a drape cloth filter: Starting...
2026-01-27 16:03:37,020 :: INFO ::  drape_cloth: Done (Runtime: 0.07s)
2026-01-27 16:03:37,020 :: INFO ::  Main pass of a drape cloth filter: Done.
2026-01-27 16:03:37,021 :: INFO ::  Pits removal: Starting.
2026-01-27 16:03:37,021 :: INFO ::  Pits removal processing...
2026-01-27 16:03:37,053 :: INFO ::  run: Done (Runtime: 0.03s)
2026-01-27 16:03:37,054 :: INFO ::  Pits removal: Done.
2026-01-27 16:03:37,054 :: INFO ::  Applying border no data: Starting...
2026-01-27 16:03:37,054 :: INFO ::  Applying border no data: Done...
2026-01-27 16:03:37,060 :: INFO ::  Generating DHM: Starting...
2026-01-27 16:03:37,060 :: INFO ::  Applying border no data to DHM: Starting...
2026-01-27 16:03:37,060 :: INFO ::  Applying border no data to DHM: Done...
2026-01-27 16:03:37,084 :: INFO ::  Generating DHM: Done.
2026-01-27 16:03:37,084 :: INFO ::  dsm_to_dtm: Done (Runtime: 0.18s)
2026-01-27 16:03:37,095 :: INFO ::  Launch Bulldozer on DEM max
2026-01-27 16:03:37,105 :: WARNING ::  The following input parameters are ignored: memory_mode. 
Please refer to the documentation for the list of valid parameters.
2026-01-27 16:03:37,116 :: INFO ::  Raw regular mask processing...
2026-01-27 16:03:37,118 :: INFO ::  Regular mask processing...
2026-01-27 16:03:37,120 :: INFO ::  detect_regular_areas: Done (Runtime: 0.0s)
2026-01-27 16:03:37,122 :: INFO ::  Horizontal nodata mask processing...
2026-01-27 16:03:37,123 :: INFO ::  Vertical nodata mask processing...
2026-01-27 16:03:37,243 :: INFO ::  Build Inner NoData Mask
2026-01-27 16:03:37,319 :: INFO ::  detect_border_nodata: Done (Runtime: 0.2s)
2026-01-27 16:03:37,320 :: INFO ::  Iterative filling DSM level 0
2026-01-27 16:03:37,322 :: INFO ::  Iterative filling DSM level 1
2026-01-27 16:03:37,326 :: INFO ::  fill_dsm: Done (Runtime: 0.01s)
2026-01-27 16:03:37,327 :: INFO ::  Main pass of a drape cloth filter: Starting...
2026-01-27 16:03:37,393 :: INFO ::  drape_cloth: Done (Runtime: 0.06s)
2026-01-27 16:03:37,393 :: INFO ::  Main pass of a drape cloth filter: Done.
2026-01-27 16:03:37,394 :: INFO ::  Pits removal: Starting.
2026-01-27 16:03:37,395 :: INFO ::  Pits removal processing...
2026-01-27 16:03:37,418 :: INFO ::  run: Done (Runtime: 0.02s)
2026-01-27 16:03:37,419 :: INFO ::  Pits removal: Done.
2026-01-27 16:03:37,420 :: INFO ::  Applying border no data: Starting...
2026-01-27 16:03:37,420 :: INFO ::  Applying border no data: Done...
2026-01-27 16:03:37,460 :: INFO ::  Generating DHM: Starting...
2026-01-27 16:03:37,461 :: INFO ::  Applying border no data to DHM: Starting...
2026-01-27 16:03:37,462 :: INFO ::  Applying border no data to DHM: Done...
2026-01-27 16:03:37,545 :: INFO ::  Generating DHM: Done.
2026-01-27 16:03:37,546 :: INFO ::  dsm_to_dtm: Done (Runtime: 0.44s)
2026-01-27 16:03:37,564 :: INFO ::  Statistics of difference between subsampled DSM and DEM min (in meters)
2026-01-27 16:03:37,565 :: INFO ::  | Min    | Median | p90    | p95    | p99    | Max    |
2026-01-27 16:03:37,565 :: INFO ::  |  79.71 |  83.95 | 156.55 | 157.53 | 165.06 | 165.06 |
2026-01-27 16:03:37,565 :: INFO ::  Statistics of difference between DEM max and subsampled DSM (in meters)
2026-01-27 16:03:37,567 :: INFO ::  | Min    | Median | p90    | p95    | p99    | Max    |
2026-01-27 16:03:37,567 :: INFO ::  | -165.06 |  80.63 |  85.41 |  87.32 |  93.86 | 102.67 |
2026-01-27 16:03:37,568 :: INFO ::  Statistics of difference between DEM max and DEM min (in meters)
2026-01-27 16:03:37,570 :: INFO ::  | Min    | Median | p90    | p95    | p99    | Max    |
2026-01-27 16:03:37,570 :: INFO ::  |   0.00 | 163.78 | 173.86 | 182.50 | 211.85 | 242.89 |
2026-01-27 16:03:37,727 :: INFO ::  The AbstractGeometry SharelocGeometry plugin will be used
2026-01-27 16:03:37,987 :: INFO ::  The AbstractGeometry SharelocGeometry plugin will be used
2026-01-27 16:03:38,007 :: INFO ::  The AbstractGeometry SharelocGeometry plugin will be used
2026-01-27 16:03:38,008 :: INFO ::  Median value of DEM (153.7415008544922) will be used as default_alt
2026-01-27 16:03:38,649 :: INFO ::  DEM bounds : 1.385316903080225, 43.57882965619802, 1.4488138599570348, 43.5327291258628
2026-01-27 16:03:38,649 :: INFO ::  ROI bounds : 1.3691229324203587, 43.491131137124604, 1.4829705713771648, 43.60057820347808
2026-01-27 16:03:38,735 :: INFO ::  Left satellite acquisition angles: Azimuth angle: 150.9 degrees, Elevation angle: 72.1 degrees
2026-01-27 16:03:38,735 :: INFO ::  Right satellite acquisition angles: Azimuth angle: 111.2 degrees, Elevation angle: 77.7 degrees
2026-01-27 16:03:38,735 :: INFO ::  Stereo satellite convergence angle from ground: 11.4 degrees
2026-01-27 16:03:38,735 :: INFO ::  Generating epipolar rectification grid ...
2026-01-27 16:03:38,790 :: INFO ::  Size of epipolar images: 448x448 pixels
2026-01-27 16:03:38,790 :: INFO ::  Disparity to altitude factor: 10.209558001690791 m/pixel
2026-01-27 16:03:38,899 :: INFO ::  The AbstractCluster multiprocessing will be used
2026-01-27 16:03:39,302 :: INFO ::  Close cluster ...
2026-01-27 16:03:39,309 :: INFO ::  The AbstractGeometry SharelocGeometry plugin will be used
2026-01-27 16:03:39,382 :: INFO ::  The AbstractGeometry SharelocGeometry plugin will be used
2026-01-27 16:03:39,402 :: INFO ::  The AbstractGeometry SharelocGeometry plugin will be used
2026-01-27 16:03:39,403 :: INFO ::  Median value of DEM (153.7415008544922) will be used as default_alt
2026-01-27 16:03:39,562 :: INFO ::  DEM bounds : 1.385316903080225, 43.57882965619802, 1.4488138599570348, 43.5327291258628
2026-01-27 16:03:39,562 :: INFO ::  ROI bounds : 1.3691229324203587, 43.491131137124604, 1.4829705713771648, 43.60057820347808
2026-01-27 16:03:39,583 :: INFO ::  The GridGeneration(epipolar) application will be used
2026-01-27 16:03:39,583 :: INFO ::  The Resampling(bicubic) application will be used
2026-01-27 16:03:39,583 :: INFO ::  The SparseMatching(sift) application will be used
2026-01-27 16:03:40,035 :: INFO ::  Compute delayed ...
2026-01-27 16:03:40,050 :: INFO ::  Wait for futures results ...
2026-01-27 16:03:40,050 :: PROGRESS ::  Data list to process: [ disp_max_grid , disp_min_grid , global infos ] ...
2026-01-27 16:03:40,573 :: INFO ::  Close files ...
2026-01-27 16:03:41,226 :: INFO ::  Global Disparity range for current pair:  [-9.411 pix., 8.904 pix.] (or [-96.082 m., 90.908 m.])
2026-01-27 16:03:41,226 :: INFO ::  Global disparity range for sparse matching : [-10.0 pix, 9.0 pix]
2026-01-27 16:03:41,226 :: INFO ::  Size of epipolar image: [0, 0, 448, 448]
2026-01-27 16:03:41,226 :: INFO ::  Tile size for epipolar regions: 5000x60 pixels
2026-01-27 16:03:41,226 :: INFO ::  Epipolar image will be processed in 8 splits
2026-01-27 16:03:41,428 :: INFO ::  Number of tiles in epipolar resampling: row: 8 col: 1
2026-01-27 16:03:41,839 :: INFO ::  Number of left epipolar image tiles outside left sensor image and removed: 0
2026-01-27 16:03:41,839 :: INFO ::  Number of right epipolar image tiles outside right sensor image and removed: 0
2026-01-27 16:03:41,842 :: INFO ::  Generate disparity: Number tiles: 8
2026-01-27 16:03:41,844 :: INFO ::  Compute delayed ...
2026-01-27 16:03:41,845 :: INFO ::  Wait for futures results ...
2026-01-27 16:03:41,845 :: PROGRESS ::  Data list to process: [ epi_matches_left ] ...
2026-01-27 16:03:46,795 :: INFO ::  Close files ...
2026-01-27 16:03:46,903 :: INFO ::  Raw number of matches found: 401 matches
2026-01-27 16:03:46,904 :: INFO ::  Writing raw matches file
2026-01-27 16:03:46,905 :: INFO ::  1 matches discarded because their epipolar error is greater than --epipolar_error_upper_bound = 10.0 pix considering a shift of -0.02069091796875 pix
2026-01-27 16:03:46,905 :: INFO ::  Writing filtered matches file
2026-01-27 16:03:46,906 :: INFO ::  Number of matches kept for epipolar error correction: 400 matches
2026-01-27 16:03:46,919 :: INFO ::  Epipolar error after correction: mean = 0.000 pix., standard deviation = 0.349 pix., max = 3.761 pix.
2026-01-27 16:03:47,309 :: INFO ::  Global disparity interval without margin : [-2.29 pix, 1.88 pix]
2026-01-27 16:03:47,309 :: INFO ::  Global disparity interval with margin : [-100.24 pix, 50.86 pix]
2026-01-27 16:03:47,758 :: INFO ::  Compute delayed ...
2026-01-27 16:03:47,770 :: INFO ::  Wait for futures results ...
2026-01-27 16:03:47,770 :: PROGRESS ::  Data list to process: [ disp_max_grid , disp_min_grid , global infos ] ...
2026-01-27 16:03:48,234 :: INFO ::  Close files ...
2026-01-27 16:03:48,947 :: INFO ::  Global Disparity range for current pair:  [-9.411 pix., 8.904 pix.] (or [-96.083 m., 90.908 m.])
2026-01-27 16:03:49,146 :: INFO ::  Size of epipolar image: [0, 0, 448, 448]
2026-01-27 16:03:49,146 :: INFO ::  Tile size for epipolar regions: 1000x1000 pixels
2026-01-27 16:03:49,146 :: INFO ::  Epipolar image will be processed in 1 splits
2026-01-27 16:03:50,555 :: INFO ::  Number of tiles in epipolar resampling: row: 1 col: 1
2026-01-27 16:03:50,965 :: INFO ::  Number of left epipolar image tiles outside left sensor image and removed: 0
2026-01-27 16:03:50,965 :: INFO ::  Number of right epipolar image tiles outside right sensor image and removed: 0
2026-01-27 16:03:50,994 :: INFO ::  Computing images envelopes and their intersection
2026-01-27 16:03:51,397 :: INFO ::  Terrain area covered: 1480462.9516116416 square meters (or square degrees)
2026-01-27 16:03:51,406 :: INFO ::  Terrain bounding box : [571664.0, 572474.0] x [6273798.0, 6274648.0]
2026-01-27 16:03:51,595 :: INFO ::  Total terrain bounding box : [571664.0, 572474.0] x [6273798.0, 6274648.0]
2026-01-27 16:03:51,595 :: INFO ::  Optimal terrain tile size: 609x609 pixels
2026-01-27 16:03:51,813 :: INFO ::  The conf that has been chosen regarding the world classification map is census_sgm_urban
2026-01-27 16:03:51,997 :: INFO ::  The AbstractDenseMatching(custom) application will be used
2026-01-27 16:03:52,052 :: INFO ::  Compute disparity: number tiles: 1
2026-01-27 16:03:52,054 :: INFO ::  Disparity holes filling was not activated
2026-01-27 16:03:53,284 :: INFO ::  DSM output image size: 2486x2510 pixels
2026-01-27 16:03:53,888 :: INFO ::  Number of tiles in cloud rasterization: row: 1 col: 1
2026-01-27 16:03:53,894 :: INFO ::  Compute delayed ...
2026-01-27 16:03:53,895 :: INFO ::  Wait for futures results ...
2026-01-27 16:03:53,895 :: PROGRESS ::  Data list to process: [ texture , epi_img_left , epi_img_right_mask , dsm , dsm_weights , epi_img_left_classif , epi_img_right , epi_img_right_classif , epi_img_left_mask ] ...
2026-01-27 16:04:20,083 :: INFO ::  Close files ...
2026-01-27 16:04:20,508 :: INFO ::  Compute delayed ...
2026-01-27 16:04:20,508 :: INFO ::  No Object to compute
2026-01-27 16:04:20,704 :: INFO ::  Close cluster ...
2026-01-27 16:04:20,704 :: INFO ::  Save profiling plots ...
2026-01-27 16:04:23,330 :: INFO ::  Clean removing thread pool ...
2026-01-27 16:04:23,330 :: INFO ::  Clean tmp directory ...
2026-01-27 16:04:23,645 :: INFO ::  Clean shared directory ...
