2026-01-29 16:22:35,572 :: PROGRESS ::  Starting surface modeling pipeline for resolution 1/4
2026-01-29 16:22:35,573 :: INFO ::  The AbstractCluster multiprocessing will be used
2026-01-29 16:22:35,976 :: INFO ::  Close cluster ...
2026-01-29 16:22:35,983 :: INFO ::  The default altitude will be used as reference altitude.
2026-01-29 16:22:35,993 :: INFO ::  No orchestrator configuration given:  multiprocessing mode is used
2026-01-29 16:22:35,993 :: INFO ::  The AbstractCluster multiprocessing will be used
2026-01-29 16:22:35,993 :: INFO ::  auto mode : nb_workers will be set automatically
2026-01-29 16:22:36,006 :: INFO ::  Available CPUs  in SLURM : 4
2026-01-29 16:22:36,007 :: INFO ::  Available RAM  in SLURM : 28672
2026-01-29 16:22:36,007 :: INFO ::  Number of workers : 3
2026-01-29 16:22:36,007 :: INFO ::  Max memory per worker : 2000 MB
2026-01-29 16:22:36,396 :: INFO ::  Close cluster ...
2026-01-29 16:22:36,402 :: INFO ::  The default altitude will be used as reference altitude.
2026-01-29 16:22:36,403 :: INFO ::  The AbstractGeometry SharelocGeometry plugin will be used
2026-01-29 16:22:36,473 :: INFO ::  The AbstractGeometry SharelocGeometry plugin will be used
2026-01-29 16:22:36,493 :: INFO ::  The AbstractGeometry SharelocGeometry plugin will be used
2026-01-29 16:22:36,493 :: INFO ::  Grid generation method not specified, default  epipolar is used
2026-01-29 16:22:36,493 :: INFO ::  The GridGeneration(epipolar) application will be used
2026-01-29 16:22:36,493 :: INFO ::  Resampling method not specified, default bicubic is used
2026-01-29 16:22:36,494 :: INFO ::  The Resampling(bicubic) application will be used
2026-01-29 16:22:36,494 :: INFO ::  Sparse Matching method not specified, default  sift is used
2026-01-29 16:22:36,494 :: INFO ::  The SparseMatching(sift) application will be used
2026-01-29 16:22:36,494 :: INFO ::  The AbstractGeometry SharelocGeometry plugin will be used
2026-01-29 16:22:36,563 :: INFO ::  The AbstractGeometry SharelocGeometry plugin will be used
2026-01-29 16:22:36,584 :: INFO ::  The AbstractGeometry SharelocGeometry plugin will be used
2026-01-29 16:22:36,584 :: INFO ::  The resolution of the output DSM will be 2.0 meters. 
2026-01-29 16:22:36,584 :: INFO ::  Grid generation method not specified, default  epipolar is used
2026-01-29 16:22:36,584 :: INFO ::  The GridGeneration(epipolar) application will be used
2026-01-29 16:22:36,584 :: INFO ::  Grid correction method not specified, default  default is used
2026-01-29 16:22:36,584 :: INFO ::  The GridCorrection(default) application will be used
2026-01-29 16:22:36,585 :: INFO ::  Resampling method not specified, default bicubic is used
2026-01-29 16:22:36,585 :: INFO ::  The Resampling(bicubic) application will be used
2026-01-29 16:22:36,585 :: INFO ::  dense_match_filling method not specified, default zero_padding is used
2026-01-29 16:22:36,585 :: INFO ::  The DenseMatchFilling(zero_padding) application will be used
2026-01-29 16:22:36,585 :: INFO ::  Dense Matching method not specified, default census_sgm_default is used
2026-01-29 16:22:36,586 :: INFO ::  The AbstractDenseMatching(census_sgm_default) application will be used
2026-01-29 16:22:36,641 :: INFO ::  The Triangulation(line_of_sight_intersection) application will be used
2026-01-29 16:22:36,641 :: INFO ::  MntGeneration method not specified, default bulldozer_on_raster is used
2026-01-29 16:22:36,642 :: INFO ::  The DemGeneration bulldozer_on_raster application will be used
2026-01-29 16:22:36,642 :: INFO ::  The PointCloudOutlierRemoval(small_components) application will be used
2026-01-29 16:22:36,642 :: INFO ::  The PointCloudOutlierRemoval(statistical) application will be used
2026-01-29 16:22:36,642 :: INFO ::  2 point cloud outlier removal apps registered:
 - point_cloud_outlier_removal.1=small_components
 - point_cloud_outlier_removal.2=statistical
2026-01-29 16:22:36,643 :: INFO ::  Rasterisation method not specified, default simple_gaussian is used
2026-01-29 16:22:36,643 :: INFO ::  The PointCloudRasterization(simple_gaussian) application will be used
2026-01-29 16:22:36,711 :: INFO ::  The AbstractCluster multiprocessing will be used
2026-01-29 16:22:37,517 :: INFO ::  Received 1 stereo pairs configurations
2026-01-29 16:22:37,904 :: INFO ::  Generation of DEM min
2026-01-29 16:22:37,945 :: INFO ::  Generation of DEM max
2026-01-29 16:22:37,984 :: INFO ::  Generation of DEM median
2026-01-29 16:22:38,331 :: INFO ::  Launch Bulldozer on DEM min
2026-01-29 16:22:38,339 :: WARNING ::  The following input parameters are ignored: memory_mode. 
Please refer to the documentation for the list of valid parameters.
2026-01-29 16:22:38,382 :: INFO ::  Raw regular mask processing...
2026-01-29 16:22:38,386 :: INFO ::  Regular mask processing...
2026-01-29 16:22:38,388 :: INFO ::  detect_regular_areas: Done (Runtime: 0.01s)
2026-01-29 16:22:38,388 :: INFO ::  Horizontal nodata mask processing...
2026-01-29 16:22:38,389 :: INFO ::  Vertical nodata mask processing...
2026-01-29 16:22:38,396 :: INFO ::  Build Inner NoData Mask
2026-01-29 16:22:38,400 :: INFO ::  detect_border_nodata: Done (Runtime: 0.01s)
2026-01-29 16:22:38,400 :: INFO ::  Iterative filling DSM level 0
2026-01-29 16:22:38,405 :: INFO ::  fill_dsm: Done (Runtime: 0.01s)
2026-01-29 16:22:38,405 :: INFO ::  Main pass of a drape cloth filter: Starting...
2026-01-29 16:22:38,539 :: INFO ::  drape_cloth: Done (Runtime: 0.13s)
2026-01-29 16:22:38,539 :: INFO ::  Main pass of a drape cloth filter: Done.
2026-01-29 16:22:38,539 :: INFO ::  Pits removal: Starting.
2026-01-29 16:22:38,540 :: INFO ::  Pits removal processing...
2026-01-29 16:22:38,552 :: INFO ::  run: Done (Runtime: 0.01s)
2026-01-29 16:22:38,552 :: INFO ::  Pits removal: Done.
2026-01-29 16:22:38,552 :: INFO ::  Applying border no data: Starting...
2026-01-29 16:22:38,552 :: INFO ::  Applying border no data: Done...
2026-01-29 16:22:38,555 :: INFO ::  Generating DHM: Starting...
2026-01-29 16:22:38,556 :: INFO ::  Applying border no data to DHM: Starting...
2026-01-29 16:22:38,557 :: INFO ::  Applying border no data to DHM: Done...
2026-01-29 16:22:38,561 :: INFO ::  Generating DHM: Done.
2026-01-29 16:22:38,577 :: INFO ::  dsm_to_dtm: Done (Runtime: 0.24s)
2026-01-29 16:22:38,599 :: INFO ::  Launch Bulldozer on DEM max
2026-01-29 16:22:38,607 :: WARNING ::  The following input parameters are ignored: memory_mode. 
Please refer to the documentation for the list of valid parameters.
2026-01-29 16:22:38,687 :: INFO ::  Raw regular mask processing...
2026-01-29 16:22:38,693 :: INFO ::  Regular mask processing...
2026-01-29 16:22:38,696 :: INFO ::  detect_regular_areas: Done (Runtime: 0.01s)
2026-01-29 16:22:38,697 :: INFO ::  Horizontal nodata mask processing...
2026-01-29 16:22:38,700 :: INFO ::  Vertical nodata mask processing...
2026-01-29 16:22:38,709 :: INFO ::  Build Inner NoData Mask
2026-01-29 16:22:38,713 :: INFO ::  detect_border_nodata: Done (Runtime: 0.02s)
2026-01-29 16:22:38,714 :: INFO ::  Iterative filling DSM level 0
2026-01-29 16:22:38,726 :: INFO ::  Iterative filling DSM level 1
2026-01-29 16:22:38,732 :: INFO ::  fill_dsm: Done (Runtime: 0.02s)
2026-01-29 16:22:38,733 :: INFO ::  Main pass of a drape cloth filter: Starting...
2026-01-29 16:22:38,867 :: INFO ::  drape_cloth: Done (Runtime: 0.13s)
2026-01-29 16:22:38,868 :: INFO ::  Main pass of a drape cloth filter: Done.
2026-01-29 16:22:38,869 :: INFO ::  Pits removal: Starting.
2026-01-29 16:22:38,870 :: INFO ::  Pits removal processing...
2026-01-29 16:22:38,886 :: INFO ::  run: Done (Runtime: 0.02s)
2026-01-29 16:22:38,887 :: INFO ::  Pits removal: Done.
2026-01-29 16:22:38,888 :: INFO ::  Applying border no data: Starting...
2026-01-29 16:22:38,889 :: INFO ::  Applying border no data: Done...
2026-01-29 16:22:38,893 :: INFO ::  Generating DHM: Starting...
2026-01-29 16:22:38,894 :: INFO ::  Applying border no data to DHM: Starting...
2026-01-29 16:22:38,895 :: INFO ::  Applying border no data to DHM: Done...
2026-01-29 16:22:38,900 :: INFO ::  Generating DHM: Done.
2026-01-29 16:22:38,918 :: INFO ::  dsm_to_dtm: Done (Runtime: 0.31s)
2026-01-29 16:22:38,935 :: INFO ::  Statistics of difference between subsampled DSM and DEM min (in meters)
2026-01-29 16:22:38,936 :: INFO ::  | Min    | Median | p90    | p95    | p99    | Max    |
2026-01-29 16:22:38,936 :: INFO ::  |  79.71 |  83.95 | 156.55 | 157.53 | 165.06 | 165.06 |
2026-01-29 16:22:38,936 :: INFO ::  Statistics of difference between DEM max and subsampled DSM (in meters)
2026-01-29 16:22:38,939 :: INFO ::  | Min    | Median | p90    | p95    | p99    | Max    |
2026-01-29 16:22:38,939 :: INFO ::  | -165.06 |  80.63 |  85.41 |  87.32 |  93.86 | 102.67 |
2026-01-29 16:22:38,939 :: INFO ::  Statistics of difference between DEM max and DEM min (in meters)
2026-01-29 16:22:38,941 :: INFO ::  | Min    | Median | p90    | p95    | p99    | Max    |
2026-01-29 16:22:38,941 :: INFO ::  |   0.00 | 163.78 | 173.86 | 182.50 | 211.85 | 242.89 |
2026-01-29 16:22:39,049 :: INFO ::  The AbstractGeometry SharelocGeometry plugin will be used
2026-01-29 16:22:39,121 :: INFO ::  The AbstractGeometry SharelocGeometry plugin will be used
2026-01-29 16:22:39,139 :: INFO ::  The AbstractGeometry SharelocGeometry plugin will be used
2026-01-29 16:22:39,140 :: INFO ::  Median value of DEM (153.7415008544922) will be used as default_alt
2026-01-29 16:22:39,294 :: INFO ::  DEM bounds : 1.385316903080225, 43.57882965619802, 1.4488138599570348, 43.5327291258628
2026-01-29 16:22:39,294 :: INFO ::  ROI bounds : 1.3691229324203587, 43.491131137124604, 1.4829705713771648, 43.60057820347808
2026-01-29 16:22:39,361 :: INFO ::  Left satellite acquisition angles: Azimuth angle: 150.9 degrees, Elevation angle: 72.1 degrees
2026-01-29 16:22:39,377 :: INFO ::  Right satellite acquisition angles: Azimuth angle: 111.2 degrees, Elevation angle: 77.7 degrees
2026-01-29 16:22:39,377 :: INFO ::  Stereo satellite convergence angle from ground: 11.4 degrees
2026-01-29 16:22:39,377 :: INFO ::  Generating epipolar rectification grid ...
2026-01-29 16:22:39,428 :: INFO ::  Size of epipolar images: 448x448 pixels
2026-01-29 16:22:39,428 :: INFO ::  Disparity to altitude factor: 10.209558001690791 m/pixel
2026-01-29 16:22:39,529 :: INFO ::  The AbstractCluster multiprocessing will be used
2026-01-29 16:22:39,932 :: INFO ::  Close cluster ...
2026-01-29 16:22:39,939 :: INFO ::  The AbstractGeometry SharelocGeometry plugin will be used
2026-01-29 16:22:40,010 :: INFO ::  The AbstractGeometry SharelocGeometry plugin will be used
2026-01-29 16:22:40,029 :: INFO ::  The AbstractGeometry SharelocGeometry plugin will be used
2026-01-29 16:22:40,030 :: INFO ::  Median value of DEM (153.7415008544922) will be used as default_alt
2026-01-29 16:22:40,183 :: INFO ::  DEM bounds : 1.385316903080225, 43.57882965619802, 1.4488138599570348, 43.5327291258628
2026-01-29 16:22:40,183 :: INFO ::  ROI bounds : 1.3691229324203587, 43.491131137124604, 1.4829705713771648, 43.60057820347808
2026-01-29 16:22:40,203 :: INFO ::  The GridGeneration(epipolar) application will be used
2026-01-29 16:22:40,203 :: INFO ::  The Resampling(bicubic) application will be used
2026-01-29 16:22:40,203 :: INFO ::  The SparseMatching(sift) application will be used
2026-01-29 16:22:40,610 :: INFO ::  Compute delayed ...
2026-01-29 16:22:40,623 :: INFO ::  Wait for futures results ...
2026-01-29 16:22:40,623 :: PROGRESS ::  Data list to process: [ disp_min_grid , disp_max_grid , global infos ] ...
2026-01-29 16:22:40,960 :: INFO ::  Close files ...
2026-01-29 16:22:41,700 :: INFO ::  Global Disparity range for current pair:  [-9.411 pix., 8.904 pix.] (or [-96.082 m., 90.908 m.])
2026-01-29 16:22:41,700 :: INFO ::  Global disparity range for sparse matching : [-10.0 pix, 9.0 pix]
2026-01-29 16:22:41,700 :: INFO ::  Size of epipolar image: [0, 0, 448, 448]
2026-01-29 16:22:41,700 :: INFO ::  Tile size for epipolar regions: 5000x60 pixels
2026-01-29 16:22:41,700 :: INFO ::  Epipolar image will be processed in 8 splits
2026-01-29 16:22:41,910 :: INFO ::  Number of tiles in epipolar resampling: row: 8 col: 1
2026-01-29 16:22:42,321 :: INFO ::  Number of left epipolar image tiles outside left sensor image and removed: 0
2026-01-29 16:22:42,321 :: INFO ::  Number of right epipolar image tiles outside right sensor image and removed: 0
2026-01-29 16:22:42,325 :: INFO ::  Generate disparity: Number tiles: 8
2026-01-29 16:22:42,327 :: INFO ::  Compute delayed ...
2026-01-29 16:22:42,328 :: INFO ::  Wait for futures results ...
2026-01-29 16:22:42,328 :: PROGRESS ::  Data list to process: [ epi_matches_left ] ...
2026-01-29 16:22:43,642 :: INFO ::  Close files ...
2026-01-29 16:22:43,781 :: INFO ::  Raw number of matches found: 401 matches
2026-01-29 16:22:43,781 :: INFO ::  Writing raw matches file
2026-01-29 16:22:43,783 :: INFO ::  1 matches discarded because their epipolar error is greater than --epipolar_error_upper_bound = 10.0 pix considering a shift of -0.02069091796875 pix
2026-01-29 16:22:43,783 :: INFO ::  Writing filtered matches file
2026-01-29 16:22:43,784 :: INFO ::  Number of matches kept for epipolar error correction: 400 matches
2026-01-29 16:22:43,796 :: INFO ::  Epipolar error after correction: mean = 0.000 pix., standard deviation = 0.349 pix., max = 3.761 pix.
2026-01-29 16:22:44,186 :: INFO ::  Global disparity interval without margin : [-2.29 pix, 1.88 pix]
2026-01-29 16:22:44,186 :: INFO ::  Global disparity interval with margin : [-100.24 pix, 50.86 pix]
2026-01-29 16:22:44,672 :: INFO ::  Compute delayed ...
2026-01-29 16:22:44,684 :: INFO ::  Wait for futures results ...
2026-01-29 16:22:44,684 :: PROGRESS ::  Data list to process: [ disp_min_grid , disp_max_grid , global infos ] ...
2026-01-29 16:22:44,985 :: INFO ::  Close files ...
2026-01-29 16:22:45,751 :: INFO ::  Global Disparity range for current pair:  [-9.411 pix., 8.904 pix.] (or [-96.083 m., 90.908 m.])
2026-01-29 16:22:45,949 :: INFO ::  Size of epipolar image: [0, 0, 448, 448]
2026-01-29 16:22:45,949 :: INFO ::  Tile size for epipolar regions: 1000x1000 pixels
2026-01-29 16:22:45,949 :: INFO ::  Epipolar image will be processed in 1 splits
2026-01-29 16:22:47,362 :: INFO ::  Number of tiles in epipolar resampling: row: 1 col: 1
2026-01-29 16:22:47,774 :: INFO ::  Number of left epipolar image tiles outside left sensor image and removed: 0
2026-01-29 16:22:47,774 :: INFO ::  Number of right epipolar image tiles outside right sensor image and removed: 0
2026-01-29 16:22:47,790 :: INFO ::  Computing images envelopes and their intersection
2026-01-29 16:22:48,197 :: INFO ::  Terrain area covered: 1480462.9516116416 square meters (or square degrees)
2026-01-29 16:22:48,205 :: INFO ::  Terrain bounding box : [571664.0, 572474.0] x [6273798.0, 6274648.0]
2026-01-29 16:22:48,391 :: INFO ::  Total terrain bounding box : [571664.0, 572474.0] x [6273798.0, 6274648.0]
2026-01-29 16:22:48,391 :: INFO ::  Optimal terrain tile size: 609x609 pixels
2026-01-29 16:22:48,600 :: INFO ::  The conf that has been chosen regarding the world classification map is census_sgm_urban
2026-01-29 16:22:48,794 :: INFO ::  The AbstractDenseMatching(custom) application will be used
2026-01-29 16:22:48,852 :: INFO ::  Compute disparity: number tiles: 1
2026-01-29 16:22:48,854 :: INFO ::  Disparity holes filling was not activated
2026-01-29 16:22:50,077 :: INFO ::  DSM output image size: 2486x2510 pixels
2026-01-29 16:22:50,682 :: INFO ::  Number of tiles in cloud rasterization: row: 1 col: 1
2026-01-29 16:22:50,688 :: INFO ::  Compute delayed ...
2026-01-29 16:22:50,689 :: INFO ::  Wait for futures results ...
2026-01-29 16:22:50,689 :: PROGRESS ::  Data list to process: [ epi_img_left_mask , dsm , epi_img_right , epi_img_right_classif , epi_img_left_classif , epi_img_right_mask , dsm_weights , texture , epi_img_left ] ...
2026-01-29 16:23:03,866 :: INFO ::  Close files ...
2026-01-29 16:23:04,667 :: INFO ::  Compute delayed ...
2026-01-29 16:23:04,667 :: INFO ::  No Object to compute
2026-01-29 16:23:04,864 :: INFO ::  Close cluster ...
2026-01-29 16:23:04,864 :: INFO ::  Save profiling plots ...
2026-01-29 16:23:06,876 :: INFO ::  Clean removing thread pool ...
2026-01-29 16:23:06,876 :: INFO ::  Clean tmp directory ...
2026-01-29 16:23:06,877 :: INFO ::  Clean shared directory ...
