2026-01-29 16:35:17,803 :: PROGRESS ::  Starting surface modeling pipeline for resolution 1/4
2026-01-29 16:35:17,804 :: INFO ::  The AbstractCluster multiprocessing will be used
2026-01-29 16:35:18,207 :: INFO ::  Close cluster ...
2026-01-29 16:35:18,219 :: INFO ::  The default altitude will be used as reference altitude.
2026-01-29 16:35:18,230 :: INFO ::  No orchestrator configuration given:  multiprocessing mode is used
2026-01-29 16:35:18,230 :: INFO ::  The AbstractCluster multiprocessing will be used
2026-01-29 16:35:18,231 :: INFO ::  auto mode : nb_workers will be set automatically
2026-01-29 16:35:18,245 :: INFO ::  Available CPUs  in SLURM : 4
2026-01-29 16:35:18,245 :: INFO ::  Available RAM  in SLURM : 28672
2026-01-29 16:35:18,245 :: INFO ::  Number of workers : 3
2026-01-29 16:35:18,245 :: INFO ::  Max memory per worker : 2000 MB
2026-01-29 16:35:18,633 :: INFO ::  Close cluster ...
2026-01-29 16:35:18,643 :: INFO ::  The default altitude will be used as reference altitude.
2026-01-29 16:35:18,644 :: INFO ::  The AbstractGeometry SharelocGeometry plugin will be used
2026-01-29 16:35:18,715 :: INFO ::  The AbstractGeometry SharelocGeometry plugin will be used
2026-01-29 16:35:18,735 :: INFO ::  The AbstractGeometry SharelocGeometry plugin will be used
2026-01-29 16:35:18,735 :: INFO ::  Grid generation method not specified, default  epipolar is used
2026-01-29 16:35:18,735 :: INFO ::  The GridGeneration(epipolar) application will be used
2026-01-29 16:35:18,735 :: INFO ::  Resampling method not specified, default bicubic is used
2026-01-29 16:35:18,735 :: INFO ::  The Resampling(bicubic) application will be used
2026-01-29 16:35:18,735 :: INFO ::  Sparse Matching method not specified, default  sift is used
2026-01-29 16:35:18,735 :: INFO ::  The SparseMatching(sift) application will be used
2026-01-29 16:35:18,736 :: INFO ::  The AbstractGeometry SharelocGeometry plugin will be used
2026-01-29 16:35:18,805 :: INFO ::  The AbstractGeometry SharelocGeometry plugin will be used
2026-01-29 16:35:18,823 :: INFO ::  The AbstractGeometry SharelocGeometry plugin will be used
2026-01-29 16:35:18,823 :: INFO ::  The resolution of the output DSM will be 2.0 meters. 
2026-01-29 16:35:18,824 :: INFO ::  Grid generation method not specified, default  epipolar is used
2026-01-29 16:35:18,824 :: INFO ::  The GridGeneration(epipolar) application will be used
2026-01-29 16:35:18,824 :: INFO ::  Grid correction method not specified, default  default is used
2026-01-29 16:35:18,824 :: INFO ::  The GridCorrection(default) application will be used
2026-01-29 16:35:18,824 :: INFO ::  Resampling method not specified, default bicubic is used
2026-01-29 16:35:18,824 :: INFO ::  The Resampling(bicubic) application will be used
2026-01-29 16:35:18,824 :: INFO ::  dense_match_filling method not specified, default zero_padding is used
2026-01-29 16:35:18,824 :: INFO ::  The DenseMatchFilling(zero_padding) application will be used
2026-01-29 16:35:18,824 :: INFO ::  Dense Matching method not specified, default census_sgm_default is used
2026-01-29 16:35:18,825 :: INFO ::  The AbstractDenseMatching(census_sgm_default) application will be used
2026-01-29 16:35:18,885 :: INFO ::  The Triangulation(line_of_sight_intersection) application will be used
2026-01-29 16:35:18,885 :: INFO ::  MntGeneration method not specified, default bulldozer_on_raster is used
2026-01-29 16:35:18,885 :: INFO ::  The DemGeneration bulldozer_on_raster application will be used
2026-01-29 16:35:18,885 :: INFO ::  The PointCloudOutlierRemoval(small_components) application will be used
2026-01-29 16:35:18,886 :: INFO ::  The PointCloudOutlierRemoval(statistical) application will be used
2026-01-29 16:35:18,886 :: INFO ::  2 point cloud outlier removal apps registered:
 - point_cloud_outlier_removal.1=small_components
 - point_cloud_outlier_removal.2=statistical
2026-01-29 16:35:18,887 :: INFO ::  Rasterisation method not specified, default simple_gaussian is used
2026-01-29 16:35:18,887 :: INFO ::  The PointCloudRasterization(simple_gaussian) application will be used
2026-01-29 16:35:18,958 :: INFO ::  The AbstractCluster multiprocessing will be used
2026-01-29 16:35:19,764 :: INFO ::  Received 1 stereo pairs configurations
2026-01-29 16:35:20,119 :: INFO ::  Generation of DEM min
2026-01-29 16:35:20,160 :: INFO ::  Generation of DEM max
2026-01-29 16:35:20,200 :: INFO ::  Generation of DEM median
2026-01-29 16:35:20,485 :: INFO ::  Launch Bulldozer on DEM min
2026-01-29 16:35:20,496 :: WARNING ::  The following input parameters are ignored: memory_mode. 
Please refer to the documentation for the list of valid parameters.
2026-01-29 16:35:20,548 :: INFO ::  Raw regular mask processing...
2026-01-29 16:35:20,554 :: INFO ::  Regular mask processing...
2026-01-29 16:35:20,556 :: INFO ::  detect_regular_areas: Done (Runtime: 0.01s)
2026-01-29 16:35:20,556 :: INFO ::  Horizontal nodata mask processing...
2026-01-29 16:35:20,558 :: INFO ::  Vertical nodata mask processing...
2026-01-29 16:35:20,566 :: INFO ::  Build Inner NoData Mask
2026-01-29 16:35:20,568 :: INFO ::  detect_border_nodata: Done (Runtime: 0.01s)
2026-01-29 16:35:20,569 :: INFO ::  Iterative filling DSM level 0
2026-01-29 16:35:20,577 :: INFO ::  fill_dsm: Done (Runtime: 0.01s)
2026-01-29 16:35:20,578 :: INFO ::  Main pass of a drape cloth filter: Starting...
2026-01-29 16:35:20,711 :: INFO ::  drape_cloth: Done (Runtime: 0.13s)
2026-01-29 16:35:20,712 :: INFO ::  Main pass of a drape cloth filter: Done.
2026-01-29 16:35:20,712 :: INFO ::  Pits removal: Starting.
2026-01-29 16:35:20,712 :: INFO ::  Pits removal processing...
2026-01-29 16:35:20,723 :: INFO ::  run: Done (Runtime: 0.01s)
2026-01-29 16:35:20,723 :: INFO ::  Pits removal: Done.
2026-01-29 16:35:20,723 :: INFO ::  Applying border no data: Starting...
2026-01-29 16:35:20,723 :: INFO ::  Applying border no data: Done...
2026-01-29 16:35:20,726 :: INFO ::  Generating DHM: Starting...
2026-01-29 16:35:20,726 :: INFO ::  Applying border no data to DHM: Starting...
2026-01-29 16:35:20,726 :: INFO ::  Applying border no data to DHM: Done...
2026-01-29 16:35:20,729 :: INFO ::  Generating DHM: Done.
2026-01-29 16:35:20,745 :: INFO ::  dsm_to_dtm: Done (Runtime: 0.25s)
2026-01-29 16:35:20,756 :: INFO ::  Launch Bulldozer on DEM max
2026-01-29 16:35:20,762 :: WARNING ::  The following input parameters are ignored: memory_mode. 
Please refer to the documentation for the list of valid parameters.
2026-01-29 16:35:20,830 :: INFO ::  Raw regular mask processing...
2026-01-29 16:35:20,834 :: INFO ::  Regular mask processing...
2026-01-29 16:35:20,837 :: INFO ::  detect_regular_areas: Done (Runtime: 0.01s)
2026-01-29 16:35:20,837 :: INFO ::  Horizontal nodata mask processing...
2026-01-29 16:35:20,840 :: INFO ::  Vertical nodata mask processing...
2026-01-29 16:35:20,848 :: INFO ::  Build Inner NoData Mask
2026-01-29 16:35:20,851 :: INFO ::  detect_border_nodata: Done (Runtime: 0.01s)
2026-01-29 16:35:20,852 :: INFO ::  Iterative filling DSM level 0
2026-01-29 16:35:20,858 :: INFO ::  Iterative filling DSM level 1
2026-01-29 16:35:20,862 :: INFO ::  fill_dsm: Done (Runtime: 0.01s)
2026-01-29 16:35:20,863 :: INFO ::  Main pass of a drape cloth filter: Starting...
2026-01-29 16:35:21,005 :: INFO ::  drape_cloth: Done (Runtime: 0.14s)
2026-01-29 16:35:21,006 :: INFO ::  Main pass of a drape cloth filter: Done.
2026-01-29 16:35:21,007 :: INFO ::  Pits removal: Starting.
2026-01-29 16:35:21,007 :: INFO ::  Pits removal processing...
2026-01-29 16:35:21,019 :: INFO ::  run: Done (Runtime: 0.01s)
2026-01-29 16:35:21,020 :: INFO ::  Pits removal: Done.
2026-01-29 16:35:21,020 :: INFO ::  Applying border no data: Starting...
2026-01-29 16:35:21,021 :: INFO ::  Applying border no data: Done...
2026-01-29 16:35:21,024 :: INFO ::  Generating DHM: Starting...
2026-01-29 16:35:21,025 :: INFO ::  Applying border no data to DHM: Starting...
2026-01-29 16:35:21,025 :: INFO ::  Applying border no data to DHM: Done...
2026-01-29 16:35:21,028 :: INFO ::  Generating DHM: Done.
2026-01-29 16:35:21,044 :: INFO ::  dsm_to_dtm: Done (Runtime: 0.28s)
2026-01-29 16:35:21,057 :: INFO ::  Statistics of difference between subsampled DSM and DEM min (in meters)
2026-01-29 16:35:21,059 :: INFO ::  | Min    | Median | p90    | p95    | p99    | Max    |
2026-01-29 16:35:21,059 :: INFO ::  |  77.82 |  88.02 | 147.50 | 150.39 | 155.21 | 156.44 |
2026-01-29 16:35:21,059 :: INFO ::  Statistics of difference between DEM max and subsampled DSM (in meters)
2026-01-29 16:35:21,061 :: INFO ::  | Min    | Median | p90    | p95    | p99    | Max    |
2026-01-29 16:35:21,061 :: INFO ::  | -155.21 |  83.95 |  88.17 |  89.68 |  92.32 | 108.74 |
2026-01-29 16:35:21,061 :: INFO ::  Statistics of difference between DEM max and DEM min (in meters)
2026-01-29 16:35:21,063 :: INFO ::  | Min    | Median | p90    | p95    | p99    | Max    |
2026-01-29 16:35:21,063 :: INFO ::  |   0.00 | 169.34 | 178.08 | 185.94 | 206.75 | 237.55 |
2026-01-29 16:35:21,247 :: INFO ::  The AbstractGeometry SharelocGeometry plugin will be used
2026-01-29 16:35:21,318 :: INFO ::  The AbstractGeometry SharelocGeometry plugin will be used
2026-01-29 16:35:21,337 :: INFO ::  The AbstractGeometry SharelocGeometry plugin will be used
2026-01-29 16:35:21,338 :: INFO ::  Median value of DEM (140.0584716796875) will be used as default_alt
2026-01-29 16:35:21,491 :: INFO ::  DEM bounds : 1.4017838072317235, 43.60627099337178, 1.4653129599780437, 43.56014708795322
2026-01-29 16:35:21,491 :: INFO ::  ROI bounds : 1.3856003737831069, 43.518539973278855, 1.499328147296733, 43.62808242648023
2026-01-29 16:35:21,552 :: INFO ::  Left satellite acquisition angles: Azimuth angle: 151.1 degrees, Elevation angle: 72.1 degrees
2026-01-29 16:35:21,552 :: INFO ::  Right satellite acquisition angles: Azimuth angle: 111.4 degrees, Elevation angle: 77.7 degrees
2026-01-29 16:35:21,552 :: INFO ::  Stereo satellite convergence angle from ground: 11.4 degrees
2026-01-29 16:35:21,552 :: INFO ::  Generating epipolar rectification grid ...
2026-01-29 16:35:21,597 :: INFO ::  Size of epipolar images: 448x448 pixels
2026-01-29 16:35:21,597 :: INFO ::  Disparity to altitude factor: 10.203214534405719 m/pixel
2026-01-29 16:35:21,716 :: INFO ::  The AbstractCluster multiprocessing will be used
2026-01-29 16:35:22,119 :: INFO ::  Close cluster ...
2026-01-29 16:35:22,129 :: INFO ::  The AbstractGeometry SharelocGeometry plugin will be used
2026-01-29 16:35:22,198 :: INFO ::  The AbstractGeometry SharelocGeometry plugin will be used
2026-01-29 16:35:22,217 :: INFO ::  The AbstractGeometry SharelocGeometry plugin will be used
2026-01-29 16:35:22,218 :: INFO ::  Median value of DEM (140.0584716796875) will be used as default_alt
2026-01-29 16:35:22,372 :: INFO ::  DEM bounds : 1.4017838072317235, 43.60627099337178, 1.4653129599780437, 43.56014708795322
2026-01-29 16:35:22,372 :: INFO ::  ROI bounds : 1.3856003737831069, 43.518539973278855, 1.499328147296733, 43.62808242648023
2026-01-29 16:35:22,391 :: INFO ::  The GridGeneration(epipolar) application will be used
2026-01-29 16:35:22,392 :: INFO ::  The Resampling(bicubic) application will be used
2026-01-29 16:35:22,392 :: INFO ::  The SparseMatching(sift) application will be used
2026-01-29 16:35:22,799 :: INFO ::  Compute delayed ...
2026-01-29 16:35:22,812 :: INFO ::  Wait for futures results ...
2026-01-29 16:35:22,812 :: PROGRESS ::  Data list to process: [ global infos , disp_min_grid , disp_max_grid ] ...
2026-01-29 16:35:23,114 :: INFO ::  Close files ...
2026-01-29 16:35:23,743 :: INFO ::  Global Disparity range for current pair:  [-9.557 pix., 9.641 pix.] (or [-97.513 m., 98.372 m.])
2026-01-29 16:35:23,743 :: INFO ::  Global disparity range for sparse matching : [-10.0 pix, 10.0 pix]
2026-01-29 16:35:23,743 :: INFO ::  Size of epipolar image: [0, 0, 448, 448]
2026-01-29 16:35:23,743 :: INFO ::  Tile size for epipolar regions: 5000x60 pixels
2026-01-29 16:35:23,744 :: INFO ::  Epipolar image will be processed in 8 splits
2026-01-29 16:35:23,953 :: INFO ::  Number of tiles in epipolar resampling: row: 8 col: 1
2026-01-29 16:35:24,364 :: INFO ::  Number of left epipolar image tiles outside left sensor image and removed: 0
2026-01-29 16:35:24,364 :: INFO ::  Number of right epipolar image tiles outside right sensor image and removed: 0
2026-01-29 16:35:24,367 :: INFO ::  Generate disparity: Number tiles: 8
2026-01-29 16:35:24,370 :: INFO ::  Compute delayed ...
2026-01-29 16:35:24,371 :: INFO ::  Wait for futures results ...
2026-01-29 16:35:24,371 :: PROGRESS ::  Data list to process: [ epi_matches_left ] ...
2026-01-29 16:35:25,575 :: INFO ::  Close files ...
2026-01-29 16:35:25,682 :: INFO ::  Raw number of matches found: 240 matches
2026-01-29 16:35:25,682 :: INFO ::  Writing raw matches file
2026-01-29 16:35:25,684 :: INFO ::  1 matches discarded because their epipolar error is greater than --epipolar_error_upper_bound = 10.0 pix considering a shift of -0.131927490234375 pix
2026-01-29 16:35:25,684 :: INFO ::  Writing filtered matches file
2026-01-29 16:35:25,685 :: INFO ::  Number of matches kept for epipolar error correction: 239 matches
2026-01-29 16:35:25,699 :: INFO ::  Epipolar error after correction: mean = 0.000 pix., standard deviation = 0.748 pix., max = 7.151 pix.
2026-01-29 16:35:26,090 :: INFO ::  Global disparity interval without margin : [-3.75 pix, 3.24 pix]
2026-01-29 16:35:26,090 :: INFO ::  Global disparity interval with margin : [-101.76 pix, 52.24 pix]
2026-01-29 16:35:26,513 :: INFO ::  Compute delayed ...
2026-01-29 16:35:26,525 :: INFO ::  Wait for futures results ...
2026-01-29 16:35:26,527 :: PROGRESS ::  Data list to process: [ global infos , disp_min_grid , disp_max_grid ] ...
2026-01-29 16:35:26,777 :: INFO ::  Close files ...
2026-01-29 16:35:27,586 :: INFO ::  Global Disparity range for current pair:  [-9.557 pix., 9.641 pix.] (or [-97.511 m., 98.372 m.])
2026-01-29 16:35:27,785 :: INFO ::  Size of epipolar image: [0, 0, 448, 448]
2026-01-29 16:35:27,785 :: INFO ::  Tile size for epipolar regions: 1000x1000 pixels
2026-01-29 16:35:27,785 :: INFO ::  Epipolar image will be processed in 1 splits
2026-01-29 16:35:27,988 :: INFO ::  Number of tiles in epipolar resampling: row: 1 col: 1
2026-01-29 16:35:28,399 :: INFO ::  Number of left epipolar image tiles outside left sensor image and removed: 0
2026-01-29 16:35:28,399 :: INFO ::  Number of right epipolar image tiles outside right sensor image and removed: 0
2026-01-29 16:35:28,414 :: INFO ::  Computing images envelopes and their intersection
2026-01-29 16:35:28,818 :: INFO ::  Terrain area covered: 1485614.3795838188 square meters (or square degrees)
2026-01-29 16:35:28,827 :: INFO ::  Terrain bounding box : [573052.0, 573864.0] x [6276828.0, 6277678.0]
2026-01-29 16:35:29,015 :: INFO ::  Total terrain bounding box : [573052.0, 573864.0] x [6276828.0, 6277678.0]
2026-01-29 16:35:29,016 :: INFO ::  Optimal terrain tile size: 610x610 pixels
2026-01-29 16:35:29,232 :: INFO ::  The conf that has been chosen regarding the world classification map is census_sgm_urban
2026-01-29 16:35:29,419 :: INFO ::  The AbstractDenseMatching(custom) application will be used
2026-01-29 16:35:29,475 :: INFO ::  Compute disparity: number tiles: 1
2026-01-29 16:35:29,476 :: INFO ::  Disparity holes filling was not activated
2026-01-29 16:35:30,694 :: INFO ::  DSM output image size: 2487x2510 pixels
2026-01-29 16:35:31,298 :: INFO ::  Number of tiles in cloud rasterization: row: 1 col: 1
2026-01-29 16:35:31,304 :: INFO ::  Compute delayed ...
2026-01-29 16:35:31,305 :: INFO ::  Wait for futures results ...
2026-01-29 16:35:31,305 :: PROGRESS ::  Data list to process: [ dsm_weights , dsm , texture ] ...
2026-01-29 16:35:44,217 :: INFO ::  Close files ...
2026-01-29 16:35:44,752 :: INFO ::  Compute delayed ...
2026-01-29 16:35:44,752 :: INFO ::  No Object to compute
2026-01-29 16:35:44,948 :: INFO ::  Close cluster ...
2026-01-29 16:35:44,948 :: INFO ::  Save profiling plots ...
2026-01-29 16:35:47,251 :: INFO ::  Clean removing thread pool ...
2026-01-29 16:35:47,252 :: INFO ::  Clean tmp directory ...
2026-01-29 16:35:47,252 :: INFO ::  Clean shared directory ...
