2026-01-27 16:13:49,809 :: PROGRESS ::  Starting surface modeling pipeline for resolution 1/4
2026-01-27 16:13:49,809 :: INFO ::  The AbstractCluster multiprocessing will be used
2026-01-27 16:13:50,212 :: INFO ::  Close cluster ...
2026-01-27 16:13:50,223 :: INFO ::  The default altitude will be used as reference altitude.
2026-01-27 16:13:50,232 :: INFO ::  No orchestrator configuration given:  multiprocessing mode is used
2026-01-27 16:13:50,232 :: INFO ::  The AbstractCluster multiprocessing will be used
2026-01-27 16:13:50,233 :: INFO ::  auto mode : nb_workers will be set automatically
2026-01-27 16:13:50,293 :: INFO ::  Available CPUs  in SLURM : 1
2026-01-27 16:13:50,293 :: INFO ::  Available RAM  in SLURM : 7168
2026-01-27 16:13:50,293 :: WARNING ::  Only one CPU detected.
2026-01-27 16:13:50,293 :: INFO ::  Number of workers : 1
2026-01-27 16:13:50,293 :: INFO ::  Max memory per worker : 2000 MB
2026-01-27 16:13:50,634 :: INFO ::  Close cluster ...
2026-01-27 16:13:50,646 :: INFO ::  The default altitude will be used as reference altitude.
2026-01-27 16:13:50,647 :: INFO ::  The AbstractGeometry SharelocGeometry plugin will be used
2026-01-27 16:13:50,759 :: INFO ::  The AbstractGeometry SharelocGeometry plugin will be used
2026-01-27 16:13:50,778 :: INFO ::  The AbstractGeometry SharelocGeometry plugin will be used
2026-01-27 16:13:50,778 :: INFO ::  Grid generation method not specified, default  epipolar is used
2026-01-27 16:13:50,778 :: INFO ::  The GridGeneration(epipolar) application will be used
2026-01-27 16:13:50,778 :: INFO ::  Resampling method not specified, default bicubic is used
2026-01-27 16:13:50,778 :: INFO ::  The Resampling(bicubic) application will be used
2026-01-27 16:13:50,779 :: INFO ::  Sparse Matching method not specified, default  sift is used
2026-01-27 16:13:50,779 :: INFO ::  The SparseMatching(sift) application will be used
2026-01-27 16:13:50,779 :: INFO ::  The AbstractGeometry SharelocGeometry plugin will be used
2026-01-27 16:13:50,852 :: INFO ::  The AbstractGeometry SharelocGeometry plugin will be used
2026-01-27 16:13:50,870 :: INFO ::  The AbstractGeometry SharelocGeometry plugin will be used
2026-01-27 16:13:50,870 :: INFO ::  The resolution of the output DSM will be 2.0 meters. 
2026-01-27 16:13:50,871 :: INFO ::  Grid generation method not specified, default  epipolar is used
2026-01-27 16:13:50,871 :: INFO ::  The GridGeneration(epipolar) application will be used
2026-01-27 16:13:50,871 :: INFO ::  Grid correction method not specified, default  default is used
2026-01-27 16:13:50,871 :: INFO ::  The GridCorrection(default) application will be used
2026-01-27 16:13:50,871 :: INFO ::  Resampling method not specified, default bicubic is used
2026-01-27 16:13:50,871 :: INFO ::  The Resampling(bicubic) application will be used
2026-01-27 16:13:50,871 :: INFO ::  dense_match_filling method not specified, default zero_padding is used
2026-01-27 16:13:50,871 :: INFO ::  The DenseMatchFilling(zero_padding) application will be used
2026-01-27 16:13:50,871 :: INFO ::  Dense Matching method not specified, default census_sgm_default is used
2026-01-27 16:13:50,872 :: INFO ::  The AbstractDenseMatching(census_sgm_default) application will be used
2026-01-27 16:13:50,926 :: INFO ::  The Triangulation(line_of_sight_intersection) application will be used
2026-01-27 16:13:50,926 :: INFO ::  MntGeneration method not specified, default bulldozer_on_raster is used
2026-01-27 16:13:50,926 :: INFO ::  The DemGeneration bulldozer_on_raster application will be used
2026-01-27 16:13:50,927 :: INFO ::  The PointCloudOutlierRemoval(small_components) application will be used
2026-01-27 16:13:50,927 :: INFO ::  The PointCloudOutlierRemoval(statistical) application will be used
2026-01-27 16:13:50,927 :: INFO ::  2 point cloud outlier removal apps registered:
 - point_cloud_outlier_removal.1=small_components
 - point_cloud_outlier_removal.2=statistical
2026-01-27 16:13:50,927 :: INFO ::  Rasterisation method not specified, default simple_gaussian is used
2026-01-27 16:13:50,927 :: INFO ::  The PointCloudRasterization(simple_gaussian) application will be used
2026-01-27 16:13:50,997 :: INFO ::  The AbstractCluster multiprocessing will be used
2026-01-27 16:13:51,802 :: INFO ::  Received 1 stereo pairs configurations
2026-01-27 16:13:52,032 :: INFO ::  Generation of DEM min
2026-01-27 16:13:52,076 :: INFO ::  Generation of DEM max
2026-01-27 16:13:52,117 :: INFO ::  Generation of DEM median
2026-01-27 16:13:52,366 :: INFO ::  Launch Bulldozer on DEM min
2026-01-27 16:13:52,396 :: WARNING ::  The following input parameters are ignored: memory_mode. 
Please refer to the documentation for the list of valid parameters.
2026-01-27 16:13:52,398 :: INFO ::  Raw regular mask processing...
2026-01-27 16:13:52,399 :: INFO ::  Regular mask processing...
2026-01-27 16:13:52,401 :: INFO ::  detect_regular_areas: Done (Runtime: 0.0s)
2026-01-27 16:13:52,401 :: INFO ::  Horizontal nodata mask processing...
2026-01-27 16:13:52,402 :: INFO ::  Vertical nodata mask processing...
2026-01-27 16:13:52,406 :: INFO ::  Build Inner NoData Mask
2026-01-27 16:13:52,409 :: INFO ::  detect_border_nodata: Done (Runtime: 0.01s)
2026-01-27 16:13:52,409 :: INFO ::  Iterative filling DSM level 0
2026-01-27 16:13:52,410 :: INFO ::  fill_dsm: Done (Runtime: 0.0s)
2026-01-27 16:13:52,410 :: INFO ::  Main pass of a drape cloth filter: Starting...
2026-01-27 16:13:52,478 :: INFO ::  drape_cloth: Done (Runtime: 0.07s)
2026-01-27 16:13:52,478 :: INFO ::  Main pass of a drape cloth filter: Done.
2026-01-27 16:13:52,478 :: INFO ::  Pits removal: Starting.
2026-01-27 16:13:52,478 :: INFO ::  Pits removal processing...
2026-01-27 16:13:52,486 :: INFO ::  run: Done (Runtime: 0.01s)
2026-01-27 16:13:52,486 :: INFO ::  Pits removal: Done.
2026-01-27 16:13:52,486 :: INFO ::  Applying border no data: Starting...
2026-01-27 16:13:52,486 :: INFO ::  Applying border no data: Done...
2026-01-27 16:13:52,491 :: INFO ::  Generating DHM: Starting...
2026-01-27 16:13:52,491 :: INFO ::  Applying border no data to DHM: Starting...
2026-01-27 16:13:52,491 :: INFO ::  Applying border no data to DHM: Done...
2026-01-27 16:13:52,495 :: INFO ::  Generating DHM: Done.
2026-01-27 16:13:52,495 :: INFO ::  dsm_to_dtm: Done (Runtime: 0.11s)
2026-01-27 16:13:52,507 :: INFO ::  Launch Bulldozer on DEM max
2026-01-27 16:13:52,514 :: WARNING ::  The following input parameters are ignored: memory_mode. 
Please refer to the documentation for the list of valid parameters.
2026-01-27 16:13:52,520 :: INFO ::  Raw regular mask processing...
2026-01-27 16:13:52,522 :: INFO ::  Regular mask processing...
2026-01-27 16:13:52,524 :: INFO ::  detect_regular_areas: Done (Runtime: 0.0s)
2026-01-27 16:13:52,525 :: INFO ::  Horizontal nodata mask processing...
2026-01-27 16:13:52,526 :: INFO ::  Vertical nodata mask processing...
2026-01-27 16:13:52,530 :: INFO ::  Build Inner NoData Mask
2026-01-27 16:13:52,533 :: INFO ::  detect_border_nodata: Done (Runtime: 0.01s)
2026-01-27 16:13:52,534 :: INFO ::  Iterative filling DSM level 0
2026-01-27 16:13:52,536 :: INFO ::  Iterative filling DSM level 1
2026-01-27 16:13:52,539 :: INFO ::  fill_dsm: Done (Runtime: 0.01s)
2026-01-27 16:13:52,540 :: INFO ::  Main pass of a drape cloth filter: Starting...
2026-01-27 16:13:52,613 :: INFO ::  drape_cloth: Done (Runtime: 0.07s)
2026-01-27 16:13:52,614 :: INFO ::  Main pass of a drape cloth filter: Done.
2026-01-27 16:13:52,615 :: INFO ::  Pits removal: Starting.
2026-01-27 16:13:52,615 :: INFO ::  Pits removal processing...
2026-01-27 16:13:52,633 :: INFO ::  run: Done (Runtime: 0.02s)
2026-01-27 16:13:52,634 :: INFO ::  Pits removal: Done.
2026-01-27 16:13:52,634 :: INFO ::  Applying border no data: Starting...
2026-01-27 16:13:52,635 :: INFO ::  Applying border no data: Done...
2026-01-27 16:13:52,638 :: INFO ::  Generating DHM: Starting...
2026-01-27 16:13:52,638 :: INFO ::  Applying border no data to DHM: Starting...
2026-01-27 16:13:52,639 :: INFO ::  Applying border no data to DHM: Done...
2026-01-27 16:13:52,642 :: INFO ::  Generating DHM: Done.
2026-01-27 16:13:52,643 :: INFO ::  dsm_to_dtm: Done (Runtime: 0.13s)
2026-01-27 16:13:52,656 :: INFO ::  Statistics of difference between subsampled DSM and DEM min (in meters)
2026-01-27 16:13:52,658 :: INFO ::  | Min    | Median | p90    | p95    | p99    | Max    |
2026-01-27 16:13:52,658 :: INFO ::  |  77.83 |  88.02 | 147.50 | 150.39 | 155.21 | 156.44 |
2026-01-27 16:13:52,658 :: INFO ::  Statistics of difference between DEM max and subsampled DSM (in meters)
2026-01-27 16:13:52,660 :: INFO ::  | Min    | Median | p90    | p95    | p99    | Max    |
2026-01-27 16:13:52,660 :: INFO ::  | -155.21 |  83.98 |  88.35 |  89.78 |  93.14 | 109.11 |
2026-01-27 16:13:52,660 :: INFO ::  Statistics of difference between DEM max and DEM min (in meters)
2026-01-27 16:13:52,663 :: INFO ::  | Min    | Median | p90    | p95    | p99    | Max    |
2026-01-27 16:13:52,663 :: INFO ::  |   0.00 | 169.37 | 178.12 | 186.08 | 206.80 | 237.55 |
2026-01-27 16:13:52,865 :: INFO ::  The AbstractGeometry SharelocGeometry plugin will be used
2026-01-27 16:13:52,938 :: INFO ::  The AbstractGeometry SharelocGeometry plugin will be used
2026-01-27 16:13:52,958 :: INFO ::  The AbstractGeometry SharelocGeometry plugin will be used
2026-01-27 16:13:52,959 :: INFO ::  Median value of DEM (140.0584716796875) will be used as default_alt
2026-01-27 16:13:53,116 :: INFO ::  DEM bounds : 1.4017838072317235, 43.60627099337178, 1.4653129599780437, 43.56014708795322
2026-01-27 16:13:53,116 :: INFO ::  ROI bounds : 1.3856003737831069, 43.518539973278855, 1.499328147296733, 43.62808242648023
2026-01-27 16:13:53,180 :: INFO ::  Left satellite acquisition angles: Azimuth angle: 151.1 degrees, Elevation angle: 72.1 degrees
2026-01-27 16:13:53,181 :: INFO ::  Right satellite acquisition angles: Azimuth angle: 111.4 degrees, Elevation angle: 77.7 degrees
2026-01-27 16:13:53,181 :: INFO ::  Stereo satellite convergence angle from ground: 11.4 degrees
2026-01-27 16:13:53,181 :: INFO ::  Generating epipolar rectification grid ...
2026-01-27 16:13:53,226 :: INFO ::  Size of epipolar images: 448x448 pixels
2026-01-27 16:13:53,226 :: INFO ::  Disparity to altitude factor: 10.203214451250048 m/pixel
2026-01-27 16:13:53,344 :: INFO ::  The AbstractCluster multiprocessing will be used
2026-01-27 16:13:53,749 :: INFO ::  Close cluster ...
2026-01-27 16:13:53,761 :: INFO ::  The AbstractGeometry SharelocGeometry plugin will be used
2026-01-27 16:13:53,835 :: INFO ::  The AbstractGeometry SharelocGeometry plugin will be used
2026-01-27 16:13:53,854 :: INFO ::  The AbstractGeometry SharelocGeometry plugin will be used
2026-01-27 16:13:53,855 :: INFO ::  Median value of DEM (140.0584716796875) will be used as default_alt
2026-01-27 16:13:54,016 :: INFO ::  DEM bounds : 1.4017838072317235, 43.60627099337178, 1.4653129599780437, 43.56014708795322
2026-01-27 16:13:54,016 :: INFO ::  ROI bounds : 1.3856003737831069, 43.518539973278855, 1.499328147296733, 43.62808242648023
2026-01-27 16:13:54,037 :: INFO ::  The GridGeneration(epipolar) application will be used
2026-01-27 16:13:54,037 :: INFO ::  The Resampling(bicubic) application will be used
2026-01-27 16:13:54,037 :: INFO ::  The SparseMatching(sift) application will be used
2026-01-27 16:13:54,445 :: INFO ::  Compute delayed ...
2026-01-27 16:13:54,458 :: INFO ::  Wait for futures results ...
2026-01-27 16:13:54,458 :: PROGRESS ::  Data list to process: [ disp_min_grid , disp_max_grid , global infos ] ...
2026-01-27 16:13:55,008 :: INFO ::  Close files ...
2026-01-27 16:13:55,735 :: INFO ::  Global Disparity range for current pair:  [-9.557 pix., 9.616 pix.] (or [-97.513 m., 98.110 m.])
2026-01-27 16:13:55,735 :: INFO ::  Global disparity range for sparse matching : [-10.0 pix, 10.0 pix]
2026-01-27 16:13:55,735 :: INFO ::  Size of epipolar image: [0, 0, 448, 448]
2026-01-27 16:13:55,735 :: INFO ::  Tile size for epipolar regions: 5000x60 pixels
2026-01-27 16:13:55,735 :: INFO ::  Epipolar image will be processed in 8 splits
2026-01-27 16:13:55,949 :: INFO ::  Number of tiles in epipolar resampling: row: 8 col: 1
2026-01-27 16:13:56,359 :: INFO ::  Number of left epipolar image tiles outside left sensor image and removed: 0
2026-01-27 16:13:56,359 :: INFO ::  Number of right epipolar image tiles outside right sensor image and removed: 0
2026-01-27 16:13:56,367 :: INFO ::  Generate disparity: Number tiles: 8
2026-01-27 16:13:56,370 :: INFO ::  Compute delayed ...
2026-01-27 16:13:56,370 :: INFO ::  Wait for futures results ...
2026-01-27 16:13:56,371 :: PROGRESS ::  Data list to process: [ epi_matches_left ] ...
2026-01-27 16:14:00,639 :: INFO ::  Close files ...
2026-01-27 16:14:00,792 :: INFO ::  Raw number of matches found: 240 matches
2026-01-27 16:14:00,793 :: INFO ::  Writing raw matches file
2026-01-27 16:14:00,796 :: INFO ::  1 matches discarded because their epipolar error is greater than --epipolar_error_upper_bound = 10.0 pix considering a shift of -0.13295745849609375 pix
2026-01-27 16:14:00,797 :: INFO ::  Writing filtered matches file
2026-01-27 16:14:00,798 :: INFO ::  Number of matches kept for epipolar error correction: 239 matches
2026-01-27 16:14:00,811 :: INFO ::  Epipolar error after correction: mean = 0.000 pix., standard deviation = 0.741 pix., max = 7.158 pix.
2026-01-27 16:14:01,201 :: INFO ::  Global disparity interval without margin : [-3.75 pix, 3.23 pix]
2026-01-27 16:14:01,201 :: INFO ::  Global disparity interval with margin : [-101.76 pix, 52.24 pix]
2026-01-27 16:14:01,623 :: INFO ::  Compute delayed ...
2026-01-27 16:14:01,636 :: INFO ::  Wait for futures results ...
2026-01-27 16:14:01,636 :: PROGRESS ::  Data list to process: [ disp_min_grid , disp_max_grid , global infos ] ...
2026-01-27 16:14:02,038 :: INFO ::  Close files ...
2026-01-27 16:14:02,857 :: INFO ::  Global Disparity range for current pair:  [-9.557 pix., 9.616 pix.] (or [-97.512 m., 98.111 m.])
2026-01-27 16:14:03,056 :: INFO ::  Size of epipolar image: [0, 0, 448, 448]
2026-01-27 16:14:03,056 :: INFO ::  Tile size for epipolar regions: 1000x1000 pixels
2026-01-27 16:14:03,056 :: INFO ::  Epipolar image will be processed in 1 splits
2026-01-27 16:14:03,258 :: INFO ::  Number of tiles in epipolar resampling: row: 1 col: 1
2026-01-27 16:14:03,668 :: INFO ::  Number of left epipolar image tiles outside left sensor image and removed: 0
2026-01-27 16:14:03,668 :: INFO ::  Number of right epipolar image tiles outside right sensor image and removed: 0
2026-01-27 16:14:03,686 :: INFO ::  Computing images envelopes and their intersection
2026-01-27 16:14:04,089 :: INFO ::  Terrain area covered: 1485719.7780581915 square meters (or square degrees)
2026-01-27 16:14:04,098 :: INFO ::  Terrain bounding box : [573052.0, 573864.0] x [6276828.0, 6277678.0]
2026-01-27 16:14:04,286 :: INFO ::  Total terrain bounding box : [573052.0, 573864.0] x [6276828.0, 6277678.0]
2026-01-27 16:14:04,286 :: INFO ::  Optimal terrain tile size: 610x610 pixels
2026-01-27 16:14:04,495 :: INFO ::  The conf that has been chosen regarding the world classification map is census_sgm_urban
2026-01-27 16:14:04,688 :: INFO ::  The AbstractDenseMatching(custom) application will be used
2026-01-27 16:14:04,746 :: INFO ::  Compute disparity: number tiles: 1
2026-01-27 16:14:04,751 :: INFO ::  Disparity holes filling was not activated
2026-01-27 16:14:05,967 :: INFO ::  DSM output image size: 2487x2510 pixels
2026-01-27 16:14:06,571 :: INFO ::  Number of tiles in cloud rasterization: row: 1 col: 1
2026-01-27 16:14:06,576 :: INFO ::  Compute delayed ...
2026-01-27 16:14:06,577 :: INFO ::  Wait for futures results ...
2026-01-27 16:14:06,577 :: PROGRESS ::  Data list to process: [ dsm , dsm_weights , texture ] ...
2026-01-27 16:14:32,902 :: INFO ::  Close files ...
2026-01-27 16:14:33,370 :: INFO ::  Compute delayed ...
2026-01-27 16:14:33,370 :: INFO ::  No Object to compute
2026-01-27 16:14:33,565 :: INFO ::  Close cluster ...
2026-01-27 16:14:33,565 :: INFO ::  Save profiling plots ...
2026-01-27 16:14:37,351 :: INFO ::  Clean removing thread pool ...
2026-01-27 16:14:37,352 :: INFO ::  Clean tmp directory ...
2026-01-27 16:14:37,352 :: INFO ::  Clean shared directory ...
