2026-01-29 16:34:43,796 :: PROGRESS ::  Check configuration...
2026-01-29 16:34:43,796 :: INFO ::  CARS will use its own internal file as geoid reference
2026-01-29 16:34:43,812 :: INFO ::  Max value of classif is {}
2026-01-29 16:34:43,812 :: INFO ::  Classes are [0, 1, 2, 3, 4, 5, 6, 7, 8, 9]
2026-01-29 16:34:43,819 :: INFO ::  Max value of classif is {}
2026-01-29 16:34:43,819 :: INFO ::  Classes are [0, 1, 2, 3, 4, 5, 6, 7, 8, 9]
2026-01-29 16:34:43,823 :: INFO ::  The default altitude will be used as reference altitude.
2026-01-29 16:34:43,825 :: INFO ::  No orchestrator configuration given:  multiprocessing mode is used
2026-01-29 16:34:43,825 :: INFO ::  The AbstractCluster multiprocessing will be used
2026-01-29 16:34:43,827 :: INFO ::  auto mode : nb_workers will be set automatically
2026-01-29 16:34:43,839 :: INFO ::  Available CPUs  in SLURM : 4
2026-01-29 16:34:43,839 :: INFO ::  Available RAM  in SLURM : 28672
2026-01-29 16:34:43,839 :: INFO ::  Number of workers : 3
2026-01-29 16:34:43,839 :: INFO ::  Max memory per worker : 2000 MB
2026-01-29 16:34:44,229 :: INFO ::  Close cluster ...
2026-01-29 16:34:44,239 :: INFO ::  The default altitude will be used as reference altitude.
2026-01-29 16:34:44,240 :: INFO ::  The AbstractCluster multiprocessing will be used
2026-01-29 16:34:44,644 :: INFO ::  Close cluster ...
2026-01-29 16:34:44,644 :: INFO ::  subsampling method not specified, default  rasterio is used
2026-01-29 16:34:44,644 :: INFO ::  The subsampling(rasterio) application will be used
2026-01-29 16:34:44,649 :: INFO ::  subsampling method not specified, default  rasterio is used
2026-01-29 16:34:44,649 :: INFO ::  The subsampling(rasterio) application will be used
2026-01-29 16:34:44,658 :: INFO ::  The default altitude will be used as reference altitude.
2026-01-29 16:34:44,658 :: INFO ::  The AbstractGeometry SharelocGeometry plugin will be used
2026-01-29 16:34:44,731 :: INFO ::  The AbstractGeometry SharelocGeometry plugin will be used
2026-01-29 16:34:44,749 :: INFO ::  The AbstractGeometry SharelocGeometry plugin will be used
2026-01-29 16:34:44,750 :: INFO ::  No orchestrator configuration given:  multiprocessing mode is used
2026-01-29 16:34:44,750 :: INFO ::  The AbstractCluster multiprocessing will be used
2026-01-29 16:34:44,751 :: INFO ::  auto mode : nb_workers will be set automatically
2026-01-29 16:34:44,762 :: INFO ::  Available CPUs  in SLURM : 4
2026-01-29 16:34:44,763 :: INFO ::  Available RAM  in SLURM : 28672
2026-01-29 16:34:44,763 :: INFO ::  Number of workers : 3
2026-01-29 16:34:44,763 :: INFO ::  Max memory per worker : 2000 MB
2026-01-29 16:34:45,153 :: INFO ::  Close cluster ...
2026-01-29 16:34:45,155 :: INFO ::  The DsmFilling exogenous_filling application will be used
2026-01-29 16:34:45,155 :: INFO ::  The DsmFilling bulldozer application will be used
2026-01-29 16:34:45,155 :: INFO ::  The DsmFilling border_interpolation application will be used
2026-01-29 16:34:45,155 :: INFO ::  3 dsm filling apps registered:
 - dsm_filling.1=exogenous_filling
 - dsm_filling.2=bulldozer
 - dsm_filling.3=border_interpolation
2026-01-29 16:34:45,155 :: INFO ::  Auxiliary filling method not specified, default auxiliary_filling_from_sensors is used
2026-01-29 16:34:45,155 :: INFO ::  The AuxiliaryFilling(auxiliary_filling_from_sensors) application will be used
2026-01-29 16:34:45,155 :: INFO ::  MntGeneration method not specified, default bulldozer_on_raster is used
2026-01-29 16:34:45,155 :: INFO ::  The DemGeneration bulldozer_on_raster application will be used
2026-01-29 16:34:45,156 :: INFO ::  The AbstractGeometry SharelocGeometry plugin will be used
2026-01-29 16:34:45,223 :: INFO ::  The AbstractGeometry SharelocGeometry plugin will be used
2026-01-29 16:34:45,242 :: INFO ::  The AbstractGeometry SharelocGeometry plugin will be used
2026-01-29 16:34:45,243 :: INFO ::  0 dsm filling apps registered:

2026-01-29 16:34:45,243 :: INFO ::  Auxiliary filling method not specified, default auxiliary_filling_from_sensors is used
2026-01-29 16:34:45,243 :: INFO ::  The AuxiliaryFilling(auxiliary_filling_from_sensors) application will be used
2026-01-29 16:34:45,243 :: INFO ::  MntGeneration method not specified, default bulldozer_on_raster is used
2026-01-29 16:34:45,243 :: INFO ::  The DemGeneration bulldozer_on_raster application will be used
2026-01-29 16:34:45,246 :: INFO ::  The AbstractCluster multiprocessing will be used
2026-01-29 16:34:45,649 :: INFO ::  Close cluster ...
2026-01-29 16:34:45,658 :: INFO ::  The default altitude will be used as reference altitude.
2026-01-29 16:34:45,659 :: INFO ::  No orchestrator configuration given:  multiprocessing mode is used
2026-01-29 16:34:45,659 :: INFO ::  The AbstractCluster multiprocessing will be used
2026-01-29 16:34:45,659 :: INFO ::  auto mode : nb_workers will be set automatically
2026-01-29 16:34:45,671 :: INFO ::  Available CPUs  in SLURM : 4
2026-01-29 16:34:45,671 :: INFO ::  Available RAM  in SLURM : 28672
2026-01-29 16:34:45,671 :: INFO ::  Number of workers : 3
2026-01-29 16:34:45,671 :: INFO ::  Max memory per worker : 2000 MB
2026-01-29 16:34:46,062 :: INFO ::  Close cluster ...
2026-01-29 16:34:46,071 :: INFO ::  The default altitude will be used as reference altitude.
2026-01-29 16:34:46,073 :: INFO ::  The AbstractGeometry SharelocGeometry plugin will be used
2026-01-29 16:34:46,140 :: INFO ::  The AbstractGeometry SharelocGeometry plugin will be used
2026-01-29 16:34:46,159 :: INFO ::  The AbstractGeometry SharelocGeometry plugin will be used
2026-01-29 16:34:46,159 :: INFO ::  Grid generation method not specified, default  epipolar is used
2026-01-29 16:34:46,160 :: INFO ::  The GridGeneration(epipolar) application will be used
2026-01-29 16:34:46,160 :: INFO ::  Resampling method not specified, default bicubic is used
2026-01-29 16:34:46,160 :: INFO ::  The Resampling(bicubic) application will be used
2026-01-29 16:34:46,160 :: INFO ::  Sparse Matching method not specified, default  sift is used
2026-01-29 16:34:46,160 :: INFO ::  The SparseMatching(sift) application will be used
2026-01-29 16:34:46,161 :: INFO ::  The AbstractGeometry SharelocGeometry plugin will be used
2026-01-29 16:34:46,228 :: INFO ::  The AbstractGeometry SharelocGeometry plugin will be used
2026-01-29 16:34:46,245 :: INFO ::  The AbstractGeometry SharelocGeometry plugin will be used
2026-01-29 16:34:46,245 :: INFO ::  The resolution of the output DSM will be 0.5 meters. 
2026-01-29 16:34:46,246 :: INFO ::  Grid generation method not specified, default  epipolar is used
2026-01-29 16:34:46,246 :: INFO ::  The GridGeneration(epipolar) application will be used
2026-01-29 16:34:46,246 :: INFO ::  Grid correction method not specified, default  default is used
2026-01-29 16:34:46,246 :: INFO ::  The GridCorrection(default) application will be used
2026-01-29 16:34:46,246 :: INFO ::  Resampling method not specified, default bicubic is used
2026-01-29 16:34:46,246 :: INFO ::  The Resampling(bicubic) application will be used
2026-01-29 16:34:46,246 :: INFO ::  dense_match_filling method not specified, default zero_padding is used
2026-01-29 16:34:46,246 :: INFO ::  The DenseMatchFilling(zero_padding) application will be used
2026-01-29 16:34:46,246 :: INFO ::  Dense Matching method not specified, default census_sgm_default is used
2026-01-29 16:34:46,246 :: INFO ::  The AbstractDenseMatching(census_sgm_default) application will be used
2026-01-29 16:34:46,312 :: INFO ::  The Triangulation(line_of_sight_intersection) application will be used
2026-01-29 16:34:46,312 :: INFO ::  MntGeneration method not specified, default bulldozer_on_raster is used
2026-01-29 16:34:46,312 :: INFO ::  The DemGeneration bulldozer_on_raster application will be used
2026-01-29 16:34:46,312 :: INFO ::  The PointCloudOutlierRemoval(small_components) application will be used
2026-01-29 16:34:46,312 :: INFO ::  The PointCloudOutlierRemoval(statistical) application will be used
2026-01-29 16:34:46,313 :: INFO ::  2 point cloud outlier removal apps registered:
 - point_cloud_outlier_removal.1=small_components
 - point_cloud_outlier_removal.2=statistical
2026-01-29 16:34:46,313 :: INFO ::  Rasterisation method not specified, default simple_gaussian is used
2026-01-29 16:34:46,313 :: INFO ::  The PointCloudRasterization(simple_gaussian) application will be used
2026-01-29 16:34:46,369 :: INFO ::  The AbstractCluster multiprocessing will be used
2026-01-29 16:34:46,772 :: INFO ::  Close cluster ...
2026-01-29 16:34:46,782 :: INFO ::  The default altitude will be used as reference altitude.
2026-01-29 16:34:46,782 :: INFO ::  No orchestrator configuration given:  multiprocessing mode is used
2026-01-29 16:34:46,782 :: INFO ::  The AbstractCluster multiprocessing will be used
2026-01-29 16:34:46,783 :: INFO ::  auto mode : nb_workers will be set automatically
2026-01-29 16:34:46,795 :: INFO ::  Available CPUs  in SLURM : 4
2026-01-29 16:34:46,795 :: INFO ::  Available RAM  in SLURM : 28672
2026-01-29 16:34:46,795 :: INFO ::  Number of workers : 3
2026-01-29 16:34:46,795 :: INFO ::  Max memory per worker : 2000 MB
2026-01-29 16:34:47,185 :: INFO ::  Close cluster ...
2026-01-29 16:34:47,231 :: INFO ::  The default altitude will be used as reference altitude.
2026-01-29 16:34:47,233 :: INFO ::  The AbstractGeometry SharelocGeometry plugin will be used
2026-01-29 16:34:47,300 :: INFO ::  The AbstractGeometry SharelocGeometry plugin will be used
2026-01-29 16:34:47,319 :: INFO ::  The AbstractGeometry SharelocGeometry plugin will be used
2026-01-29 16:34:47,319 :: INFO ::  Grid generation method not specified, default  epipolar is used
2026-01-29 16:34:47,319 :: INFO ::  The GridGeneration(epipolar) application will be used
2026-01-29 16:34:47,319 :: INFO ::  Resampling method not specified, default bicubic is used
2026-01-29 16:34:47,319 :: INFO ::  The Resampling(bicubic) application will be used
2026-01-29 16:34:47,319 :: INFO ::  Sparse Matching method not specified, default  sift is used
2026-01-29 16:34:47,319 :: INFO ::  The SparseMatching(sift) application will be used
2026-01-29 16:34:47,320 :: INFO ::  The AbstractGeometry SharelocGeometry plugin will be used
2026-01-29 16:34:47,387 :: INFO ::  The AbstractGeometry SharelocGeometry plugin will be used
2026-01-29 16:34:47,406 :: INFO ::  The AbstractGeometry SharelocGeometry plugin will be used
2026-01-29 16:34:47,406 :: INFO ::  The resolution of the output DSM will be 0.5 meters. 
2026-01-29 16:34:47,406 :: INFO ::  Grid generation method not specified, default  epipolar is used
2026-01-29 16:34:47,406 :: INFO ::  The GridGeneration(epipolar) application will be used
2026-01-29 16:34:47,407 :: INFO ::  Grid correction method not specified, default  default is used
2026-01-29 16:34:47,407 :: INFO ::  The GridCorrection(default) application will be used
2026-01-29 16:34:47,407 :: INFO ::  Resampling method not specified, default bicubic is used
2026-01-29 16:34:47,407 :: INFO ::  The Resampling(bicubic) application will be used
2026-01-29 16:34:47,407 :: INFO ::  dense_match_filling method not specified, default zero_padding is used
2026-01-29 16:34:47,407 :: INFO ::  The DenseMatchFilling(zero_padding) application will be used
2026-01-29 16:34:47,407 :: INFO ::  Dense Matching method not specified, default census_sgm_default is used
2026-01-29 16:34:47,407 :: INFO ::  The AbstractDenseMatching(census_sgm_default) application will be used
2026-01-29 16:34:47,461 :: INFO ::  The Triangulation(line_of_sight_intersection) application will be used
2026-01-29 16:34:47,461 :: INFO ::  MntGeneration method not specified, default bulldozer_on_raster is used
2026-01-29 16:34:47,461 :: INFO ::  The DemGeneration bulldozer_on_raster application will be used
2026-01-29 16:34:47,461 :: INFO ::  The PointCloudOutlierRemoval(small_components) application will be used
2026-01-29 16:34:47,462 :: INFO ::  The PointCloudOutlierRemoval(statistical) application will be used
2026-01-29 16:34:47,462 :: INFO ::  2 point cloud outlier removal apps registered:
 - point_cloud_outlier_removal.1=small_components
 - point_cloud_outlier_removal.2=statistical
2026-01-29 16:34:47,462 :: INFO ::  Rasterisation method not specified, default simple_gaussian is used
2026-01-29 16:34:47,462 :: INFO ::  The PointCloudRasterization(simple_gaussian) application will be used
2026-01-29 16:34:47,519 :: INFO ::  The AbstractCluster multiprocessing will be used
2026-01-29 16:34:47,922 :: INFO ::  Close cluster ...
2026-01-29 16:34:47,960 :: INFO ::  The default altitude will be used as reference altitude.
2026-01-29 16:34:47,960 :: INFO ::  No orchestrator configuration given:  multiprocessing mode is used
2026-01-29 16:34:47,960 :: INFO ::  The AbstractCluster multiprocessing will be used
2026-01-29 16:34:47,960 :: INFO ::  auto mode : nb_workers will be set automatically
2026-01-29 16:34:47,972 :: INFO ::  Available CPUs  in SLURM : 4
2026-01-29 16:34:47,972 :: INFO ::  Available RAM  in SLURM : 28672
2026-01-29 16:34:47,972 :: INFO ::  Number of workers : 3
2026-01-29 16:34:47,972 :: INFO ::  Max memory per worker : 2000 MB
2026-01-29 16:34:48,362 :: INFO ::  Close cluster ...
2026-01-29 16:34:48,372 :: INFO ::  The default altitude will be used as reference altitude.
2026-01-29 16:34:48,374 :: INFO ::  The AbstractGeometry SharelocGeometry plugin will be used
2026-01-29 16:34:48,441 :: INFO ::  The AbstractGeometry SharelocGeometry plugin will be used
2026-01-29 16:34:48,460 :: INFO ::  The AbstractGeometry SharelocGeometry plugin will be used
2026-01-29 16:34:48,461 :: INFO ::  Grid generation method not specified, default  epipolar is used
2026-01-29 16:34:48,461 :: INFO ::  The GridGeneration(epipolar) application will be used
2026-01-29 16:34:48,461 :: INFO ::  Resampling method not specified, default bicubic is used
2026-01-29 16:34:48,461 :: INFO ::  The Resampling(bicubic) application will be used
2026-01-29 16:34:48,461 :: INFO ::  Sparse Matching method not specified, default  sift is used
2026-01-29 16:34:48,461 :: INFO ::  The SparseMatching(sift) application will be used
2026-01-29 16:34:48,462 :: INFO ::  The AbstractGeometry SharelocGeometry plugin will be used
2026-01-29 16:34:48,528 :: INFO ::  The AbstractGeometry SharelocGeometry plugin will be used
2026-01-29 16:34:48,549 :: INFO ::  The AbstractGeometry SharelocGeometry plugin will be used
2026-01-29 16:34:48,549 :: INFO ::  Grid generation method not specified, default  epipolar is used
2026-01-29 16:34:48,549 :: INFO ::  The GridGeneration(epipolar) application will be used
2026-01-29 16:34:48,549 :: INFO ::  Grid correction method not specified, default  default is used
2026-01-29 16:34:48,549 :: INFO ::  The GridCorrection(default) application will be used
2026-01-29 16:34:48,549 :: INFO ::  Resampling method not specified, default bicubic is used
2026-01-29 16:34:48,550 :: INFO ::  The Resampling(bicubic) application will be used
2026-01-29 16:34:48,550 :: INFO ::  The DenseMatchFilling(zero_padding) application will be used
2026-01-29 16:34:48,550 :: INFO ::  Dense Matching method not specified, default census_sgm_default is used
2026-01-29 16:34:48,550 :: INFO ::  The AbstractDenseMatching(census_sgm_default) application will be used
2026-01-29 16:34:48,604 :: INFO ::  The Triangulation(line_of_sight_intersection) application will be used
2026-01-29 16:34:48,604 :: INFO ::  MntGeneration method not specified, default bulldozer_on_raster is used
2026-01-29 16:34:48,604 :: INFO ::  The DemGeneration bulldozer_on_raster application will be used
2026-01-29 16:34:48,604 :: INFO ::  The PointCloudOutlierRemoval(small_components) application will be used
2026-01-29 16:34:48,604 :: INFO ::  The PointCloudOutlierRemoval(statistical) application will be used
2026-01-29 16:34:48,605 :: INFO ::  2 point cloud outlier removal apps registered:
 - point_cloud_outlier_removal.1=small_components
 - point_cloud_outlier_removal.2=statistical
2026-01-29 16:34:48,605 :: INFO ::  Rasterisation method not specified, default simple_gaussian is used
2026-01-29 16:34:48,605 :: INFO ::  The PointCloudRasterization(simple_gaussian) application will be used
2026-01-29 16:34:48,682 :: PROGRESS ::  CARS pipeline is started.
2026-01-29 16:34:48,692 :: INFO ::  The default altitude will be used as reference altitude.
2026-01-29 16:34:48,693 :: INFO ::  The AbstractCluster multiprocessing will be used
2026-01-29 16:34:49,096 :: INFO ::  Close cluster ...
2026-01-29 16:34:49,096 :: INFO ::  subsampling method not specified, default  rasterio is used
2026-01-29 16:34:49,096 :: INFO ::  The subsampling(rasterio) application will be used
2026-01-29 16:34:49,097 :: PROGRESS ::  Starting subsampling pipeline
2026-01-29 16:34:49,097 :: INFO ::  The AbstractCluster multiprocessing will be used
2026-01-29 16:34:54,835 :: INFO ::  Compute delayed ...
2026-01-29 16:34:54,836 :: INFO ::  Wait for futures results ...
2026-01-29 16:34:54,836 :: PROGRESS ::  Data list to process: [ subsampling_classif_res_16 , subsampling_im_res_4 , subsampling_im_res_16 , subsampling_classif_res_4 ] ...
2026-01-29 16:34:55,321 :: INFO ::  Close files ...
2026-01-29 16:34:55,520 :: INFO ::  Close cluster ...
2026-01-29 16:34:55,520 :: INFO ::  Save profiling plots ...
2026-01-29 16:34:58,284 :: INFO ::  Clean removing thread pool ...
2026-01-29 16:34:58,285 :: INFO ::  Clean tmp directory ...
2026-01-29 16:34:58,286 :: INFO ::  Clean shared directory ...
