2026-01-27 16:13:11,149 :: PROGRESS ::  Check configuration...
2026-01-27 16:13:11,149 :: INFO ::  CARS will use its own internal file as geoid reference
2026-01-27 16:13:11,270 :: WARNING ::  Input classif has classes over 10Classification file will be read to determine exact values
2026-01-27 16:13:11,285 :: INFO ::  Classes are [0, 1, 2, 3, 4, 6, 9, 255]
2026-01-27 16:13:11,368 :: INFO ::  Max value of classif is {}
2026-01-27 16:13:11,368 :: INFO ::  Classes are [0, 1, 2, 3, 4, 5, 6, 7, 8, 9]
2026-01-27 16:13:11,401 :: INFO ::  The default altitude will be used as reference altitude.
2026-01-27 16:13:11,404 :: INFO ::  No orchestrator configuration given:  multiprocessing mode is used
2026-01-27 16:13:11,404 :: INFO ::  The AbstractCluster multiprocessing will be used
2026-01-27 16:13:11,405 :: INFO ::  auto mode : nb_workers will be set automatically
2026-01-27 16:13:11,422 :: INFO ::  Available CPUs  in SLURM : 1
2026-01-27 16:13:11,422 :: INFO ::  Available RAM  in SLURM : 7168
2026-01-27 16:13:11,422 :: WARNING ::  Only one CPU detected.
2026-01-27 16:13:11,422 :: INFO ::  Number of workers : 1
2026-01-27 16:13:11,422 :: INFO ::  Max memory per worker : 2000 MB
2026-01-27 16:13:11,807 :: INFO ::  Close cluster ...
2026-01-27 16:13:11,817 :: INFO ::  The default altitude will be used as reference altitude.
2026-01-27 16:13:11,819 :: INFO ::  The AbstractCluster multiprocessing will be used
2026-01-27 16:13:12,221 :: INFO ::  Close cluster ...
2026-01-27 16:13:12,222 :: INFO ::  subsampling method not specified, default  rasterio is used
2026-01-27 16:13:12,222 :: INFO ::  The subsampling(rasterio) application will be used
2026-01-27 16:13:12,223 :: INFO ::  subsampling method not specified, default  rasterio is used
2026-01-27 16:13:12,223 :: INFO ::  The subsampling(rasterio) application will be used
2026-01-27 16:13:12,232 :: INFO ::  The default altitude will be used as reference altitude.
2026-01-27 16:13:12,232 :: INFO ::  The AbstractGeometry SharelocGeometry plugin will be used
2026-01-27 16:13:12,316 :: INFO ::  The AbstractGeometry SharelocGeometry plugin will be used
2026-01-27 16:13:12,334 :: INFO ::  The AbstractGeometry SharelocGeometry plugin will be used
2026-01-27 16:13:12,335 :: INFO ::  No orchestrator configuration given:  multiprocessing mode is used
2026-01-27 16:13:12,335 :: INFO ::  The AbstractCluster multiprocessing will be used
2026-01-27 16:13:12,335 :: INFO ::  auto mode : nb_workers will be set automatically
2026-01-27 16:13:12,348 :: INFO ::  Available CPUs  in SLURM : 1
2026-01-27 16:13:12,348 :: INFO ::  Available RAM  in SLURM : 7168
2026-01-27 16:13:12,348 :: WARNING ::  Only one CPU detected.
2026-01-27 16:13:12,348 :: INFO ::  Number of workers : 1
2026-01-27 16:13:12,348 :: INFO ::  Max memory per worker : 2000 MB
2026-01-27 16:13:12,738 :: INFO ::  Close cluster ...
2026-01-27 16:13:12,739 :: INFO ::  The DsmFilling exogenous_filling application will be used
2026-01-27 16:13:12,739 :: INFO ::  The DsmFilling bulldozer application will be used
2026-01-27 16:13:12,739 :: INFO ::  The DsmFilling border_interpolation application will be used
2026-01-27 16:13:12,739 :: INFO ::  3 dsm filling apps registered:
 - dsm_filling.1=exogenous_filling
 - dsm_filling.2=bulldozer
 - dsm_filling.3=border_interpolation
2026-01-27 16:13:12,739 :: INFO ::  Auxiliary filling method not specified, default auxiliary_filling_from_sensors is used
2026-01-27 16:13:12,739 :: INFO ::  The AuxiliaryFilling(auxiliary_filling_from_sensors) application will be used
2026-01-27 16:13:12,739 :: INFO ::  MntGeneration method not specified, default bulldozer_on_raster is used
2026-01-27 16:13:12,739 :: INFO ::  The DemGeneration bulldozer_on_raster application will be used
2026-01-27 16:13:12,740 :: INFO ::  The AbstractGeometry SharelocGeometry plugin will be used
2026-01-27 16:13:12,811 :: INFO ::  The AbstractGeometry SharelocGeometry plugin will be used
2026-01-27 16:13:12,829 :: INFO ::  The AbstractGeometry SharelocGeometry plugin will be used
2026-01-27 16:13:12,830 :: INFO ::  0 dsm filling apps registered:

2026-01-27 16:13:12,830 :: INFO ::  Auxiliary filling method not specified, default auxiliary_filling_from_sensors is used
2026-01-27 16:13:12,830 :: INFO ::  The AuxiliaryFilling(auxiliary_filling_from_sensors) application will be used
2026-01-27 16:13:12,830 :: INFO ::  MntGeneration method not specified, default bulldozer_on_raster is used
2026-01-27 16:13:12,830 :: INFO ::  The DemGeneration bulldozer_on_raster application will be used
2026-01-27 16:13:12,832 :: INFO ::  The AbstractCluster multiprocessing will be used
2026-01-27 16:13:13,235 :: INFO ::  Close cluster ...
2026-01-27 16:13:13,263 :: INFO ::  The default altitude will be used as reference altitude.
2026-01-27 16:13:13,263 :: INFO ::  No orchestrator configuration given:  multiprocessing mode is used
2026-01-27 16:13:13,263 :: INFO ::  The AbstractCluster multiprocessing will be used
2026-01-27 16:13:13,264 :: INFO ::  auto mode : nb_workers will be set automatically
2026-01-27 16:13:13,283 :: INFO ::  Available CPUs  in SLURM : 1
2026-01-27 16:13:13,283 :: INFO ::  Available RAM  in SLURM : 7168
2026-01-27 16:13:13,284 :: WARNING ::  Only one CPU detected.
2026-01-27 16:13:13,284 :: INFO ::  Number of workers : 1
2026-01-27 16:13:13,284 :: INFO ::  Max memory per worker : 2000 MB
2026-01-27 16:13:13,667 :: INFO ::  Close cluster ...
2026-01-27 16:13:13,677 :: INFO ::  The default altitude will be used as reference altitude.
2026-01-27 16:13:13,678 :: INFO ::  The AbstractGeometry SharelocGeometry plugin will be used
2026-01-27 16:13:13,748 :: INFO ::  The AbstractGeometry SharelocGeometry plugin will be used
2026-01-27 16:13:13,766 :: INFO ::  The AbstractGeometry SharelocGeometry plugin will be used
2026-01-27 16:13:13,766 :: INFO ::  Grid generation method not specified, default  epipolar is used
2026-01-27 16:13:13,766 :: INFO ::  The GridGeneration(epipolar) application will be used
2026-01-27 16:13:13,766 :: INFO ::  Resampling method not specified, default bicubic is used
2026-01-27 16:13:13,766 :: INFO ::  The Resampling(bicubic) application will be used
2026-01-27 16:13:13,766 :: INFO ::  Sparse Matching method not specified, default  sift is used
2026-01-27 16:13:13,766 :: INFO ::  The SparseMatching(sift) application will be used
2026-01-27 16:13:13,768 :: INFO ::  The AbstractGeometry SharelocGeometry plugin will be used
2026-01-27 16:13:13,840 :: INFO ::  The AbstractGeometry SharelocGeometry plugin will be used
2026-01-27 16:13:13,858 :: INFO ::  The AbstractGeometry SharelocGeometry plugin will be used
2026-01-27 16:13:13,858 :: INFO ::  The resolution of the output DSM will be 0.5 meters. 
2026-01-27 16:13:13,859 :: INFO ::  Grid generation method not specified, default  epipolar is used
2026-01-27 16:13:13,859 :: INFO ::  The GridGeneration(epipolar) application will be used
2026-01-27 16:13:13,859 :: INFO ::  Grid correction method not specified, default  default is used
2026-01-27 16:13:13,859 :: INFO ::  The GridCorrection(default) application will be used
2026-01-27 16:13:13,859 :: INFO ::  Resampling method not specified, default bicubic is used
2026-01-27 16:13:13,859 :: INFO ::  The Resampling(bicubic) application will be used
2026-01-27 16:13:13,859 :: INFO ::  dense_match_filling method not specified, default zero_padding is used
2026-01-27 16:13:13,859 :: INFO ::  The DenseMatchFilling(zero_padding) application will be used
2026-01-27 16:13:13,859 :: INFO ::  Dense Matching method not specified, default census_sgm_default is used
2026-01-27 16:13:13,859 :: INFO ::  The AbstractDenseMatching(census_sgm_default) application will be used
2026-01-27 16:13:13,920 :: INFO ::  The Triangulation(line_of_sight_intersection) application will be used
2026-01-27 16:13:13,920 :: INFO ::  MntGeneration method not specified, default bulldozer_on_raster is used
2026-01-27 16:13:13,920 :: INFO ::  The DemGeneration bulldozer_on_raster application will be used
2026-01-27 16:13:13,921 :: INFO ::  The PointCloudOutlierRemoval(small_components) application will be used
2026-01-27 16:13:13,921 :: INFO ::  The PointCloudOutlierRemoval(statistical) application will be used
2026-01-27 16:13:13,921 :: INFO ::  2 point cloud outlier removal apps registered:
 - point_cloud_outlier_removal.1=small_components
 - point_cloud_outlier_removal.2=statistical
2026-01-27 16:13:13,921 :: INFO ::  Rasterisation method not specified, default simple_gaussian is used
2026-01-27 16:13:13,921 :: INFO ::  The PointCloudRasterization(simple_gaussian) application will be used
2026-01-27 16:13:13,978 :: INFO ::  The AbstractCluster multiprocessing will be used
2026-01-27 16:13:14,380 :: INFO ::  Close cluster ...
2026-01-27 16:13:14,390 :: INFO ::  The default altitude will be used as reference altitude.
2026-01-27 16:13:14,390 :: INFO ::  No orchestrator configuration given:  multiprocessing mode is used
2026-01-27 16:13:14,390 :: INFO ::  The AbstractCluster multiprocessing will be used
2026-01-27 16:13:14,392 :: INFO ::  auto mode : nb_workers will be set automatically
2026-01-27 16:13:14,404 :: INFO ::  Available CPUs  in SLURM : 1
2026-01-27 16:13:14,404 :: INFO ::  Available RAM  in SLURM : 7168
2026-01-27 16:13:14,404 :: WARNING ::  Only one CPU detected.
2026-01-27 16:13:14,404 :: INFO ::  Number of workers : 1
2026-01-27 16:13:14,404 :: INFO ::  Max memory per worker : 2000 MB
2026-01-27 16:13:14,802 :: INFO ::  Close cluster ...
2026-01-27 16:13:14,811 :: INFO ::  The default altitude will be used as reference altitude.
2026-01-27 16:13:14,814 :: INFO ::  The AbstractGeometry SharelocGeometry plugin will be used
2026-01-27 16:13:14,884 :: INFO ::  The AbstractGeometry SharelocGeometry plugin will be used
2026-01-27 16:13:14,902 :: INFO ::  The AbstractGeometry SharelocGeometry plugin will be used
2026-01-27 16:13:14,902 :: INFO ::  Grid generation method not specified, default  epipolar is used
2026-01-27 16:13:14,902 :: INFO ::  The GridGeneration(epipolar) application will be used
2026-01-27 16:13:14,902 :: INFO ::  Resampling method not specified, default bicubic is used
2026-01-27 16:13:14,902 :: INFO ::  The Resampling(bicubic) application will be used
2026-01-27 16:13:14,902 :: INFO ::  Sparse Matching method not specified, default  sift is used
2026-01-27 16:13:14,902 :: INFO ::  The SparseMatching(sift) application will be used
2026-01-27 16:13:14,904 :: INFO ::  The AbstractGeometry SharelocGeometry plugin will be used
2026-01-27 16:13:14,973 :: INFO ::  The AbstractGeometry SharelocGeometry plugin will be used
2026-01-27 16:13:14,991 :: INFO ::  The AbstractGeometry SharelocGeometry plugin will be used
2026-01-27 16:13:14,992 :: INFO ::  The resolution of the output DSM will be 0.5 meters. 
2026-01-27 16:13:14,992 :: INFO ::  Grid generation method not specified, default  epipolar is used
2026-01-27 16:13:14,992 :: INFO ::  The GridGeneration(epipolar) application will be used
2026-01-27 16:13:14,992 :: INFO ::  Grid correction method not specified, default  default is used
2026-01-27 16:13:14,992 :: INFO ::  The GridCorrection(default) application will be used
2026-01-27 16:13:14,992 :: INFO ::  Resampling method not specified, default bicubic is used
2026-01-27 16:13:14,992 :: INFO ::  The Resampling(bicubic) application will be used
2026-01-27 16:13:14,992 :: INFO ::  dense_match_filling method not specified, default zero_padding is used
2026-01-27 16:13:14,992 :: INFO ::  The DenseMatchFilling(zero_padding) application will be used
2026-01-27 16:13:14,992 :: INFO ::  Dense Matching method not specified, default census_sgm_default is used
2026-01-27 16:13:14,992 :: INFO ::  The AbstractDenseMatching(census_sgm_default) application will be used
2026-01-27 16:13:15,046 :: INFO ::  The Triangulation(line_of_sight_intersection) application will be used
2026-01-27 16:13:15,046 :: INFO ::  MntGeneration method not specified, default bulldozer_on_raster is used
2026-01-27 16:13:15,046 :: INFO ::  The DemGeneration bulldozer_on_raster application will be used
2026-01-27 16:13:15,047 :: INFO ::  The PointCloudOutlierRemoval(small_components) application will be used
2026-01-27 16:13:15,047 :: INFO ::  The PointCloudOutlierRemoval(statistical) application will be used
2026-01-27 16:13:15,047 :: INFO ::  2 point cloud outlier removal apps registered:
 - point_cloud_outlier_removal.1=small_components
 - point_cloud_outlier_removal.2=statistical
2026-01-27 16:13:15,047 :: INFO ::  Rasterisation method not specified, default simple_gaussian is used
2026-01-27 16:13:15,047 :: INFO ::  The PointCloudRasterization(simple_gaussian) application will be used
2026-01-27 16:13:15,102 :: INFO ::  The AbstractCluster multiprocessing will be used
2026-01-27 16:13:15,505 :: INFO ::  Close cluster ...
2026-01-27 16:13:15,515 :: INFO ::  The default altitude will be used as reference altitude.
2026-01-27 16:13:15,515 :: INFO ::  No orchestrator configuration given:  multiprocessing mode is used
2026-01-27 16:13:15,515 :: INFO ::  The AbstractCluster multiprocessing will be used
2026-01-27 16:13:15,516 :: INFO ::  auto mode : nb_workers will be set automatically
2026-01-27 16:13:15,528 :: INFO ::  Available CPUs  in SLURM : 1
2026-01-27 16:13:15,529 :: INFO ::  Available RAM  in SLURM : 7168
2026-01-27 16:13:15,529 :: WARNING ::  Only one CPU detected.
2026-01-27 16:13:15,529 :: INFO ::  Number of workers : 1
2026-01-27 16:13:15,529 :: INFO ::  Max memory per worker : 2000 MB
2026-01-27 16:13:15,918 :: INFO ::  Close cluster ...
2026-01-27 16:13:15,931 :: INFO ::  The default altitude will be used as reference altitude.
2026-01-27 16:13:15,933 :: INFO ::  The AbstractGeometry SharelocGeometry plugin will be used
2026-01-27 16:13:16,004 :: INFO ::  The AbstractGeometry SharelocGeometry plugin will be used
2026-01-27 16:13:16,023 :: INFO ::  The AbstractGeometry SharelocGeometry plugin will be used
2026-01-27 16:13:16,023 :: INFO ::  Grid generation method not specified, default  epipolar is used
2026-01-27 16:13:16,023 :: INFO ::  The GridGeneration(epipolar) application will be used
2026-01-27 16:13:16,024 :: INFO ::  Resampling method not specified, default bicubic is used
2026-01-27 16:13:16,024 :: INFO ::  The Resampling(bicubic) application will be used
2026-01-27 16:13:16,024 :: INFO ::  Sparse Matching method not specified, default  sift is used
2026-01-27 16:13:16,024 :: INFO ::  The SparseMatching(sift) application will be used
2026-01-27 16:13:16,026 :: INFO ::  The AbstractGeometry SharelocGeometry plugin will be used
2026-01-27 16:13:16,096 :: INFO ::  The AbstractGeometry SharelocGeometry plugin will be used
2026-01-27 16:13:16,114 :: INFO ::  The AbstractGeometry SharelocGeometry plugin will be used
2026-01-27 16:13:16,114 :: INFO ::  Grid generation method not specified, default  epipolar is used
2026-01-27 16:13:16,115 :: INFO ::  The GridGeneration(epipolar) application will be used
2026-01-27 16:13:16,115 :: INFO ::  Grid correction method not specified, default  default is used
2026-01-27 16:13:16,115 :: INFO ::  The GridCorrection(default) application will be used
2026-01-27 16:13:16,115 :: INFO ::  Resampling method not specified, default bicubic is used
2026-01-27 16:13:16,115 :: INFO ::  The Resampling(bicubic) application will be used
2026-01-27 16:13:16,115 :: INFO ::  The DenseMatchFilling(zero_padding) application will be used
2026-01-27 16:13:16,115 :: INFO ::  Dense Matching method not specified, default census_sgm_default is used
2026-01-27 16:13:16,115 :: INFO ::  The AbstractDenseMatching(census_sgm_default) application will be used
2026-01-27 16:13:16,175 :: INFO ::  The Triangulation(line_of_sight_intersection) application will be used
2026-01-27 16:13:16,176 :: INFO ::  MntGeneration method not specified, default bulldozer_on_raster is used
2026-01-27 16:13:16,176 :: INFO ::  The DemGeneration bulldozer_on_raster application will be used
2026-01-27 16:13:16,176 :: INFO ::  The PointCloudOutlierRemoval(small_components) application will be used
2026-01-27 16:13:16,176 :: INFO ::  The PointCloudOutlierRemoval(statistical) application will be used
2026-01-27 16:13:16,176 :: INFO ::  2 point cloud outlier removal apps registered:
 - point_cloud_outlier_removal.1=small_components
 - point_cloud_outlier_removal.2=statistical
2026-01-27 16:13:16,176 :: INFO ::  Rasterisation method not specified, default simple_gaussian is used
2026-01-27 16:13:16,178 :: INFO ::  The PointCloudRasterization(simple_gaussian) application will be used
2026-01-27 16:13:16,256 :: PROGRESS ::  CARS pipeline is started.
2026-01-27 16:13:16,267 :: INFO ::  The default altitude will be used as reference altitude.
2026-01-27 16:13:16,268 :: INFO ::  The AbstractCluster multiprocessing will be used
2026-01-27 16:13:16,671 :: INFO ::  Close cluster ...
2026-01-27 16:13:16,672 :: INFO ::  subsampling method not specified, default  rasterio is used
2026-01-27 16:13:16,672 :: INFO ::  The subsampling(rasterio) application will be used
2026-01-27 16:13:16,672 :: PROGRESS ::  Starting subsampling pipeline
2026-01-27 16:13:16,673 :: INFO ::  The AbstractCluster multiprocessing will be used
2026-01-27 16:13:22,932 :: INFO ::  Compute delayed ...
2026-01-27 16:13:22,933 :: INFO ::  Wait for futures results ...
2026-01-27 16:13:22,933 :: PROGRESS ::  Data list to process: [ subsampling_im_res_16 , subsampling_im_res_4 , subsampling_classif_res_4 , subsampling_classif_res_16 ] ...
2026-01-27 16:13:24,464 :: INFO ::  Close files ...
2026-01-27 16:13:24,571 :: INFO ::  Close cluster ...
2026-01-27 16:13:24,571 :: INFO ::  Save profiling plots ...
2026-01-27 16:13:28,127 :: INFO ::  Clean removing thread pool ...
2026-01-27 16:13:28,128 :: INFO ::  Clean tmp directory ...
2026-01-27 16:13:28,129 :: INFO ::  Clean shared directory ...
