2026-01-27 16:13:49,809 :: PROGRESS ::  Starting surface modeling pipeline for resolution 1/4
2026-01-27 16:13:49,809 :: INFO ::  The AbstractCluster multiprocessing will be used
2026-01-27 16:13:50,011 :: PROFILING_LOG ::  CarsProfiling# %Multiprocessing orchestrator initialization%: %0.0077% s Max ram : %495.357952% MiB Start Ram: %495.357952% MiB, End Ram: %495.357952% MiB,  Max CPU usage: %0%
2026-01-27 16:13:50,212 :: PROFILING_LOG ::  CarsProfiling# %Compute futures%: %0.0004% s Max ram : %495.357952% MiB Start Ram: %495.357952% MiB, End Ram: %495.4112% MiB,  Max CPU usage: %0%
2026-01-27 16:13:50,212 :: INFO ::  Close cluster ...
2026-01-27 16:13:50,223 :: INFO ::  The default altitude will be used as reference altitude.
2026-01-27 16:13:50,232 :: INFO ::  No orchestrator configuration given:  multiprocessing mode is used
2026-01-27 16:13:50,232 :: INFO ::  The AbstractCluster multiprocessing will be used
2026-01-27 16:13:50,233 :: INFO ::  auto mode : nb_workers will be set automatically
2026-01-27 16:13:50,293 :: INFO ::  Available CPUs  in SLURM : 1
2026-01-27 16:13:50,293 :: INFO ::  Available RAM  in SLURM : 7168
2026-01-27 16:13:50,293 :: WARNING ::  Only one CPU detected.
2026-01-27 16:13:50,293 :: INFO ::  Number of workers : 1
2026-01-27 16:13:50,293 :: INFO ::  Max memory per worker : 2000 MB
2026-01-27 16:13:50,433 :: PROFILING_LOG ::  CarsProfiling# %Multiprocessing orchestrator initialization%: %0.0662% s Max ram : %495.652864% MiB Start Ram: %495.497216% MiB, End Ram: %495.652864% MiB,  Max CPU usage: %0%
2026-01-27 16:13:50,634 :: PROFILING_LOG ::  CarsProfiling# %Compute futures%: %0.0003% s Max ram : %495.652864% MiB Start Ram: %495.652864% MiB, End Ram: %495.669248% MiB,  Max CPU usage: %0%
2026-01-27 16:13:50,634 :: INFO ::  Close cluster ...
2026-01-27 16:13:50,646 :: INFO ::  The default altitude will be used as reference altitude.
2026-01-27 16:13:50,647 :: INFO ::  The AbstractGeometry SharelocGeometry plugin will be used
2026-01-27 16:13:50,759 :: INFO ::  The AbstractGeometry SharelocGeometry plugin will be used
2026-01-27 16:13:50,778 :: INFO ::  The AbstractGeometry SharelocGeometry plugin will be used
2026-01-27 16:13:50,778 :: INFO ::  Grid generation method not specified, default  epipolar is used
2026-01-27 16:13:50,778 :: INFO ::  The GridGeneration(epipolar) application will be used
2026-01-27 16:13:50,778 :: INFO ::  Resampling method not specified, default bicubic is used
2026-01-27 16:13:50,778 :: INFO ::  The Resampling(bicubic) application will be used
2026-01-27 16:13:50,779 :: INFO ::  Sparse Matching method not specified, default  sift is used
2026-01-27 16:13:50,779 :: INFO ::  The SparseMatching(sift) application will be used
2026-01-27 16:13:50,779 :: INFO ::  The AbstractGeometry SharelocGeometry plugin will be used
2026-01-27 16:13:50,852 :: INFO ::  The AbstractGeometry SharelocGeometry plugin will be used
2026-01-27 16:13:50,870 :: INFO ::  The AbstractGeometry SharelocGeometry plugin will be used
2026-01-27 16:13:50,870 :: INFO ::  The resolution of the output DSM will be 2.0 meters. 
2026-01-27 16:13:50,871 :: INFO ::  Grid generation method not specified, default  epipolar is used
2026-01-27 16:13:50,871 :: INFO ::  The GridGeneration(epipolar) application will be used
2026-01-27 16:13:50,871 :: INFO ::  Grid correction method not specified, default  default is used
2026-01-27 16:13:50,871 :: INFO ::  The GridCorrection(default) application will be used
2026-01-27 16:13:50,871 :: INFO ::  Resampling method not specified, default bicubic is used
2026-01-27 16:13:50,871 :: INFO ::  The Resampling(bicubic) application will be used
2026-01-27 16:13:50,871 :: INFO ::  dense_match_filling method not specified, default zero_padding is used
2026-01-27 16:13:50,871 :: INFO ::  The DenseMatchFilling(zero_padding) application will be used
2026-01-27 16:13:50,871 :: INFO ::  Dense Matching method not specified, default census_sgm_default is used
2026-01-27 16:13:50,872 :: INFO ::  The AbstractDenseMatching(census_sgm_default) application will be used
2026-01-27 16:13:50,926 :: INFO ::  The Triangulation(line_of_sight_intersection) application will be used
2026-01-27 16:13:50,926 :: INFO ::  MntGeneration method not specified, default bulldozer_on_raster is used
2026-01-27 16:13:50,926 :: INFO ::  The DemGeneration bulldozer_on_raster application will be used
2026-01-27 16:13:50,927 :: INFO ::  The PointCloudOutlierRemoval(small_components) application will be used
2026-01-27 16:13:50,927 :: INFO ::  The PointCloudOutlierRemoval(statistical) application will be used
2026-01-27 16:13:50,927 :: INFO ::  2 point cloud outlier removal apps registered:
 - point_cloud_outlier_removal.1=small_components
 - point_cloud_outlier_removal.2=statistical
2026-01-27 16:13:50,927 :: INFO ::  Rasterisation method not specified, default simple_gaussian is used
2026-01-27 16:13:50,927 :: INFO ::  The PointCloudRasterization(simple_gaussian) application will be used
2026-01-27 16:13:50,997 :: INFO ::  The AbstractCluster multiprocessing will be used
2026-01-27 16:13:51,198 :: PROFILING_LOG ::  CarsProfiling# %Multiprocessing orchestrator initialization%: %0.0295% s Max ram : %497.012736% MiB Start Ram: %497.012736% MiB, End Ram: %497.02912% MiB,  Max CPU usage: %10.0%
2026-01-27 16:13:51,400 :: PROFILING_LOG ::  CarsProfiling# %Compute roi poly%: %0.0004% s Max ram : %497.033216% MiB Start Ram: %497.02912% MiB, End Ram: %497.086464% MiB,  Max CPU usage: %10.0%
2026-01-27 16:13:51,601 :: PROFILING_LOG ::  CarsProfiling# %Load geomodels%: %0.0004% s Max ram : %497.086464% MiB Start Ram: %497.086464% MiB, End Ram: %497.086464% MiB,  Max CPU usage: %0%
2026-01-27 16:13:51,802 :: PROFILING_LOG ::  CarsProfiling# %Generate pairs%: %0.0004% s Max ram : %497.086464% MiB Start Ram: %497.086464% MiB, End Ram: %497.086464% MiB,  Max CPU usage: %0%
2026-01-27 16:13:51,802 :: INFO ::  Received 1 stereo pairs configurations
2026-01-27 16:13:52,032 :: INFO ::  Generation of DEM min
2026-01-27 16:13:52,076 :: INFO ::  Generation of DEM max
2026-01-27 16:13:52,117 :: INFO ::  Generation of DEM median
2026-01-27 16:13:52,366 :: INFO ::  Launch Bulldozer on DEM min
2026-01-27 16:13:52,396 :: WARNING ::  The following input parameters are ignored: memory_mode. 
Please refer to the documentation for the list of valid parameters.
2026-01-27 16:13:52,398 :: INFO ::  Raw regular mask processing...
2026-01-27 16:13:52,399 :: INFO ::  Regular mask processing...
2026-01-27 16:13:52,401 :: INFO ::  detect_regular_areas: Done (Runtime: 0.0s)
2026-01-27 16:13:52,401 :: INFO ::  Horizontal nodata mask processing...
2026-01-27 16:13:52,402 :: INFO ::  Vertical nodata mask processing...
2026-01-27 16:13:52,406 :: INFO ::  Build Inner NoData Mask
2026-01-27 16:13:52,409 :: INFO ::  detect_border_nodata: Done (Runtime: 0.01s)
2026-01-27 16:13:52,409 :: INFO ::  Iterative filling DSM level 0
2026-01-27 16:13:52,410 :: INFO ::  fill_dsm: Done (Runtime: 0.0s)
2026-01-27 16:13:52,410 :: INFO ::  Main pass of a drape cloth filter: Starting...
2026-01-27 16:13:52,478 :: INFO ::  drape_cloth: Done (Runtime: 0.07s)
2026-01-27 16:13:52,478 :: INFO ::  Main pass of a drape cloth filter: Done.
2026-01-27 16:13:52,478 :: INFO ::  Pits removal: Starting.
2026-01-27 16:13:52,478 :: INFO ::  Pits removal processing...
2026-01-27 16:13:52,486 :: INFO ::  run: Done (Runtime: 0.01s)
2026-01-27 16:13:52,486 :: INFO ::  Pits removal: Done.
2026-01-27 16:13:52,486 :: INFO ::  Applying border no data: Starting...
2026-01-27 16:13:52,486 :: INFO ::  Applying border no data: Done...
2026-01-27 16:13:52,491 :: INFO ::  Generating DHM: Starting...
2026-01-27 16:13:52,491 :: INFO ::  Applying border no data to DHM: Starting...
2026-01-27 16:13:52,491 :: INFO ::  Applying border no data to DHM: Done...
2026-01-27 16:13:52,495 :: INFO ::  Generating DHM: Done.
2026-01-27 16:13:52,495 :: INFO ::  dsm_to_dtm: Done (Runtime: 0.11s)
2026-01-27 16:13:52,507 :: INFO ::  Launch Bulldozer on DEM max
2026-01-27 16:13:52,514 :: WARNING ::  The following input parameters are ignored: memory_mode. 
Please refer to the documentation for the list of valid parameters.
2026-01-27 16:13:52,520 :: INFO ::  Raw regular mask processing...
2026-01-27 16:13:52,522 :: INFO ::  Regular mask processing...
2026-01-27 16:13:52,524 :: INFO ::  detect_regular_areas: Done (Runtime: 0.0s)
2026-01-27 16:13:52,525 :: INFO ::  Horizontal nodata mask processing...
2026-01-27 16:13:52,526 :: INFO ::  Vertical nodata mask processing...
2026-01-27 16:13:52,530 :: INFO ::  Build Inner NoData Mask
2026-01-27 16:13:52,533 :: INFO ::  detect_border_nodata: Done (Runtime: 0.01s)
2026-01-27 16:13:52,534 :: INFO ::  Iterative filling DSM level 0
2026-01-27 16:13:52,536 :: INFO ::  Iterative filling DSM level 1
2026-01-27 16:13:52,539 :: INFO ::  fill_dsm: Done (Runtime: 0.01s)
2026-01-27 16:13:52,540 :: INFO ::  Main pass of a drape cloth filter: Starting...
2026-01-27 16:13:52,613 :: INFO ::  drape_cloth: Done (Runtime: 0.07s)
2026-01-27 16:13:52,614 :: INFO ::  Main pass of a drape cloth filter: Done.
2026-01-27 16:13:52,615 :: INFO ::  Pits removal: Starting.
2026-01-27 16:13:52,615 :: INFO ::  Pits removal processing...
2026-01-27 16:13:52,633 :: INFO ::  run: Done (Runtime: 0.02s)
2026-01-27 16:13:52,634 :: INFO ::  Pits removal: Done.
2026-01-27 16:13:52,634 :: INFO ::  Applying border no data: Starting...
2026-01-27 16:13:52,635 :: INFO ::  Applying border no data: Done...
2026-01-27 16:13:52,638 :: INFO ::  Generating DHM: Starting...
2026-01-27 16:13:52,638 :: INFO ::  Applying border no data to DHM: Starting...
2026-01-27 16:13:52,639 :: INFO ::  Applying border no data to DHM: Done...
2026-01-27 16:13:52,642 :: INFO ::  Generating DHM: Done.
2026-01-27 16:13:52,643 :: INFO ::  dsm_to_dtm: Done (Runtime: 0.13s)
2026-01-27 16:13:52,656 :: INFO ::  Statistics of difference between subsampled DSM and DEM min (in meters)
2026-01-27 16:13:52,658 :: INFO ::  | Min    | Median | p90    | p95    | p99    | Max    |
2026-01-27 16:13:52,658 :: INFO ::  |  77.83 |  88.02 | 147.50 | 150.39 | 155.21 | 156.44 |
2026-01-27 16:13:52,658 :: INFO ::  Statistics of difference between DEM max and subsampled DSM (in meters)
2026-01-27 16:13:52,660 :: INFO ::  | Min    | Median | p90    | p95    | p99    | Max    |
2026-01-27 16:13:52,660 :: INFO ::  | -155.21 |  83.98 |  88.35 |  89.78 |  93.14 | 109.11 |
2026-01-27 16:13:52,660 :: INFO ::  Statistics of difference between DEM max and DEM min (in meters)
2026-01-27 16:13:52,663 :: INFO ::  | Min    | Median | p90    | p95    | p99    | Max    |
2026-01-27 16:13:52,663 :: INFO ::  |   0.00 | 169.37 | 178.12 | 186.08 | 206.80 | 237.55 |
2026-01-27 16:13:52,865 :: PROFILING_LOG ::  CarsProfiling# %DEM Generation%: %0.8664% s Max ram : %521.404416% MiB Start Ram: %497.086464% MiB, End Ram: %521.408512% MiB,  Max CPU usage: %93.7%
2026-01-27 16:13:52,865 :: INFO ::  The AbstractGeometry SharelocGeometry plugin will be used
2026-01-27 16:13:52,938 :: INFO ::  The AbstractGeometry SharelocGeometry plugin will be used
2026-01-27 16:13:52,958 :: INFO ::  The AbstractGeometry SharelocGeometry plugin will be used
2026-01-27 16:13:52,959 :: INFO ::  Median value of DEM (140.0584716796875) will be used as default_alt
2026-01-27 16:13:53,116 :: INFO ::  DEM bounds : 1.4017838072317235, 43.60627099337178, 1.4653129599780437, 43.56014708795322
2026-01-27 16:13:53,116 :: INFO ::  ROI bounds : 1.3856003737831069, 43.518539973278855, 1.499328147296733, 43.62808242648023
2026-01-27 16:13:53,180 :: INFO ::  Left satellite acquisition angles: Azimuth angle: 151.1 degrees, Elevation angle: 72.1 degrees
2026-01-27 16:13:53,181 :: INFO ::  Right satellite acquisition angles: Azimuth angle: 111.4 degrees, Elevation angle: 77.7 degrees
2026-01-27 16:13:53,181 :: INFO ::  Stereo satellite convergence angle from ground: 11.4 degrees
2026-01-27 16:13:53,181 :: INFO ::  Generating epipolar rectification grid ...
2026-01-27 16:13:53,226 :: INFO ::  Size of epipolar images: 448x448 pixels
2026-01-27 16:13:53,226 :: INFO ::  Disparity to altitude factor: 10.203214451250048 m/pixel
2026-01-27 16:13:53,344 :: PROFILING_LOG ::  CarsProfiling# %Epi Grid Generation%: %0.0831% s Max ram : %523.280384% MiB Start Ram: %523.087872% MiB, End Ram: %523.280384% MiB,  Max CPU usage: %69.9%
2026-01-27 16:13:53,344 :: INFO ::  The AbstractCluster multiprocessing will be used
2026-01-27 16:13:53,546 :: PROFILING_LOG ::  CarsProfiling# %Multiprocessing orchestrator initialization%: %0.0051% s Max ram : %523.329536% MiB Start Ram: %523.280384% MiB, End Ram: %523.329536% MiB,  Max CPU usage: %0%
2026-01-27 16:13:53,749 :: PROFILING_LOG ::  CarsProfiling# %Compute futures%: %0.0019% s Max ram : %523.329536% MiB Start Ram: %523.329536% MiB, End Ram: %523.370496% MiB,  Max CPU usage: %0%
2026-01-27 16:13:53,749 :: INFO ::  Close cluster ...
2026-01-27 16:13:53,761 :: INFO ::  The AbstractGeometry SharelocGeometry plugin will be used
2026-01-27 16:13:53,835 :: INFO ::  The AbstractGeometry SharelocGeometry plugin will be used
2026-01-27 16:13:53,854 :: INFO ::  The AbstractGeometry SharelocGeometry plugin will be used
2026-01-27 16:13:53,855 :: INFO ::  Median value of DEM (140.0584716796875) will be used as default_alt
2026-01-27 16:13:54,016 :: INFO ::  DEM bounds : 1.4017838072317235, 43.60627099337178, 1.4653129599780437, 43.56014708795322
2026-01-27 16:13:54,016 :: INFO ::  ROI bounds : 1.3856003737831069, 43.518539973278855, 1.499328147296733, 43.62808242648023
2026-01-27 16:13:54,037 :: INFO ::  The GridGeneration(epipolar) application will be used
2026-01-27 16:13:54,037 :: INFO ::  The Resampling(bicubic) application will be used
2026-01-27 16:13:54,037 :: INFO ::  The SparseMatching(sift) application will be used
2026-01-27 16:13:54,240 :: PROFILING_LOG ::  CarsProfiling# %Add to save lists%: %0.0004% s Max ram : %524.419072% MiB Start Ram: %524.419072% MiB, End Ram: %524.47232% MiB,  Max CPU usage: %0%
2026-01-27 16:13:54,442 :: PROFILING_LOG ::  CarsProfiling# %Add to save lists%: %0.0007% s Max ram : %524.47232% MiB Start Ram: %524.47232% MiB, End Ram: %524.47232% MiB,  Max CPU usage: %0%
2026-01-27 16:13:54,445 :: INFO ::  Compute delayed ...
2026-01-27 16:13:54,458 :: INFO ::  Wait for futures results ...
2026-01-27 16:13:54,458 :: PROGRESS ::  Data list to process: [ disp_min_grid , disp_max_grid , global infos ] ...
2026-01-27 16:13:55,008 :: INFO ::  Close files ...
2026-01-27 16:13:55,114 :: PROFILING_LOG ::  CarsProfiling# %Compute futures%: %0.5679% s Max ram : %526.78656% MiB Start Ram: %524.47232% MiB, End Ram: %526.790656% MiB,  Max CPU usage: %91.4%
2026-01-27 16:13:55,314 :: PROFILING_LOG ::  CarsProfiling# %Disp Grid Generation%: %1.0768% s Max ram : %526.790656% MiB Start Ram: %524.169216% MiB, End Ram: %526.790656% MiB,  Max CPU usage: %91.4%
2026-01-27 16:13:55,515 :: PROFILING_LOG ::  CarsProfiling# %Load geomodels%: %0.0004% s Max ram : %526.790656% MiB Start Ram: %526.790656% MiB, End Ram: %526.790656% MiB,  Max CPU usage: %0%
2026-01-27 16:13:55,732 :: PROFILING_LOG ::  CarsProfiling# %Generate pairs%: %0.0004% s Max ram : %526.790656% MiB Start Ram: %526.790656% MiB, End Ram: %526.790656% MiB,  Max CPU usage: %0%
2026-01-27 16:13:55,735 :: INFO ::  Global Disparity range for current pair:  [-9.557 pix., 9.616 pix.] (or [-97.513 m., 98.110 m.])
2026-01-27 16:13:55,735 :: INFO ::  Global disparity range for sparse matching : [-10.0 pix, 10.0 pix]
2026-01-27 16:13:55,735 :: INFO ::  Size of epipolar image: [0, 0, 448, 448]
2026-01-27 16:13:55,735 :: INFO ::  Tile size for epipolar regions: 5000x60 pixels
2026-01-27 16:13:55,735 :: INFO ::  Epipolar image will be processed in 8 splits
2026-01-27 16:13:55,948 :: PROFILING_LOG ::  CarsProfiling# %Grid margins 2 overlaps%: %0.0205% s Max ram : %526.790656% MiB Start Ram: %526.790656% MiB, End Ram: %526.790656% MiB,  Max CPU usage: %10.0%
2026-01-27 16:13:55,949 :: INFO ::  Number of tiles in epipolar resampling: row: 8 col: 1
2026-01-27 16:13:56,150 :: PROFILING_LOG ::  CarsProfiling# %Get paths and bands%: %0.0004% s Max ram : %526.790656% MiB Start Ram: %526.790656% MiB, End Ram: %526.790656% MiB,  Max CPU usage: %0%
2026-01-27 16:13:56,350 :: PROFILING_LOG ::  CarsProfiling# %Get paths and bands%: %0.0004% s Max ram : %526.790656% MiB Start Ram: %526.790656% MiB, End Ram: %526.790656% MiB,  Max CPU usage: %0%
2026-01-27 16:13:56,359 :: INFO ::  Number of left epipolar image tiles outside left sensor image and removed: 0
2026-01-27 16:13:56,359 :: INFO ::  Number of right epipolar image tiles outside right sensor image and removed: 0
2026-01-27 16:13:56,367 :: INFO ::  Generate disparity: Number tiles: 8
2026-01-27 16:13:56,370 :: INFO ::  Compute delayed ...
2026-01-27 16:13:56,370 :: INFO ::  Wait for futures results ...
2026-01-27 16:13:56,371 :: PROGRESS ::  Data list to process: [ epi_matches_left ] ...
2026-01-27 16:14:00,639 :: INFO ::  Close files ...
2026-01-27 16:14:00,786 :: PROFILING_LOG ::  CarsProfiling# %Compute futures%: %4.2719% s Max ram : %527.024128% MiB Start Ram: %526.790656% MiB, End Ram: %527.024128% MiB,  Max CPU usage: %95.0%
2026-01-27 16:14:00,792 :: INFO ::  Raw number of matches found: 240 matches
2026-01-27 16:14:00,793 :: INFO ::  Writing raw matches file
2026-01-27 16:14:00,796 :: INFO ::  1 matches discarded because their epipolar error is greater than --epipolar_error_upper_bound = 10.0 pix considering a shift of -0.13295745849609375 pix
2026-01-27 16:14:00,797 :: INFO ::  Writing filtered matches file
2026-01-27 16:14:00,798 :: INFO ::  Number of matches kept for epipolar error correction: 239 matches
2026-01-27 16:14:00,811 :: INFO ::  Epipolar error after correction: mean = 0.000 pix., standard deviation = 0.741 pix., max = 7.158 pix.
2026-01-27 16:14:01,012 :: PROFILING_LOG ::  CarsProfiling# %Correct grid%: %0.0074% s Max ram : %527.654912% MiB Start Ram: %527.654912% MiB, End Ram: %527.654912% MiB,  Max CPU usage: %0%
2026-01-27 16:14:01,200 :: PROFILING_LOG ::  CarsProfiling# %Epi Grid Generation%: %0.2133% s Max ram : %527.654912% MiB Start Ram: %527.024128% MiB, End Ram: %527.6672% MiB,  Max CPU usage: %10.0%
2026-01-27 16:14:01,201 :: INFO ::  Global disparity interval without margin : [-3.75 pix, 3.23 pix]
2026-01-27 16:14:01,201 :: INFO ::  Global disparity interval with margin : [-101.76 pix, 52.24 pix]
2026-01-27 16:14:01,419 :: PROFILING_LOG ::  CarsProfiling# %Add to save lists%: %0.0004% s Max ram : %527.6672% MiB Start Ram: %527.6672% MiB, End Ram: %527.6672% MiB,  Max CPU usage: %0%
2026-01-27 16:14:01,620 :: PROFILING_LOG ::  CarsProfiling# %Add to save lists%: %0.0004% s Max ram : %527.6672% MiB Start Ram: %527.6672% MiB, End Ram: %527.6672% MiB,  Max CPU usage: %0%
2026-01-27 16:14:01,623 :: INFO ::  Compute delayed ...
2026-01-27 16:14:01,636 :: INFO ::  Wait for futures results ...
2026-01-27 16:14:01,636 :: PROGRESS ::  Data list to process: [ disp_min_grid , disp_max_grid , global infos ] ...
2026-01-27 16:14:02,038 :: INFO ::  Close files ...
2026-01-27 16:14:02,238 :: PROFILING_LOG ::  CarsProfiling# %Compute futures%: %0.4204% s Max ram : %528.42496% MiB Start Ram: %527.6672% MiB, End Ram: %528.42496% MiB,  Max CPU usage: %94.5%
2026-01-27 16:14:02,437 :: PROFILING_LOG ::  CarsProfiling# %Disp Grid Generation%: %1.0232% s Max ram : %528.42496% MiB Start Ram: %527.6672% MiB, End Ram: %528.42496% MiB,  Max CPU usage: %94.8%
2026-01-27 16:14:02,653 :: PROFILING_LOG ::  CarsProfiling# %Compute epipolar roi%: %0.0006% s Max ram : %528.42496% MiB Start Ram: %528.42496% MiB, End Ram: %528.42496% MiB,  Max CPU usage: %0%
2026-01-27 16:14:02,854 :: PROFILING_LOG ::  CarsProfiling# %Optimal size estimation%: %0.0035% s Max ram : %528.42496% MiB Start Ram: %528.42496% MiB, End Ram: %528.42496% MiB,  Max CPU usage: %0%
2026-01-27 16:14:02,857 :: INFO ::  Global Disparity range for current pair:  [-9.557 pix., 9.616 pix.] (or [-97.512 m., 98.111 m.])
2026-01-27 16:14:03,055 :: PROFILING_LOG ::  CarsProfiling# %Get margin fun%: %0.0030% s Max ram : %528.42496% MiB Start Ram: %528.42496% MiB, End Ram: %528.42496% MiB,  Max CPU usage: %10.0%
2026-01-27 16:14:03,056 :: INFO ::  Size of epipolar image: [0, 0, 448, 448]
2026-01-27 16:14:03,056 :: INFO ::  Tile size for epipolar regions: 1000x1000 pixels
2026-01-27 16:14:03,056 :: INFO ::  Epipolar image will be processed in 1 splits
2026-01-27 16:14:03,257 :: PROFILING_LOG ::  CarsProfiling# %Grid margins 2 overlaps%: %0.0019% s Max ram : %528.42496% MiB Start Ram: %528.42496% MiB, End Ram: %528.42496% MiB,  Max CPU usage: %0%
2026-01-27 16:14:03,258 :: INFO ::  Number of tiles in epipolar resampling: row: 1 col: 1
2026-01-27 16:14:03,459 :: PROFILING_LOG ::  CarsProfiling# %Get paths and bands%: %0.0005% s Max ram : %528.42496% MiB Start Ram: %528.42496% MiB, End Ram: %528.42496% MiB,  Max CPU usage: %0%
2026-01-27 16:14:03,660 :: PROFILING_LOG ::  CarsProfiling# %Get paths and bands%: %0.0003% s Max ram : %528.42496% MiB Start Ram: %528.42496% MiB, End Ram: %528.42496% MiB,  Max CPU usage: %0%
2026-01-27 16:14:03,668 :: INFO ::  Number of left epipolar image tiles outside left sensor image and removed: 0
2026-01-27 16:14:03,668 :: INFO ::  Number of right epipolar image tiles outside right sensor image and removed: 0
2026-01-27 16:14:03,686 :: INFO ::  Computing images envelopes and their intersection
2026-01-27 16:14:03,887 :: PROFILING_LOG ::  CarsProfiling# %Ground intersection envelopes%: %0.0826% s Max ram : %528.46592% MiB Start Ram: %528.429056% MiB, End Ram: %528.46592% MiB,  Max CPU usage: %79.9%
2026-01-27 16:14:04,089 :: PROFILING_LOG ::  CarsProfiling# %Compute epipolar grid min max%: %0.0596% s Max ram : %528.470016% MiB Start Ram: %528.46592% MiB, End Ram: %528.470016% MiB,  Max CPU usage: %59.9%
2026-01-27 16:14:04,089 :: INFO ::  Terrain area covered: 1485719.7780581915 square meters (or square degrees)
2026-01-27 16:14:04,098 :: INFO ::  Terrain bounding box : [573052.0, 573864.0] x [6276828.0, 6277678.0]
2026-01-27 16:14:04,286 :: PROFILING_LOG ::  CarsProfiling# %Compute terrain bbox%: %0.4138% s Max ram : %528.470016% MiB Start Ram: %528.429056% MiB, End Ram: %528.470016% MiB,  Max CPU usage: %79.9%
2026-01-27 16:14:04,286 :: INFO ::  Total terrain bounding box : [573052.0, 573864.0] x [6276828.0, 6277678.0]
2026-01-27 16:14:04,286 :: INFO ::  Optimal terrain tile size: 610x610 pixels
2026-01-27 16:14:04,487 :: PROFILING_LOG ::  CarsProfiling# %Compute terrain bounds%: %0.0007% s Max ram : %528.470016% MiB Start Ram: %528.470016% MiB, End Ram: %528.470016% MiB,  Max CPU usage: %0%
2026-01-27 16:14:04,495 :: INFO ::  The conf that has been chosen regarding the world classification map is census_sgm_urban
2026-01-27 16:14:04,688 :: PROFILING_LOG ::  CarsProfiling# %Find auto conf%: %0.0083% s Max ram : %528.474112% MiB Start Ram: %528.474112% MiB, End Ram: %528.474112% MiB,  Max CPU usage: %10.0%
2026-01-27 16:14:04,688 :: INFO ::  The AbstractDenseMatching(custom) application will be used
2026-01-27 16:14:04,746 :: INFO ::  Compute disparity: number tiles: 1
2026-01-27 16:14:04,751 :: INFO ::  Disparity holes filling was not activated
2026-01-27 16:14:04,961 :: PROFILING_LOG ::  CarsProfiling# %Transform disp range grid to two layers%: %0.0006% s Max ram : %528.474112% MiB Start Ram: %528.474112% MiB, End Ram: %528.474112% MiB,  Max CPU usage: %0%
2026-01-27 16:14:05,162 :: PROFILING_LOG ::  CarsProfiling# %Transform four layers to two layers grid%: %0.0004% s Max ram : %528.474112% MiB Start Ram: %528.474112% MiB, End Ram: %528.474112% MiB,  Max CPU usage: %0%
2026-01-27 16:14:05,363 :: PROFILING_LOG ::  CarsProfiling# %Compute epipolar grid min max%: %0.0629% s Max ram : %528.474112% MiB Start Ram: %528.474112% MiB, End Ram: %528.474112% MiB,  Max CPU usage: %69.9%
2026-01-27 16:14:05,564 :: PROFILING_LOG ::  CarsProfiling# %Save triangulation output%: %0.0010% s Max ram : %528.474112% MiB Start Ram: %528.474112% MiB, End Ram: %528.474112% MiB,  Max CPU usage: %0%
2026-01-27 16:14:05,765 :: PROFILING_LOG ::  CarsProfiling# %Fill index%: %0.0004% s Max ram : %528.474112% MiB Start Ram: %528.474112% MiB, End Ram: %528.474112% MiB,  Max CPU usage: %0%
2026-01-27 16:14:05,966 :: PROFILING_LOG ::  CarsProfiling# %Preprocess depth maps%: %0.0004% s Max ram : %528.474112% MiB Start Ram: %528.474112% MiB, End Ram: %528.474112% MiB,  Max CPU usage: %0%
2026-01-27 16:14:05,967 :: INFO ::  DSM output image size: 2487x2510 pixels
2026-01-27 16:14:06,168 :: PROFILING_LOG ::  CarsProfiling# %Add to save lists%: %0.0005% s Max ram : %528.474112% MiB Start Ram: %528.474112% MiB, End Ram: %528.474112% MiB,  Max CPU usage: %10.0%
2026-01-27 16:14:06,369 :: PROFILING_LOG ::  CarsProfiling# %Add to save lists%: %0.0004% s Max ram : %528.474112% MiB Start Ram: %528.474112% MiB, End Ram: %528.474112% MiB,  Max CPU usage: %0%
2026-01-27 16:14:06,570 :: PROFILING_LOG ::  CarsProfiling# %Add to save lists%: %0.0004% s Max ram : %528.474112% MiB Start Ram: %528.474112% MiB, End Ram: %528.474112% MiB,  Max CPU usage: %0%
2026-01-27 16:14:06,571 :: INFO ::  Number of tiles in cloud rasterization: row: 1 col: 1
2026-01-27 16:14:06,576 :: INFO ::  Compute delayed ...
2026-01-27 16:14:06,577 :: INFO ::  Wait for futures results ...
2026-01-27 16:14:06,577 :: PROGRESS ::  Data list to process: [ dsm , dsm_weights , texture ] ...
2026-01-27 16:14:32,902 :: INFO ::  Close files ...
2026-01-27 16:14:33,145 :: PROFILING_LOG ::  CarsProfiling# %Compute futures%: %26.4735% s Max ram : %534.224896% MiB Start Ram: %528.474112% MiB, End Ram: %534.2208% MiB,  Max CPU usage: %99.8%
2026-01-27 16:14:33,364 :: PROFILING_LOG ::  CarsProfiling# %Final cleanup%: %0.0005% s Max ram : %534.2208% MiB Start Ram: %534.2208% MiB, End Ram: %534.2208% MiB,  Max CPU usage: %0%
2026-01-27 16:14:33,370 :: INFO ::  Compute delayed ...
2026-01-27 16:14:33,370 :: INFO ::  No Object to compute
2026-01-27 16:14:33,565 :: PROFILING_LOG ::  CarsProfiling# %Compute futures%: %0.0057% s Max ram : %534.2208% MiB Start Ram: %534.2208% MiB, End Ram: %534.2208% MiB,  Max CPU usage: %0%
2026-01-27 16:14:33,565 :: INFO ::  Close cluster ...
2026-01-27 16:14:33,565 :: INFO ::  Save profiling plots ...
2026-01-27 16:14:37,351 :: INFO ::  Clean removing thread pool ...
2026-01-27 16:14:37,352 :: INFO ::  Clean tmp directory ...
2026-01-27 16:14:37,352 :: INFO ::  Clean shared directory ...
2026-01-27 16:14:37,475 :: PROFILING_LOG ::  CarsProfiling# %run_surface_modeling_pipeline%: %46.3931% s Max ram : %539.77088% MiB Start Ram: %497.012736% MiB, End Ram: %539.774976% MiB,  Max CPU usage: %93.4%
2026-01-27 16:14:37,476 :: PROFILING_LOG ::  
 
 
 ---------------------------------------- SUMMARY PROFILLING  ---------------------------------------- 
 
 

2026-01-27 16:14:37,478 :: PROFILING_LOG ::  Task generate_disp_range_from_dem_wrapper ran 2 times, with mean time 0.1428 sec, total time: 0.2856 sec, Max cpu: 55.2 % max ram in process during task: 384.090112 MiB, max ram - start ram: 8.95385600000003,   end - start ram : 7.118848000000014
2026-01-27 16:14:37,478 :: PROFILING_LOG ::  Task generate_epipolar_images_wrapper ran 4 times, with mean time 0.143 sec, total time: 0.572 sec, Max cpu: 69.9 % max ram in process during task: 398.69235199999997 MiB, max ram - start ram: 35.66796799999997,   end - start ram : 35.66796799999997
2026-01-27 16:14:37,479 :: PROFILING_LOG ::  Task compute_matches_wrapper ran 3 times, with mean time 0.9575999999999999 sec, total time: 2.8728 sec, Max cpu: 55.2 % max ram in process during task: 397.32019199999996 MiB, max ram - start ram: 18.223104000000035,   end - start ram : 4.079616000000044
2026-01-27 16:14:37,480 :: PROFILING_LOG ::  Task compute_disparity_wrapper ran 1 times, with mean time 6.4826 sec, total time: 6.4826 sec, Max cpu: 66.6 % max ram in process during task: 520.192 MiB, max ram - start ram: 90.23078400000003,   end - start ram : 90.22668800000002
2026-01-27 16:14:37,481 :: PROFILING_LOG ::  Task triangulation_wrapper ran 1 times, with mean time 17.4133 sec, total time: 17.4133 sec, Max cpu: 67.4 % max ram in process during task: 734.683136 MiB, max ram - start ram: 214.49113599999998,   end - start ram : 53.22752000000003
2026-01-27 16:14:37,481 :: PROFILING_LOG ::  Task epipolar_small_component_removal_wrapper ran 1 times, with mean time 0.2933 sec, total time: 0.2933 sec, Max cpu: 53.9 % max ram in process during task: 573.526016 MiB, max ram - start ram: 0.10649599999999282,   end - start ram : 0.10649599999999282
2026-01-27 16:14:37,482 :: PROFILING_LOG ::  Task epipolar_statistical_removal_wrapper ran 1 times, with mean time 0.389 sec, total time: 0.389 sec, Max cpu: 49.0 % max ram in process during task: 573.530112 MiB, max ram - start ram: 0.004096000000004096,   end - start ram : 0.004096000000004096
2026-01-27 16:14:37,483 :: PROFILING_LOG ::  Task rasterization_wrapper ran 1 times, with mean time 0.3873 sec, total time: 0.3873 sec, Max cpu: 33.1 % max ram in process during task: 573.530112 MiB, max ram - start ram: 0.0,   end - start ram : -44.62182400000006
2026-01-27 16:14:37,484 :: PROFILING_LOG ::  Task Multiprocessing orchestrator initialization ran 4 times, with mean time 0.027124999999999996 sec, total time: 0.10849999999999999 sec, Max cpu: 10.0 % max ram in process during task: 502.838272 MiB, max ram - start ram: 0.15564800000004197,   end - start ram : 0.15564800000004197
2026-01-27 16:14:37,484 :: PROFILING_LOG ::  Task Compute futures ran 8 times, with mean time 3.96775 sec, total time: 31.742 sec, Max cpu: 99.8 % max ram in process during task: 520.627712 MiB, max ram - start ram: 5.750783999999953,   end - start ram : 5.746688000000063
2026-01-27 16:14:37,485 :: PROFILING_LOG ::  Task Compute roi poly ran 1 times, with mean time 0.0004 sec, total time: 0.0004 sec, Max cpu: 10.0 % max ram in process during task: 497.033216 MiB, max ram - start ram: 0.004096000000004096,   end - start ram : 0.057344000000000506
2026-01-27 16:14:37,486 :: PROFILING_LOG ::  Task Load geomodels ran 2 times, with mean time 0.0004 sec, total time: 0.0008 sec, Max cpu: 0.0 % max ram in process during task: 511.93856 MiB, max ram - start ram: 0.0,   end - start ram : 0.0
2026-01-27 16:14:37,487 :: PROFILING_LOG ::  Task Generate pairs ran 2 times, with mean time 0.0004 sec, total time: 0.0008 sec, Max cpu: 0.0 % max ram in process during task: 511.93856 MiB, max ram - start ram: 0.0,   end - start ram : 0.0
2026-01-27 16:14:37,487 :: PROFILING_LOG ::  Task DEM Generation ran 1 times, with mean time 0.8664 sec, total time: 0.8664 sec, Max cpu: 93.7 % max ram in process during task: 521.404416 MiB, max ram - start ram: 24.31795199999999,   end - start ram : 24.322047999999995
2026-01-27 16:14:37,488 :: PROFILING_LOG ::  Task Epi Grid Generation ran 2 times, with mean time 0.1482 sec, total time: 0.2964 sec, Max cpu: 69.9 % max ram in process during task: 525.467648 MiB, max ram - start ram: 0.6307839999999487,   end - start ram : 0.643071999999961
2026-01-27 16:14:37,489 :: PROFILING_LOG ::  Task Add to save lists ran 7 times, with mean time 0.00045714285714285724 sec, total time: 0.0032000000000000006 sec, Max cpu: 10.0 % max ram in process during task: 527.0925897142856 MiB, max ram - start ram: 0.0,   end - start ram : 0.053247999999939566
2026-01-27 16:14:37,490 :: PROFILING_LOG ::  Task Disp Grid Generation ran 2 times, with mean time 1.05 sec, total time: 2.1 sec, Max cpu: 94.8 % max ram in process during task: 527.607808 MiB, max ram - start ram: 2.621440000000007,   end - start ram : 2.621440000000007
2026-01-27 16:14:37,490 :: PROFILING_LOG ::  Task Grid margins 2 overlaps ran 2 times, with mean time 0.0112 sec, total time: 0.0224 sec, Max cpu: 10.0 % max ram in process during task: 527.607808 MiB, max ram - start ram: 0.0,   end - start ram : 0.0
2026-01-27 16:14:37,491 :: PROFILING_LOG ::  Task Get paths and bands ran 4 times, with mean time 0.00039999999999999996 sec, total time: 0.0015999999999999999 sec, Max cpu: 0.0 % max ram in process during task: 527.607808 MiB, max ram - start ram: 0.0,   end - start ram : 0.0
2026-01-27 16:14:37,492 :: PROFILING_LOG ::  Task Correct grid ran 1 times, with mean time 0.0074 sec, total time: 0.0074 sec, Max cpu: 0.0 % max ram in process during task: 527.654912 MiB, max ram - start ram: 0.0,   end - start ram : 0.0
2026-01-27 16:14:37,492 :: PROFILING_LOG ::  Task Compute epipolar roi ran 1 times, with mean time 0.0006 sec, total time: 0.0006 sec, Max cpu: 0.0 % max ram in process during task: 528.42496 MiB, max ram - start ram: 0.0,   end - start ram : 0.0
2026-01-27 16:14:37,493 :: PROFILING_LOG ::  Task Optimal size estimation ran 1 times, with mean time 0.0035 sec, total time: 0.0035 sec, Max cpu: 0.0 % max ram in process during task: 528.42496 MiB, max ram - start ram: 0.0,   end - start ram : 0.0
2026-01-27 16:14:37,494 :: PROFILING_LOG ::  Task Get margin fun ran 1 times, with mean time 0.003 sec, total time: 0.003 sec, Max cpu: 10.0 % max ram in process during task: 528.42496 MiB, max ram - start ram: 0.0,   end - start ram : 0.0
2026-01-27 16:14:37,495 :: PROFILING_LOG ::  Task Ground intersection envelopes ran 1 times, with mean time 0.0826 sec, total time: 0.0826 sec, Max cpu: 79.9 % max ram in process during task: 528.46592 MiB, max ram - start ram: 0.03686400000003687,   end - start ram : 0.03686400000003687
2026-01-27 16:14:37,495 :: PROFILING_LOG ::  Task Compute epipolar grid min max ran 2 times, with mean time 0.06125 sec, total time: 0.1225 sec, Max cpu: 69.9 % max ram in process during task: 528.472064 MiB, max ram - start ram: 0.004096000000004096,   end - start ram : 0.004096000000004096
2026-01-27 16:14:37,498 :: PROFILING_LOG ::  Task Compute terrain bbox ran 1 times, with mean time 0.4138 sec, total time: 0.4138 sec, Max cpu: 79.9 % max ram in process during task: 528.470016 MiB, max ram - start ram: 0.040960000000040964,   end - start ram : 0.040960000000040964
2026-01-27 16:14:37,498 :: PROFILING_LOG ::  Task Compute terrain bounds ran 1 times, with mean time 0.0007 sec, total time: 0.0007 sec, Max cpu: 0.0 % max ram in process during task: 528.470016 MiB, max ram - start ram: 0.0,   end - start ram : 0.0
2026-01-27 16:14:37,499 :: PROFILING_LOG ::  Task Find auto conf ran 1 times, with mean time 0.0083 sec, total time: 0.0083 sec, Max cpu: 10.0 % max ram in process during task: 528.474112 MiB, max ram - start ram: 0.0,   end - start ram : 0.0
2026-01-27 16:14:37,500 :: PROFILING_LOG ::  Task Transform disp range grid to two layers ran 1 times, with mean time 0.0006 sec, total time: 0.0006 sec, Max cpu: 0.0 % max ram in process during task: 528.474112 MiB, max ram - start ram: 0.0,   end - start ram : 0.0
2026-01-27 16:14:37,501 :: PROFILING_LOG ::  Task Transform four layers to two layers grid ran 1 times, with mean time 0.0004 sec, total time: 0.0004 sec, Max cpu: 0.0 % max ram in process during task: 528.474112 MiB, max ram - start ram: 0.0,   end - start ram : 0.0
2026-01-27 16:14:37,501 :: PROFILING_LOG ::  Task Save triangulation output ran 1 times, with mean time 0.001 sec, total time: 0.001 sec, Max cpu: 0.0 % max ram in process during task: 528.474112 MiB, max ram - start ram: 0.0,   end - start ram : 0.0
2026-01-27 16:14:37,502 :: PROFILING_LOG ::  Task Fill index ran 1 times, with mean time 0.0004 sec, total time: 0.0004 sec, Max cpu: 0.0 % max ram in process during task: 528.474112 MiB, max ram - start ram: 0.0,   end - start ram : 0.0
2026-01-27 16:14:37,503 :: PROFILING_LOG ::  Task Preprocess depth maps ran 1 times, with mean time 0.0004 sec, total time: 0.0004 sec, Max cpu: 0.0 % max ram in process during task: 528.474112 MiB, max ram - start ram: 0.0,   end - start ram : 0.0
2026-01-27 16:14:37,504 :: PROFILING_LOG ::  Task Final cleanup ran 1 times, with mean time 0.0005 sec, total time: 0.0005 sec, Max cpu: 0.0 % max ram in process during task: 534.2208 MiB, max ram - start ram: 0.0,   end - start ram : 0.0
2026-01-27 16:14:37,504 :: PROFILING_LOG ::  Task run_surface_modeling_pipeline ran 1 times, with mean time 46.3931 sec, total time: 46.3931 sec, Max cpu: 93.4 % max ram in process during task: 539.77088 MiB, max ram - start ram: 42.758144000000016,   end - start ram : 42.76224000000002
