2026-07-02 13:51:20,572 :: INFO ::  The default altitude will be used as reference altitude.
2026-07-02 13:51:20,573 :: INFO ::  The AbstractCluster multiprocessing will be used
2026-07-02 13:51:20,976 :: INFO ::  Close cluster ...
2026-07-02 13:51:20,977 :: INFO ::  subsampling method not specified, default  rasterio is used
2026-07-02 13:51:20,977 :: INFO ::  The subsampling(rasterio) application will be used
2026-07-02 13:51:20,978 :: PROGRESS ::  Starting subsampling pipeline
2026-07-02 13:51:20,978 :: INFO ::  The AbstractCluster multiprocessing will be used
2026-07-02 13:51:25,312 :: INFO ::  Registered task subsampling under pipeline Subsampling with weight 1.0 and expected runs 1
2026-07-02 13:51:28,966 :: INFO ::  Compute delayed ...
2026-07-02 13:51:28,967 :: INFO ::  Wait for futures results ...
2026-07-02 13:51:28,967 :: PROGRESS ::  Data list to process: [ subsampling_im_res_4 , subsampling_texture_0_res_4 , subsampling_im_res_16 , subsampling_classif_res_4 , subsampling_classif_res_16 , subsampling_texture_0_res_16 ] ...
2026-07-02 13:51:28,967 :: PROGRESS ::  Started task subsampling in pipeline Subsampling, total: 4
2026-07-02 13:51:28,968 :: INFO ::  Processing 4 tiles: [ subsampling_im_res_4 , subsampling_texture_0_res_4 , subsampling_im_res_16 , subsampling_classif_res_4 , subsampling_classif_res_16 , subsampling_texture_0_res_16 ] ...
2026-07-02 13:51:29,744 :: PROGRESS ::  Data list to process: 20% complete (1/4 tiles) [run 1/1]
2026-07-02 13:51:30,053 :: PROGRESS ::  Data list to process: 50% complete (2/4 tiles) [run 1/1]
2026-07-02 13:51:30,362 :: PROGRESS ::  Data list to process: 70% complete (3/4 tiles) [run 1/1]
2026-07-02 13:51:30,586 :: PROGRESS ::  Data list to process: 100% complete (4/4 tiles) [run 1/1]
2026-07-02 13:51:30,587 :: INFO ::  Close files ...
2026-07-02 13:51:30,695 :: INFO ::  Close cluster ...
2026-07-02 13:51:30,695 :: INFO ::  Save profiling plots ...
2026-07-02 13:51:33,341 :: INFO ::  Clean removing thread pool ...
2026-07-02 13:51:33,342 :: INFO ::  Clean tmp directory ...
2026-07-02 13:51:33,343 :: INFO ::  Clean shared directory ...
