2026-01-29 16:23:27,802 :: PROFILING_LOG :: 22524389647360 :: 3161822 :: CarsProfiling# %generate_disp_range_from_dem_wrapper%: %0.2841% s Max ram : %391.213056% MiB Start Ram: %380.657664% MiB, End Ram: %389.443584% MiB,  Max CPU usage: %69.9%
2026-01-29 16:23:29,407 :: PROFILING_LOG :: 22524389647360 :: 3161822 :: CarsProfiling# %generate_epipolar_images_wrapper%: %0.0978% s Max ram : %393.58464% MiB Start Ram: %379.41248% MiB, End Ram: %393.58464% MiB,  Max CPU usage: %99.9%
2026-01-29 16:23:29,410 :: PROFILING_LOG :: 22524389647360 :: 3161823 :: CarsProfiling# %generate_epipolar_images_wrapper%: %0.0784% s Max ram : %382.533632% MiB Start Ram: %363.905024% MiB, End Ram: %380.706816% MiB,  Max CPU usage: %79.9%
2026-01-29 16:23:29,414 :: PROFILING_LOG :: 22524389647360 :: 3161824 :: CarsProfiling# %generate_epipolar_images_wrapper%: %0.1012% s Max ram : %384.843776% MiB Start Ram: %363.905024% MiB, End Ram: %383.205376% MiB,  Max CPU usage: %99.9%
2026-01-29 16:23:31,112 :: PROFILING_LOG :: 22524389647360 :: 3161823 :: CarsProfiling# %compute_matches_wrapper%: %1.5994% s Max ram : %488.341504% MiB Start Ram: %380.706816% MiB, End Ram: %401.83808% MiB,  Max CPU usage: %99.4%
2026-01-29 16:23:31,318 :: PROFILING_LOG :: 22524389647360 :: 3161823 :: CarsProfiling# %generate_epipolar_images_wrapper%: %0.0932% s Max ram : %401.874944% MiB Start Ram: %401.866752% MiB, End Ram: %401.874944% MiB,  Max CPU usage: %99.9%
2026-01-29 16:23:32,802 :: PROFILING_LOG :: 22524389647360 :: 3161824 :: CarsProfiling# %compute_matches_wrapper%: %3.2853% s Max ram : %485.728256% MiB Start Ram: %383.348736% MiB, End Ram: %402.7392% MiB,  Max CPU usage: %100.1%
2026-01-29 16:23:33,010 :: PROFILING_LOG :: 22524389647360 :: 3161824 :: CarsProfiling# %generate_epipolar_images_wrapper%: %0.0914% s Max ram : %402.808832% MiB Start Ram: %402.767872% MiB, End Ram: %402.808832% MiB,  Max CPU usage: %99.9%
2026-01-29 16:23:33,156 :: PROFILING_LOG :: 22524389647360 :: 3161822 :: CarsProfiling# %compute_matches_wrapper%: %3.6461% s Max ram : %493.580288% MiB Start Ram: %393.58464% MiB, End Ram: %418.627584% MiB,  Max CPU usage: %99.2%
2026-01-29 16:23:33,363 :: PROFILING_LOG :: 22524389647360 :: 3161822 :: CarsProfiling# %generate_epipolar_images_wrapper%: %0.0974% s Max ram : %422.703104% MiB Start Ram: %418.643968% MiB, End Ram: %422.703104% MiB,  Max CPU usage: %89.9%
2026-01-29 16:23:35,229 :: PROFILING_LOG :: 22524389647360 :: 3161823 :: CarsProfiling# %compute_matches_wrapper%: %3.8036% s Max ram : %461.914112% MiB Start Ram: %401.874944% MiB, End Ram: %414.203904% MiB,  Max CPU usage: %126.9%
2026-01-29 16:23:35,435 :: PROFILING_LOG :: 22524389647360 :: 3161823 :: CarsProfiling# %generate_epipolar_images_wrapper%: %0.0941% s Max ram : %414.220288% MiB Start Ram: %414.203904% MiB, End Ram: %414.220288% MiB,  Max CPU usage: %99.9%
2026-01-29 16:23:36,376 :: PROFILING_LOG :: 22524389647360 :: 3161824 :: CarsProfiling# %compute_matches_wrapper%: %3.2641% s Max ram : %487.313408% MiB Start Ram: %402.808832% MiB, End Ram: %408.04352% MiB,  Max CPU usage: %99.0%
2026-01-29 16:23:36,583 :: PROFILING_LOG :: 22524389647360 :: 3161824 :: CarsProfiling# %generate_epipolar_images_wrapper%: %0.0998% s Max ram : %408.059904% MiB Start Ram: %408.04352% MiB, End Ram: %408.059904% MiB,  Max CPU usage: %99.9%
2026-01-29 16:23:36,711 :: PROFILING_LOG :: 22524389647360 :: 3161822 :: CarsProfiling# %compute_matches_wrapper%: %3.2455% s Max ram : %498.388992% MiB Start Ram: %422.703104% MiB, End Ram: %423.723008% MiB,  Max CPU usage: %99.5%
2026-01-29 16:23:36,917 :: PROFILING_LOG :: 22524389647360 :: 3161822 :: CarsProfiling# %generate_epipolar_images_wrapper%: %0.0743% s Max ram : %423.723008% MiB Start Ram: %423.723008% MiB, End Ram: %423.723008% MiB,  Max CPU usage: %79.9%
2026-01-29 16:23:38,717 :: PROFILING_LOG :: 22524389647360 :: 3161823 :: CarsProfiling# %compute_matches_wrapper%: %3.1796% s Max ram : %491.487232% MiB Start Ram: %414.220288% MiB, End Ram: %412.901376% MiB,  Max CPU usage: %99.0%
2026-01-29 16:23:38,925 :: PROFILING_LOG :: 22524389647360 :: 3161823 :: CarsProfiling# %generate_epipolar_images_wrapper%: %0.0329% s Max ram : %412.934144% MiB Start Ram: %412.901376% MiB, End Ram: %412.934144% MiB,  Max CPU usage: %30.0%
2026-01-29 16:23:39,555 :: PROFILING_LOG :: 22524389647360 :: 3161822 :: CarsProfiling# %compute_matches_wrapper%: %2.5358% s Max ram : %497.741824% MiB Start Ram: %423.723008% MiB, End Ram: %418.066432% MiB,  Max CPU usage: %98.8%
2026-01-29 16:23:39,728 :: PROFILING_LOG :: 22524389647360 :: 3161823 :: CarsProfiling# %compute_matches_wrapper%: %0.6056% s Max ram : %429.604864% MiB Start Ram: %412.934144% MiB, End Ram: %429.604864% MiB,  Max CPU usage: %96.4%
2026-01-29 16:23:40,250 :: PROFILING_LOG :: 22524389647360 :: 3161824 :: CarsProfiling# %compute_matches_wrapper%: %3.5450% s Max ram : %455.856128% MiB Start Ram: %408.059904% MiB, End Ram: %407.789568% MiB,  Max CPU usage: %124.3%
2026-01-29 16:23:41,944 :: PROFILING_LOG :: 22524389647360 :: 3161822 :: CarsProfiling# %generate_disp_range_from_dem_wrapper%: %0.2442% s Max ram : %419.36896% MiB Start Ram: %419.36896% MiB, End Ram: %418.463744% MiB,  Max CPU usage: %50.0%
2026-01-29 16:23:48,308 :: PROFILING_LOG :: 22524389647360 :: 3161823 :: CarsProfiling# %generate_epipolar_images_wrapper%: %0.0347% s Max ram : %429.604864% MiB Start Ram: %429.604864% MiB, End Ram: %429.604864% MiB,  Max CPU usage: %30.0%
2026-01-29 16:23:48,316 :: PROFILING_LOG :: 22524389647360 :: 3161824 :: CarsProfiling# %generate_epipolar_images_wrapper%: %0.1044% s Max ram : %416.968704% MiB Start Ram: %407.789568% MiB, End Ram: %416.968704% MiB,  Max CPU usage: %99.7%
2026-01-29 16:23:48,325 :: PROFILING_LOG :: 22524389647360 :: 3161822 :: CarsProfiling# %generate_epipolar_images_wrapper%: %0.0930% s Max ram : %422.653952% MiB Start Ram: %418.463744% MiB, End Ram: %422.653952% MiB,  Max CPU usage: %69.9%
2026-01-29 16:23:48,530 :: PROFILING_LOG :: 22524389647360 :: 3161823 :: CarsProfiling# %generate_epipolar_images_wrapper%: %0.1056% s Max ram : %429.641728% MiB Start Ram: %429.60896% MiB, End Ram: %429.641728% MiB,  Max CPU usage: %103.5%
2026-01-29 16:23:48,777 :: PROFILING_LOG :: 22524389647360 :: 3161824 :: CarsProfiling# %generate_epipolar_images_wrapper%: %0.2233% s Max ram : %443.236352% MiB Start Ram: %416.985088% MiB, End Ram: %443.236352% MiB,  Max CPU usage: %90.7%
2026-01-29 16:23:48,790 :: PROFILING_LOG :: 22524389647360 :: 3161822 :: CarsProfiling# %generate_epipolar_images_wrapper%: %0.3048% s Max ram : %472.768512% MiB Start Ram: %422.653952% MiB, End Ram: %472.768512% MiB,  Max CPU usage: %102.4%
2026-01-29 16:23:50,226 :: PROFILING_LOG :: 22524389647360 :: 3161823 :: CarsProfiling# %compute_disparity_wrapper%: %1.5658% s Max ram : %491.626496% MiB Start Ram: %429.641728% MiB, End Ram: %491.626496% MiB,  Max CPU usage: %109.3%
2026-01-29 16:23:52,600 :: PROFILING_LOG :: 22524389647360 :: 3161823 :: CarsProfiling# %triangulation_wrapper%: %2.2688% s Max ram : %555.630592% MiB Start Ram: %491.626496% MiB, End Ram: %546.193408% MiB,  Max CPU usage: %106.5%
2026-01-29 16:23:52,843 :: PROFILING_LOG :: 22524389647360 :: 3161823 :: CarsProfiling# %epipolar_small_component_removal_wrapper%: %0.0438% s Max ram : %545.9968% MiB Start Ram: %545.226752% MiB, End Ram: %545.9968% MiB,  Max CPU usage: %0%
2026-01-29 16:23:52,932 :: PROFILING_LOG :: 22524389647360 :: 3161822 :: CarsProfiling# %compute_disparity_wrapper%: %3.9976% s Max ram : %614.764544% MiB Start Ram: %472.920064% MiB, End Ram: %527.560704% MiB,  Max CPU usage: %109.5%
2026-01-29 16:23:53,046 :: PROFILING_LOG :: 22524389647360 :: 3161823 :: CarsProfiling# %epipolar_statistical_removal_wrapper%: %0.0105% s Max ram : %545.9968% MiB Start Ram: %545.9968% MiB, End Ram: %545.9968% MiB,  Max CPU usage: %10.0%
2026-01-29 16:23:53,128 :: PROFILING_LOG :: 22524389647360 :: 3161824 :: CarsProfiling# %compute_disparity_wrapper%: %4.1925% s Max ram : %623.69792% MiB Start Ram: %443.326464% MiB, End Ram: %512.98304% MiB,  Max CPU usage: %449.0%
2026-01-29 16:23:53,249 :: PROFILING_LOG :: 22524389647360 :: 3161823 :: CarsProfiling# %rasterization_wrapper%: %0.0349% s Max ram : %546.557952% MiB Start Ram: %545.9968% MiB, End Ram: %546.557952% MiB,  Max CPU usage: %40.0%
2026-01-29 16:23:57,943 :: PROFILING_LOG :: 22524389647360 :: 3161823 :: CarsProfiling# %compute_disparity_wrapper%: %4.5777% s Max ram : %689.692672% MiB Start Ram: %546.557952% MiB, End Ram: %594.415616% MiB,  Max CPU usage: %107.3%
2026-01-29 16:23:58,759 :: PROFILING_LOG :: 22524389647360 :: 3161822 :: CarsProfiling# %triangulation_wrapper%: %5.7227% s Max ram : %793.595904% MiB Start Ram: %527.568896% MiB, End Ram: %513.200128% MiB,  Max CPU usage: %129.1%
2026-01-29 16:23:58,930 :: PROFILING_LOG :: 22524389647360 :: 3161824 :: CarsProfiling# %triangulation_wrapper%: %5.6752% s Max ram : %788.56192% MiB Start Ram: %512.98304% MiB, End Ram: %607.760384% MiB,  Max CPU usage: %104.0%
2026-01-29 16:23:59,017 :: PROFILING_LOG :: 22524389647360 :: 3161822 :: CarsProfiling# %epipolar_small_component_removal_wrapper%: %0.1556% s Max ram : %548.401152% MiB Start Ram: %512.172032% MiB, End Ram: %548.401152% MiB,  Max CPU usage: %101.5%
2026-01-29 16:23:59,171 :: PROFILING_LOG :: 22524389647360 :: 3161824 :: CarsProfiling# %epipolar_small_component_removal_wrapper%: %0.1380% s Max ram : %608.673792% MiB Start Ram: %607.760384% MiB, End Ram: %608.673792% MiB,  Max CPU usage: %94.2%
2026-01-29 16:23:59,332 :: PROFILING_LOG :: 22524389647360 :: 3161822 :: CarsProfiling# %epipolar_statistical_removal_wrapper%: %0.2125% s Max ram : %548.405248% MiB Start Ram: %548.401152% MiB, End Ram: %548.405248% MiB,  Max CPU usage: %98.5%
2026-01-29 16:23:59,460 :: PROFILING_LOG :: 22524389647360 :: 3161824 :: CarsProfiling# %epipolar_statistical_removal_wrapper%: %0.1872% s Max ram : %608.681984% MiB Start Ram: %608.673792% MiB, End Ram: %608.681984% MiB,  Max CPU usage: %94.7%
2026-01-29 16:23:59,558 :: PROFILING_LOG :: 22524389647360 :: 3161822 :: CarsProfiling# %rasterization_wrapper%: %0.1242% s Max ram : %555.884544% MiB Start Ram: %548.405248% MiB, End Ram: %555.884544% MiB,  Max CPU usage: %99.5%
2026-01-29 16:23:59,678 :: PROFILING_LOG :: 22524389647360 :: 3161824 :: CarsProfiling# %rasterization_wrapper%: %0.1054% s Max ram : %609.15712% MiB Start Ram: %608.690176% MiB, End Ram: %609.15712% MiB,  Max CPU usage: %97.2%
2026-01-29 16:24:03,994 :: PROFILING_LOG :: 22524389647360 :: 3161823 :: CarsProfiling# %triangulation_wrapper%: %5.9467% s Max ram : %758.198272% MiB Start Ram: %594.415616% MiB, End Ram: %570.482688% MiB,  Max CPU usage: %109.8%
2026-01-29 16:24:04,370 :: PROFILING_LOG :: 22524389647360 :: 3161823 :: CarsProfiling# %epipolar_small_component_removal_wrapper%: %0.2701% s Max ram : %508.379136% MiB Start Ram: %508.379136% MiB, End Ram: %508.379136% MiB,  Max CPU usage: %98.3%
2026-01-29 16:24:04,785 :: PROFILING_LOG :: 22524389647360 :: 3161823 :: CarsProfiling# %epipolar_statistical_removal_wrapper%: %0.3123% s Max ram : %508.379136% MiB Start Ram: %508.379136% MiB, End Ram: %508.379136% MiB,  Max CPU usage: %96.7%
2026-01-29 16:24:05,064 :: PROFILING_LOG :: 22524389647360 :: 3161823 :: CarsProfiling# %rasterization_wrapper%: %0.1770% s Max ram : %529.416192% MiB Start Ram: %508.379136% MiB, End Ram: %529.416192% MiB,  Max CPU usage: %93.0%
2026-01-29 16:24:05,276 :: PROFILING_LOG :: 22524389647360 :: 3161823 :: CarsProfiling# %generate_epipolar_images_wrapper%: %0.0691% s Max ram : %528.371712% MiB Start Ram: %528.371712% MiB, End Ram: %528.371712% MiB,  Max CPU usage: %59.9%
2026-01-29 16:24:05,778 :: PROFILING_LOG :: 22524389647360 :: 3161823 :: CarsProfiling# %generate_epipolar_images_wrapper%: %0.3602% s Max ram : %528.371712% MiB Start Ram: %528.371712% MiB, End Ram: %528.371712% MiB,  Max CPU usage: %103.1%
2026-01-29 16:24:06,399 :: PROFILING_LOG :: 22524389647360 :: 3163162 :: CarsProfiling# %generate_epipolar_images_wrapper%: %0.4139% s Max ram : %424.476672% MiB Start Ram: %363.913216% MiB, End Ram: %403.18976% MiB,  Max CPU usage: %62.7%
2026-01-29 16:24:10,495 :: PROFILING_LOG :: 22524389647360 :: 3163162 :: CarsProfiling# %compute_disparity_wrapper%: %3.9136% s Max ram : %606.94528% MiB Start Ram: %400.760832% MiB, End Ram: %507.047936% MiB,  Max CPU usage: %106.2%
2026-01-29 16:24:10,632 :: PROFILING_LOG :: 22524389647360 :: 3161824 :: CarsProfiling# %compute_disparity_wrapper%: %10.8221% s Max ram : %1055.371264% MiB Start Ram: %551.215104% MiB, End Ram: %798.466048% MiB,  Max CPU usage: %107.2%
2026-01-29 16:24:12,009 :: PROFILING_LOG :: 22524389647360 :: 3161822 :: CarsProfiling# %compute_disparity_wrapper%: %12.3198% s Max ram : %989.83936% MiB Start Ram: %555.884544% MiB, End Ram: %828.878848% MiB,  Max CPU usage: %108.1%
2026-01-29 16:24:16,363 :: PROFILING_LOG :: 22524389647360 :: 3163162 :: CarsProfiling# %triangulation_wrapper%: %5.6748% s Max ram : %800.038912% MiB Start Ram: %507.047936% MiB, End Ram: %509.550592% MiB,  Max CPU usage: %132.5%
2026-01-29 16:24:16,589 :: PROFILING_LOG :: 22524389647360 :: 3163162 :: CarsProfiling# %epipolar_small_component_removal_wrapper%: %0.1222% s Max ram : %545.316864% MiB Start Ram: %509.554688% MiB, End Ram: %545.316864% MiB,  Max CPU usage: %71.5%
2026-01-29 16:24:16,878 :: PROFILING_LOG :: 22524389647360 :: 3163162 :: CarsProfiling# %epipolar_statistical_removal_wrapper%: %0.0969% s Max ram : %545.329152% MiB Start Ram: %545.316864% MiB, End Ram: %545.329152% MiB,  Max CPU usage: %10.0%
2026-01-29 16:24:17,114 :: PROFILING_LOG :: 22524389647360 :: 3163162 :: CarsProfiling# %rasterization_wrapper%: %0.0794% s Max ram : %554.274816% MiB Start Ram: %545.329152% MiB, End Ram: %554.274816% MiB,  Max CPU usage: %39.9%
2026-01-29 16:24:25,698 :: PROFILING_LOG :: 22524389647360 :: 3161824 :: CarsProfiling# %triangulation_wrapper%: %14.9617% s Max ram : %1227.681792% MiB Start Ram: %798.466048% MiB, End Ram: %627.4048% MiB,  Max CPU usage: %115.4%
2026-01-29 16:24:26,535 :: PROFILING_LOG :: 22524389647360 :: 3161824 :: CarsProfiling# %epipolar_small_component_removal_wrapper%: %0.6429% s Max ram : %632.414208% MiB Start Ram: %627.4048% MiB, End Ram: %632.414208% MiB,  Max CPU usage: %97.6%
2026-01-29 16:24:27,417 :: PROFILING_LOG :: 22524389647360 :: 3161824 :: CarsProfiling# %epipolar_statistical_removal_wrapper%: %0.7802% s Max ram : %632.414208% MiB Start Ram: %632.414208% MiB, End Ram: %632.414208% MiB,  Max CPU usage: %99.7%
2026-01-29 16:24:27,817 :: PROFILING_LOG :: 22524389647360 :: 3161822 :: CarsProfiling# %triangulation_wrapper%: %15.7030% s Max ram : %1305.673728% MiB Start Ram: %828.878848% MiB, End Ram: %671.019008% MiB,  Max CPU usage: %132.5%
2026-01-29 16:24:28,026 :: PROFILING_LOG :: 22524389647360 :: 3161824 :: CarsProfiling# %rasterization_wrapper%: %0.4270% s Max ram : %686.333952% MiB Start Ram: %632.414208% MiB, End Ram: %611.377152% MiB,  Max CPU usage: %88.6%
2026-01-29 16:24:28,715 :: PROFILING_LOG :: 22524389647360 :: 3161822 :: CarsProfiling# %epipolar_small_component_removal_wrapper%: %0.7961% s Max ram : %671.019008% MiB Start Ram: %671.019008% MiB, End Ram: %671.019008% MiB,  Max CPU usage: %99.1%
2026-01-29 16:24:29,058 :: PROFILING_LOG :: 22524389647360 :: 3163162 :: CarsProfiling# %compute_disparity_wrapper%: %11.5451% s Max ram : %1035.558912% MiB Start Ram: %554.274816% MiB, End Ram: %816.873472% MiB,  Max CPU usage: %109.9%
2026-01-29 16:24:29,877 :: PROFILING_LOG :: 22524389647360 :: 3161822 :: CarsProfiling# %epipolar_statistical_removal_wrapper%: %1.0601% s Max ram : %671.019008% MiB Start Ram: %671.019008% MiB, End Ram: %671.019008% MiB,  Max CPU usage: %99.8%
2026-01-29 16:24:30,546 :: PROFILING_LOG :: 22524389647360 :: 3161822 :: CarsProfiling# %rasterization_wrapper%: %0.5663% s Max ram : %709.533696% MiB Start Ram: %671.019008% MiB, End Ram: %709.533696% MiB,  Max CPU usage: %98.2%
2026-01-29 16:24:38,054 :: PROFILING_LOG :: 22524389647360 :: 3161824 :: CarsProfiling# %compute_disparity_wrapper%: %9.8085% s Max ram : %1023.311872% MiB Start Ram: %610.328576% MiB, End Ram: %794.206208% MiB,  Max CPU usage: %109.8%
2026-01-29 16:24:44,342 :: PROFILING_LOG :: 22524389647360 :: 3163162 :: CarsProfiling# %triangulation_wrapper%: %15.0621% s Max ram : %1291.894784% MiB Start Ram: %816.873472% MiB, End Ram: %662.040576% MiB,  Max CPU usage: %135.7%
2026-01-29 16:24:45,117 :: PROFILING_LOG :: 22524389647360 :: 3163162 :: CarsProfiling# %epipolar_small_component_removal_wrapper%: %0.6709% s Max ram : %662.040576% MiB Start Ram: %662.040576% MiB, End Ram: %662.040576% MiB,  Max CPU usage: %98.0%
2026-01-29 16:24:46,127 :: PROFILING_LOG :: 22524389647360 :: 3163162 :: CarsProfiling# %epipolar_statistical_removal_wrapper%: %0.9075% s Max ram : %662.040576% MiB Start Ram: %662.040576% MiB, End Ram: %662.040576% MiB,  Max CPU usage: %100.1%
2026-01-29 16:24:46,798 :: PROFILING_LOG :: 22524389647360 :: 3163162 :: CarsProfiling# %rasterization_wrapper%: %0.4891% s Max ram : %703.148032% MiB Start Ram: %662.040576% MiB, End Ram: %703.148032% MiB,  Max CPU usage: %99.9%
2026-01-29 16:24:52,492 :: PROFILING_LOG :: 22524389647360 :: 3161824 :: CarsProfiling# %triangulation_wrapper%: %14.2598% s Max ram : %1432.649728% MiB Start Ram: %794.206208% MiB, End Ram: %656.007168% MiB,  Max CPU usage: %134.9%
2026-01-29 16:24:53,056 :: PROFILING_LOG :: 22524389647360 :: 3161824 :: CarsProfiling# %epipolar_small_component_removal_wrapper%: %0.4624% s Max ram : %654.958592% MiB Start Ram: %654.958592% MiB, End Ram: %654.958592% MiB,  Max CPU usage: %99.9%
2026-01-29 16:24:53,792 :: PROFILING_LOG :: 22524389647360 :: 3161824 :: CarsProfiling# %epipolar_statistical_removal_wrapper%: %0.6340% s Max ram : %659.423232% MiB Start Ram: %654.958592% MiB, End Ram: %659.423232% MiB,  Max CPU usage: %97.9%
2026-01-29 16:24:54,310 :: PROFILING_LOG :: 22524389647360 :: 3161824 :: CarsProfiling# %rasterization_wrapper%: %0.3323% s Max ram : %659.447808% MiB Start Ram: %659.423232% MiB, End Ram: %659.447808% MiB,  Max CPU usage: %99.9%
