2026-01-27 15:28:32,622 :: INFO :: 22694982960128 :: 1991736 :: Max grid max - grid min : 39.294734974189666 disp 
2026-01-27 15:29:40,550 :: INFO :: 22694982960128 :: 1994968 :: Max grid max - grid min : 39.29679310403593 disp 
2026-01-27 15:29:48,190 :: INFO :: 22694982960128 :: 1994968 :: Matching cost computation...
2026-01-27 15:29:49,165 :: INFO :: 22694982960128 :: 1994968 :: Cost optimization...
2026-01-27 15:29:49,496 :: INFO :: 22694982960128 :: 1994968 :: Cost volume confidence computation...
2026-01-27 15:29:49,496 :: INFO :: 22694982960128 :: 1994968 :: Confidence prediction...
2026-01-27 15:29:49,521 :: INFO :: 22694982960128 :: 1994968 :: You are not using ambiguity normalization by percentile; 
you are in a specific case with the instantiation of global_disparity.
2026-01-27 15:29:49,523 :: INFO :: 22694982960128 :: 1994968 :: Cost volume confidence computation...
2026-01-27 15:29:49,524 :: INFO :: 22694982960128 :: 1994968 :: Confidence prediction...
2026-01-27 15:29:49,649 :: INFO :: 22694982960128 :: 1994968 :: Disparity computation...
2026-01-27 15:29:49,724 :: INFO :: 22694982960128 :: 1994968 :: Subpixel refinement...
2026-01-27 15:29:49,794 :: INFO :: 22694982960128 :: 1994968 :: Disparity filtering...
2026-01-27 15:29:50,568 :: INFO :: 22694982960128 :: 1994968 :: Validation...
2026-01-27 15:29:58,106 :: INFO :: 22694982960128 :: 1994968 :: Matching cost computation...
2026-01-27 15:30:00,696 :: INFO :: 22694982960128 :: 1994968 :: Cost optimization...
2026-01-27 15:30:01,535 :: INFO :: 22694982960128 :: 1994968 :: Cost volume confidence computation...
2026-01-27 15:30:01,536 :: INFO :: 22694982960128 :: 1994968 :: Confidence prediction...
2026-01-27 15:30:01,701 :: INFO :: 22694982960128 :: 1994968 :: You are not using ambiguity normalization by percentile; 
you are in a specific case with the instantiation of global_disparity.
2026-01-27 15:30:01,704 :: INFO :: 22694982960128 :: 1994968 :: Cost volume confidence computation...
2026-01-27 15:30:01,704 :: INFO :: 22694982960128 :: 1994968 :: Confidence prediction...
2026-01-27 15:30:02,321 :: INFO :: 22694982960128 :: 1994968 :: Disparity computation...
2026-01-27 15:30:02,518 :: INFO :: 22694982960128 :: 1994968 :: Subpixel refinement...
2026-01-27 15:30:03,259 :: INFO :: 22694982960128 :: 1994968 :: Disparity filtering...
2026-01-27 15:30:04,570 :: INFO :: 22694982960128 :: 1994968 :: Validation...
2026-01-27 15:30:20,562 :: INFO :: 22694982960128 :: 1994968 :: Matching cost computation...
2026-01-27 15:30:23,633 :: INFO :: 22694982960128 :: 1994968 :: Cost optimization...
2026-01-27 15:30:24,391 :: INFO :: 22694982960128 :: 1994968 :: Cost volume confidence computation...
2026-01-27 15:30:24,392 :: INFO :: 22694982960128 :: 1994968 :: Confidence prediction...
2026-01-27 15:30:24,588 :: INFO :: 22694982960128 :: 1994968 :: You are not using ambiguity normalization by percentile; 
you are in a specific case with the instantiation of global_disparity.
2026-01-27 15:30:24,591 :: INFO :: 22694982960128 :: 1994968 :: Cost volume confidence computation...
2026-01-27 15:30:24,591 :: INFO :: 22694982960128 :: 1994968 :: Confidence prediction...
2026-01-27 15:30:25,154 :: INFO :: 22694982960128 :: 1994968 :: Disparity computation...
2026-01-27 15:30:25,392 :: INFO :: 22694982960128 :: 1994968 :: Subpixel refinement...
2026-01-27 15:30:26,154 :: INFO :: 22694982960128 :: 1994968 :: Disparity filtering...
2026-01-27 15:30:27,325 :: INFO :: 22694982960128 :: 1994968 :: Validation...
2026-01-27 15:30:42,488 :: INFO :: 22694982960128 :: 1994968 :: Matching cost computation...
2026-01-27 15:30:45,162 :: INFO :: 22694982960128 :: 1994968 :: Cost optimization...
2026-01-27 15:30:46,041 :: INFO :: 22694982960128 :: 1994968 :: Cost volume confidence computation...
2026-01-27 15:30:46,042 :: INFO :: 22694982960128 :: 1994968 :: Confidence prediction...
2026-01-27 15:30:46,341 :: INFO :: 22694982960128 :: 1994968 :: You are not using ambiguity normalization by percentile; 
you are in a specific case with the instantiation of global_disparity.
2026-01-27 15:30:46,344 :: INFO :: 22694982960128 :: 1994968 :: Cost volume confidence computation...
2026-01-27 15:30:46,344 :: INFO :: 22694982960128 :: 1994968 :: Confidence prediction...
2026-01-27 15:30:47,171 :: INFO :: 22694982960128 :: 1994968 :: Disparity computation...
2026-01-27 15:30:47,431 :: INFO :: 22694982960128 :: 1994968 :: Subpixel refinement...
2026-01-27 15:30:48,655 :: INFO :: 22694982960128 :: 1994968 :: Disparity filtering...
2026-01-27 15:30:49,555 :: INFO :: 22694982960128 :: 1994968 :: Validation...
2026-01-27 15:31:06,868 :: ERROR :: 22694982960128 :: 1998629 :: disp_min (-23.0) is lower than disp_min used to determine margin during rectification (-22)
2026-01-27 15:31:11,425 :: INFO :: 22694982960128 :: 1998629 :: Matching cost computation...
2026-01-27 15:31:18,767 :: INFO :: 22694982960128 :: 1998629 :: Cost optimization...
2026-01-27 15:31:21,234 :: INFO :: 22694982960128 :: 1998629 :: Cost volume confidence computation...
2026-01-27 15:31:21,235 :: INFO :: 22694982960128 :: 1998629 :: Confidence prediction...
2026-01-27 15:31:22,221 :: INFO :: 22694982960128 :: 1998629 :: You are not using ambiguity normalization by percentile; 
you are in a specific case with the instantiation of global_disparity.
2026-01-27 15:31:22,225 :: INFO :: 22694982960128 :: 1998629 :: Cost volume confidence computation...
2026-01-27 15:31:22,225 :: INFO :: 22694982960128 :: 1998629 :: Confidence prediction...
2026-01-27 15:31:24,980 :: INFO :: 22694982960128 :: 1998629 :: Disparity computation...
2026-01-27 15:31:25,516 :: INFO :: 22694982960128 :: 1998629 :: Subpixel refinement...
2026-01-27 15:31:29,506 :: INFO :: 22694982960128 :: 1998629 :: Disparity filtering...
2026-01-27 15:31:30,762 :: INFO :: 22694982960128 :: 1998629 :: Validation...
2026-01-27 15:32:14,665 :: INFO :: 22694982960128 :: 1998629 :: Matching cost computation...
2026-01-27 15:32:21,516 :: INFO :: 22694982960128 :: 1998629 :: Cost optimization...
2026-01-27 15:32:24,264 :: INFO :: 22694982960128 :: 1998629 :: Cost volume confidence computation...
2026-01-27 15:32:24,264 :: INFO :: 22694982960128 :: 1998629 :: Confidence prediction...
2026-01-27 15:32:25,020 :: INFO :: 22694982960128 :: 1998629 :: You are not using ambiguity normalization by percentile; 
you are in a specific case with the instantiation of global_disparity.
2026-01-27 15:32:25,023 :: INFO :: 22694982960128 :: 1998629 :: Cost volume confidence computation...
2026-01-27 15:32:25,023 :: INFO :: 22694982960128 :: 1998629 :: Confidence prediction...
2026-01-27 15:32:27,080 :: INFO :: 22694982960128 :: 1998629 :: Disparity computation...
2026-01-27 15:32:27,609 :: INFO :: 22694982960128 :: 1998629 :: Subpixel refinement...
2026-01-27 15:32:30,476 :: INFO :: 22694982960128 :: 1998629 :: Disparity filtering...
2026-01-27 15:32:32,474 :: INFO :: 22694982960128 :: 1998629 :: Validation...
2026-01-27 15:33:09,189 :: ERROR :: 22694982960128 :: 1998629 :: disp_min (-21.0) is lower than disp_min used to determine margin during rectification (-20)
2026-01-27 15:33:09,189 :: ERROR :: 22694982960128 :: 1998629 :: disp_max (20.0) is greater than disp_max used to determine margin during rectification (19)
2026-01-27 15:33:10,646 :: INFO :: 22694982960128 :: 1998629 :: Matching cost computation...
2026-01-27 15:33:13,013 :: INFO :: 22694982960128 :: 1998629 :: Cost optimization...
2026-01-27 15:33:13,736 :: INFO :: 22694982960128 :: 1998629 :: Cost volume confidence computation...
2026-01-27 15:33:13,736 :: INFO :: 22694982960128 :: 1998629 :: Confidence prediction...
2026-01-27 15:33:13,863 :: INFO :: 22694982960128 :: 1998629 :: You are not using ambiguity normalization by percentile; 
you are in a specific case with the instantiation of global_disparity.
2026-01-27 15:33:13,865 :: INFO :: 22694982960128 :: 1998629 :: Cost volume confidence computation...
2026-01-27 15:33:13,866 :: INFO :: 22694982960128 :: 1998629 :: Confidence prediction...
2026-01-27 15:33:14,237 :: INFO :: 22694982960128 :: 1998629 :: Disparity computation...
2026-01-27 15:33:14,474 :: INFO :: 22694982960128 :: 1998629 :: Subpixel refinement...
2026-01-27 15:33:14,973 :: INFO :: 22694982960128 :: 1998629 :: Disparity filtering...
2026-01-27 15:33:16,395 :: INFO :: 22694982960128 :: 1998629 :: Validation...
2026-01-27 15:33:29,402 :: ERROR :: 22694982960128 :: 1998629 :: disp_min (-23.0) is lower than disp_min used to determine margin during rectification (-22)
2026-01-27 15:33:33,564 :: INFO :: 22694982960128 :: 1998629 :: Matching cost computation...
2026-01-27 15:33:40,318 :: INFO :: 22694982960128 :: 1998629 :: Cost optimization...
2026-01-27 15:33:42,715 :: INFO :: 22694982960128 :: 1998629 :: Cost volume confidence computation...
2026-01-27 15:33:42,716 :: INFO :: 22694982960128 :: 1998629 :: Confidence prediction...
2026-01-27 15:33:43,568 :: INFO :: 22694982960128 :: 1998629 :: You are not using ambiguity normalization by percentile; 
you are in a specific case with the instantiation of global_disparity.
2026-01-27 15:33:43,571 :: INFO :: 22694982960128 :: 1998629 :: Cost volume confidence computation...
2026-01-27 15:33:43,572 :: INFO :: 22694982960128 :: 1998629 :: Confidence prediction...
2026-01-27 15:33:46,021 :: INFO :: 22694982960128 :: 1998629 :: Disparity computation...
2026-01-27 15:33:46,544 :: INFO :: 22694982960128 :: 1998629 :: Subpixel refinement...
2026-01-27 15:33:49,841 :: INFO :: 22694982960128 :: 1998629 :: Disparity filtering...
2026-01-27 15:33:51,538 :: INFO :: 22694982960128 :: 1998629 :: Validation...
2026-01-27 15:34:33,915 :: INFO :: 22694982960128 :: 1998629 :: Matching cost computation...
2026-01-27 15:34:40,133 :: INFO :: 22694982960128 :: 1998629 :: Cost optimization...
2026-01-27 15:34:42,117 :: INFO :: 22694982960128 :: 1998629 :: Cost volume confidence computation...
2026-01-27 15:34:42,117 :: INFO :: 22694982960128 :: 1998629 :: Confidence prediction...
2026-01-27 15:34:42,790 :: INFO :: 22694982960128 :: 1998629 :: You are not using ambiguity normalization by percentile; 
you are in a specific case with the instantiation of global_disparity.
2026-01-27 15:34:42,793 :: INFO :: 22694982960128 :: 1998629 :: Cost volume confidence computation...
2026-01-27 15:34:42,793 :: INFO :: 22694982960128 :: 1998629 :: Confidence prediction...
2026-01-27 15:34:44,474 :: INFO :: 22694982960128 :: 1998629 :: Disparity computation...
2026-01-27 15:34:44,939 :: INFO :: 22694982960128 :: 1998629 :: Subpixel refinement...
2026-01-27 15:34:47,259 :: INFO :: 22694982960128 :: 1998629 :: Disparity filtering...
2026-01-27 15:34:49,501 :: INFO :: 22694982960128 :: 1998629 :: Validation...
2026-01-27 16:04:45,968 :: INFO :: 23245761168384 :: 2102415 :: Max grid max - grid min : 39.294734974189666 disp 
